INFO     util.admin.admin_api:admin_api.py:25 Created AdminAPI
INFO     tests.conftest:conftest.py:26 Set up set of unique credentials from User test cases
DEBUG    util.admin.admin_api:admin_api.py:43 Logging in user with credentials: {email: , password: 1234567890}
DEBUG    urllib3.connectionpool:connectionpool.py:1051 Starting new HTTPS connection (1): thinking-tester-contact-list.herokuapp.com:443
DEBUG    urllib3.connectionpool:connectionpool.py:546 https://thinking-tester-contact-list.herokuapp.com:443 "POST /users/login HTTP/11" 401 0
DEBUG    util.admin.admin_api:admin_api.py:43 Logging in user with credentials: {email: john.green@mail.com, password: `!@#$%^&*()_+'"№;:?-=[]/\あいうえお}
DEBUG    urllib3.connectionpool:connectionpool.py:1051 Starting new HTTPS connection (1): thinking-tester-contact-list.herokuapp.com:443
DEBUG    urllib3.connectionpool:connectionpool.py:546 https://thinking-tester-contact-list.herokuapp.com:443 "POST /users/login HTTP/11" 401 0
DEBUG    util.admin.admin_api:admin_api.py:43 Logging in user with credentials: {email: john.green@mail.com, password: }
DEBUG    urllib3.connectionpool:connectionpool.py:1051 Starting new HTTPS connection (1): thinking-tester-contact-list.herokuapp.com:443
DEBUG    urllib3.connectionpool:connectionpool.py:546 https://thinking-tester-contact-list.herokuapp.com:443 "POST /users/login HTTP/11" 401 0
DEBUG    util.admin.admin_api:admin_api.py:43 Logging in user with credentials: {email: , password: }
DEBUG    urllib3.connectionpool:connectionpool.py:1051 Starting new HTTPS connection (1): thinking-tester-contact-list.herokuapp.com:443
DEBUG    urllib3.connectionpool:connectionpool.py:546 https://thinking-tester-contact-list.herokuapp.com:443 "POST /users/login HTTP/11" 401 0
DEBUG    util.admin.admin_api:admin_api.py:43 Logging in user with credentials: {email: john.green@, password: 1234567890}
DEBUG    urllib3.connectionpool:connectionpool.py:1051 Starting new HTTPS connection (1): thinking-tester-contact-list.herokuapp.com:443
DEBUG    urllib3.connectionpool:connectionpool.py:546 https://thinking-tester-contact-list.herokuapp.com:443 "POST /users/login HTTP/11" 401 0
DEBUG    util.admin.admin_api:admin_api.py:43 Logging in user with credentials: {email: john.green@mail.com, password: 1111111}
DEBUG    urllib3.connectionpool:connectionpool.py:1051 Starting new HTTPS connection (1): thinking-tester-contact-list.herokuapp.com:443
DEBUG    urllib3.connectionpool:connectionpool.py:546 https://thinking-tester-contact-list.herokuapp.com:443 "POST /users/login HTTP/11" 401 0
DEBUG    util.admin.admin_api:admin_api.py:43 Logging in user with credentials: {email: john.greenmail.com, password: 1234567890}
DEBUG    urllib3.connectionpool:connectionpool.py:1051 Starting new HTTPS connection (1): thinking-tester-contact-list.herokuapp.com:443
DEBUG    urllib3.connectionpool:connectionpool.py:546 https://thinking-tester-contact-list.herokuapp.com:443 "POST /users/login HTTP/11" 401 0
DEBUG    util.admin.admin_api:admin_api.py:43 Logging in user with credentials: {email: john.green@mail.com, password: 11111111111111111111111111111111111111111111111111111111111111111111111111111111111111111111111111111}
DEBUG    urllib3.connectionpool:connectionpool.py:1051 Starting new HTTPS connection (1): thinking-tester-contact-list.herokuapp.com:443
DEBUG    urllib3.connectionpool:connectionpool.py:546 https://thinking-tester-contact-list.herokuapp.com:443 "POST /users/login HTTP/11" 401 0
DEBUG    util.admin.admin_api:admin_api.py:43 Logging in user with credentials: {email: john green@mail.com, password: 1234567890}
DEBUG    urllib3.connectionpool:connectionpool.py:1051 Starting new HTTPS connection (1): thinking-tester-contact-list.herokuapp.com:443
DEBUG    urllib3.connectionpool:connectionpool.py:546 https://thinking-tester-contact-list.herokuapp.com:443 "POST /users/login HTTP/11" 401 0
DEBUG    util.admin.admin_api:admin_api.py:43 Logging in user with credentials: {email: @mail.com, password: 1234567890}
DEBUG    urllib3.connectionpool:connectionpool.py:1051 Starting new HTTPS connection (1): thinking-tester-contact-list.herokuapp.com:443
DEBUG    urllib3.connectionpool:connectionpool.py:546 https://thinking-tester-contact-list.herokuapp.com:443 "POST /users/login HTTP/11" 401 0
DEBUG    util.admin.admin_api:admin_api.py:43 Logging in user with credentials: {email: jo#n.green@mail.com, password: 1234567890}
DEBUG    urllib3.connectionpool:connectionpool.py:1051 Starting new HTTPS connection (1): thinking-tester-contact-list.herokuapp.com:443
DEBUG    urllib3.connectionpool:connectionpool.py:546 https://thinking-tester-contact-list.herokuapp.com:443 "POST /users/login HTTP/11" 401 0
DEBUG    util.admin.admin_api:admin_api.py:43 Logging in user with credentials: {email: john.green@mail.com, password: 111111}
DEBUG    urllib3.connectionpool:connectionpool.py:1051 Starting new HTTPS connection (1): thinking-tester-contact-list.herokuapp.com:443
DEBUG    urllib3.connectionpool:connectionpool.py:546 https://thinking-tester-contact-list.herokuapp.com:443 "POST /users/login HTTP/11" 401 0
DEBUG    util.admin.admin_api:admin_api.py:43 Logging in user with credentials: {email: john.green@mail.com, password: 1111111111111111111111111111111111111111111111111111111111111111111111111111111111111111111111111111}
DEBUG    urllib3.connectionpool:connectionpool.py:1051 Starting new HTTPS connection (1): thinking-tester-contact-list.herokuapp.com:443
DEBUG    urllib3.connectionpool:connectionpool.py:546 https://thinking-tester-contact-list.herokuapp.com:443 "POST /users/login HTTP/11" 401 0
DEBUG    util.admin.admin_api:admin_api.py:43 Logging in user with credentials: {email: john.green@mail, password: 1234567890}
DEBUG    urllib3.connectionpool:connectionpool.py:1051 Starting new HTTPS connection (1): thinking-tester-contact-list.herokuapp.com:443
DEBUG    urllib3.connectionpool:connectionpool.py:546 https://thinking-tester-contact-list.herokuapp.com:443 "POST /users/login HTTP/11" 401 0
DEBUG    util.admin.admin_api:admin_api.py:43 Logging in user with credentials: {email: john.green@mail.com, password: 1234567890}
DEBUG    urllib3.connectionpool:connectionpool.py:1051 Starting new HTTPS connection (1): thinking-tester-contact-list.herokuapp.com:443
DEBUG    urllib3.connectionpool:connectionpool.py:546 https://thinking-tester-contact-list.herokuapp.com:443 "POST /users/login HTTP/11" 401 0
INFO     tests.conftest:conftest.py:35 Performed data cleanup
DEBUG    util.admin.admin_api:admin_api.py:33 Creating user: {'firstName': 'John', 'lastName': 'Green', 'email': 'john.green@mail.com', 'password': '1234567890'}
DEBUG    urllib3.connectionpool:connectionpool.py:1051 Starting new HTTPS connection (1): thinking-tester-contact-list.herokuapp.com:443
DEBUG    urllib3.connectionpool:connectionpool.py:546 https://thinking-tester-contact-list.herokuapp.com:443 "POST /users HTTP/11" 201 279
DEBUG    util.admin.admin_api:admin_api.py:39 Created user and received token: eyJhbGciOiJIUzI1NiIsInR5cCI6IkpXVCJ9.eyJfaWQiOiI2NzI4MGE3OGQxMjg2YjAwMTMyMmM5OTYiLCJpYXQiOjE3MzA2NzczNjh9.ebBAhfoQ5HsEoLjqckQGAudhkbMVLrz6VGIRnV_Df6s
INFO     tests.conftest:conftest.py:56 Created registered user
DEBUG    util.admin.admin_api:admin_api.py:43 Logging in user with credentials: {email: john.green@mail.com, password: 1234567890}
DEBUG    urllib3.connectionpool:connectionpool.py:1051 Starting new HTTPS connection (1): thinking-tester-contact-list.herokuapp.com:443
DEBUG    urllib3.connectionpool:connectionpool.py:546 https://thinking-tester-contact-list.herokuapp.com:443 "POST /users/login HTTP/11" 200 279
DEBUG    util.admin.admin_api:admin_api.py:53 Logged in and received token: eyJhbGciOiJIUzI1NiIsInR5cCI6IkpXVCJ9.eyJfaWQiOiI2NzI4MGE3OGQxMjg2YjAwMTMyMmM5OTYiLCJpYXQiOjE3MzA2NzczNjl9.wPw5MT4q5zpOd-XUfapccMg05B9xW5vC7PLwnhuwIXE
DEBUG    tests.api.contact.test_api_contact:test_api_contact.py:42 Creating contact: {'firstName': 'Will', 'lastName': 'Smith', 'birthdate': '1968-09-25', 'email': 'will.smith@mail.com', 'phone': '1234567890', 'street1': '1 Main St.', 'street2': 'Apartment A', 'city': 'New York', 'stateProvince': 'NY', 'postalCode': '10118', 'country': 'USA'}
DEBUG    urllib3.connectionpool:connectionpool.py:1051 Starting new HTTPS connection (1): thinking-tester-contact-list.herokuapp.com:443
DEBUG    urllib3.connectionpool:connectionpool.py:546 https://thinking-tester-contact-list.herokuapp.com:443 "POST /contacts/ HTTP/11" 201 314
DEBUG    tests.api.contact.test_api_contact:test_api_contact.py:44 Received response text: {"_id":"67280a7ad1286b001322c998","firstName":"Will","lastName":"Smith","birthdate":"1968-09-25","email":"will.smith@mail.com","phone":"1234567890","street1":"1 Main St.","street2":"Apartment A","city":"New York","stateProvince":"NY","postalCode":"10118","country":"USA","owner":"67280a78d1286b001322c996","__v":0}
INFO     tests.api.contact.test_api_contact:test_api_contact.py:47 Response status code and headers are correct
DEBUG    util.admin.admin_api:admin_api.py:66 Getting user with token: eyJhbGciOiJIUzI1NiIsInR5cCI6IkpXVCJ9.eyJfaWQiOiI2NzI4MGE3OGQxMjg2YjAwMTMyMmM5OTYiLCJpYXQiOjE3MzA2NzczNjl9.wPw5MT4q5zpOd-XUfapccMg05B9xW5vC7PLwnhuwIXE
DEBUG    urllib3.connectionpool:connectionpool.py:1051 Starting new HTTPS connection (1): thinking-tester-contact-list.herokuapp.com:443
DEBUG    urllib3.connectionpool:connectionpool.py:546 https://thinking-tester-contact-list.herokuapp.com:443 "GET /users/me HTTP/11" 200 110
DEBUG    util.admin.admin_api:admin_api.py:73 Received user: {'_id': '67280a78d1286b001322c996', 'firstName': 'John', 'lastName': 'Green', 'email': 'john.green@mail.com', '__v': 2}
INFO     tests.api.contact.test_api_contact:test_api_contact.py:52 Owner of contact is correct
INFO     tests.api.contact.test_api_contact:test_api_contact.py:54 Created contact response JSON is correct
DEBUG    util.admin.admin_api:admin_api.py:97 Getting contact with id: 67280a7ad1286b001322c998 using token: eyJhbGciOiJIUzI1NiIsInR5cCI6IkpXVCJ9.eyJfaWQiOiI2NzI4MGE3OGQxMjg2YjAwMTMyMmM5OTYiLCJpYXQiOjE3MzA2NzczNjl9.wPw5MT4q5zpOd-XUfapccMg05B9xW5vC7PLwnhuwIXE
DEBUG    urllib3.connectionpool:connectionpool.py:1051 Starting new HTTPS connection (1): thinking-tester-contact-list.herokuapp.com:443
DEBUG    urllib3.connectionpool:connectionpool.py:546 https://thinking-tester-contact-list.herokuapp.com:443 "GET /contacts/67280a7ad1286b001322c998 HTTP/11" 200 314
DEBUG    util.admin.admin_api:admin_api.py:104 Received contact: {'_id': '67280a7ad1286b001322c998', 'firstName': 'Will', 'lastName': 'Smith', 'birthdate': '1968-09-25', 'email': 'will.smith@mail.com', 'phone': '1234567890', 'street1': '1 Main St.', 'street2': 'Apartment A', 'city': 'New York', 'stateProvince': 'NY', 'postalCode': '10118', 'country': 'USA', 'owner': '67280a78d1286b001322c996', '__v': 0}
INFO     tests.api.contact.test_api_contact:test_api_contact.py:58 Successfully received the same contact
DEBUG    util.admin.admin_api:admin_api.py:108 Deleting contact with id: 67280a7ad1286b001322c998 using token: eyJhbGciOiJIUzI1NiIsInR5cCI6IkpXVCJ9.eyJfaWQiOiI2NzI4MGE3OGQxMjg2YjAwMTMyMmM5OTYiLCJpYXQiOjE3MzA2NzczNjl9.wPw5MT4q5zpOd-XUfapccMg05B9xW5vC7PLwnhuwIXE
DEBUG    urllib3.connectionpool:connectionpool.py:1051 Starting new HTTPS connection (1): thinking-tester-contact-list.herokuapp.com:443
DEBUG    urllib3.connectionpool:connectionpool.py:546 https://thinking-tester-contact-list.herokuapp.com:443 "DELETE /contacts/67280a7ad1286b001322c998 HTTP/11" 200 15
DEBUG    util.admin.admin_api:admin_api.py:114 Contact deleted
DEBUG    util.admin.admin_api:admin_api.py:77 Deleting user with token: eyJhbGciOiJIUzI1NiIsInR5cCI6IkpXVCJ9.eyJfaWQiOiI2NzI4MGE3OGQxMjg2YjAwMTMyMmM5OTYiLCJpYXQiOjE3MzA2NzczNjh9.ebBAhfoQ5HsEoLjqckQGAudhkbMVLrz6VGIRnV_Df6s
DEBUG    urllib3.connectionpool:connectionpool.py:1051 Starting new HTTPS connection (1): thinking-tester-contact-list.herokuapp.com:443
DEBUG    urllib3.connectionpool:connectionpool.py:546 https://thinking-tester-contact-list.herokuapp.com:443 "DELETE /users/me HTTP/11" 200 0
DEBUG    util.admin.admin_api:admin_api.py:83 User deleted
INFO     tests.conftest:conftest.py:60 Deleted registered user
DEBUG    util.admin.admin_api:admin_api.py:33 Creating user: {'firstName': 'John', 'lastName': 'Green', 'email': 'john.green@mail.com', 'password': '1234567890'}
DEBUG    urllib3.connectionpool:connectionpool.py:1051 Starting new HTTPS connection (1): thinking-tester-contact-list.herokuapp.com:443
DEBUG    urllib3.connectionpool:connectionpool.py:546 https://thinking-tester-contact-list.herokuapp.com:443 "POST /users HTTP/11" 201 279
DEBUG    util.admin.admin_api:admin_api.py:39 Created user and received token: eyJhbGciOiJIUzI1NiIsInR5cCI6IkpXVCJ9.eyJfaWQiOiI2NzI4MGE3ZmQxMjg2YjAwMTMyMmM5OTkiLCJpYXQiOjE3MzA2NzczNzV9.wEINgDjfwRVIUP8901WQnQVRaOmsyhD_m0FQ7ToD05I
INFO     tests.conftest:conftest.py:56 Created registered user
DEBUG    util.admin.admin_api:admin_api.py:43 Logging in user with credentials: {email: john.green@mail.com, password: 1234567890}
DEBUG    urllib3.connectionpool:connectionpool.py:1051 Starting new HTTPS connection (1): thinking-tester-contact-list.herokuapp.com:443
DEBUG    urllib3.connectionpool:connectionpool.py:546 https://thinking-tester-contact-list.herokuapp.com:443 "POST /users/login HTTP/11" 200 279
DEBUG    util.admin.admin_api:admin_api.py:53 Logged in and received token: eyJhbGciOiJIUzI1NiIsInR5cCI6IkpXVCJ9.eyJfaWQiOiI2NzI4MGE3ZmQxMjg2YjAwMTMyMmM5OTkiLCJpYXQiOjE3MzA2NzczNzd9.OXJfvO3o_tnebc4yNEVoMeOiPSpatj9-ySnUqjnObnI
DEBUG    tests.api.contact.test_api_contact:test_api_contact.py:42 Creating contact: {'firstName': 'Bob', 'lastName': 'Ross', 'birthdate': '1942-10-29', 'email': 'bob.ross@mail.com', 'phone': '1234567890', 'street1': 'Kingston Ave, 706', 'city': 'Daytona Beach', 'stateProvince': 'FL', 'postalCode': '22222', 'country': 'USA'}
DEBUG    urllib3.connectionpool:connectionpool.py:1051 Starting new HTTPS connection (1): thinking-tester-contact-list.herokuapp.com:443
DEBUG    urllib3.connectionpool:connectionpool.py:546 https://thinking-tester-contact-list.herokuapp.com:443 "POST /contacts/ HTTP/11" 201 298
DEBUG    tests.api.contact.test_api_contact:test_api_contact.py:44 Received response text: {"_id":"67280a83d1286b001322c99b","firstName":"Bob","lastName":"Ross","birthdate":"1942-10-29","email":"bob.ross@mail.com","phone":"1234567890","street1":"Kingston Ave, 706","city":"Daytona Beach","stateProvince":"FL","postalCode":"22222","country":"USA","owner":"67280a7fd1286b001322c999","__v":0}
INFO     tests.api.contact.test_api_contact:test_api_contact.py:47 Response status code and headers are correct
DEBUG    util.admin.admin_api:admin_api.py:66 Getting user with token: eyJhbGciOiJIUzI1NiIsInR5cCI6IkpXVCJ9.eyJfaWQiOiI2NzI4MGE3ZmQxMjg2YjAwMTMyMmM5OTkiLCJpYXQiOjE3MzA2NzczNzd9.OXJfvO3o_tnebc4yNEVoMeOiPSpatj9-ySnUqjnObnI
DEBUG    urllib3.connectionpool:connectionpool.py:1051 Starting new HTTPS connection (1): thinking-tester-contact-list.herokuapp.com:443
DEBUG    urllib3.connectionpool:connectionpool.py:546 https://thinking-tester-contact-list.herokuapp.com:443 "GET /users/me HTTP/11" 200 110
DEBUG    util.admin.admin_api:admin_api.py:73 Received user: {'_id': '67280a7fd1286b001322c999', 'firstName': 'John', 'lastName': 'Green', 'email': 'john.green@mail.com', '__v': 2}
INFO     tests.api.contact.test_api_contact:test_api_contact.py:52 Owner of contact is correct
INFO     tests.api.contact.test_api_contact:test_api_contact.py:54 Created contact response JSON is correct
DEBUG    util.admin.admin_api:admin_api.py:97 Getting contact with id: 67280a83d1286b001322c99b using token: eyJhbGciOiJIUzI1NiIsInR5cCI6IkpXVCJ9.eyJfaWQiOiI2NzI4MGE3ZmQxMjg2YjAwMTMyMmM5OTkiLCJpYXQiOjE3MzA2NzczNzd9.OXJfvO3o_tnebc4yNEVoMeOiPSpatj9-ySnUqjnObnI
DEBUG    urllib3.connectionpool:connectionpool.py:1051 Starting new HTTPS connection (1): thinking-tester-contact-list.herokuapp.com:443
DEBUG    urllib3.connectionpool:connectionpool.py:546 https://thinking-tester-contact-list.herokuapp.com:443 "GET /contacts/67280a83d1286b001322c99b HTTP/11" 200 298
DEBUG    util.admin.admin_api:admin_api.py:104 Received contact: {'_id': '67280a83d1286b001322c99b', 'firstName': 'Bob', 'lastName': 'Ross', 'birthdate': '1942-10-29', 'email': 'bob.ross@mail.com', 'phone': '1234567890', 'street1': 'Kingston Ave, 706', 'city': 'Daytona Beach', 'stateProvince': 'FL', 'postalCode': '22222', 'country': 'USA', 'owner': '67280a7fd1286b001322c999', '__v': 0}
INFO     tests.api.contact.test_api_contact:test_api_contact.py:58 Successfully received the same contact
DEBUG    util.admin.admin_api:admin_api.py:108 Deleting contact with id: 67280a83d1286b001322c99b using token: eyJhbGciOiJIUzI1NiIsInR5cCI6IkpXVCJ9.eyJfaWQiOiI2NzI4MGE3ZmQxMjg2YjAwMTMyMmM5OTkiLCJpYXQiOjE3MzA2NzczNzd9.OXJfvO3o_tnebc4yNEVoMeOiPSpatj9-ySnUqjnObnI
DEBUG    urllib3.connectionpool:connectionpool.py:1051 Starting new HTTPS connection (1): thinking-tester-contact-list.herokuapp.com:443
DEBUG    urllib3.connectionpool:connectionpool.py:546 https://thinking-tester-contact-list.herokuapp.com:443 "DELETE /contacts/67280a83d1286b001322c99b HTTP/11" 200 15
DEBUG    util.admin.admin_api:admin_api.py:114 Contact deleted
DEBUG    util.admin.admin_api:admin_api.py:77 Deleting user with token: eyJhbGciOiJIUzI1NiIsInR5cCI6IkpXVCJ9.eyJfaWQiOiI2NzI4MGE3ZmQxMjg2YjAwMTMyMmM5OTkiLCJpYXQiOjE3MzA2NzczNzV9.wEINgDjfwRVIUP8901WQnQVRaOmsyhD_m0FQ7ToD05I
DEBUG    urllib3.connectionpool:connectionpool.py:1051 Starting new HTTPS connection (1): thinking-tester-contact-list.herokuapp.com:443
DEBUG    urllib3.connectionpool:connectionpool.py:546 https://thinking-tester-contact-list.herokuapp.com:443 "DELETE /users/me HTTP/11" 200 0
DEBUG    util.admin.admin_api:admin_api.py:83 User deleted
INFO     tests.conftest:conftest.py:60 Deleted registered user
DEBUG    util.admin.admin_api:admin_api.py:33 Creating user: {'firstName': 'John', 'lastName': 'Green', 'email': 'john.green@mail.com', 'password': '1234567890'}
DEBUG    urllib3.connectionpool:connectionpool.py:1051 Starting new HTTPS connection (1): thinking-tester-contact-list.herokuapp.com:443
DEBUG    urllib3.connectionpool:connectionpool.py:546 https://thinking-tester-contact-list.herokuapp.com:443 "POST /users HTTP/11" 201 279
DEBUG    util.admin.admin_api:admin_api.py:39 Created user and received token: eyJhbGciOiJIUzI1NiIsInR5cCI6IkpXVCJ9.eyJfaWQiOiI2NzI4MGE4OWQxMjg2YjAwMTMyMmM5OWMiLCJpYXQiOjE3MzA2NzczODV9.O1qvS0WuNuyxFLXOmOeYPbynUOZFpOGJhn9ylVwMrVQ
INFO     tests.conftest:conftest.py:56 Created registered user
DEBUG    util.admin.admin_api:admin_api.py:43 Logging in user with credentials: {email: john.green@mail.com, password: 1234567890}
DEBUG    urllib3.connectionpool:connectionpool.py:1051 Starting new HTTPS connection (1): thinking-tester-contact-list.herokuapp.com:443
DEBUG    urllib3.connectionpool:connectionpool.py:546 https://thinking-tester-contact-list.herokuapp.com:443 "POST /users/login HTTP/11" 200 279
DEBUG    util.admin.admin_api:admin_api.py:53 Logged in and received token: eyJhbGciOiJIUzI1NiIsInR5cCI6IkpXVCJ9.eyJfaWQiOiI2NzI4MGE4OWQxMjg2YjAwMTMyMmM5OWMiLCJpYXQiOjE3MzA2NzczODV9.O1qvS0WuNuyxFLXOmOeYPbynUOZFpOGJhn9ylVwMrVQ
DEBUG    tests.api.contact.test_api_contact:test_api_contact.py:42 Creating contact: {'firstName': 'Bob', 'lastName': 'Dylan'}
DEBUG    urllib3.connectionpool:connectionpool.py:1051 Starting new HTTPS connection (1): thinking-tester-contact-list.herokuapp.com:443
DEBUG    urllib3.connectionpool:connectionpool.py:546 https://thinking-tester-contact-list.herokuapp.com:443 "POST /contacts/ HTTP/11" 201 114
DEBUG    tests.api.contact.test_api_contact:test_api_contact.py:44 Received response text: {"_id":"67280a8bbed4db00135b1107","firstName":"Bob","lastName":"Dylan","owner":"67280a89d1286b001322c99c","__v":0}
INFO     tests.api.contact.test_api_contact:test_api_contact.py:47 Response status code and headers are correct
DEBUG    util.admin.admin_api:admin_api.py:66 Getting user with token: eyJhbGciOiJIUzI1NiIsInR5cCI6IkpXVCJ9.eyJfaWQiOiI2NzI4MGE4OWQxMjg2YjAwMTMyMmM5OWMiLCJpYXQiOjE3MzA2NzczODV9.O1qvS0WuNuyxFLXOmOeYPbynUOZFpOGJhn9ylVwMrVQ
DEBUG    urllib3.connectionpool:connectionpool.py:1051 Starting new HTTPS connection (1): thinking-tester-contact-list.herokuapp.com:443
DEBUG    urllib3.connectionpool:connectionpool.py:546 https://thinking-tester-contact-list.herokuapp.com:443 "GET /users/me HTTP/11" 200 110
DEBUG    util.admin.admin_api:admin_api.py:73 Received user: {'_id': '67280a89d1286b001322c99c', 'firstName': 'John', 'lastName': 'Green', 'email': 'john.green@mail.com', '__v': 2}
INFO     tests.api.contact.test_api_contact:test_api_contact.py:52 Owner of contact is correct
INFO     tests.api.contact.test_api_contact:test_api_contact.py:54 Created contact response JSON is correct
DEBUG    util.admin.admin_api:admin_api.py:97 Getting contact with id: 67280a8bbed4db00135b1107 using token: eyJhbGciOiJIUzI1NiIsInR5cCI6IkpXVCJ9.eyJfaWQiOiI2NzI4MGE4OWQxMjg2YjAwMTMyMmM5OWMiLCJpYXQiOjE3MzA2NzczODV9.O1qvS0WuNuyxFLXOmOeYPbynUOZFpOGJhn9ylVwMrVQ
DEBUG    urllib3.connectionpool:connectionpool.py:1051 Starting new HTTPS connection (1): thinking-tester-contact-list.herokuapp.com:443
DEBUG    urllib3.connectionpool:connectionpool.py:546 https://thinking-tester-contact-list.herokuapp.com:443 "GET /contacts/67280a8bbed4db00135b1107 HTTP/11" 200 114
DEBUG    util.admin.admin_api:admin_api.py:104 Received contact: {'_id': '67280a8bbed4db00135b1107', 'firstName': 'Bob', 'lastName': 'Dylan', 'owner': '67280a89d1286b001322c99c', '__v': 0}
INFO     tests.api.contact.test_api_contact:test_api_contact.py:58 Successfully received the same contact
DEBUG    util.admin.admin_api:admin_api.py:108 Deleting contact with id: 67280a8bbed4db00135b1107 using token: eyJhbGciOiJIUzI1NiIsInR5cCI6IkpXVCJ9.eyJfaWQiOiI2NzI4MGE4OWQxMjg2YjAwMTMyMmM5OWMiLCJpYXQiOjE3MzA2NzczODV9.O1qvS0WuNuyxFLXOmOeYPbynUOZFpOGJhn9ylVwMrVQ
DEBUG    urllib3.connectionpool:connectionpool.py:1051 Starting new HTTPS connection (1): thinking-tester-contact-list.herokuapp.com:443
DEBUG    urllib3.connectionpool:connectionpool.py:546 https://thinking-tester-contact-list.herokuapp.com:443 "DELETE /contacts/67280a8bbed4db00135b1107 HTTP/11" 200 15
DEBUG    util.admin.admin_api:admin_api.py:114 Contact deleted
DEBUG    util.admin.admin_api:admin_api.py:77 Deleting user with token: eyJhbGciOiJIUzI1NiIsInR5cCI6IkpXVCJ9.eyJfaWQiOiI2NzI4MGE4OWQxMjg2YjAwMTMyMmM5OWMiLCJpYXQiOjE3MzA2NzczODV9.O1qvS0WuNuyxFLXOmOeYPbynUOZFpOGJhn9ylVwMrVQ
DEBUG    urllib3.connectionpool:connectionpool.py:1051 Starting new HTTPS connection (1): thinking-tester-contact-list.herokuapp.com:443
DEBUG    urllib3.connectionpool:connectionpool.py:546 https://thinking-tester-contact-list.herokuapp.com:443 "DELETE /users/me HTTP/11" 200 0
DEBUG    util.admin.admin_api:admin_api.py:83 User deleted
INFO     tests.conftest:conftest.py:60 Deleted registered user
DEBUG    util.admin.admin_api:admin_api.py:33 Creating user: {'firstName': 'John', 'lastName': 'Green', 'email': 'john.green@mail.com', 'password': '1234567890'}
DEBUG    urllib3.connectionpool:connectionpool.py:1051 Starting new HTTPS connection (1): thinking-tester-contact-list.herokuapp.com:443
DEBUG    urllib3.connectionpool:connectionpool.py:546 https://thinking-tester-contact-list.herokuapp.com:443 "POST /users HTTP/11" 201 279
DEBUG    util.admin.admin_api:admin_api.py:39 Created user and received token: eyJhbGciOiJIUzI1NiIsInR5cCI6IkpXVCJ9.eyJfaWQiOiI2NzI4MGE5MWQxMjg2YjAwMTMyMmM5OWYiLCJpYXQiOjE3MzA2NzczOTN9.aDa7vjNaOMkKhit60RMzXBAfaOMGRGim-fbbmlT97h4
INFO     tests.conftest:conftest.py:56 Created registered user
DEBUG    util.admin.admin_api:admin_api.py:43 Logging in user with credentials: {email: john.green@mail.com, password: 1234567890}
DEBUG    urllib3.connectionpool:connectionpool.py:1051 Starting new HTTPS connection (1): thinking-tester-contact-list.herokuapp.com:443
DEBUG    urllib3.connectionpool:connectionpool.py:546 https://thinking-tester-contact-list.herokuapp.com:443 "POST /users/login HTTP/11" 200 279
DEBUG    util.admin.admin_api:admin_api.py:53 Logged in and received token: eyJhbGciOiJIUzI1NiIsInR5cCI6IkpXVCJ9.eyJfaWQiOiI2NzI4MGE5MWQxMjg2YjAwMTMyMmM5OWYiLCJpYXQiOjE3MzA2NzczOTV9.iowgYClU4Q-43GBMO0dMasDLOFSCY1mWciIiT9Yl2NM
DEBUG    tests.api.contact.test_api_contact:test_api_contact.py:42 Creating contact: {'firstName': 'aaaaaaaaaabbbbbbbbbb', 'lastName': 'Smith', 'birthdate': '1968-09-25', 'email': 'will.smith@mail.com', 'phone': '1234567890', 'street1': '1 Main St.', 'street2': 'Apartment A', 'city': 'New York', 'stateProvince': 'NY', 'postalCode': '10118', 'country': 'USA'}
DEBUG    urllib3.connectionpool:connectionpool.py:1051 Starting new HTTPS connection (1): thinking-tester-contact-list.herokuapp.com:443
DEBUG    urllib3.connectionpool:connectionpool.py:546 https://thinking-tester-contact-list.herokuapp.com:443 "POST /contacts/ HTTP/11" 201 330
DEBUG    tests.api.contact.test_api_contact:test_api_contact.py:44 Received response text: {"_id":"67280a94d1286b001322c9a2","firstName":"aaaaaaaaaabbbbbbbbbb","lastName":"Smith","birthdate":"1968-09-25","email":"will.smith@mail.com","phone":"1234567890","street1":"1 Main St.","street2":"Apartment A","city":"New York","stateProvince":"NY","postalCode":"10118","country":"USA","owner":"67280a91d1286b001322c99f","__v":0}
INFO     tests.api.contact.test_api_contact:test_api_contact.py:47 Response status code and headers are correct
DEBUG    util.admin.admin_api:admin_api.py:66 Getting user with token: eyJhbGciOiJIUzI1NiIsInR5cCI6IkpXVCJ9.eyJfaWQiOiI2NzI4MGE5MWQxMjg2YjAwMTMyMmM5OWYiLCJpYXQiOjE3MzA2NzczOTV9.iowgYClU4Q-43GBMO0dMasDLOFSCY1mWciIiT9Yl2NM
DEBUG    urllib3.connectionpool:connectionpool.py:1051 Starting new HTTPS connection (1): thinking-tester-contact-list.herokuapp.com:443
DEBUG    urllib3.connectionpool:connectionpool.py:546 https://thinking-tester-contact-list.herokuapp.com:443 "GET /users/me HTTP/11" 200 110
DEBUG    util.admin.admin_api:admin_api.py:73 Received user: {'_id': '67280a91d1286b001322c99f', 'firstName': 'John', 'lastName': 'Green', 'email': 'john.green@mail.com', '__v': 2}
INFO     tests.api.contact.test_api_contact:test_api_contact.py:52 Owner of contact is correct
INFO     tests.api.contact.test_api_contact:test_api_contact.py:54 Created contact response JSON is correct
DEBUG    util.admin.admin_api:admin_api.py:97 Getting contact with id: 67280a94d1286b001322c9a2 using token: eyJhbGciOiJIUzI1NiIsInR5cCI6IkpXVCJ9.eyJfaWQiOiI2NzI4MGE5MWQxMjg2YjAwMTMyMmM5OWYiLCJpYXQiOjE3MzA2NzczOTV9.iowgYClU4Q-43GBMO0dMasDLOFSCY1mWciIiT9Yl2NM
DEBUG    urllib3.connectionpool:connectionpool.py:1051 Starting new HTTPS connection (1): thinking-tester-contact-list.herokuapp.com:443
DEBUG    urllib3.connectionpool:connectionpool.py:546 https://thinking-tester-contact-list.herokuapp.com:443 "GET /contacts/67280a94d1286b001322c9a2 HTTP/11" 200 330
DEBUG    util.admin.admin_api:admin_api.py:104 Received contact: {'_id': '67280a94d1286b001322c9a2', 'firstName': 'aaaaaaaaaabbbbbbbbbb', 'lastName': 'Smith', 'birthdate': '1968-09-25', 'email': 'will.smith@mail.com', 'phone': '1234567890', 'street1': '1 Main St.', 'street2': 'Apartment A', 'city': 'New York', 'stateProvince': 'NY', 'postalCode': '10118', 'country': 'USA', 'owner': '67280a91d1286b001322c99f', '__v': 0}
INFO     tests.api.contact.test_api_contact:test_api_contact.py:58 Successfully received the same contact
DEBUG    util.admin.admin_api:admin_api.py:108 Deleting contact with id: 67280a94d1286b001322c9a2 using token: eyJhbGciOiJIUzI1NiIsInR5cCI6IkpXVCJ9.eyJfaWQiOiI2NzI4MGE5MWQxMjg2YjAwMTMyMmM5OWYiLCJpYXQiOjE3MzA2NzczOTV9.iowgYClU4Q-43GBMO0dMasDLOFSCY1mWciIiT9Yl2NM
DEBUG    urllib3.connectionpool:connectionpool.py:1051 Starting new HTTPS connection (1): thinking-tester-contact-list.herokuapp.com:443
DEBUG    urllib3.connectionpool:connectionpool.py:546 https://thinking-tester-contact-list.herokuapp.com:443 "DELETE /contacts/67280a94d1286b001322c9a2 HTTP/11" 200 15
DEBUG    util.admin.admin_api:admin_api.py:114 Contact deleted
DEBUG    util.admin.admin_api:admin_api.py:77 Deleting user with token: eyJhbGciOiJIUzI1NiIsInR5cCI6IkpXVCJ9.eyJfaWQiOiI2NzI4MGE5MWQxMjg2YjAwMTMyMmM5OWYiLCJpYXQiOjE3MzA2NzczOTN9.aDa7vjNaOMkKhit60RMzXBAfaOMGRGim-fbbmlT97h4
DEBUG    urllib3.connectionpool:connectionpool.py:1051 Starting new HTTPS connection (1): thinking-tester-contact-list.herokuapp.com:443
DEBUG    urllib3.connectionpool:connectionpool.py:546 https://thinking-tester-contact-list.herokuapp.com:443 "DELETE /users/me HTTP/11" 200 0
DEBUG    util.admin.admin_api:admin_api.py:83 User deleted
INFO     tests.conftest:conftest.py:60 Deleted registered user
DEBUG    util.admin.admin_api:admin_api.py:33 Creating user: {'firstName': 'John', 'lastName': 'Green', 'email': 'john.green@mail.com', 'password': '1234567890'}
DEBUG    urllib3.connectionpool:connectionpool.py:1051 Starting new HTTPS connection (1): thinking-tester-contact-list.herokuapp.com:443
DEBUG    urllib3.connectionpool:connectionpool.py:546 https://thinking-tester-contact-list.herokuapp.com:443 "POST /users HTTP/11" 201 279
DEBUG    util.admin.admin_api:admin_api.py:39 Created user and received token: eyJhbGciOiJIUzI1NiIsInR5cCI6IkpXVCJ9.eyJfaWQiOiI2NzI4MGE5YWJlZDRkYjAwMTM1YjExMDgiLCJpYXQiOjE3MzA2Nzc0MDJ9.OU-EwsuBWrJvJi0_c5GnjK_MWbnxFWsp-7pbSjp4YuA
INFO     tests.conftest:conftest.py:56 Created registered user
DEBUG    util.admin.admin_api:admin_api.py:43 Logging in user with credentials: {email: john.green@mail.com, password: 1234567890}
DEBUG    urllib3.connectionpool:connectionpool.py:1051 Starting new HTTPS connection (1): thinking-tester-contact-list.herokuapp.com:443
DEBUG    urllib3.connectionpool:connectionpool.py:546 https://thinking-tester-contact-list.herokuapp.com:443 "POST /users/login HTTP/11" 200 279
DEBUG    util.admin.admin_api:admin_api.py:53 Logged in and received token: eyJhbGciOiJIUzI1NiIsInR5cCI6IkpXVCJ9.eyJfaWQiOiI2NzI4MGE5YWJlZDRkYjAwMTM1YjExMDgiLCJpYXQiOjE3MzA2Nzc0MDN9.X2-BQGNooNbyj2aVwoUTspURBxBUIshHpoVuS1EQwfE
DEBUG    tests.api.contact.test_api_contact:test_api_contact.py:42 Creating contact: {'firstName': 'Will', 'lastName': 'aaaaaaaaaabbbbbbbbbb', 'birthdate': '1968-09-25', 'email': 'will.smith@mail.com', 'phone': '1234567890', 'street1': '1 Main St.', 'street2': 'Apartment A', 'city': 'New York', 'stateProvince': 'NY', 'postalCode': '10118', 'country': 'USA'}
DEBUG    urllib3.connectionpool:connectionpool.py:1051 Starting new HTTPS connection (1): thinking-tester-contact-list.herokuapp.com:443
DEBUG    urllib3.connectionpool:connectionpool.py:546 https://thinking-tester-contact-list.herokuapp.com:443 "POST /contacts/ HTTP/11" 201 329
DEBUG    tests.api.contact.test_api_contact:test_api_contact.py:44 Received response text: {"_id":"67280a9dd1286b001322c9a3","firstName":"Will","lastName":"aaaaaaaaaabbbbbbbbbb","birthdate":"1968-09-25","email":"will.smith@mail.com","phone":"1234567890","street1":"1 Main St.","street2":"Apartment A","city":"New York","stateProvince":"NY","postalCode":"10118","country":"USA","owner":"67280a9abed4db00135b1108","__v":0}
INFO     tests.api.contact.test_api_contact:test_api_contact.py:47 Response status code and headers are correct
DEBUG    util.admin.admin_api:admin_api.py:66 Getting user with token: eyJhbGciOiJIUzI1NiIsInR5cCI6IkpXVCJ9.eyJfaWQiOiI2NzI4MGE5YWJlZDRkYjAwMTM1YjExMDgiLCJpYXQiOjE3MzA2Nzc0MDN9.X2-BQGNooNbyj2aVwoUTspURBxBUIshHpoVuS1EQwfE
DEBUG    urllib3.connectionpool:connectionpool.py:1051 Starting new HTTPS connection (1): thinking-tester-contact-list.herokuapp.com:443
DEBUG    urllib3.connectionpool:connectionpool.py:546 https://thinking-tester-contact-list.herokuapp.com:443 "GET /users/me HTTP/11" 200 110
DEBUG    util.admin.admin_api:admin_api.py:73 Received user: {'_id': '67280a9abed4db00135b1108', 'firstName': 'John', 'lastName': 'Green', 'email': 'john.green@mail.com', '__v': 2}
INFO     tests.api.contact.test_api_contact:test_api_contact.py:52 Owner of contact is correct
INFO     tests.api.contact.test_api_contact:test_api_contact.py:54 Created contact response JSON is correct
DEBUG    util.admin.admin_api:admin_api.py:97 Getting contact with id: 67280a9dd1286b001322c9a3 using token: eyJhbGciOiJIUzI1NiIsInR5cCI6IkpXVCJ9.eyJfaWQiOiI2NzI4MGE5YWJlZDRkYjAwMTM1YjExMDgiLCJpYXQiOjE3MzA2Nzc0MDN9.X2-BQGNooNbyj2aVwoUTspURBxBUIshHpoVuS1EQwfE
DEBUG    urllib3.connectionpool:connectionpool.py:1051 Starting new HTTPS connection (1): thinking-tester-contact-list.herokuapp.com:443
DEBUG    urllib3.connectionpool:connectionpool.py:546 https://thinking-tester-contact-list.herokuapp.com:443 "GET /contacts/67280a9dd1286b001322c9a3 HTTP/11" 200 329
DEBUG    util.admin.admin_api:admin_api.py:104 Received contact: {'_id': '67280a9dd1286b001322c9a3', 'firstName': 'Will', 'lastName': 'aaaaaaaaaabbbbbbbbbb', 'birthdate': '1968-09-25', 'email': 'will.smith@mail.com', 'phone': '1234567890', 'street1': '1 Main St.', 'street2': 'Apartment A', 'city': 'New York', 'stateProvince': 'NY', 'postalCode': '10118', 'country': 'USA', 'owner': '67280a9abed4db00135b1108', '__v': 0}
INFO     tests.api.contact.test_api_contact:test_api_contact.py:58 Successfully received the same contact
DEBUG    util.admin.admin_api:admin_api.py:108 Deleting contact with id: 67280a9dd1286b001322c9a3 using token: eyJhbGciOiJIUzI1NiIsInR5cCI6IkpXVCJ9.eyJfaWQiOiI2NzI4MGE5YWJlZDRkYjAwMTM1YjExMDgiLCJpYXQiOjE3MzA2Nzc0MDN9.X2-BQGNooNbyj2aVwoUTspURBxBUIshHpoVuS1EQwfE
DEBUG    urllib3.connectionpool:connectionpool.py:1051 Starting new HTTPS connection (1): thinking-tester-contact-list.herokuapp.com:443
DEBUG    urllib3.connectionpool:connectionpool.py:546 https://thinking-tester-contact-list.herokuapp.com:443 "DELETE /contacts/67280a9dd1286b001322c9a3 HTTP/11" 200 15
DEBUG    util.admin.admin_api:admin_api.py:114 Contact deleted
DEBUG    util.admin.admin_api:admin_api.py:77 Deleting user with token: eyJhbGciOiJIUzI1NiIsInR5cCI6IkpXVCJ9.eyJfaWQiOiI2NzI4MGE5YWJlZDRkYjAwMTM1YjExMDgiLCJpYXQiOjE3MzA2Nzc0MDJ9.OU-EwsuBWrJvJi0_c5GnjK_MWbnxFWsp-7pbSjp4YuA
DEBUG    urllib3.connectionpool:connectionpool.py:1051 Starting new HTTPS connection (1): thinking-tester-contact-list.herokuapp.com:443
DEBUG    urllib3.connectionpool:connectionpool.py:546 https://thinking-tester-contact-list.herokuapp.com:443 "DELETE /users/me HTTP/11" 200 0
DEBUG    util.admin.admin_api:admin_api.py:83 User deleted
INFO     tests.conftest:conftest.py:60 Deleted registered user
DEBUG    util.admin.admin_api:admin_api.py:33 Creating user: {'firstName': 'John', 'lastName': 'Green', 'email': 'john.green@mail.com', 'password': '1234567890'}
DEBUG    urllib3.connectionpool:connectionpool.py:1051 Starting new HTTPS connection (1): thinking-tester-contact-list.herokuapp.com:443
DEBUG    urllib3.connectionpool:connectionpool.py:546 https://thinking-tester-contact-list.herokuapp.com:443 "POST /users HTTP/11" 201 279
DEBUG    util.admin.admin_api:admin_api.py:39 Created user and received token: eyJhbGciOiJIUzI1NiIsInR5cCI6IkpXVCJ9.eyJfaWQiOiI2NzI4MGFhM2JlZDRkYjAwMTM1YjExMGIiLCJpYXQiOjE3MzA2Nzc0MTF9.8sj-HShDSkEH7pHbisT1AXJdPBYu8adWOI1t8GMyQnk
INFO     tests.conftest:conftest.py:56 Created registered user
DEBUG    util.admin.admin_api:admin_api.py:43 Logging in user with credentials: {email: john.green@mail.com, password: 1234567890}
DEBUG    urllib3.connectionpool:connectionpool.py:1051 Starting new HTTPS connection (1): thinking-tester-contact-list.herokuapp.com:443
DEBUG    urllib3.connectionpool:connectionpool.py:546 https://thinking-tester-contact-list.herokuapp.com:443 "POST /users/login HTTP/11" 200 279
DEBUG    util.admin.admin_api:admin_api.py:53 Logged in and received token: eyJhbGciOiJIUzI1NiIsInR5cCI6IkpXVCJ9.eyJfaWQiOiI2NzI4MGFhM2JlZDRkYjAwMTM1YjExMGIiLCJpYXQiOjE3MzA2Nzc0MTJ9.d2nbLifuyT1Hk-DXgeOzEKyIFsCWi5sTGgpnthRBOAs
DEBUG    tests.api.contact.test_api_contact:test_api_contact.py:42 Creating contact: {'firstName': 'Leap', 'lastName': 'Year', 'birthdate': '2000-02-29', 'email': 'leap.year@mail.com', 'phone': '1234567890', 'street1': '1 Main St.', 'street2': 'Apartment A', 'city': 'New York', 'stateProvince': 'NY', 'postalCode': '10118', 'country': 'USA'}
DEBUG    urllib3.connectionpool:connectionpool.py:1051 Starting new HTTPS connection (1): thinking-tester-contact-list.herokuapp.com:443
DEBUG    urllib3.connectionpool:connectionpool.py:546 https://thinking-tester-contact-list.herokuapp.com:443 "POST /contacts/ HTTP/11" 201 312
DEBUG    tests.api.contact.test_api_contact:test_api_contact.py:44 Received response text: {"_id":"67280aa6bed4db00135b110e","firstName":"Leap","lastName":"Year","birthdate":"2000-02-29","email":"leap.year@mail.com","phone":"1234567890","street1":"1 Main St.","street2":"Apartment A","city":"New York","stateProvince":"NY","postalCode":"10118","country":"USA","owner":"67280aa3bed4db00135b110b","__v":0}
INFO     tests.api.contact.test_api_contact:test_api_contact.py:47 Response status code and headers are correct
DEBUG    util.admin.admin_api:admin_api.py:66 Getting user with token: eyJhbGciOiJIUzI1NiIsInR5cCI6IkpXVCJ9.eyJfaWQiOiI2NzI4MGFhM2JlZDRkYjAwMTM1YjExMGIiLCJpYXQiOjE3MzA2Nzc0MTJ9.d2nbLifuyT1Hk-DXgeOzEKyIFsCWi5sTGgpnthRBOAs
DEBUG    urllib3.connectionpool:connectionpool.py:1051 Starting new HTTPS connection (1): thinking-tester-contact-list.herokuapp.com:443
DEBUG    urllib3.connectionpool:connectionpool.py:546 https://thinking-tester-contact-list.herokuapp.com:443 "GET /users/me HTTP/11" 200 110
DEBUG    util.admin.admin_api:admin_api.py:73 Received user: {'_id': '67280aa3bed4db00135b110b', 'firstName': 'John', 'lastName': 'Green', 'email': 'john.green@mail.com', '__v': 2}
INFO     tests.api.contact.test_api_contact:test_api_contact.py:52 Owner of contact is correct
INFO     tests.api.contact.test_api_contact:test_api_contact.py:54 Created contact response JSON is correct
DEBUG    util.admin.admin_api:admin_api.py:97 Getting contact with id: 67280aa6bed4db00135b110e using token: eyJhbGciOiJIUzI1NiIsInR5cCI6IkpXVCJ9.eyJfaWQiOiI2NzI4MGFhM2JlZDRkYjAwMTM1YjExMGIiLCJpYXQiOjE3MzA2Nzc0MTJ9.d2nbLifuyT1Hk-DXgeOzEKyIFsCWi5sTGgpnthRBOAs
DEBUG    urllib3.connectionpool:connectionpool.py:1051 Starting new HTTPS connection (1): thinking-tester-contact-list.herokuapp.com:443
DEBUG    urllib3.connectionpool:connectionpool.py:546 https://thinking-tester-contact-list.herokuapp.com:443 "GET /contacts/67280aa6bed4db00135b110e HTTP/11" 200 312
DEBUG    util.admin.admin_api:admin_api.py:104 Received contact: {'_id': '67280aa6bed4db00135b110e', 'firstName': 'Leap', 'lastName': 'Year', 'birthdate': '2000-02-29', 'email': 'leap.year@mail.com', 'phone': '1234567890', 'street1': '1 Main St.', 'street2': 'Apartment A', 'city': 'New York', 'stateProvince': 'NY', 'postalCode': '10118', 'country': 'USA', 'owner': '67280aa3bed4db00135b110b', '__v': 0}
INFO     tests.api.contact.test_api_contact:test_api_contact.py:58 Successfully received the same contact
DEBUG    util.admin.admin_api:admin_api.py:108 Deleting contact with id: 67280aa6bed4db00135b110e using token: eyJhbGciOiJIUzI1NiIsInR5cCI6IkpXVCJ9.eyJfaWQiOiI2NzI4MGFhM2JlZDRkYjAwMTM1YjExMGIiLCJpYXQiOjE3MzA2Nzc0MTJ9.d2nbLifuyT1Hk-DXgeOzEKyIFsCWi5sTGgpnthRBOAs
DEBUG    urllib3.connectionpool:connectionpool.py:1051 Starting new HTTPS connection (1): thinking-tester-contact-list.herokuapp.com:443
DEBUG    urllib3.connectionpool:connectionpool.py:546 https://thinking-tester-contact-list.herokuapp.com:443 "DELETE /contacts/67280aa6bed4db00135b110e HTTP/11" 200 15
DEBUG    util.admin.admin_api:admin_api.py:114 Contact deleted
DEBUG    util.admin.admin_api:admin_api.py:77 Deleting user with token: eyJhbGciOiJIUzI1NiIsInR5cCI6IkpXVCJ9.eyJfaWQiOiI2NzI4MGFhM2JlZDRkYjAwMTM1YjExMGIiLCJpYXQiOjE3MzA2Nzc0MTF9.8sj-HShDSkEH7pHbisT1AXJdPBYu8adWOI1t8GMyQnk
DEBUG    urllib3.connectionpool:connectionpool.py:1051 Starting new HTTPS connection (1): thinking-tester-contact-list.herokuapp.com:443
DEBUG    urllib3.connectionpool:connectionpool.py:546 https://thinking-tester-contact-list.herokuapp.com:443 "DELETE /users/me HTTP/11" 200 0
DEBUG    util.admin.admin_api:admin_api.py:83 User deleted
INFO     tests.conftest:conftest.py:60 Deleted registered user
DEBUG    util.admin.admin_api:admin_api.py:33 Creating user: {'firstName': 'John', 'lastName': 'Green', 'email': 'john.green@mail.com', 'password': '1234567890'}
DEBUG    urllib3.connectionpool:connectionpool.py:1051 Starting new HTTPS connection (1): thinking-tester-contact-list.herokuapp.com:443
DEBUG    urllib3.connectionpool:connectionpool.py:546 https://thinking-tester-contact-list.herokuapp.com:443 "POST /users HTTP/11" 201 279
DEBUG    util.admin.admin_api:admin_api.py:39 Created user and received token: eyJhbGciOiJIUzI1NiIsInR5cCI6IkpXVCJ9.eyJfaWQiOiI2NzI4MGFhY2JlZDRkYjAwMTM1YjExMGYiLCJpYXQiOjE3MzA2Nzc0MjB9.3c1sKd-Lj4p9BLQ6JTen63eQMJMyQHsB2TY-1KUdS9E
INFO     tests.conftest:conftest.py:56 Created registered user
DEBUG    util.admin.admin_api:admin_api.py:43 Logging in user with credentials: {email: john.green@mail.com, password: 1234567890}
DEBUG    urllib3.connectionpool:connectionpool.py:1051 Starting new HTTPS connection (1): thinking-tester-contact-list.herokuapp.com:443
DEBUG    urllib3.connectionpool:connectionpool.py:546 https://thinking-tester-contact-list.herokuapp.com:443 "POST /users/login HTTP/11" 200 279
DEBUG    util.admin.admin_api:admin_api.py:53 Logged in and received token: eyJhbGciOiJIUzI1NiIsInR5cCI6IkpXVCJ9.eyJfaWQiOiI2NzI4MGFhY2JlZDRkYjAwMTM1YjExMGYiLCJpYXQiOjE3MzA2Nzc0MjF9.j5sMMHltBY7-jDe16k2pdkFyt_-4E2aY5INvwwiRZ0c
DEBUG    tests.api.contact.test_api_contact:test_api_contact.py:42 Creating contact: {'firstName': 'Will', 'lastName': 'Smith', 'birthdate': '1968-10-25', 'email': 'will.smith@mail.com', 'phone': '+551234567890', 'street1': '1 Main St.', 'street2': 'Apartment A', 'city': 'New York', 'stateProvince': 'NY', 'postalCode': '10118', 'country': 'USA'}
DEBUG    urllib3.connectionpool:connectionpool.py:1051 Starting new HTTPS connection (1): thinking-tester-contact-list.herokuapp.com:443
DEBUG    urllib3.connectionpool:connectionpool.py:546 https://thinking-tester-contact-list.herokuapp.com:443 "POST /contacts/ HTTP/11" 201 317
DEBUG    tests.api.contact.test_api_contact:test_api_contact.py:44 Received response text: {"_id":"67280aaed1286b001322c9a5","firstName":"Will","lastName":"Smith","birthdate":"1968-10-25","email":"will.smith@mail.com","phone":"+551234567890","street1":"1 Main St.","street2":"Apartment A","city":"New York","stateProvince":"NY","postalCode":"10118","country":"USA","owner":"67280aacbed4db00135b110f","__v":0}
INFO     tests.api.contact.test_api_contact:test_api_contact.py:47 Response status code and headers are correct
DEBUG    util.admin.admin_api:admin_api.py:66 Getting user with token: eyJhbGciOiJIUzI1NiIsInR5cCI6IkpXVCJ9.eyJfaWQiOiI2NzI4MGFhY2JlZDRkYjAwMTM1YjExMGYiLCJpYXQiOjE3MzA2Nzc0MjF9.j5sMMHltBY7-jDe16k2pdkFyt_-4E2aY5INvwwiRZ0c
DEBUG    urllib3.connectionpool:connectionpool.py:1051 Starting new HTTPS connection (1): thinking-tester-contact-list.herokuapp.com:443
DEBUG    urllib3.connectionpool:connectionpool.py:546 https://thinking-tester-contact-list.herokuapp.com:443 "GET /users/me HTTP/11" 200 110
DEBUG    util.admin.admin_api:admin_api.py:73 Received user: {'_id': '67280aacbed4db00135b110f', 'firstName': 'John', 'lastName': 'Green', 'email': 'john.green@mail.com', '__v': 2}
INFO     tests.api.contact.test_api_contact:test_api_contact.py:52 Owner of contact is correct
INFO     tests.api.contact.test_api_contact:test_api_contact.py:54 Created contact response JSON is correct
DEBUG    util.admin.admin_api:admin_api.py:97 Getting contact with id: 67280aaed1286b001322c9a5 using token: eyJhbGciOiJIUzI1NiIsInR5cCI6IkpXVCJ9.eyJfaWQiOiI2NzI4MGFhY2JlZDRkYjAwMTM1YjExMGYiLCJpYXQiOjE3MzA2Nzc0MjF9.j5sMMHltBY7-jDe16k2pdkFyt_-4E2aY5INvwwiRZ0c
DEBUG    urllib3.connectionpool:connectionpool.py:1051 Starting new HTTPS connection (1): thinking-tester-contact-list.herokuapp.com:443
DEBUG    urllib3.connectionpool:connectionpool.py:546 https://thinking-tester-contact-list.herokuapp.com:443 "GET /contacts/67280aaed1286b001322c9a5 HTTP/11" 200 317
DEBUG    util.admin.admin_api:admin_api.py:104 Received contact: {'_id': '67280aaed1286b001322c9a5', 'firstName': 'Will', 'lastName': 'Smith', 'birthdate': '1968-10-25', 'email': 'will.smith@mail.com', 'phone': '+551234567890', 'street1': '1 Main St.', 'street2': 'Apartment A', 'city': 'New York', 'stateProvince': 'NY', 'postalCode': '10118', 'country': 'USA', 'owner': '67280aacbed4db00135b110f', '__v': 0}
INFO     tests.api.contact.test_api_contact:test_api_contact.py:58 Successfully received the same contact
DEBUG    util.admin.admin_api:admin_api.py:108 Deleting contact with id: 67280aaed1286b001322c9a5 using token: eyJhbGciOiJIUzI1NiIsInR5cCI6IkpXVCJ9.eyJfaWQiOiI2NzI4MGFhY2JlZDRkYjAwMTM1YjExMGYiLCJpYXQiOjE3MzA2Nzc0MjF9.j5sMMHltBY7-jDe16k2pdkFyt_-4E2aY5INvwwiRZ0c
DEBUG    urllib3.connectionpool:connectionpool.py:1051 Starting new HTTPS connection (1): thinking-tester-contact-list.herokuapp.com:443
DEBUG    urllib3.connectionpool:connectionpool.py:546 https://thinking-tester-contact-list.herokuapp.com:443 "DELETE /contacts/67280aaed1286b001322c9a5 HTTP/11" 200 15
DEBUG    util.admin.admin_api:admin_api.py:114 Contact deleted
DEBUG    util.admin.admin_api:admin_api.py:77 Deleting user with token: eyJhbGciOiJIUzI1NiIsInR5cCI6IkpXVCJ9.eyJfaWQiOiI2NzI4MGFhY2JlZDRkYjAwMTM1YjExMGYiLCJpYXQiOjE3MzA2Nzc0MjB9.3c1sKd-Lj4p9BLQ6JTen63eQMJMyQHsB2TY-1KUdS9E
DEBUG    urllib3.connectionpool:connectionpool.py:1051 Starting new HTTPS connection (1): thinking-tester-contact-list.herokuapp.com:443
DEBUG    urllib3.connectionpool:connectionpool.py:546 https://thinking-tester-contact-list.herokuapp.com:443 "DELETE /users/me HTTP/11" 200 0
DEBUG    util.admin.admin_api:admin_api.py:83 User deleted
INFO     tests.conftest:conftest.py:60 Deleted registered user
DEBUG    util.admin.admin_api:admin_api.py:33 Creating user: {'firstName': 'John', 'lastName': 'Green', 'email': 'john.green@mail.com', 'password': '1234567890'}
DEBUG    urllib3.connectionpool:connectionpool.py:1051 Starting new HTTPS connection (1): thinking-tester-contact-list.herokuapp.com:443
DEBUG    urllib3.connectionpool:connectionpool.py:546 https://thinking-tester-contact-list.herokuapp.com:443 "POST /users HTTP/11" 201 279
DEBUG    util.admin.admin_api:admin_api.py:39 Created user and received token: eyJhbGciOiJIUzI1NiIsInR5cCI6IkpXVCJ9.eyJfaWQiOiI2NzI4MGFiNGQxMjg2YjAwMTMyMmM5YTYiLCJpYXQiOjE3MzA2Nzc0Mjh9.ec2AfQlpyRwu-6lIZSUCevS-2RKaFYVVJE1iEjFxrs8
INFO     tests.conftest:conftest.py:56 Created registered user
DEBUG    util.admin.admin_api:admin_api.py:43 Logging in user with credentials: {email: john.green@mail.com, password: 1234567890}
DEBUG    urllib3.connectionpool:connectionpool.py:1051 Starting new HTTPS connection (1): thinking-tester-contact-list.herokuapp.com:443
DEBUG    urllib3.connectionpool:connectionpool.py:546 https://thinking-tester-contact-list.herokuapp.com:443 "POST /users/login HTTP/11" 200 279
DEBUG    util.admin.admin_api:admin_api.py:53 Logged in and received token: eyJhbGciOiJIUzI1NiIsInR5cCI6IkpXVCJ9.eyJfaWQiOiI2NzI4MGFiNGQxMjg2YjAwMTMyMmM5YTYiLCJpYXQiOjE3MzA2Nzc0Mjl9.e_oZlmKa-v6FsmqfCPWjdBSuiS5nh7YaYk9H6XfhI5s
DEBUG    tests.api.contact.test_api_contact:test_api_contact.py:42 Creating contact: {'firstName': 'Will', 'lastName': 'Smith', 'birthdate': '1968-10-25', 'email': 'will.smith@mail.com', 'phone': '+1222333444', 'street1': '1 Main St.', 'street2': 'Apartment A', 'city': 'New York', 'stateProvince': 'NY', 'postalCode': '10118', 'country': 'USA'}
DEBUG    urllib3.connectionpool:connectionpool.py:1051 Starting new HTTPS connection (1): thinking-tester-contact-list.herokuapp.com:443
DEBUG    urllib3.connectionpool:connectionpool.py:546 https://thinking-tester-contact-list.herokuapp.com:443 "POST /contacts/ HTTP/11" 400 384
DEBUG    tests.api.contact.test_api_contact:test_api_contact.py:44 Received response text: {"errors":{"phone":{"name":"ValidatorError","message":"Phone number is invalid","properties":{"message":"Phone number is invalid","type":"user defined","path":"phone","value":"+1222333444","reason":{}},"kind":"user defined","path":"phone","value":"+1222333444","reason":{}}},"_message":"Contact validation failed","message":"Contact validation failed: phone: Phone number is invalid"}
DEBUG    util.admin.admin_api:admin_api.py:77 Deleting user with token: eyJhbGciOiJIUzI1NiIsInR5cCI6IkpXVCJ9.eyJfaWQiOiI2NzI4MGFiNGQxMjg2YjAwMTMyMmM5YTYiLCJpYXQiOjE3MzA2Nzc0Mjh9.ec2AfQlpyRwu-6lIZSUCevS-2RKaFYVVJE1iEjFxrs8
DEBUG    urllib3.connectionpool:connectionpool.py:1051 Starting new HTTPS connection (1): thinking-tester-contact-list.herokuapp.com:443
DEBUG    urllib3.connectionpool:connectionpool.py:546 https://thinking-tester-contact-list.herokuapp.com:443 "DELETE /users/me HTTP/11" 200 0
DEBUG    util.admin.admin_api:admin_api.py:83 User deleted
INFO     tests.conftest:conftest.py:60 Deleted registered user
DEBUG    util.admin.admin_api:admin_api.py:33 Creating user: {'firstName': 'John', 'lastName': 'Green', 'email': 'john.green@mail.com', 'password': '1234567890'}
DEBUG    urllib3.connectionpool:connectionpool.py:1051 Starting new HTTPS connection (1): thinking-tester-contact-list.herokuapp.com:443
DEBUG    urllib3.connectionpool:connectionpool.py:546 https://thinking-tester-contact-list.herokuapp.com:443 "POST /users HTTP/11" 201 279
DEBUG    util.admin.admin_api:admin_api.py:39 Created user and received token: eyJhbGciOiJIUzI1NiIsInR5cCI6IkpXVCJ9.eyJfaWQiOiI2NzI4MGFiOWJlZDRkYjAwMTM1YjExMTMiLCJpYXQiOjE3MzA2Nzc0MzN9.S5aE0TtujV4ete7y2-A7TNV7lZkH3_DER3lvnNBphdg
INFO     tests.conftest:conftest.py:56 Created registered user
DEBUG    util.admin.admin_api:admin_api.py:43 Logging in user with credentials: {email: john.green@mail.com, password: 1234567890}
DEBUG    urllib3.connectionpool:connectionpool.py:1051 Starting new HTTPS connection (1): thinking-tester-contact-list.herokuapp.com:443
DEBUG    urllib3.connectionpool:connectionpool.py:546 https://thinking-tester-contact-list.herokuapp.com:443 "POST /users/login HTTP/11" 200 279
DEBUG    util.admin.admin_api:admin_api.py:53 Logged in and received token: eyJhbGciOiJIUzI1NiIsInR5cCI6IkpXVCJ9.eyJfaWQiOiI2NzI4MGFiOWJlZDRkYjAwMTM1YjExMTMiLCJpYXQiOjE3MzA2Nzc0MzR9.XtEX16LKVV6r_Ik7mRAChK5lKheXIq1ARi_z9R_aogU
DEBUG    tests.api.contact.test_api_contact:test_api_contact.py:42 Creating contact: {'firstName': 'Will', 'lastName': 'Smith', 'birthdate': '1968-10-25', 'email': 'will.smith@mail.com', 'phone': '+48222333444', 'street1': '1 Main St.', 'street2': 'Apartment A', 'city': 'New York', 'stateProvince': 'NY', 'postalCode': '10118', 'country': 'USA'}
DEBUG    urllib3.connectionpool:connectionpool.py:1051 Starting new HTTPS connection (1): thinking-tester-contact-list.herokuapp.com:443
DEBUG    urllib3.connectionpool:connectionpool.py:546 https://thinking-tester-contact-list.herokuapp.com:443 "POST /contacts/ HTTP/11" 400 386
DEBUG    tests.api.contact.test_api_contact:test_api_contact.py:44 Received response text: {"errors":{"phone":{"name":"ValidatorError","message":"Phone number is invalid","properties":{"message":"Phone number is invalid","type":"user defined","path":"phone","value":"+48222333444","reason":{}},"kind":"user defined","path":"phone","value":"+48222333444","reason":{}}},"_message":"Contact validation failed","message":"Contact validation failed: phone: Phone number is invalid"}
DEBUG    util.admin.admin_api:admin_api.py:77 Deleting user with token: eyJhbGciOiJIUzI1NiIsInR5cCI6IkpXVCJ9.eyJfaWQiOiI2NzI4MGFiOWJlZDRkYjAwMTM1YjExMTMiLCJpYXQiOjE3MzA2Nzc0MzN9.S5aE0TtujV4ete7y2-A7TNV7lZkH3_DER3lvnNBphdg
DEBUG    urllib3.connectionpool:connectionpool.py:1051 Starting new HTTPS connection (1): thinking-tester-contact-list.herokuapp.com:443
DEBUG    urllib3.connectionpool:connectionpool.py:546 https://thinking-tester-contact-list.herokuapp.com:443 "DELETE /users/me HTTP/11" 200 0
DEBUG    util.admin.admin_api:admin_api.py:83 User deleted
INFO     tests.conftest:conftest.py:60 Deleted registered user
DEBUG    util.admin.admin_api:admin_api.py:33 Creating user: {'firstName': 'John', 'lastName': 'Green', 'email': 'john.green@mail.com', 'password': '1234567890'}
DEBUG    urllib3.connectionpool:connectionpool.py:1051 Starting new HTTPS connection (1): thinking-tester-contact-list.herokuapp.com:443
DEBUG    urllib3.connectionpool:connectionpool.py:546 https://thinking-tester-contact-list.herokuapp.com:443 "POST /users HTTP/11" 201 279
DEBUG    util.admin.admin_api:admin_api.py:39 Created user and received token: eyJhbGciOiJIUzI1NiIsInR5cCI6IkpXVCJ9.eyJfaWQiOiI2NzI4MGFiZGQxMjg2YjAwMTMyMmM5YTkiLCJpYXQiOjE3MzA2Nzc0Mzh9.JfBBRe0Gwabw_CJH480b2uSIeygZ9L-o8DmSmv4mdcc
INFO     tests.conftest:conftest.py:56 Created registered user
DEBUG    util.admin.admin_api:admin_api.py:43 Logging in user with credentials: {email: john.green@mail.com, password: 1234567890}
DEBUG    urllib3.connectionpool:connectionpool.py:1051 Starting new HTTPS connection (1): thinking-tester-contact-list.herokuapp.com:443
DEBUG    urllib3.connectionpool:connectionpool.py:546 https://thinking-tester-contact-list.herokuapp.com:443 "POST /users/login HTTP/11" 200 279
DEBUG    util.admin.admin_api:admin_api.py:53 Logged in and received token: eyJhbGciOiJIUzI1NiIsInR5cCI6IkpXVCJ9.eyJfaWQiOiI2NzI4MGFiZGQxMjg2YjAwMTMyMmM5YTkiLCJpYXQiOjE3MzA2Nzc0Mzl9.1VHVykJ2bkhUemXomD_G96bTB_DLchWuMZtapmmwy6g
DEBUG    tests.api.contact.test_api_contact:test_api_contact.py:42 Creating contact: {'firstName': 'Bob', 'lastName': 'Ross', 'birthdate': '1942-10-29', 'email': 'bob.ross@mail.com', 'phone': '+1234567890', 'street1': 'Kingston Ave, 706', 'city': 'Daytona Beach', 'stateProvince': 'FL', 'postalCode': '22222', 'country': 'USA'}
DEBUG    urllib3.connectionpool:connectionpool.py:1051 Starting new HTTPS connection (1): thinking-tester-contact-list.herokuapp.com:443
DEBUG    urllib3.connectionpool:connectionpool.py:546 https://thinking-tester-contact-list.herokuapp.com:443 "POST /contacts/ HTTP/11" 400 384
DEBUG    tests.api.contact.test_api_contact:test_api_contact.py:44 Received response text: {"errors":{"phone":{"name":"ValidatorError","message":"Phone number is invalid","properties":{"message":"Phone number is invalid","type":"user defined","path":"phone","value":"+1234567890","reason":{}},"kind":"user defined","path":"phone","value":"+1234567890","reason":{}}},"_message":"Contact validation failed","message":"Contact validation failed: phone: Phone number is invalid"}
DEBUG    util.admin.admin_api:admin_api.py:77 Deleting user with token: eyJhbGciOiJIUzI1NiIsInR5cCI6IkpXVCJ9.eyJfaWQiOiI2NzI4MGFiZGQxMjg2YjAwMTMyMmM5YTkiLCJpYXQiOjE3MzA2Nzc0Mzh9.JfBBRe0Gwabw_CJH480b2uSIeygZ9L-o8DmSmv4mdcc
DEBUG    urllib3.connectionpool:connectionpool.py:1051 Starting new HTTPS connection (1): thinking-tester-contact-list.herokuapp.com:443
DEBUG    urllib3.connectionpool:connectionpool.py:546 https://thinking-tester-contact-list.herokuapp.com:443 "DELETE /users/me HTTP/11" 200 0
DEBUG    util.admin.admin_api:admin_api.py:83 User deleted
INFO     tests.conftest:conftest.py:60 Deleted registered user
DEBUG    util.admin.admin_api:admin_api.py:33 Creating user: {'firstName': 'John', 'lastName': 'Green', 'email': 'john.green@mail.com', 'password': '1234567890'}
DEBUG    urllib3.connectionpool:connectionpool.py:1051 Starting new HTTPS connection (1): thinking-tester-contact-list.herokuapp.com:443
DEBUG    urllib3.connectionpool:connectionpool.py:546 https://thinking-tester-contact-list.herokuapp.com:443 "POST /users HTTP/11" 201 279
DEBUG    util.admin.admin_api:admin_api.py:39 Created user and received token: eyJhbGciOiJIUzI1NiIsInR5cCI6IkpXVCJ9.eyJfaWQiOiI2NzI4MGFjM2JlZDRkYjAwMTM1YjExMTYiLCJpYXQiOjE3MzA2Nzc0NDN9.MYV5F7PxgeRARtknVWELpUNDqH6g7Lbe8GnmlOSO3dI
INFO     tests.conftest:conftest.py:56 Created registered user
DEBUG    util.admin.admin_api:admin_api.py:43 Logging in user with credentials: {email: john.green@mail.com, password: 1234567890}
DEBUG    urllib3.connectionpool:connectionpool.py:1051 Starting new HTTPS connection (1): thinking-tester-contact-list.herokuapp.com:443
DEBUG    urllib3.connectionpool:connectionpool.py:546 https://thinking-tester-contact-list.herokuapp.com:443 "POST /users/login HTTP/11" 200 279
DEBUG    util.admin.admin_api:admin_api.py:53 Logged in and received token: eyJhbGciOiJIUzI1NiIsInR5cCI6IkpXVCJ9.eyJfaWQiOiI2NzI4MGFjM2JlZDRkYjAwMTM1YjExMTYiLCJpYXQiOjE3MzA2Nzc0NDR9.VZP2TEyenOnEXFHmUdnMkS1xXu_4AJovHna6f1uRxFA
DEBUG    tests.api.contact.test_api_contact:test_api_contact.py:42 Creating contact: {'firstName': 'Will', 'lastName': 'Smith', 'birthdate': '1968-10-25', 'email': 'will.smith@mail.com', 'phone': '111222333', 'street1': '1 Main St.', 'street2': 'Apartment A', 'city': 'New York', 'stateProvince': 'NY', 'postalCode': '10118', 'country': 'USA'}
DEBUG    urllib3.connectionpool:connectionpool.py:1051 Starting new HTTPS connection (1): thinking-tester-contact-list.herokuapp.com:443
DEBUG    urllib3.connectionpool:connectionpool.py:546 https://thinking-tester-contact-list.herokuapp.com:443 "POST /contacts/ HTTP/11" 201 313
DEBUG    tests.api.contact.test_api_contact:test_api_contact.py:44 Received response text: {"_id":"67280ac5d1286b001322c9ad","firstName":"Will","lastName":"Smith","birthdate":"1968-10-25","email":"will.smith@mail.com","phone":"111222333","street1":"1 Main St.","street2":"Apartment A","city":"New York","stateProvince":"NY","postalCode":"10118","country":"USA","owner":"67280ac3bed4db00135b1116","__v":0}
INFO     tests.api.contact.test_api_contact:test_api_contact.py:47 Response status code and headers are correct
DEBUG    util.admin.admin_api:admin_api.py:66 Getting user with token: eyJhbGciOiJIUzI1NiIsInR5cCI6IkpXVCJ9.eyJfaWQiOiI2NzI4MGFjM2JlZDRkYjAwMTM1YjExMTYiLCJpYXQiOjE3MzA2Nzc0NDR9.VZP2TEyenOnEXFHmUdnMkS1xXu_4AJovHna6f1uRxFA
DEBUG    urllib3.connectionpool:connectionpool.py:1051 Starting new HTTPS connection (1): thinking-tester-contact-list.herokuapp.com:443
DEBUG    urllib3.connectionpool:connectionpool.py:546 https://thinking-tester-contact-list.herokuapp.com:443 "GET /users/me HTTP/11" 200 110
DEBUG    util.admin.admin_api:admin_api.py:73 Received user: {'_id': '67280ac3bed4db00135b1116', 'firstName': 'John', 'lastName': 'Green', 'email': 'john.green@mail.com', '__v': 2}
INFO     tests.api.contact.test_api_contact:test_api_contact.py:52 Owner of contact is correct
INFO     tests.api.contact.test_api_contact:test_api_contact.py:54 Created contact response JSON is correct
DEBUG    util.admin.admin_api:admin_api.py:97 Getting contact with id: 67280ac5d1286b001322c9ad using token: eyJhbGciOiJIUzI1NiIsInR5cCI6IkpXVCJ9.eyJfaWQiOiI2NzI4MGFjM2JlZDRkYjAwMTM1YjExMTYiLCJpYXQiOjE3MzA2Nzc0NDR9.VZP2TEyenOnEXFHmUdnMkS1xXu_4AJovHna6f1uRxFA
DEBUG    urllib3.connectionpool:connectionpool.py:1051 Starting new HTTPS connection (1): thinking-tester-contact-list.herokuapp.com:443
DEBUG    urllib3.connectionpool:connectionpool.py:546 https://thinking-tester-contact-list.herokuapp.com:443 "GET /contacts/67280ac5d1286b001322c9ad HTTP/11" 200 313
DEBUG    util.admin.admin_api:admin_api.py:104 Received contact: {'_id': '67280ac5d1286b001322c9ad', 'firstName': 'Will', 'lastName': 'Smith', 'birthdate': '1968-10-25', 'email': 'will.smith@mail.com', 'phone': '111222333', 'street1': '1 Main St.', 'street2': 'Apartment A', 'city': 'New York', 'stateProvince': 'NY', 'postalCode': '10118', 'country': 'USA', 'owner': '67280ac3bed4db00135b1116', '__v': 0}
INFO     tests.api.contact.test_api_contact:test_api_contact.py:58 Successfully received the same contact
DEBUG    util.admin.admin_api:admin_api.py:108 Deleting contact with id: 67280ac5d1286b001322c9ad using token: eyJhbGciOiJIUzI1NiIsInR5cCI6IkpXVCJ9.eyJfaWQiOiI2NzI4MGFjM2JlZDRkYjAwMTM1YjExMTYiLCJpYXQiOjE3MzA2Nzc0NDR9.VZP2TEyenOnEXFHmUdnMkS1xXu_4AJovHna6f1uRxFA
DEBUG    urllib3.connectionpool:connectionpool.py:1051 Starting new HTTPS connection (1): thinking-tester-contact-list.herokuapp.com:443
DEBUG    urllib3.connectionpool:connectionpool.py:546 https://thinking-tester-contact-list.herokuapp.com:443 "DELETE /contacts/67280ac5d1286b001322c9ad HTTP/11" 200 15
DEBUG    util.admin.admin_api:admin_api.py:114 Contact deleted
DEBUG    util.admin.admin_api:admin_api.py:77 Deleting user with token: eyJhbGciOiJIUzI1NiIsInR5cCI6IkpXVCJ9.eyJfaWQiOiI2NzI4MGFjM2JlZDRkYjAwMTM1YjExMTYiLCJpYXQiOjE3MzA2Nzc0NDN9.MYV5F7PxgeRARtknVWELpUNDqH6g7Lbe8GnmlOSO3dI
DEBUG    urllib3.connectionpool:connectionpool.py:1051 Starting new HTTPS connection (1): thinking-tester-contact-list.herokuapp.com:443
DEBUG    urllib3.connectionpool:connectionpool.py:546 https://thinking-tester-contact-list.herokuapp.com:443 "DELETE /users/me HTTP/11" 200 0
DEBUG    util.admin.admin_api:admin_api.py:83 User deleted
INFO     tests.conftest:conftest.py:60 Deleted registered user
DEBUG    util.admin.admin_api:admin_api.py:33 Creating user: {'firstName': 'John', 'lastName': 'Green', 'email': 'john.green@mail.com', 'password': '1234567890'}
DEBUG    urllib3.connectionpool:connectionpool.py:1051 Starting new HTTPS connection (1): thinking-tester-contact-list.herokuapp.com:443
DEBUG    urllib3.connectionpool:connectionpool.py:546 https://thinking-tester-contact-list.herokuapp.com:443 "POST /users HTTP/11" 201 279
DEBUG    util.admin.admin_api:admin_api.py:39 Created user and received token: eyJhbGciOiJIUzI1NiIsInR5cCI6IkpXVCJ9.eyJfaWQiOiI2NzI4MGFjYmJlZDRkYjAwMTM1YjExMTkiLCJpYXQiOjE3MzA2Nzc0NTF9.-vn4qZ34X5hzmH7J6vX1-USKi0DGXu-lpUlKWKHTs-o
INFO     tests.conftest:conftest.py:56 Created registered user
DEBUG    util.admin.admin_api:admin_api.py:43 Logging in user with credentials: {email: john.green@mail.com, password: 1234567890}
DEBUG    urllib3.connectionpool:connectionpool.py:1051 Starting new HTTPS connection (1): thinking-tester-contact-list.herokuapp.com:443
DEBUG    urllib3.connectionpool:connectionpool.py:546 https://thinking-tester-contact-list.herokuapp.com:443 "POST /users/login HTTP/11" 200 279
DEBUG    util.admin.admin_api:admin_api.py:53 Logged in and received token: eyJhbGciOiJIUzI1NiIsInR5cCI6IkpXVCJ9.eyJfaWQiOiI2NzI4MGFjYmJlZDRkYjAwMTM1YjExMTkiLCJpYXQiOjE3MzA2Nzc0NTN9.ylgyvemf6qCfs7bbNT4YYBhwkGLM88PR0wfbSwKHtBw
DEBUG    tests.api.contact.test_api_contact:test_api_contact.py:42 Creating contact: {'firstName': 'Will', 'lastName': 'Smith', 'birthdate': '1968-10-25', 'email': 'will.smith@mail.com', 'phone': '1234567890', 'street1': 'aaaaaaaaaabbbbbbbbbbccccccccccdddddddddd', 'street2': 'Apartment A', 'city': 'New York', 'stateProvince': 'NY', 'postalCode': '10118', 'country': 'USA'}
DEBUG    urllib3.connectionpool:connectionpool.py:1051 Starting new HTTPS connection (1): thinking-tester-contact-list.herokuapp.com:443
DEBUG    urllib3.connectionpool:connectionpool.py:546 https://thinking-tester-contact-list.herokuapp.com:443 "POST /contacts/ HTTP/11" 201 344
DEBUG    tests.api.contact.test_api_contact:test_api_contact.py:44 Received response text: {"_id":"67280acebed4db00135b111b","firstName":"Will","lastName":"Smith","birthdate":"1968-10-25","email":"will.smith@mail.com","phone":"1234567890","street1":"aaaaaaaaaabbbbbbbbbbccccccccccdddddddddd","street2":"Apartment A","city":"New York","stateProvince":"NY","postalCode":"10118","country":"USA","owner":"67280acbbed4db00135b1119","__v":0}
INFO     tests.api.contact.test_api_contact:test_api_contact.py:47 Response status code and headers are correct
DEBUG    util.admin.admin_api:admin_api.py:66 Getting user with token: eyJhbGciOiJIUzI1NiIsInR5cCI6IkpXVCJ9.eyJfaWQiOiI2NzI4MGFjYmJlZDRkYjAwMTM1YjExMTkiLCJpYXQiOjE3MzA2Nzc0NTN9.ylgyvemf6qCfs7bbNT4YYBhwkGLM88PR0wfbSwKHtBw
DEBUG    urllib3.connectionpool:connectionpool.py:1051 Starting new HTTPS connection (1): thinking-tester-contact-list.herokuapp.com:443
DEBUG    urllib3.connectionpool:connectionpool.py:546 https://thinking-tester-contact-list.herokuapp.com:443 "GET /users/me HTTP/11" 200 110
DEBUG    util.admin.admin_api:admin_api.py:73 Received user: {'_id': '67280acbbed4db00135b1119', 'firstName': 'John', 'lastName': 'Green', 'email': 'john.green@mail.com', '__v': 2}
INFO     tests.api.contact.test_api_contact:test_api_contact.py:52 Owner of contact is correct
INFO     tests.api.contact.test_api_contact:test_api_contact.py:54 Created contact response JSON is correct
DEBUG    util.admin.admin_api:admin_api.py:97 Getting contact with id: 67280acebed4db00135b111b using token: eyJhbGciOiJIUzI1NiIsInR5cCI6IkpXVCJ9.eyJfaWQiOiI2NzI4MGFjYmJlZDRkYjAwMTM1YjExMTkiLCJpYXQiOjE3MzA2Nzc0NTN9.ylgyvemf6qCfs7bbNT4YYBhwkGLM88PR0wfbSwKHtBw
DEBUG    urllib3.connectionpool:connectionpool.py:1051 Starting new HTTPS connection (1): thinking-tester-contact-list.herokuapp.com:443
DEBUG    urllib3.connectionpool:connectionpool.py:546 https://thinking-tester-contact-list.herokuapp.com:443 "GET /contacts/67280acebed4db00135b111b HTTP/11" 200 344
DEBUG    util.admin.admin_api:admin_api.py:104 Received contact: {'_id': '67280acebed4db00135b111b', 'firstName': 'Will', 'lastName': 'Smith', 'birthdate': '1968-10-25', 'email': 'will.smith@mail.com', 'phone': '1234567890', 'street1': 'aaaaaaaaaabbbbbbbbbbccccccccccdddddddddd', 'street2': 'Apartment A', 'city': 'New York', 'stateProvince': 'NY', 'postalCode': '10118', 'country': 'USA', 'owner': '67280acbbed4db00135b1119', '__v': 0}
INFO     tests.api.contact.test_api_contact:test_api_contact.py:58 Successfully received the same contact
DEBUG    util.admin.admin_api:admin_api.py:108 Deleting contact with id: 67280acebed4db00135b111b using token: eyJhbGciOiJIUzI1NiIsInR5cCI6IkpXVCJ9.eyJfaWQiOiI2NzI4MGFjYmJlZDRkYjAwMTM1YjExMTkiLCJpYXQiOjE3MzA2Nzc0NTN9.ylgyvemf6qCfs7bbNT4YYBhwkGLM88PR0wfbSwKHtBw
DEBUG    urllib3.connectionpool:connectionpool.py:1051 Starting new HTTPS connection (1): thinking-tester-contact-list.herokuapp.com:443
DEBUG    urllib3.connectionpool:connectionpool.py:546 https://thinking-tester-contact-list.herokuapp.com:443 "DELETE /contacts/67280acebed4db00135b111b HTTP/11" 200 15
DEBUG    util.admin.admin_api:admin_api.py:114 Contact deleted
DEBUG    util.admin.admin_api:admin_api.py:77 Deleting user with token: eyJhbGciOiJIUzI1NiIsInR5cCI6IkpXVCJ9.eyJfaWQiOiI2NzI4MGFjYmJlZDRkYjAwMTM1YjExMTkiLCJpYXQiOjE3MzA2Nzc0NTF9.-vn4qZ34X5hzmH7J6vX1-USKi0DGXu-lpUlKWKHTs-o
DEBUG    urllib3.connectionpool:connectionpool.py:1051 Starting new HTTPS connection (1): thinking-tester-contact-list.herokuapp.com:443
DEBUG    urllib3.connectionpool:connectionpool.py:546 https://thinking-tester-contact-list.herokuapp.com:443 "DELETE /users/me HTTP/11" 200 0
DEBUG    util.admin.admin_api:admin_api.py:83 User deleted
INFO     tests.conftest:conftest.py:60 Deleted registered user
DEBUG    util.admin.admin_api:admin_api.py:33 Creating user: {'firstName': 'John', 'lastName': 'Green', 'email': 'john.green@mail.com', 'password': '1234567890'}
DEBUG    urllib3.connectionpool:connectionpool.py:1051 Starting new HTTPS connection (1): thinking-tester-contact-list.herokuapp.com:443
DEBUG    urllib3.connectionpool:connectionpool.py:546 https://thinking-tester-contact-list.herokuapp.com:443 "POST /users HTTP/11" 201 279
DEBUG    util.admin.admin_api:admin_api.py:39 Created user and received token: eyJhbGciOiJIUzI1NiIsInR5cCI6IkpXVCJ9.eyJfaWQiOiI2NzI4MGFkM2QxMjg2YjAwMTMyMmM5YWYiLCJpYXQiOjE3MzA2Nzc0NjB9.zK4JyJNx7kPSq78lVm_3mFQu73IaB7Nn5e6wCNBY2yI
INFO     tests.conftest:conftest.py:56 Created registered user
DEBUG    util.admin.admin_api:admin_api.py:43 Logging in user with credentials: {email: john.green@mail.com, password: 1234567890}
DEBUG    urllib3.connectionpool:connectionpool.py:1051 Starting new HTTPS connection (1): thinking-tester-contact-list.herokuapp.com:443
DEBUG    urllib3.connectionpool:connectionpool.py:546 https://thinking-tester-contact-list.herokuapp.com:443 "POST /users/login HTTP/11" 200 279
DEBUG    util.admin.admin_api:admin_api.py:53 Logged in and received token: eyJhbGciOiJIUzI1NiIsInR5cCI6IkpXVCJ9.eyJfaWQiOiI2NzI4MGFkM2QxMjg2YjAwMTMyMmM5YWYiLCJpYXQiOjE3MzA2Nzc0NjF9.g1rkPiS7ti-ivKGpH7JVrBwr4ePoKJkB8c4HX0ZfxGI
DEBUG    tests.api.contact.test_api_contact:test_api_contact.py:42 Creating contact: {'firstName': 'Will', 'lastName': 'Smith', 'birthdate': '1968-10-25', 'email': 'will.smith@mail.com', 'phone': '1234567890', 'street1': '1 Main St.', 'street2': 'aaaaaaaaaabbbbbbbbbbccccccccccdddddddddd', 'city': 'New York', 'stateProvince': 'NY', 'postalCode': '10118', 'country': 'USA'}
DEBUG    urllib3.connectionpool:connectionpool.py:1051 Starting new HTTPS connection (1): thinking-tester-contact-list.herokuapp.com:443
DEBUG    urllib3.connectionpool:connectionpool.py:546 https://thinking-tester-contact-list.herokuapp.com:443 "POST /contacts/ HTTP/11" 201 343
DEBUG    tests.api.contact.test_api_contact:test_api_contact.py:44 Received response text: {"_id":"67280ad6d1286b001322c9b2","firstName":"Will","lastName":"Smith","birthdate":"1968-10-25","email":"will.smith@mail.com","phone":"1234567890","street1":"1 Main St.","street2":"aaaaaaaaaabbbbbbbbbbccccccccccdddddddddd","city":"New York","stateProvince":"NY","postalCode":"10118","country":"USA","owner":"67280ad3d1286b001322c9af","__v":0}
INFO     tests.api.contact.test_api_contact:test_api_contact.py:47 Response status code and headers are correct
DEBUG    util.admin.admin_api:admin_api.py:66 Getting user with token: eyJhbGciOiJIUzI1NiIsInR5cCI6IkpXVCJ9.eyJfaWQiOiI2NzI4MGFkM2QxMjg2YjAwMTMyMmM5YWYiLCJpYXQiOjE3MzA2Nzc0NjF9.g1rkPiS7ti-ivKGpH7JVrBwr4ePoKJkB8c4HX0ZfxGI
DEBUG    urllib3.connectionpool:connectionpool.py:1051 Starting new HTTPS connection (1): thinking-tester-contact-list.herokuapp.com:443
DEBUG    urllib3.connectionpool:connectionpool.py:546 https://thinking-tester-contact-list.herokuapp.com:443 "GET /users/me HTTP/11" 200 110
DEBUG    util.admin.admin_api:admin_api.py:73 Received user: {'_id': '67280ad3d1286b001322c9af', 'firstName': 'John', 'lastName': 'Green', 'email': 'john.green@mail.com', '__v': 2}
INFO     tests.api.contact.test_api_contact:test_api_contact.py:52 Owner of contact is correct
INFO     tests.api.contact.test_api_contact:test_api_contact.py:54 Created contact response JSON is correct
DEBUG    util.admin.admin_api:admin_api.py:97 Getting contact with id: 67280ad6d1286b001322c9b2 using token: eyJhbGciOiJIUzI1NiIsInR5cCI6IkpXVCJ9.eyJfaWQiOiI2NzI4MGFkM2QxMjg2YjAwMTMyMmM5YWYiLCJpYXQiOjE3MzA2Nzc0NjF9.g1rkPiS7ti-ivKGpH7JVrBwr4ePoKJkB8c4HX0ZfxGI
DEBUG    urllib3.connectionpool:connectionpool.py:1051 Starting new HTTPS connection (1): thinking-tester-contact-list.herokuapp.com:443
DEBUG    urllib3.connectionpool:connectionpool.py:546 https://thinking-tester-contact-list.herokuapp.com:443 "GET /contacts/67280ad6d1286b001322c9b2 HTTP/11" 200 343
DEBUG    util.admin.admin_api:admin_api.py:104 Received contact: {'_id': '67280ad6d1286b001322c9b2', 'firstName': 'Will', 'lastName': 'Smith', 'birthdate': '1968-10-25', 'email': 'will.smith@mail.com', 'phone': '1234567890', 'street1': '1 Main St.', 'street2': 'aaaaaaaaaabbbbbbbbbbccccccccccdddddddddd', 'city': 'New York', 'stateProvince': 'NY', 'postalCode': '10118', 'country': 'USA', 'owner': '67280ad3d1286b001322c9af', '__v': 0}
INFO     tests.api.contact.test_api_contact:test_api_contact.py:58 Successfully received the same contact
DEBUG    util.admin.admin_api:admin_api.py:108 Deleting contact with id: 67280ad6d1286b001322c9b2 using token: eyJhbGciOiJIUzI1NiIsInR5cCI6IkpXVCJ9.eyJfaWQiOiI2NzI4MGFkM2QxMjg2YjAwMTMyMmM5YWYiLCJpYXQiOjE3MzA2Nzc0NjF9.g1rkPiS7ti-ivKGpH7JVrBwr4ePoKJkB8c4HX0ZfxGI
DEBUG    urllib3.connectionpool:connectionpool.py:1051 Starting new HTTPS connection (1): thinking-tester-contact-list.herokuapp.com:443
DEBUG    urllib3.connectionpool:connectionpool.py:546 https://thinking-tester-contact-list.herokuapp.com:443 "DELETE /contacts/67280ad6d1286b001322c9b2 HTTP/11" 200 15
DEBUG    util.admin.admin_api:admin_api.py:114 Contact deleted
DEBUG    util.admin.admin_api:admin_api.py:77 Deleting user with token: eyJhbGciOiJIUzI1NiIsInR5cCI6IkpXVCJ9.eyJfaWQiOiI2NzI4MGFkM2QxMjg2YjAwMTMyMmM5YWYiLCJpYXQiOjE3MzA2Nzc0NjB9.zK4JyJNx7kPSq78lVm_3mFQu73IaB7Nn5e6wCNBY2yI
DEBUG    urllib3.connectionpool:connectionpool.py:1051 Starting new HTTPS connection (1): thinking-tester-contact-list.herokuapp.com:443
DEBUG    urllib3.connectionpool:connectionpool.py:546 https://thinking-tester-contact-list.herokuapp.com:443 "DELETE /users/me HTTP/11" 200 0
DEBUG    util.admin.admin_api:admin_api.py:83 User deleted
INFO     tests.conftest:conftest.py:60 Deleted registered user
DEBUG    util.admin.admin_api:admin_api.py:33 Creating user: {'firstName': 'John', 'lastName': 'Green', 'email': 'john.green@mail.com', 'password': '1234567890'}
DEBUG    urllib3.connectionpool:connectionpool.py:1051 Starting new HTTPS connection (1): thinking-tester-contact-list.herokuapp.com:443
DEBUG    urllib3.connectionpool:connectionpool.py:546 https://thinking-tester-contact-list.herokuapp.com:443 "POST /users HTTP/11" 201 279
DEBUG    util.admin.admin_api:admin_api.py:39 Created user and received token: eyJhbGciOiJIUzI1NiIsInR5cCI6IkpXVCJ9.eyJfaWQiOiI2NzI4MGFkY2QxMjg2YjAwMTMyMmM5YjMiLCJpYXQiOjE3MzA2Nzc0Njh9.UL9RmeI9uzECwxg0Ik60K6oxemYJID-Ny1WduG_2L20
INFO     tests.conftest:conftest.py:56 Created registered user
DEBUG    util.admin.admin_api:admin_api.py:43 Logging in user with credentials: {email: john.green@mail.com, password: 1234567890}
DEBUG    urllib3.connectionpool:connectionpool.py:1051 Starting new HTTPS connection (1): thinking-tester-contact-list.herokuapp.com:443
DEBUG    urllib3.connectionpool:connectionpool.py:546 https://thinking-tester-contact-list.herokuapp.com:443 "POST /users/login HTTP/11" 200 279
DEBUG    util.admin.admin_api:admin_api.py:53 Logged in and received token: eyJhbGciOiJIUzI1NiIsInR5cCI6IkpXVCJ9.eyJfaWQiOiI2NzI4MGFkY2QxMjg2YjAwMTMyMmM5YjMiLCJpYXQiOjE3MzA2Nzc0Njl9.MC2IT4j3rMXSi_e42gBG3e5Kv0_c7mA8Q4hGKcqPhcs
DEBUG    tests.api.contact.test_api_contact:test_api_contact.py:42 Creating contact: {'firstName': 'Will', 'lastName': 'Smith', 'birthdate': '1968-10-25', 'email': 'will.smith@mail.com', 'phone': '1234567890', 'street1': '1 Main St.', 'street2': 'Apartment A', 'city': 'aaaaaaaaaabbbbbbbbbbccccccccccdddddddddd', 'stateProvince': 'NY', 'postalCode': '10118', 'country': 'USA'}
DEBUG    urllib3.connectionpool:connectionpool.py:1051 Starting new HTTPS connection (1): thinking-tester-contact-list.herokuapp.com:443
DEBUG    urllib3.connectionpool:connectionpool.py:546 https://thinking-tester-contact-list.herokuapp.com:443 "POST /contacts/ HTTP/11" 201 346
DEBUG    tests.api.contact.test_api_contact:test_api_contact.py:44 Received response text: {"_id":"67280adebed4db00135b111c","firstName":"Will","lastName":"Smith","birthdate":"1968-10-25","email":"will.smith@mail.com","phone":"1234567890","street1":"1 Main St.","street2":"Apartment A","city":"aaaaaaaaaabbbbbbbbbbccccccccccdddddddddd","stateProvince":"NY","postalCode":"10118","country":"USA","owner":"67280adcd1286b001322c9b3","__v":0}
INFO     tests.api.contact.test_api_contact:test_api_contact.py:47 Response status code and headers are correct
DEBUG    util.admin.admin_api:admin_api.py:66 Getting user with token: eyJhbGciOiJIUzI1NiIsInR5cCI6IkpXVCJ9.eyJfaWQiOiI2NzI4MGFkY2QxMjg2YjAwMTMyMmM5YjMiLCJpYXQiOjE3MzA2Nzc0Njl9.MC2IT4j3rMXSi_e42gBG3e5Kv0_c7mA8Q4hGKcqPhcs
DEBUG    urllib3.connectionpool:connectionpool.py:1051 Starting new HTTPS connection (1): thinking-tester-contact-list.herokuapp.com:443
DEBUG    urllib3.connectionpool:connectionpool.py:546 https://thinking-tester-contact-list.herokuapp.com:443 "GET /users/me HTTP/11" 200 110
DEBUG    util.admin.admin_api:admin_api.py:73 Received user: {'_id': '67280adcd1286b001322c9b3', 'firstName': 'John', 'lastName': 'Green', 'email': 'john.green@mail.com', '__v': 2}
INFO     tests.api.contact.test_api_contact:test_api_contact.py:52 Owner of contact is correct
INFO     tests.api.contact.test_api_contact:test_api_contact.py:54 Created contact response JSON is correct
DEBUG    util.admin.admin_api:admin_api.py:97 Getting contact with id: 67280adebed4db00135b111c using token: eyJhbGciOiJIUzI1NiIsInR5cCI6IkpXVCJ9.eyJfaWQiOiI2NzI4MGFkY2QxMjg2YjAwMTMyMmM5YjMiLCJpYXQiOjE3MzA2Nzc0Njl9.MC2IT4j3rMXSi_e42gBG3e5Kv0_c7mA8Q4hGKcqPhcs
DEBUG    urllib3.connectionpool:connectionpool.py:1051 Starting new HTTPS connection (1): thinking-tester-contact-list.herokuapp.com:443
DEBUG    urllib3.connectionpool:connectionpool.py:546 https://thinking-tester-contact-list.herokuapp.com:443 "GET /contacts/67280adebed4db00135b111c HTTP/11" 200 346
DEBUG    util.admin.admin_api:admin_api.py:104 Received contact: {'_id': '67280adebed4db00135b111c', 'firstName': 'Will', 'lastName': 'Smith', 'birthdate': '1968-10-25', 'email': 'will.smith@mail.com', 'phone': '1234567890', 'street1': '1 Main St.', 'street2': 'Apartment A', 'city': 'aaaaaaaaaabbbbbbbbbbccccccccccdddddddddd', 'stateProvince': 'NY', 'postalCode': '10118', 'country': 'USA', 'owner': '67280adcd1286b001322c9b3', '__v': 0}
INFO     tests.api.contact.test_api_contact:test_api_contact.py:58 Successfully received the same contact
DEBUG    util.admin.admin_api:admin_api.py:108 Deleting contact with id: 67280adebed4db00135b111c using token: eyJhbGciOiJIUzI1NiIsInR5cCI6IkpXVCJ9.eyJfaWQiOiI2NzI4MGFkY2QxMjg2YjAwMTMyMmM5YjMiLCJpYXQiOjE3MzA2Nzc0Njl9.MC2IT4j3rMXSi_e42gBG3e5Kv0_c7mA8Q4hGKcqPhcs
DEBUG    urllib3.connectionpool:connectionpool.py:1051 Starting new HTTPS connection (1): thinking-tester-contact-list.herokuapp.com:443
DEBUG    urllib3.connectionpool:connectionpool.py:546 https://thinking-tester-contact-list.herokuapp.com:443 "DELETE /contacts/67280adebed4db00135b111c HTTP/11" 200 15
DEBUG    util.admin.admin_api:admin_api.py:114 Contact deleted
DEBUG    util.admin.admin_api:admin_api.py:77 Deleting user with token: eyJhbGciOiJIUzI1NiIsInR5cCI6IkpXVCJ9.eyJfaWQiOiI2NzI4MGFkY2QxMjg2YjAwMTMyMmM5YjMiLCJpYXQiOjE3MzA2Nzc0Njh9.UL9RmeI9uzECwxg0Ik60K6oxemYJID-Ny1WduG_2L20
DEBUG    urllib3.connectionpool:connectionpool.py:1051 Starting new HTTPS connection (1): thinking-tester-contact-list.herokuapp.com:443
DEBUG    urllib3.connectionpool:connectionpool.py:546 https://thinking-tester-contact-list.herokuapp.com:443 "DELETE /users/me HTTP/11" 200 0
DEBUG    util.admin.admin_api:admin_api.py:83 User deleted
INFO     tests.conftest:conftest.py:60 Deleted registered user
DEBUG    util.admin.admin_api:admin_api.py:33 Creating user: {'firstName': 'John', 'lastName': 'Green', 'email': 'john.green@mail.com', 'password': '1234567890'}
DEBUG    urllib3.connectionpool:connectionpool.py:1051 Starting new HTTPS connection (1): thinking-tester-contact-list.herokuapp.com:443
DEBUG    urllib3.connectionpool:connectionpool.py:546 https://thinking-tester-contact-list.herokuapp.com:443 "POST /users HTTP/11" 201 279
DEBUG    util.admin.admin_api:admin_api.py:39 Created user and received token: eyJhbGciOiJIUzI1NiIsInR5cCI6IkpXVCJ9.eyJfaWQiOiI2NzI4MGFlNGJlZDRkYjAwMTM1YjExMWQiLCJpYXQiOjE3MzA2Nzc0NzZ9._k528x_csaeVjos0AbevQnR0v199vlylcYPJ6Mz5Zw0
INFO     tests.conftest:conftest.py:56 Created registered user
DEBUG    util.admin.admin_api:admin_api.py:43 Logging in user with credentials: {email: john.green@mail.com, password: 1234567890}
DEBUG    urllib3.connectionpool:connectionpool.py:1051 Starting new HTTPS connection (1): thinking-tester-contact-list.herokuapp.com:443
DEBUG    urllib3.connectionpool:connectionpool.py:546 https://thinking-tester-contact-list.herokuapp.com:443 "POST /users/login HTTP/11" 200 279
DEBUG    util.admin.admin_api:admin_api.py:53 Logged in and received token: eyJhbGciOiJIUzI1NiIsInR5cCI6IkpXVCJ9.eyJfaWQiOiI2NzI4MGFlNGJlZDRkYjAwMTM1YjExMWQiLCJpYXQiOjE3MzA2Nzc0Nzh9.CJpaJFc-l2KqsBqPGLqwfCr__0lY-5C9pvrAiFvzzPQ
DEBUG    tests.api.contact.test_api_contact:test_api_contact.py:42 Creating contact: {'firstName': 'Will', 'lastName': 'Smith', 'birthdate': '1968-10-25', 'email': 'will.smith@mail.com', 'phone': '1234567890', 'street1': '1 Main St.', 'street2': 'Apartment A', 'city': 'New York', 'stateProvince': 'aaaaaaaaaabbbbbbbbbb', 'postalCode': '10118', 'country': 'USA'}
DEBUG    urllib3.connectionpool:connectionpool.py:1051 Starting new HTTPS connection (1): thinking-tester-contact-list.herokuapp.com:443
DEBUG    urllib3.connectionpool:connectionpool.py:546 https://thinking-tester-contact-list.herokuapp.com:443 "POST /contacts/ HTTP/11" 201 332
DEBUG    tests.api.contact.test_api_contact:test_api_contact.py:44 Received response text: {"_id":"67280ae7d1286b001322c9b7","firstName":"Will","lastName":"Smith","birthdate":"1968-10-25","email":"will.smith@mail.com","phone":"1234567890","street1":"1 Main St.","street2":"Apartment A","city":"New York","stateProvince":"aaaaaaaaaabbbbbbbbbb","postalCode":"10118","country":"USA","owner":"67280ae4bed4db00135b111d","__v":0}
INFO     tests.api.contact.test_api_contact:test_api_contact.py:47 Response status code and headers are correct
DEBUG    util.admin.admin_api:admin_api.py:66 Getting user with token: eyJhbGciOiJIUzI1NiIsInR5cCI6IkpXVCJ9.eyJfaWQiOiI2NzI4MGFlNGJlZDRkYjAwMTM1YjExMWQiLCJpYXQiOjE3MzA2Nzc0Nzh9.CJpaJFc-l2KqsBqPGLqwfCr__0lY-5C9pvrAiFvzzPQ
DEBUG    urllib3.connectionpool:connectionpool.py:1051 Starting new HTTPS connection (1): thinking-tester-contact-list.herokuapp.com:443
DEBUG    urllib3.connectionpool:connectionpool.py:546 https://thinking-tester-contact-list.herokuapp.com:443 "GET /users/me HTTP/11" 200 110
DEBUG    util.admin.admin_api:admin_api.py:73 Received user: {'_id': '67280ae4bed4db00135b111d', 'firstName': 'John', 'lastName': 'Green', 'email': 'john.green@mail.com', '__v': 2}
INFO     tests.api.contact.test_api_contact:test_api_contact.py:52 Owner of contact is correct
INFO     tests.api.contact.test_api_contact:test_api_contact.py:54 Created contact response JSON is correct
DEBUG    util.admin.admin_api:admin_api.py:97 Getting contact with id: 67280ae7d1286b001322c9b7 using token: eyJhbGciOiJIUzI1NiIsInR5cCI6IkpXVCJ9.eyJfaWQiOiI2NzI4MGFlNGJlZDRkYjAwMTM1YjExMWQiLCJpYXQiOjE3MzA2Nzc0Nzh9.CJpaJFc-l2KqsBqPGLqwfCr__0lY-5C9pvrAiFvzzPQ
DEBUG    urllib3.connectionpool:connectionpool.py:1051 Starting new HTTPS connection (1): thinking-tester-contact-list.herokuapp.com:443
DEBUG    urllib3.connectionpool:connectionpool.py:546 https://thinking-tester-contact-list.herokuapp.com:443 "GET /contacts/67280ae7d1286b001322c9b7 HTTP/11" 200 332
DEBUG    util.admin.admin_api:admin_api.py:104 Received contact: {'_id': '67280ae7d1286b001322c9b7', 'firstName': 'Will', 'lastName': 'Smith', 'birthdate': '1968-10-25', 'email': 'will.smith@mail.com', 'phone': '1234567890', 'street1': '1 Main St.', 'street2': 'Apartment A', 'city': 'New York', 'stateProvince': 'aaaaaaaaaabbbbbbbbbb', 'postalCode': '10118', 'country': 'USA', 'owner': '67280ae4bed4db00135b111d', '__v': 0}
INFO     tests.api.contact.test_api_contact:test_api_contact.py:58 Successfully received the same contact
DEBUG    util.admin.admin_api:admin_api.py:108 Deleting contact with id: 67280ae7d1286b001322c9b7 using token: eyJhbGciOiJIUzI1NiIsInR5cCI6IkpXVCJ9.eyJfaWQiOiI2NzI4MGFlNGJlZDRkYjAwMTM1YjExMWQiLCJpYXQiOjE3MzA2Nzc0Nzh9.CJpaJFc-l2KqsBqPGLqwfCr__0lY-5C9pvrAiFvzzPQ
DEBUG    urllib3.connectionpool:connectionpool.py:1051 Starting new HTTPS connection (1): thinking-tester-contact-list.herokuapp.com:443
DEBUG    urllib3.connectionpool:connectionpool.py:546 https://thinking-tester-contact-list.herokuapp.com:443 "DELETE /contacts/67280ae7d1286b001322c9b7 HTTP/11" 200 15
DEBUG    util.admin.admin_api:admin_api.py:114 Contact deleted
DEBUG    util.admin.admin_api:admin_api.py:77 Deleting user with token: eyJhbGciOiJIUzI1NiIsInR5cCI6IkpXVCJ9.eyJfaWQiOiI2NzI4MGFlNGJlZDRkYjAwMTM1YjExMWQiLCJpYXQiOjE3MzA2Nzc0NzZ9._k528x_csaeVjos0AbevQnR0v199vlylcYPJ6Mz5Zw0
DEBUG    urllib3.connectionpool:connectionpool.py:1051 Starting new HTTPS connection (1): thinking-tester-contact-list.herokuapp.com:443
DEBUG    urllib3.connectionpool:connectionpool.py:546 https://thinking-tester-contact-list.herokuapp.com:443 "DELETE /users/me HTTP/11" 200 0
DEBUG    util.admin.admin_api:admin_api.py:83 User deleted
INFO     tests.conftest:conftest.py:60 Deleted registered user
DEBUG    util.admin.admin_api:admin_api.py:33 Creating user: {'firstName': 'John', 'lastName': 'Green', 'email': 'john.green@mail.com', 'password': '1234567890'}
DEBUG    urllib3.connectionpool:connectionpool.py:1051 Starting new HTTPS connection (1): thinking-tester-contact-list.herokuapp.com:443
DEBUG    urllib3.connectionpool:connectionpool.py:546 https://thinking-tester-contact-list.herokuapp.com:443 "POST /users HTTP/11" 201 279
DEBUG    util.admin.admin_api:admin_api.py:39 Created user and received token: eyJhbGciOiJIUzI1NiIsInR5cCI6IkpXVCJ9.eyJfaWQiOiI2NzI4MGFlY2QxMjg2YjAwMTMyMmM5YjgiLCJpYXQiOjE3MzA2Nzc0ODR9.lH0wnGRFkFLZGYfbDWgQwyC3eOGNQQlY8DEm00xfmbQ
INFO     tests.conftest:conftest.py:56 Created registered user
DEBUG    util.admin.admin_api:admin_api.py:43 Logging in user with credentials: {email: john.green@mail.com, password: 1234567890}
DEBUG    urllib3.connectionpool:connectionpool.py:1051 Starting new HTTPS connection (1): thinking-tester-contact-list.herokuapp.com:443
DEBUG    urllib3.connectionpool:connectionpool.py:546 https://thinking-tester-contact-list.herokuapp.com:443 "POST /users/login HTTP/11" 200 279
DEBUG    util.admin.admin_api:admin_api.py:53 Logged in and received token: eyJhbGciOiJIUzI1NiIsInR5cCI6IkpXVCJ9.eyJfaWQiOiI2NzI4MGFlY2QxMjg2YjAwMTMyMmM5YjgiLCJpYXQiOjE3MzA2Nzc0ODV9.P-sDCYkle54B7iW3haCCOgO1koZGXkkg9hEWspf1uG4
DEBUG    tests.api.contact.test_api_contact:test_api_contact.py:42 Creating contact: {'firstName': 'Will', 'lastName': 'Smith', 'birthdate': '1968-10-25', 'email': 'will.smith@mail.com', 'phone': '1234567890', 'street1': '1 Main St.', 'street2': 'Apartment A', 'city': 'New York', 'stateProvince': 'NY', 'postalCode': '111', 'country': 'USA'}
DEBUG    urllib3.connectionpool:connectionpool.py:1051 Starting new HTTPS connection (1): thinking-tester-contact-list.herokuapp.com:443
DEBUG    urllib3.connectionpool:connectionpool.py:546 https://thinking-tester-contact-list.herokuapp.com:443 "POST /contacts/ HTTP/11" 201 312
DEBUG    tests.api.contact.test_api_contact:test_api_contact.py:44 Received response text: {"_id":"67280aefbed4db00135b1120","firstName":"Will","lastName":"Smith","birthdate":"1968-10-25","email":"will.smith@mail.com","phone":"1234567890","street1":"1 Main St.","street2":"Apartment A","city":"New York","stateProvince":"NY","postalCode":"111","country":"USA","owner":"67280aecd1286b001322c9b8","__v":0}
INFO     tests.api.contact.test_api_contact:test_api_contact.py:47 Response status code and headers are correct
DEBUG    util.admin.admin_api:admin_api.py:66 Getting user with token: eyJhbGciOiJIUzI1NiIsInR5cCI6IkpXVCJ9.eyJfaWQiOiI2NzI4MGFlY2QxMjg2YjAwMTMyMmM5YjgiLCJpYXQiOjE3MzA2Nzc0ODV9.P-sDCYkle54B7iW3haCCOgO1koZGXkkg9hEWspf1uG4
DEBUG    urllib3.connectionpool:connectionpool.py:1051 Starting new HTTPS connection (1): thinking-tester-contact-list.herokuapp.com:443
DEBUG    urllib3.connectionpool:connectionpool.py:546 https://thinking-tester-contact-list.herokuapp.com:443 "GET /users/me HTTP/11" 200 110
DEBUG    util.admin.admin_api:admin_api.py:73 Received user: {'_id': '67280aecd1286b001322c9b8', 'firstName': 'John', 'lastName': 'Green', 'email': 'john.green@mail.com', '__v': 2}
INFO     tests.api.contact.test_api_contact:test_api_contact.py:52 Owner of contact is correct
INFO     tests.api.contact.test_api_contact:test_api_contact.py:54 Created contact response JSON is correct
DEBUG    util.admin.admin_api:admin_api.py:97 Getting contact with id: 67280aefbed4db00135b1120 using token: eyJhbGciOiJIUzI1NiIsInR5cCI6IkpXVCJ9.eyJfaWQiOiI2NzI4MGFlY2QxMjg2YjAwMTMyMmM5YjgiLCJpYXQiOjE3MzA2Nzc0ODV9.P-sDCYkle54B7iW3haCCOgO1koZGXkkg9hEWspf1uG4
DEBUG    urllib3.connectionpool:connectionpool.py:1051 Starting new HTTPS connection (1): thinking-tester-contact-list.herokuapp.com:443
DEBUG    urllib3.connectionpool:connectionpool.py:546 https://thinking-tester-contact-list.herokuapp.com:443 "GET /contacts/67280aefbed4db00135b1120 HTTP/11" 200 312
DEBUG    util.admin.admin_api:admin_api.py:104 Received contact: {'_id': '67280aefbed4db00135b1120', 'firstName': 'Will', 'lastName': 'Smith', 'birthdate': '1968-10-25', 'email': 'will.smith@mail.com', 'phone': '1234567890', 'street1': '1 Main St.', 'street2': 'Apartment A', 'city': 'New York', 'stateProvince': 'NY', 'postalCode': '111', 'country': 'USA', 'owner': '67280aecd1286b001322c9b8', '__v': 0}
INFO     tests.api.contact.test_api_contact:test_api_contact.py:58 Successfully received the same contact
DEBUG    util.admin.admin_api:admin_api.py:108 Deleting contact with id: 67280aefbed4db00135b1120 using token: eyJhbGciOiJIUzI1NiIsInR5cCI6IkpXVCJ9.eyJfaWQiOiI2NzI4MGFlY2QxMjg2YjAwMTMyMmM5YjgiLCJpYXQiOjE3MzA2Nzc0ODV9.P-sDCYkle54B7iW3haCCOgO1koZGXkkg9hEWspf1uG4
DEBUG    urllib3.connectionpool:connectionpool.py:1051 Starting new HTTPS connection (1): thinking-tester-contact-list.herokuapp.com:443
DEBUG    urllib3.connectionpool:connectionpool.py:546 https://thinking-tester-contact-list.herokuapp.com:443 "DELETE /contacts/67280aefbed4db00135b1120 HTTP/11" 200 15
DEBUG    util.admin.admin_api:admin_api.py:114 Contact deleted
DEBUG    util.admin.admin_api:admin_api.py:77 Deleting user with token: eyJhbGciOiJIUzI1NiIsInR5cCI6IkpXVCJ9.eyJfaWQiOiI2NzI4MGFlY2QxMjg2YjAwMTMyMmM5YjgiLCJpYXQiOjE3MzA2Nzc0ODR9.lH0wnGRFkFLZGYfbDWgQwyC3eOGNQQlY8DEm00xfmbQ
DEBUG    urllib3.connectionpool:connectionpool.py:1051 Starting new HTTPS connection (1): thinking-tester-contact-list.herokuapp.com:443
DEBUG    urllib3.connectionpool:connectionpool.py:546 https://thinking-tester-contact-list.herokuapp.com:443 "DELETE /users/me HTTP/11" 200 0
DEBUG    util.admin.admin_api:admin_api.py:83 User deleted
INFO     tests.conftest:conftest.py:60 Deleted registered user
DEBUG    util.admin.admin_api:admin_api.py:33 Creating user: {'firstName': 'John', 'lastName': 'Green', 'email': 'john.green@mail.com', 'password': '1234567890'}
DEBUG    urllib3.connectionpool:connectionpool.py:1051 Starting new HTTPS connection (1): thinking-tester-contact-list.herokuapp.com:443
DEBUG    urllib3.connectionpool:connectionpool.py:546 https://thinking-tester-contact-list.herokuapp.com:443 "POST /users HTTP/11" 201 279
DEBUG    util.admin.admin_api:admin_api.py:39 Created user and received token: eyJhbGciOiJIUzI1NiIsInR5cCI6IkpXVCJ9.eyJfaWQiOiI2NzI4MGFmNWJlZDRkYjAwMTM1YjExMjEiLCJpYXQiOjE3MzA2Nzc0OTN9.feDcxd3yJs14s87RPfnUTS87ihG8BmTKthSn1EFdHk4
INFO     tests.conftest:conftest.py:56 Created registered user
DEBUG    util.admin.admin_api:admin_api.py:43 Logging in user with credentials: {email: john.green@mail.com, password: 1234567890}
DEBUG    urllib3.connectionpool:connectionpool.py:1051 Starting new HTTPS connection (1): thinking-tester-contact-list.herokuapp.com:443
DEBUG    urllib3.connectionpool:connectionpool.py:546 https://thinking-tester-contact-list.herokuapp.com:443 "POST /users/login HTTP/11" 200 279
DEBUG    util.admin.admin_api:admin_api.py:53 Logged in and received token: eyJhbGciOiJIUzI1NiIsInR5cCI6IkpXVCJ9.eyJfaWQiOiI2NzI4MGFmNWJlZDRkYjAwMTM1YjExMjEiLCJpYXQiOjE3MzA2Nzc0OTV9.1vhvLgvPmTh0nUlGb1BxIKGFmHpfT2AlUcZpY32Umts
DEBUG    tests.api.contact.test_api_contact:test_api_contact.py:42 Creating contact: {'firstName': 'Will', 'lastName': 'Smith', 'birthdate': '1968-10-25', 'email': 'will.smith@mail.com', 'phone': '1234567890', 'street1': '1 Main St.', 'street2': 'Apartment A', 'city': 'New York', 'stateProvince': 'NY', 'postalCode': '1111111', 'country': 'USA'}
DEBUG    urllib3.connectionpool:connectionpool.py:1051 Starting new HTTPS connection (1): thinking-tester-contact-list.herokuapp.com:443
DEBUG    urllib3.connectionpool:connectionpool.py:546 https://thinking-tester-contact-list.herokuapp.com:443 "POST /contacts/ HTTP/11" 201 316
DEBUG    tests.api.contact.test_api_contact:test_api_contact.py:44 Received response text: {"_id":"67280af8bed4db00135b1124","firstName":"Will","lastName":"Smith","birthdate":"1968-10-25","email":"will.smith@mail.com","phone":"1234567890","street1":"1 Main St.","street2":"Apartment A","city":"New York","stateProvince":"NY","postalCode":"1111111","country":"USA","owner":"67280af5bed4db00135b1121","__v":0}
INFO     tests.api.contact.test_api_contact:test_api_contact.py:47 Response status code and headers are correct
DEBUG    util.admin.admin_api:admin_api.py:66 Getting user with token: eyJhbGciOiJIUzI1NiIsInR5cCI6IkpXVCJ9.eyJfaWQiOiI2NzI4MGFmNWJlZDRkYjAwMTM1YjExMjEiLCJpYXQiOjE3MzA2Nzc0OTV9.1vhvLgvPmTh0nUlGb1BxIKGFmHpfT2AlUcZpY32Umts
DEBUG    urllib3.connectionpool:connectionpool.py:1051 Starting new HTTPS connection (1): thinking-tester-contact-list.herokuapp.com:443
DEBUG    urllib3.connectionpool:connectionpool.py:546 https://thinking-tester-contact-list.herokuapp.com:443 "GET /users/me HTTP/11" 200 110
DEBUG    util.admin.admin_api:admin_api.py:73 Received user: {'_id': '67280af5bed4db00135b1121', 'firstName': 'John', 'lastName': 'Green', 'email': 'john.green@mail.com', '__v': 2}
INFO     tests.api.contact.test_api_contact:test_api_contact.py:52 Owner of contact is correct
INFO     tests.api.contact.test_api_contact:test_api_contact.py:54 Created contact response JSON is correct
DEBUG    util.admin.admin_api:admin_api.py:97 Getting contact with id: 67280af8bed4db00135b1124 using token: eyJhbGciOiJIUzI1NiIsInR5cCI6IkpXVCJ9.eyJfaWQiOiI2NzI4MGFmNWJlZDRkYjAwMTM1YjExMjEiLCJpYXQiOjE3MzA2Nzc0OTV9.1vhvLgvPmTh0nUlGb1BxIKGFmHpfT2AlUcZpY32Umts
DEBUG    urllib3.connectionpool:connectionpool.py:1051 Starting new HTTPS connection (1): thinking-tester-contact-list.herokuapp.com:443
DEBUG    urllib3.connectionpool:connectionpool.py:546 https://thinking-tester-contact-list.herokuapp.com:443 "GET /contacts/67280af8bed4db00135b1124 HTTP/11" 200 316
DEBUG    util.admin.admin_api:admin_api.py:104 Received contact: {'_id': '67280af8bed4db00135b1124', 'firstName': 'Will', 'lastName': 'Smith', 'birthdate': '1968-10-25', 'email': 'will.smith@mail.com', 'phone': '1234567890', 'street1': '1 Main St.', 'street2': 'Apartment A', 'city': 'New York', 'stateProvince': 'NY', 'postalCode': '1111111', 'country': 'USA', 'owner': '67280af5bed4db00135b1121', '__v': 0}
INFO     tests.api.contact.test_api_contact:test_api_contact.py:58 Successfully received the same contact
DEBUG    util.admin.admin_api:admin_api.py:108 Deleting contact with id: 67280af8bed4db00135b1124 using token: eyJhbGciOiJIUzI1NiIsInR5cCI6IkpXVCJ9.eyJfaWQiOiI2NzI4MGFmNWJlZDRkYjAwMTM1YjExMjEiLCJpYXQiOjE3MzA2Nzc0OTV9.1vhvLgvPmTh0nUlGb1BxIKGFmHpfT2AlUcZpY32Umts
DEBUG    urllib3.connectionpool:connectionpool.py:1051 Starting new HTTPS connection (1): thinking-tester-contact-list.herokuapp.com:443
DEBUG    urllib3.connectionpool:connectionpool.py:546 https://thinking-tester-contact-list.herokuapp.com:443 "DELETE /contacts/67280af8bed4db00135b1124 HTTP/11" 200 15
DEBUG    util.admin.admin_api:admin_api.py:114 Contact deleted
DEBUG    util.admin.admin_api:admin_api.py:77 Deleting user with token: eyJhbGciOiJIUzI1NiIsInR5cCI6IkpXVCJ9.eyJfaWQiOiI2NzI4MGFmNWJlZDRkYjAwMTM1YjExMjEiLCJpYXQiOjE3MzA2Nzc0OTN9.feDcxd3yJs14s87RPfnUTS87ihG8BmTKthSn1EFdHk4
DEBUG    urllib3.connectionpool:connectionpool.py:1051 Starting new HTTPS connection (1): thinking-tester-contact-list.herokuapp.com:443
DEBUG    urllib3.connectionpool:connectionpool.py:546 https://thinking-tester-contact-list.herokuapp.com:443 "DELETE /users/me HTTP/11" 200 0
DEBUG    util.admin.admin_api:admin_api.py:83 User deleted
INFO     tests.conftest:conftest.py:60 Deleted registered user
DEBUG    util.admin.admin_api:admin_api.py:33 Creating user: {'firstName': 'John', 'lastName': 'Green', 'email': 'john.green@mail.com', 'password': '1234567890'}
DEBUG    urllib3.connectionpool:connectionpool.py:1051 Starting new HTTPS connection (1): thinking-tester-contact-list.herokuapp.com:443
DEBUG    urllib3.connectionpool:connectionpool.py:546 https://thinking-tester-contact-list.herokuapp.com:443 "POST /users HTTP/11" 201 279
DEBUG    util.admin.admin_api:admin_api.py:39 Created user and received token: eyJhbGciOiJIUzI1NiIsInR5cCI6IkpXVCJ9.eyJfaWQiOiI2NzI4MGFmZGQxMjg2YjAwMTMyMmM5YmEiLCJpYXQiOjE3MzA2Nzc1MDF9.ZTosckg_rse6TUp_qnJ6DaX3aK4Hv92wJTxZAN6ZDXg
INFO     tests.conftest:conftest.py:56 Created registered user
DEBUG    util.admin.admin_api:admin_api.py:43 Logging in user with credentials: {email: john.green@mail.com, password: 1234567890}
DEBUG    urllib3.connectionpool:connectionpool.py:1051 Starting new HTTPS connection (1): thinking-tester-contact-list.herokuapp.com:443
DEBUG    urllib3.connectionpool:connectionpool.py:546 https://thinking-tester-contact-list.herokuapp.com:443 "POST /users/login HTTP/11" 200 279
DEBUG    util.admin.admin_api:admin_api.py:53 Logged in and received token: eyJhbGciOiJIUzI1NiIsInR5cCI6IkpXVCJ9.eyJfaWQiOiI2NzI4MGFmZGQxMjg2YjAwMTMyMmM5YmEiLCJpYXQiOjE3MzA2Nzc1MDJ9.ArU1zM8jPv_Abpe3HlAhn2PQ_I95JCX2wttv-tBcPpo
DEBUG    tests.api.contact.test_api_contact:test_api_contact.py:42 Creating contact: {'firstName': 'Will', 'lastName': 'Smith', 'birthdate': '1968-10-25', 'email': 'will.smith@mail.com', 'phone': '1234567890', 'street1': '1 Main St.', 'street2': 'Apartment A', 'city': 'New York', 'stateProvince': 'NY', 'postalCode': '10118', 'country': 'aaaaaaaaaabbbbbbbbbbccccccccccdddddddddd'}
DEBUG    urllib3.connectionpool:connectionpool.py:1051 Starting new HTTPS connection (1): thinking-tester-contact-list.herokuapp.com:443
DEBUG    urllib3.connectionpool:connectionpool.py:546 https://thinking-tester-contact-list.herokuapp.com:443 "POST /contacts/ HTTP/11" 201 351
DEBUG    tests.api.contact.test_api_contact:test_api_contact.py:44 Received response text: {"_id":"67280affbed4db00135b1126","firstName":"Will","lastName":"Smith","birthdate":"1968-10-25","email":"will.smith@mail.com","phone":"1234567890","street1":"1 Main St.","street2":"Apartment A","city":"New York","stateProvince":"NY","postalCode":"10118","country":"aaaaaaaaaabbbbbbbbbbccccccccccdddddddddd","owner":"67280afdd1286b001322c9ba","__v":0}
INFO     tests.api.contact.test_api_contact:test_api_contact.py:47 Response status code and headers are correct
DEBUG    util.admin.admin_api:admin_api.py:66 Getting user with token: eyJhbGciOiJIUzI1NiIsInR5cCI6IkpXVCJ9.eyJfaWQiOiI2NzI4MGFmZGQxMjg2YjAwMTMyMmM5YmEiLCJpYXQiOjE3MzA2Nzc1MDJ9.ArU1zM8jPv_Abpe3HlAhn2PQ_I95JCX2wttv-tBcPpo
DEBUG    urllib3.connectionpool:connectionpool.py:1051 Starting new HTTPS connection (1): thinking-tester-contact-list.herokuapp.com:443
DEBUG    urllib3.connectionpool:connectionpool.py:546 https://thinking-tester-contact-list.herokuapp.com:443 "GET /users/me HTTP/11" 200 110
DEBUG    util.admin.admin_api:admin_api.py:73 Received user: {'_id': '67280afdd1286b001322c9ba', 'firstName': 'John', 'lastName': 'Green', 'email': 'john.green@mail.com', '__v': 2}
INFO     tests.api.contact.test_api_contact:test_api_contact.py:52 Owner of contact is correct
INFO     tests.api.contact.test_api_contact:test_api_contact.py:54 Created contact response JSON is correct
DEBUG    util.admin.admin_api:admin_api.py:97 Getting contact with id: 67280affbed4db00135b1126 using token: eyJhbGciOiJIUzI1NiIsInR5cCI6IkpXVCJ9.eyJfaWQiOiI2NzI4MGFmZGQxMjg2YjAwMTMyMmM5YmEiLCJpYXQiOjE3MzA2Nzc1MDJ9.ArU1zM8jPv_Abpe3HlAhn2PQ_I95JCX2wttv-tBcPpo
DEBUG    urllib3.connectionpool:connectionpool.py:1051 Starting new HTTPS connection (1): thinking-tester-contact-list.herokuapp.com:443
DEBUG    urllib3.connectionpool:connectionpool.py:546 https://thinking-tester-contact-list.herokuapp.com:443 "GET /contacts/67280affbed4db00135b1126 HTTP/11" 200 351
DEBUG    util.admin.admin_api:admin_api.py:104 Received contact: {'_id': '67280affbed4db00135b1126', 'firstName': 'Will', 'lastName': 'Smith', 'birthdate': '1968-10-25', 'email': 'will.smith@mail.com', 'phone': '1234567890', 'street1': '1 Main St.', 'street2': 'Apartment A', 'city': 'New York', 'stateProvince': 'NY', 'postalCode': '10118', 'country': 'aaaaaaaaaabbbbbbbbbbccccccccccdddddddddd', 'owner': '67280afdd1286b001322c9ba', '__v': 0}
INFO     tests.api.contact.test_api_contact:test_api_contact.py:58 Successfully received the same contact
DEBUG    util.admin.admin_api:admin_api.py:108 Deleting contact with id: 67280affbed4db00135b1126 using token: eyJhbGciOiJIUzI1NiIsInR5cCI6IkpXVCJ9.eyJfaWQiOiI2NzI4MGFmZGQxMjg2YjAwMTMyMmM5YmEiLCJpYXQiOjE3MzA2Nzc1MDJ9.ArU1zM8jPv_Abpe3HlAhn2PQ_I95JCX2wttv-tBcPpo
DEBUG    urllib3.connectionpool:connectionpool.py:1051 Starting new HTTPS connection (1): thinking-tester-contact-list.herokuapp.com:443
DEBUG    urllib3.connectionpool:connectionpool.py:546 https://thinking-tester-contact-list.herokuapp.com:443 "DELETE /contacts/67280affbed4db00135b1126 HTTP/11" 200 15
DEBUG    util.admin.admin_api:admin_api.py:114 Contact deleted
DEBUG    util.admin.admin_api:admin_api.py:77 Deleting user with token: eyJhbGciOiJIUzI1NiIsInR5cCI6IkpXVCJ9.eyJfaWQiOiI2NzI4MGFmZGQxMjg2YjAwMTMyMmM5YmEiLCJpYXQiOjE3MzA2Nzc1MDF9.ZTosckg_rse6TUp_qnJ6DaX3aK4Hv92wJTxZAN6ZDXg
DEBUG    urllib3.connectionpool:connectionpool.py:1051 Starting new HTTPS connection (1): thinking-tester-contact-list.herokuapp.com:443
DEBUG    urllib3.connectionpool:connectionpool.py:546 https://thinking-tester-contact-list.herokuapp.com:443 "DELETE /users/me HTTP/11" 200 0
DEBUG    util.admin.admin_api:admin_api.py:83 User deleted
INFO     tests.conftest:conftest.py:60 Deleted registered user
DEBUG    util.admin.admin_api:admin_api.py:33 Creating user: {'firstName': 'John', 'lastName': 'Green', 'email': 'john.green@mail.com', 'password': '1234567890'}
DEBUG    urllib3.connectionpool:connectionpool.py:1051 Starting new HTTPS connection (1): thinking-tester-contact-list.herokuapp.com:443
DEBUG    urllib3.connectionpool:connectionpool.py:546 https://thinking-tester-contact-list.herokuapp.com:443 "POST /users HTTP/11" 201 279
DEBUG    util.admin.admin_api:admin_api.py:39 Created user and received token: eyJhbGciOiJIUzI1NiIsInR5cCI6IkpXVCJ9.eyJfaWQiOiI2NzI4MGIwNWJlZDRkYjAwMTM1YjExMjciLCJpYXQiOjE3MzA2Nzc1MDl9.DCF6vDlbpVTzEjfZTgdoMNVTrJHniMpMNITVW7eGJ9w
INFO     tests.conftest:conftest.py:56 Created registered user
DEBUG    util.admin.admin_api:admin_api.py:43 Logging in user with credentials: {email: john.green@mail.com, password: 1234567890}
DEBUG    urllib3.connectionpool:connectionpool.py:1051 Starting new HTTPS connection (1): thinking-tester-contact-list.herokuapp.com:443
DEBUG    urllib3.connectionpool:connectionpool.py:546 https://thinking-tester-contact-list.herokuapp.com:443 "POST /users/login HTTP/11" 200 279
DEBUG    util.admin.admin_api:admin_api.py:53 Logged in and received token: eyJhbGciOiJIUzI1NiIsInR5cCI6IkpXVCJ9.eyJfaWQiOiI2NzI4MGIwNWJlZDRkYjAwMTM1YjExMjciLCJpYXQiOjE3MzA2Nzc1MTB9.jy2VgVdbn5LFjA8aQjOSEzz0mKMXIba68RdwLGeZDU0
DEBUG    tests.api.contact.test_api_contact:test_api_contact.py:64 Creating invalid contact: {'lastName': 'Smith', 'birthdate': '1968-10-25', 'email': 'will.smith@mail.com', 'phone': '1234567890', 'street1': '1 Main St.', 'street2': 'Apartment A', 'city': 'New York', 'stateProvince': 'NY', 'postalCode': '10118', 'country': 'USA'}
DEBUG    urllib3.connectionpool:connectionpool.py:1051 Starting new HTTPS connection (1): thinking-tester-contact-list.herokuapp.com:443
DEBUG    urllib3.connectionpool:connectionpool.py:546 https://thinking-tester-contact-list.herokuapp.com:443 "POST /contacts/ HTTP/11" 400 342
DEBUG    tests.api.contact.test_api_contact:test_api_contact.py:66 Received response text: {"errors":{"firstName":{"name":"ValidatorError","message":"Path `firstName` is required.","properties":{"message":"Path `firstName` is required.","type":"required","path":"firstName"},"kind":"required","path":"firstName"}},"_message":"Contact validation failed","message":"Contact validation failed: firstName: Path `firstName` is required."}
INFO     tests.api.contact.test_api_contact:test_api_contact.py:69 Invalid contact was not created
DEBUG    util.admin.admin_api:admin_api.py:77 Deleting user with token: eyJhbGciOiJIUzI1NiIsInR5cCI6IkpXVCJ9.eyJfaWQiOiI2NzI4MGIwNWJlZDRkYjAwMTM1YjExMjciLCJpYXQiOjE3MzA2Nzc1MDl9.DCF6vDlbpVTzEjfZTgdoMNVTrJHniMpMNITVW7eGJ9w
DEBUG    urllib3.connectionpool:connectionpool.py:1051 Starting new HTTPS connection (1): thinking-tester-contact-list.herokuapp.com:443
DEBUG    urllib3.connectionpool:connectionpool.py:546 https://thinking-tester-contact-list.herokuapp.com:443 "DELETE /users/me HTTP/11" 200 0
DEBUG    util.admin.admin_api:admin_api.py:83 User deleted
INFO     tests.conftest:conftest.py:60 Deleted registered user
DEBUG    util.admin.admin_api:admin_api.py:33 Creating user: {'firstName': 'John', 'lastName': 'Green', 'email': 'john.green@mail.com', 'password': '1234567890'}
DEBUG    urllib3.connectionpool:connectionpool.py:1051 Starting new HTTPS connection (1): thinking-tester-contact-list.herokuapp.com:443
DEBUG    urllib3.connectionpool:connectionpool.py:546 https://thinking-tester-contact-list.herokuapp.com:443 "POST /users HTTP/11" 201 279
DEBUG    util.admin.admin_api:admin_api.py:39 Created user and received token: eyJhbGciOiJIUzI1NiIsInR5cCI6IkpXVCJ9.eyJfaWQiOiI2NzI4MGIwYWJlZDRkYjAwMTM1YjExMjkiLCJpYXQiOjE3MzA2Nzc1MTR9.VxkbqeTTCmP-YrlBH6JK4LnoTpyWYqMR6Ml3MPkaIGI
INFO     tests.conftest:conftest.py:56 Created registered user
DEBUG    util.admin.admin_api:admin_api.py:43 Logging in user with credentials: {email: john.green@mail.com, password: 1234567890}
DEBUG    urllib3.connectionpool:connectionpool.py:1051 Starting new HTTPS connection (1): thinking-tester-contact-list.herokuapp.com:443
DEBUG    urllib3.connectionpool:connectionpool.py:546 https://thinking-tester-contact-list.herokuapp.com:443 "POST /users/login HTTP/11" 200 279
DEBUG    util.admin.admin_api:admin_api.py:53 Logged in and received token: eyJhbGciOiJIUzI1NiIsInR5cCI6IkpXVCJ9.eyJfaWQiOiI2NzI4MGIwYWJlZDRkYjAwMTM1YjExMjkiLCJpYXQiOjE3MzA2Nzc1MTV9._K9_TfSGklElFPjJpMx8G7JEXl6SW3xv9JHCdbKn2UM
DEBUG    tests.api.contact.test_api_contact:test_api_contact.py:64 Creating invalid contact: {'firstName': 'Will', 'birthdate': '1968-10-25', 'email': 'will.smith@mail.com', 'phone': '1234567890', 'street1': '1 Main St.', 'street2': 'Apartment A', 'city': 'New York', 'stateProvince': 'NY', 'postalCode': '10118', 'country': 'USA'}
DEBUG    urllib3.connectionpool:connectionpool.py:1051 Starting new HTTPS connection (1): thinking-tester-contact-list.herokuapp.com:443
DEBUG    urllib3.connectionpool:connectionpool.py:546 https://thinking-tester-contact-list.herokuapp.com:443 "POST /contacts/ HTTP/11" 400 335
DEBUG    tests.api.contact.test_api_contact:test_api_contact.py:66 Received response text: {"errors":{"lastName":{"name":"ValidatorError","message":"Path `lastName` is required.","properties":{"message":"Path `lastName` is required.","type":"required","path":"lastName"},"kind":"required","path":"lastName"}},"_message":"Contact validation failed","message":"Contact validation failed: lastName: Path `lastName` is required."}
INFO     tests.api.contact.test_api_contact:test_api_contact.py:69 Invalid contact was not created
DEBUG    util.admin.admin_api:admin_api.py:77 Deleting user with token: eyJhbGciOiJIUzI1NiIsInR5cCI6IkpXVCJ9.eyJfaWQiOiI2NzI4MGIwYWJlZDRkYjAwMTM1YjExMjkiLCJpYXQiOjE3MzA2Nzc1MTR9.VxkbqeTTCmP-YrlBH6JK4LnoTpyWYqMR6Ml3MPkaIGI
DEBUG    urllib3.connectionpool:connectionpool.py:1051 Starting new HTTPS connection (1): thinking-tester-contact-list.herokuapp.com:443
DEBUG    urllib3.connectionpool:connectionpool.py:546 https://thinking-tester-contact-list.herokuapp.com:443 "DELETE /users/me HTTP/11" 200 0
DEBUG    util.admin.admin_api:admin_api.py:83 User deleted
INFO     tests.conftest:conftest.py:60 Deleted registered user
DEBUG    util.admin.admin_api:admin_api.py:33 Creating user: {'firstName': 'John', 'lastName': 'Green', 'email': 'john.green@mail.com', 'password': '1234567890'}
DEBUG    urllib3.connectionpool:connectionpool.py:1051 Starting new HTTPS connection (1): thinking-tester-contact-list.herokuapp.com:443
DEBUG    urllib3.connectionpool:connectionpool.py:546 https://thinking-tester-contact-list.herokuapp.com:443 "POST /users HTTP/11" 201 279
DEBUG    util.admin.admin_api:admin_api.py:39 Created user and received token: eyJhbGciOiJIUzI1NiIsInR5cCI6IkpXVCJ9.eyJfaWQiOiI2NzI4MGIwZWQxMjg2YjAwMTMyMmM5YmYiLCJpYXQiOjE3MzA2Nzc1MTh9.-c6jaQFBYzXnwYiULiPsnsh5i08Us3L6aJwF_H2Xrtc
INFO     tests.conftest:conftest.py:56 Created registered user
DEBUG    util.admin.admin_api:admin_api.py:43 Logging in user with credentials: {email: john.green@mail.com, password: 1234567890}
DEBUG    urllib3.connectionpool:connectionpool.py:1051 Starting new HTTPS connection (1): thinking-tester-contact-list.herokuapp.com:443
DEBUG    urllib3.connectionpool:connectionpool.py:546 https://thinking-tester-contact-list.herokuapp.com:443 "POST /users/login HTTP/11" 200 279
DEBUG    util.admin.admin_api:admin_api.py:53 Logged in and received token: eyJhbGciOiJIUzI1NiIsInR5cCI6IkpXVCJ9.eyJfaWQiOiI2NzI4MGIwZWQxMjg2YjAwMTMyMmM5YmYiLCJpYXQiOjE3MzA2Nzc1MTl9.3St9PXO-ND-Qi2hgtLMt31fWp3e5RvqinJEmRuw4T2s
DEBUG    tests.api.contact.test_api_contact:test_api_contact.py:64 Creating invalid contact: {'birthdate': '1968-10-25', 'email': 'will.smith@mail.com', 'phone': '1234567890', 'street1': '1 Main St.', 'street2': 'Apartment A', 'city': 'New York', 'stateProvince': 'NY', 'postalCode': '10118', 'country': 'USA'}
DEBUG    urllib3.connectionpool:connectionpool.py:1051 Starting new HTTPS connection (1): thinking-tester-contact-list.herokuapp.com:443
DEBUG    urllib3.connectionpool:connectionpool.py:546 https://thinking-tester-contact-list.herokuapp.com:443 "POST /contacts/ HTTP/11" 400 588
DEBUG    tests.api.contact.test_api_contact:test_api_contact.py:66 Received response text: {"errors":{"lastName":{"name":"ValidatorError","message":"Path `lastName` is required.","properties":{"message":"Path `lastName` is required.","type":"required","path":"lastName"},"kind":"required","path":"lastName"},"firstName":{"name":"ValidatorError","message":"Path `firstName` is required.","properties":{"message":"Path `firstName` is required.","type":"required","path":"firstName"},"kind":"required","path":"firstName"}},"_message":"Contact validation failed","message":"Contact validation failed: lastName: Path `lastName` is required., firstName: Path `firstName` is required."}
INFO     tests.api.contact.test_api_contact:test_api_contact.py:69 Invalid contact was not created
DEBUG    util.admin.admin_api:admin_api.py:77 Deleting user with token: eyJhbGciOiJIUzI1NiIsInR5cCI6IkpXVCJ9.eyJfaWQiOiI2NzI4MGIwZWQxMjg2YjAwMTMyMmM5YmYiLCJpYXQiOjE3MzA2Nzc1MTh9.-c6jaQFBYzXnwYiULiPsnsh5i08Us3L6aJwF_H2Xrtc
DEBUG    urllib3.connectionpool:connectionpool.py:1051 Starting new HTTPS connection (1): thinking-tester-contact-list.herokuapp.com:443
DEBUG    urllib3.connectionpool:connectionpool.py:546 https://thinking-tester-contact-list.herokuapp.com:443 "DELETE /users/me HTTP/11" 200 0
DEBUG    util.admin.admin_api:admin_api.py:83 User deleted
INFO     tests.conftest:conftest.py:60 Deleted registered user
DEBUG    util.admin.admin_api:admin_api.py:33 Creating user: {'firstName': 'John', 'lastName': 'Green', 'email': 'john.green@mail.com', 'password': '1234567890'}
DEBUG    urllib3.connectionpool:connectionpool.py:1051 Starting new HTTPS connection (1): thinking-tester-contact-list.herokuapp.com:443
DEBUG    urllib3.connectionpool:connectionpool.py:546 https://thinking-tester-contact-list.herokuapp.com:443 "POST /users HTTP/11" 201 279
DEBUG    util.admin.admin_api:admin_api.py:39 Created user and received token: eyJhbGciOiJIUzI1NiIsInR5cCI6IkpXVCJ9.eyJfaWQiOiI2NzI4MGIxM2QxMjg2YjAwMTMyMmM5YzIiLCJpYXQiOjE3MzA2Nzc1MjN9.fQxVC8avWEeChUZP-54YouQFQW3rHgELHOauThlngWA
INFO     tests.conftest:conftest.py:56 Created registered user
DEBUG    util.admin.admin_api:admin_api.py:43 Logging in user with credentials: {email: john.green@mail.com, password: 1234567890}
DEBUG    urllib3.connectionpool:connectionpool.py:1051 Starting new HTTPS connection (1): thinking-tester-contact-list.herokuapp.com:443
DEBUG    urllib3.connectionpool:connectionpool.py:546 https://thinking-tester-contact-list.herokuapp.com:443 "POST /users/login HTTP/11" 200 279
DEBUG    util.admin.admin_api:admin_api.py:53 Logged in and received token: eyJhbGciOiJIUzI1NiIsInR5cCI6IkpXVCJ9.eyJfaWQiOiI2NzI4MGIxM2QxMjg2YjAwMTMyMmM5YzIiLCJpYXQiOjE3MzA2Nzc1MjV9.tG_0nbQX6CTk0g6yW0eb-VnV5AW321J-lsuh10NCLaU
DEBUG    tests.api.contact.test_api_contact:test_api_contact.py:64 Creating invalid contact: {}
DEBUG    urllib3.connectionpool:connectionpool.py:1051 Starting new HTTPS connection (1): thinking-tester-contact-list.herokuapp.com:443
DEBUG    urllib3.connectionpool:connectionpool.py:546 https://thinking-tester-contact-list.herokuapp.com:443 "POST /contacts/ HTTP/11" 400 588
DEBUG    tests.api.contact.test_api_contact:test_api_contact.py:66 Received response text: {"errors":{"lastName":{"name":"ValidatorError","message":"Path `lastName` is required.","properties":{"message":"Path `lastName` is required.","type":"required","path":"lastName"},"kind":"required","path":"lastName"},"firstName":{"name":"ValidatorError","message":"Path `firstName` is required.","properties":{"message":"Path `firstName` is required.","type":"required","path":"firstName"},"kind":"required","path":"firstName"}},"_message":"Contact validation failed","message":"Contact validation failed: lastName: Path `lastName` is required., firstName: Path `firstName` is required."}
INFO     tests.api.contact.test_api_contact:test_api_contact.py:69 Invalid contact was not created
DEBUG    util.admin.admin_api:admin_api.py:77 Deleting user with token: eyJhbGciOiJIUzI1NiIsInR5cCI6IkpXVCJ9.eyJfaWQiOiI2NzI4MGIxM2QxMjg2YjAwMTMyMmM5YzIiLCJpYXQiOjE3MzA2Nzc1MjN9.fQxVC8avWEeChUZP-54YouQFQW3rHgELHOauThlngWA
DEBUG    urllib3.connectionpool:connectionpool.py:1051 Starting new HTTPS connection (1): thinking-tester-contact-list.herokuapp.com:443
DEBUG    urllib3.connectionpool:connectionpool.py:546 https://thinking-tester-contact-list.herokuapp.com:443 "DELETE /users/me HTTP/11" 200 0
DEBUG    util.admin.admin_api:admin_api.py:83 User deleted
INFO     tests.conftest:conftest.py:60 Deleted registered user
DEBUG    util.admin.admin_api:admin_api.py:33 Creating user: {'firstName': 'John', 'lastName': 'Green', 'email': 'john.green@mail.com', 'password': '1234567890'}
DEBUG    urllib3.connectionpool:connectionpool.py:1051 Starting new HTTPS connection (1): thinking-tester-contact-list.herokuapp.com:443
DEBUG    urllib3.connectionpool:connectionpool.py:546 https://thinking-tester-contact-list.herokuapp.com:443 "POST /users HTTP/11" 201 279
DEBUG    util.admin.admin_api:admin_api.py:39 Created user and received token: eyJhbGciOiJIUzI1NiIsInR5cCI6IkpXVCJ9.eyJfaWQiOiI2NzI4MGIxN2JlZDRkYjAwMTM1YjExMmQiLCJpYXQiOjE3MzA2Nzc1Mjd9.XACJidtejyo06cse7ubOMgOBka02G6TDWkXa3lbvs4c
INFO     tests.conftest:conftest.py:56 Created registered user
DEBUG    util.admin.admin_api:admin_api.py:43 Logging in user with credentials: {email: john.green@mail.com, password: 1234567890}
DEBUG    urllib3.connectionpool:connectionpool.py:1051 Starting new HTTPS connection (1): thinking-tester-contact-list.herokuapp.com:443
DEBUG    urllib3.connectionpool:connectionpool.py:546 https://thinking-tester-contact-list.herokuapp.com:443 "POST /users/login HTTP/11" 200 279
DEBUG    util.admin.admin_api:admin_api.py:53 Logged in and received token: eyJhbGciOiJIUzI1NiIsInR5cCI6IkpXVCJ9.eyJfaWQiOiI2NzI4MGIxN2JlZDRkYjAwMTM1YjExMmQiLCJpYXQiOjE3MzA2Nzc1Mjl9.u6LuBt1_9Y2uM04JLVLF22RBo2hYuBhI_QjKhqbBmPo
DEBUG    tests.api.contact.test_api_contact:test_api_contact.py:64 Creating invalid contact: {'firstName': 'Will', 'lastName': 'Smith', 'birthdate': '', 'email': 'will.smith@mail.com', 'phone': '1234567890', 'street1': '1 Main St.', 'street2': 'Apartment A', 'city': 'New York', 'stateProvince': 'NY', 'postalCode': '10118', 'country': 'USA'}
DEBUG    urllib3.connectionpool:connectionpool.py:1051 Starting new HTTPS connection (1): thinking-tester-contact-list.herokuapp.com:443
DEBUG    urllib3.connectionpool:connectionpool.py:546 https://thinking-tester-contact-list.herokuapp.com:443 "POST /contacts/ HTTP/11" 400 369
DEBUG    tests.api.contact.test_api_contact:test_api_contact.py:66 Received response text: {"errors":{"birthdate":{"name":"ValidatorError","message":"Birthdate is invalid","properties":{"message":"Birthdate is invalid","type":"user defined","path":"birthdate","value":"","reason":{}},"kind":"user defined","path":"birthdate","value":"","reason":{}}},"_message":"Contact validation failed","message":"Contact validation failed: birthdate: Birthdate is invalid"}
INFO     tests.api.contact.test_api_contact:test_api_contact.py:69 Invalid contact was not created
DEBUG    util.admin.admin_api:admin_api.py:77 Deleting user with token: eyJhbGciOiJIUzI1NiIsInR5cCI6IkpXVCJ9.eyJfaWQiOiI2NzI4MGIxN2JlZDRkYjAwMTM1YjExMmQiLCJpYXQiOjE3MzA2Nzc1Mjd9.XACJidtejyo06cse7ubOMgOBka02G6TDWkXa3lbvs4c
DEBUG    urllib3.connectionpool:connectionpool.py:1051 Starting new HTTPS connection (1): thinking-tester-contact-list.herokuapp.com:443
DEBUG    urllib3.connectionpool:connectionpool.py:546 https://thinking-tester-contact-list.herokuapp.com:443 "DELETE /users/me HTTP/11" 200 0
DEBUG    util.admin.admin_api:admin_api.py:83 User deleted
INFO     tests.conftest:conftest.py:60 Deleted registered user
DEBUG    util.admin.admin_api:admin_api.py:33 Creating user: {'firstName': 'John', 'lastName': 'Green', 'email': 'john.green@mail.com', 'password': '1234567890'}
DEBUG    urllib3.connectionpool:connectionpool.py:1051 Starting new HTTPS connection (1): thinking-tester-contact-list.herokuapp.com:443
DEBUG    urllib3.connectionpool:connectionpool.py:546 https://thinking-tester-contact-list.herokuapp.com:443 "POST /users HTTP/11" 201 279
DEBUG    util.admin.admin_api:admin_api.py:39 Created user and received token: eyJhbGciOiJIUzI1NiIsInR5cCI6IkpXVCJ9.eyJfaWQiOiI2NzI4MGIxY2QxMjg2YjAwMTMyMmM5YzciLCJpYXQiOjE3MzA2Nzc1MzJ9.586ELrfvcj7fWDFA84eqdhGl5JxHZqPWvS3v71VTy00
INFO     tests.conftest:conftest.py:56 Created registered user
DEBUG    util.admin.admin_api:admin_api.py:43 Logging in user with credentials: {email: john.green@mail.com, password: 1234567890}
DEBUG    urllib3.connectionpool:connectionpool.py:1051 Starting new HTTPS connection (1): thinking-tester-contact-list.herokuapp.com:443
DEBUG    urllib3.connectionpool:connectionpool.py:546 https://thinking-tester-contact-list.herokuapp.com:443 "POST /users/login HTTP/11" 200 279
DEBUG    util.admin.admin_api:admin_api.py:53 Logged in and received token: eyJhbGciOiJIUzI1NiIsInR5cCI6IkpXVCJ9.eyJfaWQiOiI2NzI4MGIxY2QxMjg2YjAwMTMyMmM5YzciLCJpYXQiOjE3MzA2Nzc1MzN9.F3konpAGzIHN4l3Tor-xXIBZm4nZqda6NlLcH_wDw3k
DEBUG    tests.api.contact.test_api_contact:test_api_contact.py:64 Creating invalid contact: {'firstName': 'Future', 'lastName': 'Guy', 'birthdate': '3034-03-10', 'email': 'future.guy@mail.com', 'phone': '1234567890', 'street1': '1 Main St.', 'street2': 'Apartment A', 'city': 'New York', 'stateProvince': 'NY', 'postalCode': '10118', 'country': 'USA'}
DEBUG    urllib3.connectionpool:connectionpool.py:1051 Starting new HTTPS connection (1): thinking-tester-contact-list.herokuapp.com:443
DEBUG    urllib3.connectionpool:connectionpool.py:546 https://thinking-tester-contact-list.herokuapp.com:443 "POST /contacts/ HTTP/11" 201 314
DEBUG    tests.api.contact.test_api_contact:test_api_contact.py:66 Received response text: {"_id":"67280b1ed1286b001322c9ca","firstName":"Future","lastName":"Guy","birthdate":"3034-03-10","email":"future.guy@mail.com","phone":"1234567890","street1":"1 Main St.","street2":"Apartment A","city":"New York","stateProvince":"NY","postalCode":"10118","country":"USA","owner":"67280b1cd1286b001322c9c7","__v":0}
DEBUG    util.admin.admin_api:admin_api.py:108 Deleting contact with id: 67280b1ed1286b001322c9ca using token: eyJhbGciOiJIUzI1NiIsInR5cCI6IkpXVCJ9.eyJfaWQiOiI2NzI4MGIxY2QxMjg2YjAwMTMyMmM5YzciLCJpYXQiOjE3MzA2Nzc1MzN9.F3konpAGzIHN4l3Tor-xXIBZm4nZqda6NlLcH_wDw3k
DEBUG    urllib3.connectionpool:connectionpool.py:1051 Starting new HTTPS connection (1): thinking-tester-contact-list.herokuapp.com:443
DEBUG    urllib3.connectionpool:connectionpool.py:546 https://thinking-tester-contact-list.herokuapp.com:443 "DELETE /contacts/67280b1ed1286b001322c9ca HTTP/11" 200 15
DEBUG    util.admin.admin_api:admin_api.py:114 Contact deleted
DEBUG    util.admin.admin_api:admin_api.py:77 Deleting user with token: eyJhbGciOiJIUzI1NiIsInR5cCI6IkpXVCJ9.eyJfaWQiOiI2NzI4MGIxY2QxMjg2YjAwMTMyMmM5YzciLCJpYXQiOjE3MzA2Nzc1MzJ9.586ELrfvcj7fWDFA84eqdhGl5JxHZqPWvS3v71VTy00
DEBUG    urllib3.connectionpool:connectionpool.py:1051 Starting new HTTPS connection (1): thinking-tester-contact-list.herokuapp.com:443
DEBUG    urllib3.connectionpool:connectionpool.py:546 https://thinking-tester-contact-list.herokuapp.com:443 "DELETE /users/me HTTP/11" 200 0
DEBUG    util.admin.admin_api:admin_api.py:83 User deleted
INFO     tests.conftest:conftest.py:60 Deleted registered user
DEBUG    util.admin.admin_api:admin_api.py:33 Creating user: {'firstName': 'John', 'lastName': 'Green', 'email': 'john.green@mail.com', 'password': '1234567890'}
DEBUG    urllib3.connectionpool:connectionpool.py:1051 Starting new HTTPS connection (1): thinking-tester-contact-list.herokuapp.com:443
DEBUG    urllib3.connectionpool:connectionpool.py:546 https://thinking-tester-contact-list.herokuapp.com:443 "POST /users HTTP/11" 201 279
DEBUG    util.admin.admin_api:admin_api.py:39 Created user and received token: eyJhbGciOiJIUzI1NiIsInR5cCI6IkpXVCJ9.eyJfaWQiOiI2NzI4MGIyMmJlZDRkYjAwMTM1YjExMzAiLCJpYXQiOjE3MzA2Nzc1Mzl9.JomzUvE-zD9J86Xn-6XJO04Rjvx8sLFButWdmx2Bjco
INFO     tests.conftest:conftest.py:56 Created registered user
DEBUG    util.admin.admin_api:admin_api.py:43 Logging in user with credentials: {email: john.green@mail.com, password: 1234567890}
DEBUG    urllib3.connectionpool:connectionpool.py:1051 Starting new HTTPS connection (1): thinking-tester-contact-list.herokuapp.com:443
DEBUG    urllib3.connectionpool:connectionpool.py:546 https://thinking-tester-contact-list.herokuapp.com:443 "POST /users/login HTTP/11" 200 279
DEBUG    util.admin.admin_api:admin_api.py:53 Logged in and received token: eyJhbGciOiJIUzI1NiIsInR5cCI6IkpXVCJ9.eyJfaWQiOiI2NzI4MGIyMmJlZDRkYjAwMTM1YjExMzAiLCJpYXQiOjE3MzA2Nzc1NDB9.a9xki2X-iXF5jJqviKlBTFZbNNo_w7lQW-2-fIkHkJM
DEBUG    tests.api.contact.test_api_contact:test_api_contact.py:64 Creating invalid contact: {'firstName': 'No Leap', 'lastName': 'Year', 'birthdate': '2001-02-29', 'email': 'noleap.year@mail.com', 'phone': '1234567890', 'street1': '1 Main St.', 'street2': 'Apartment A', 'city': 'New York', 'stateProvince': 'NY', 'postalCode': '10118', 'country': 'USA'}
DEBUG    urllib3.connectionpool:connectionpool.py:1051 Starting new HTTPS connection (1): thinking-tester-contact-list.herokuapp.com:443
DEBUG    urllib3.connectionpool:connectionpool.py:546 https://thinking-tester-contact-list.herokuapp.com:443 "POST /contacts/ HTTP/11" 400 389
DEBUG    tests.api.contact.test_api_contact:test_api_contact.py:66 Received response text: {"errors":{"birthdate":{"name":"ValidatorError","message":"Birthdate is invalid","properties":{"message":"Birthdate is invalid","type":"user defined","path":"birthdate","value":"2001-02-29","reason":{}},"kind":"user defined","path":"birthdate","value":"2001-02-29","reason":{}}},"_message":"Contact validation failed","message":"Contact validation failed: birthdate: Birthdate is invalid"}
INFO     tests.api.contact.test_api_contact:test_api_contact.py:69 Invalid contact was not created
DEBUG    util.admin.admin_api:admin_api.py:77 Deleting user with token: eyJhbGciOiJIUzI1NiIsInR5cCI6IkpXVCJ9.eyJfaWQiOiI2NzI4MGIyMmJlZDRkYjAwMTM1YjExMzAiLCJpYXQiOjE3MzA2Nzc1Mzl9.JomzUvE-zD9J86Xn-6XJO04Rjvx8sLFButWdmx2Bjco
DEBUG    urllib3.connectionpool:connectionpool.py:1051 Starting new HTTPS connection (1): thinking-tester-contact-list.herokuapp.com:443
DEBUG    urllib3.connectionpool:connectionpool.py:546 https://thinking-tester-contact-list.herokuapp.com:443 "DELETE /users/me HTTP/11" 200 0
DEBUG    util.admin.admin_api:admin_api.py:83 User deleted
INFO     tests.conftest:conftest.py:60 Deleted registered user
DEBUG    util.admin.admin_api:admin_api.py:33 Creating user: {'firstName': 'John', 'lastName': 'Green', 'email': 'john.green@mail.com', 'password': '1234567890'}
DEBUG    urllib3.connectionpool:connectionpool.py:1051 Starting new HTTPS connection (1): thinking-tester-contact-list.herokuapp.com:443
DEBUG    urllib3.connectionpool:connectionpool.py:546 https://thinking-tester-contact-list.herokuapp.com:443 "POST /users HTTP/11" 201 279
DEBUG    util.admin.admin_api:admin_api.py:39 Created user and received token: eyJhbGciOiJIUzI1NiIsInR5cCI6IkpXVCJ9.eyJfaWQiOiI2NzI4MGIyOGJlZDRkYjAwMTM1YjExMzQiLCJpYXQiOjE3MzA2Nzc1NDR9.eZ5hd0phbLosAh-t3SeydYvAEroB9ULVB6ZzoMFmTzg
INFO     tests.conftest:conftest.py:56 Created registered user
DEBUG    util.admin.admin_api:admin_api.py:43 Logging in user with credentials: {email: john.green@mail.com, password: 1234567890}
DEBUG    urllib3.connectionpool:connectionpool.py:1051 Starting new HTTPS connection (1): thinking-tester-contact-list.herokuapp.com:443
DEBUG    urllib3.connectionpool:connectionpool.py:546 https://thinking-tester-contact-list.herokuapp.com:443 "POST /users/login HTTP/11" 200 279
DEBUG    util.admin.admin_api:admin_api.py:53 Logged in and received token: eyJhbGciOiJIUzI1NiIsInR5cCI6IkpXVCJ9.eyJfaWQiOiI2NzI4MGIyOGJlZDRkYjAwMTM1YjExMzQiLCJpYXQiOjE3MzA2Nzc1NDV9.AbvOFKJ7MAYcSUmeO2j-0blMQvDB86Sgyw_F0ggfqJ0
DEBUG    tests.api.contact.test_api_contact:test_api_contact.py:64 Creating invalid contact: {'firstName': 'Will', 'lastName': 'Smith', 'birthdate': '2024-08-32', 'email': 'will.smith@mail.com', 'phone': '1234567890', 'street1': '1 Main St.', 'street2': 'Apartment A', 'city': 'New York', 'stateProvince': 'NY', 'postalCode': '10118', 'country': 'USA'}
DEBUG    urllib3.connectionpool:connectionpool.py:1051 Starting new HTTPS connection (1): thinking-tester-contact-list.herokuapp.com:443
DEBUG    urllib3.connectionpool:connectionpool.py:546 https://thinking-tester-contact-list.herokuapp.com:443 "POST /contacts/ HTTP/11" 400 389
DEBUG    tests.api.contact.test_api_contact:test_api_contact.py:66 Received response text: {"errors":{"birthdate":{"name":"ValidatorError","message":"Birthdate is invalid","properties":{"message":"Birthdate is invalid","type":"user defined","path":"birthdate","value":"2024-08-32","reason":{}},"kind":"user defined","path":"birthdate","value":"2024-08-32","reason":{}}},"_message":"Contact validation failed","message":"Contact validation failed: birthdate: Birthdate is invalid"}
INFO     tests.api.contact.test_api_contact:test_api_contact.py:69 Invalid contact was not created
DEBUG    util.admin.admin_api:admin_api.py:77 Deleting user with token: eyJhbGciOiJIUzI1NiIsInR5cCI6IkpXVCJ9.eyJfaWQiOiI2NzI4MGIyOGJlZDRkYjAwMTM1YjExMzQiLCJpYXQiOjE3MzA2Nzc1NDR9.eZ5hd0phbLosAh-t3SeydYvAEroB9ULVB6ZzoMFmTzg
DEBUG    urllib3.connectionpool:connectionpool.py:1051 Starting new HTTPS connection (1): thinking-tester-contact-list.herokuapp.com:443
DEBUG    urllib3.connectionpool:connectionpool.py:546 https://thinking-tester-contact-list.herokuapp.com:443 "DELETE /users/me HTTP/11" 200 0
DEBUG    util.admin.admin_api:admin_api.py:83 User deleted
INFO     tests.conftest:conftest.py:60 Deleted registered user
DEBUG    util.admin.admin_api:admin_api.py:33 Creating user: {'firstName': 'John', 'lastName': 'Green', 'email': 'john.green@mail.com', 'password': '1234567890'}
DEBUG    urllib3.connectionpool:connectionpool.py:1051 Starting new HTTPS connection (1): thinking-tester-contact-list.herokuapp.com:443
DEBUG    urllib3.connectionpool:connectionpool.py:546 https://thinking-tester-contact-list.herokuapp.com:443 "POST /users HTTP/11" 201 279
DEBUG    util.admin.admin_api:admin_api.py:39 Created user and received token: eyJhbGciOiJIUzI1NiIsInR5cCI6IkpXVCJ9.eyJfaWQiOiI2NzI4MGIyZGJlZDRkYjAwMTM1YjExMzYiLCJpYXQiOjE3MzA2Nzc1NDl9.LrLYW078FHEKn446bWQ7zfOc4H4Yf4FD1eKY7A_H_DA
INFO     tests.conftest:conftest.py:56 Created registered user
DEBUG    util.admin.admin_api:admin_api.py:43 Logging in user with credentials: {email: john.green@mail.com, password: 1234567890}
DEBUG    urllib3.connectionpool:connectionpool.py:1051 Starting new HTTPS connection (1): thinking-tester-contact-list.herokuapp.com:443
DEBUG    urllib3.connectionpool:connectionpool.py:546 https://thinking-tester-contact-list.herokuapp.com:443 "POST /users/login HTTP/11" 200 279
DEBUG    util.admin.admin_api:admin_api.py:53 Logged in and received token: eyJhbGciOiJIUzI1NiIsInR5cCI6IkpXVCJ9.eyJfaWQiOiI2NzI4MGIyZGJlZDRkYjAwMTM1YjExMzYiLCJpYXQiOjE3MzA2Nzc1NTB9.G4jUg6gAod44d2Wgn_lLnHG7wVWWIBJ44_4ZwQ5gSYM
DEBUG    tests.api.contact.test_api_contact:test_api_contact.py:64 Creating invalid contact: {'firstName': 'Will', 'lastName': 'Smith', 'birthdate': '2024-09-31', 'email': 'will.smith@mail.com', 'phone': '1234567890', 'street1': '1 Main St.', 'street2': 'Apartment A', 'city': 'New York', 'stateProvince': 'NY', 'postalCode': '10118', 'country': 'USA'}
DEBUG    urllib3.connectionpool:connectionpool.py:1051 Starting new HTTPS connection (1): thinking-tester-contact-list.herokuapp.com:443
DEBUG    urllib3.connectionpool:connectionpool.py:546 https://thinking-tester-contact-list.herokuapp.com:443 "POST /contacts/ HTTP/11" 400 389
DEBUG    tests.api.contact.test_api_contact:test_api_contact.py:66 Received response text: {"errors":{"birthdate":{"name":"ValidatorError","message":"Birthdate is invalid","properties":{"message":"Birthdate is invalid","type":"user defined","path":"birthdate","value":"2024-09-31","reason":{}},"kind":"user defined","path":"birthdate","value":"2024-09-31","reason":{}}},"_message":"Contact validation failed","message":"Contact validation failed: birthdate: Birthdate is invalid"}
INFO     tests.api.contact.test_api_contact:test_api_contact.py:69 Invalid contact was not created
DEBUG    util.admin.admin_api:admin_api.py:77 Deleting user with token: eyJhbGciOiJIUzI1NiIsInR5cCI6IkpXVCJ9.eyJfaWQiOiI2NzI4MGIyZGJlZDRkYjAwMTM1YjExMzYiLCJpYXQiOjE3MzA2Nzc1NDl9.LrLYW078FHEKn446bWQ7zfOc4H4Yf4FD1eKY7A_H_DA
DEBUG    urllib3.connectionpool:connectionpool.py:1051 Starting new HTTPS connection (1): thinking-tester-contact-list.herokuapp.com:443
DEBUG    urllib3.connectionpool:connectionpool.py:546 https://thinking-tester-contact-list.herokuapp.com:443 "DELETE /users/me HTTP/11" 200 0
DEBUG    util.admin.admin_api:admin_api.py:83 User deleted
INFO     tests.conftest:conftest.py:60 Deleted registered user
DEBUG    util.admin.admin_api:admin_api.py:33 Creating user: {'firstName': 'John', 'lastName': 'Green', 'email': 'john.green@mail.com', 'password': '1234567890'}
DEBUG    urllib3.connectionpool:connectionpool.py:1051 Starting new HTTPS connection (1): thinking-tester-contact-list.herokuapp.com:443
DEBUG    urllib3.connectionpool:connectionpool.py:546 https://thinking-tester-contact-list.herokuapp.com:443 "POST /users HTTP/11" 201 279
DEBUG    util.admin.admin_api:admin_api.py:39 Created user and received token: eyJhbGciOiJIUzI1NiIsInR5cCI6IkpXVCJ9.eyJfaWQiOiI2NzI4MGIzMmQxMjg2YjAwMTMyMmM5Y2UiLCJpYXQiOjE3MzA2Nzc1NTR9.22kqlY0d0CBNrLxfE0_PuyURiuDLS16a78XvdLO_u8c
INFO     tests.conftest:conftest.py:56 Created registered user
DEBUG    util.admin.admin_api:admin_api.py:43 Logging in user with credentials: {email: john.green@mail.com, password: 1234567890}
DEBUG    urllib3.connectionpool:connectionpool.py:1051 Starting new HTTPS connection (1): thinking-tester-contact-list.herokuapp.com:443
DEBUG    urllib3.connectionpool:connectionpool.py:546 https://thinking-tester-contact-list.herokuapp.com:443 "POST /users/login HTTP/11" 200 279
DEBUG    util.admin.admin_api:admin_api.py:53 Logged in and received token: eyJhbGciOiJIUzI1NiIsInR5cCI6IkpXVCJ9.eyJfaWQiOiI2NzI4MGIzMmQxMjg2YjAwMTMyMmM5Y2UiLCJpYXQiOjE3MzA2Nzc1NTV9.-zcaReJrodeND1fN3pCdI2EHdmSda5kCStK6lx1i2Ck
DEBUG    tests.api.contact.test_api_contact:test_api_contact.py:64 Creating invalid contact: {'firstName': 'Will', 'lastName': 'Smith', 'birthdate': '1968-13-25', 'email': 'will.smith@mail.com', 'phone': '1234567890', 'street1': '1 Main St.', 'street2': 'Apartment A', 'city': 'New York', 'stateProvince': 'NY', 'postalCode': '10118', 'country': 'USA'}
DEBUG    urllib3.connectionpool:connectionpool.py:1051 Starting new HTTPS connection (1): thinking-tester-contact-list.herokuapp.com:443
DEBUG    urllib3.connectionpool:connectionpool.py:546 https://thinking-tester-contact-list.herokuapp.com:443 "POST /contacts/ HTTP/11" 400 389
DEBUG    tests.api.contact.test_api_contact:test_api_contact.py:66 Received response text: {"errors":{"birthdate":{"name":"ValidatorError","message":"Birthdate is invalid","properties":{"message":"Birthdate is invalid","type":"user defined","path":"birthdate","value":"1968-13-25","reason":{}},"kind":"user defined","path":"birthdate","value":"1968-13-25","reason":{}}},"_message":"Contact validation failed","message":"Contact validation failed: birthdate: Birthdate is invalid"}
INFO     tests.api.contact.test_api_contact:test_api_contact.py:69 Invalid contact was not created
DEBUG    util.admin.admin_api:admin_api.py:77 Deleting user with token: eyJhbGciOiJIUzI1NiIsInR5cCI6IkpXVCJ9.eyJfaWQiOiI2NzI4MGIzMmQxMjg2YjAwMTMyMmM5Y2UiLCJpYXQiOjE3MzA2Nzc1NTR9.22kqlY0d0CBNrLxfE0_PuyURiuDLS16a78XvdLO_u8c
DEBUG    urllib3.connectionpool:connectionpool.py:1051 Starting new HTTPS connection (1): thinking-tester-contact-list.herokuapp.com:443
DEBUG    urllib3.connectionpool:connectionpool.py:546 https://thinking-tester-contact-list.herokuapp.com:443 "DELETE /users/me HTTP/11" 200 0
DEBUG    util.admin.admin_api:admin_api.py:83 User deleted
INFO     tests.conftest:conftest.py:60 Deleted registered user
DEBUG    util.admin.admin_api:admin_api.py:33 Creating user: {'firstName': 'John', 'lastName': 'Green', 'email': 'john.green@mail.com', 'password': '1234567890'}
DEBUG    urllib3.connectionpool:connectionpool.py:1051 Starting new HTTPS connection (1): thinking-tester-contact-list.herokuapp.com:443
DEBUG    urllib3.connectionpool:connectionpool.py:546 https://thinking-tester-contact-list.herokuapp.com:443 "POST /users HTTP/11" 201 279
DEBUG    util.admin.admin_api:admin_api.py:39 Created user and received token: eyJhbGciOiJIUzI1NiIsInR5cCI6IkpXVCJ9.eyJfaWQiOiI2NzI4MGIzN2JlZDRkYjAwMTM1YjExM2EiLCJpYXQiOjE3MzA2Nzc1NTl9.KDRK0nD3LozDbFivjyYnuPjTioi7lbXCufQsggJLwRE
INFO     tests.conftest:conftest.py:56 Created registered user
DEBUG    util.admin.admin_api:admin_api.py:43 Logging in user with credentials: {email: john.green@mail.com, password: 1234567890}
DEBUG    urllib3.connectionpool:connectionpool.py:1051 Starting new HTTPS connection (1): thinking-tester-contact-list.herokuapp.com:443
DEBUG    urllib3.connectionpool:connectionpool.py:546 https://thinking-tester-contact-list.herokuapp.com:443 "POST /users/login HTTP/11" 200 279
DEBUG    util.admin.admin_api:admin_api.py:53 Logged in and received token: eyJhbGciOiJIUzI1NiIsInR5cCI6IkpXVCJ9.eyJfaWQiOiI2NzI4MGIzN2JlZDRkYjAwMTM1YjExM2EiLCJpYXQiOjE3MzA2Nzc1NjB9.5z7vIwxijzyA3BTPY1WIuj12ai8CnmorOSOSPo0pxSw
DEBUG    tests.api.contact.test_api_contact:test_api_contact.py:64 Creating invalid contact: {'firstName': 'Will', 'lastName': 'Smith', 'birthdate': '1968-00-25', 'email': 'will.smith@mail.com', 'phone': '1234567890', 'street1': '1 Main St.', 'street2': 'Apartment A', 'city': 'New York', 'stateProvince': 'NY', 'postalCode': '10118', 'country': 'USA'}
DEBUG    urllib3.connectionpool:connectionpool.py:1051 Starting new HTTPS connection (1): thinking-tester-contact-list.herokuapp.com:443
DEBUG    urllib3.connectionpool:connectionpool.py:546 https://thinking-tester-contact-list.herokuapp.com:443 "POST /contacts/ HTTP/11" 400 389
DEBUG    tests.api.contact.test_api_contact:test_api_contact.py:66 Received response text: {"errors":{"birthdate":{"name":"ValidatorError","message":"Birthdate is invalid","properties":{"message":"Birthdate is invalid","type":"user defined","path":"birthdate","value":"1968-00-25","reason":{}},"kind":"user defined","path":"birthdate","value":"1968-00-25","reason":{}}},"_message":"Contact validation failed","message":"Contact validation failed: birthdate: Birthdate is invalid"}
INFO     tests.api.contact.test_api_contact:test_api_contact.py:69 Invalid contact was not created
DEBUG    util.admin.admin_api:admin_api.py:77 Deleting user with token: eyJhbGciOiJIUzI1NiIsInR5cCI6IkpXVCJ9.eyJfaWQiOiI2NzI4MGIzN2JlZDRkYjAwMTM1YjExM2EiLCJpYXQiOjE3MzA2Nzc1NTl9.KDRK0nD3LozDbFivjyYnuPjTioi7lbXCufQsggJLwRE
DEBUG    urllib3.connectionpool:connectionpool.py:1051 Starting new HTTPS connection (1): thinking-tester-contact-list.herokuapp.com:443
DEBUG    urllib3.connectionpool:connectionpool.py:546 https://thinking-tester-contact-list.herokuapp.com:443 "DELETE /users/me HTTP/11" 200 0
DEBUG    util.admin.admin_api:admin_api.py:83 User deleted
INFO     tests.conftest:conftest.py:60 Deleted registered user
DEBUG    util.admin.admin_api:admin_api.py:33 Creating user: {'firstName': 'John', 'lastName': 'Green', 'email': 'john.green@mail.com', 'password': '1234567890'}
DEBUG    urllib3.connectionpool:connectionpool.py:1051 Starting new HTTPS connection (1): thinking-tester-contact-list.herokuapp.com:443
DEBUG    urllib3.connectionpool:connectionpool.py:546 https://thinking-tester-contact-list.herokuapp.com:443 "POST /users HTTP/11" 201 279
DEBUG    util.admin.admin_api:admin_api.py:39 Created user and received token: eyJhbGciOiJIUzI1NiIsInR5cCI6IkpXVCJ9.eyJfaWQiOiI2NzI4MGIzYmQxMjg2YjAwMTMyMmM5ZDEiLCJpYXQiOjE3MzA2Nzc1NjR9._lM_ZR5KLHSjDqFs4fqdXWVKGN3OFlO3CzqLvI6iCaw
INFO     tests.conftest:conftest.py:56 Created registered user
DEBUG    util.admin.admin_api:admin_api.py:43 Logging in user with credentials: {email: john.green@mail.com, password: 1234567890}
DEBUG    urllib3.connectionpool:connectionpool.py:1051 Starting new HTTPS connection (1): thinking-tester-contact-list.herokuapp.com:443
DEBUG    urllib3.connectionpool:connectionpool.py:546 https://thinking-tester-contact-list.herokuapp.com:443 "POST /users/login HTTP/11" 200 279
DEBUG    util.admin.admin_api:admin_api.py:53 Logged in and received token: eyJhbGciOiJIUzI1NiIsInR5cCI6IkpXVCJ9.eyJfaWQiOiI2NzI4MGIzYmQxMjg2YjAwMTMyMmM5ZDEiLCJpYXQiOjE3MzA2Nzc1NjV9.Wc9hPoejMzV7JSQMVq91GAXW_qezvQfdt6jCbeDQgBw
DEBUG    tests.api.contact.test_api_contact:test_api_contact.py:64 Creating invalid contact: {'firstName': 'Will', 'lastName': 'Smith', 'birthdate': '1899-10-25', 'email': 'will.smith@mail.com', 'phone': '1234567890', 'street1': '1 Main St.', 'street2': 'Apartment A', 'city': 'New York', 'stateProvince': 'NY', 'postalCode': '10118', 'country': 'USA'}
DEBUG    urllib3.connectionpool:connectionpool.py:1051 Starting new HTTPS connection (1): thinking-tester-contact-list.herokuapp.com:443
DEBUG    urllib3.connectionpool:connectionpool.py:546 https://thinking-tester-contact-list.herokuapp.com:443 "POST /contacts/ HTTP/11" 201 314
DEBUG    tests.api.contact.test_api_contact:test_api_contact.py:66 Received response text: {"_id":"67280b3ed1286b001322c9d3","firstName":"Will","lastName":"Smith","birthdate":"1899-10-25","email":"will.smith@mail.com","phone":"1234567890","street1":"1 Main St.","street2":"Apartment A","city":"New York","stateProvince":"NY","postalCode":"10118","country":"USA","owner":"67280b3bd1286b001322c9d1","__v":0}
DEBUG    util.admin.admin_api:admin_api.py:108 Deleting contact with id: 67280b3ed1286b001322c9d3 using token: eyJhbGciOiJIUzI1NiIsInR5cCI6IkpXVCJ9.eyJfaWQiOiI2NzI4MGIzYmQxMjg2YjAwMTMyMmM5ZDEiLCJpYXQiOjE3MzA2Nzc1NjV9.Wc9hPoejMzV7JSQMVq91GAXW_qezvQfdt6jCbeDQgBw
DEBUG    urllib3.connectionpool:connectionpool.py:1051 Starting new HTTPS connection (1): thinking-tester-contact-list.herokuapp.com:443
DEBUG    urllib3.connectionpool:connectionpool.py:546 https://thinking-tester-contact-list.herokuapp.com:443 "DELETE /contacts/67280b3ed1286b001322c9d3 HTTP/11" 200 15
DEBUG    util.admin.admin_api:admin_api.py:114 Contact deleted
DEBUG    util.admin.admin_api:admin_api.py:77 Deleting user with token: eyJhbGciOiJIUzI1NiIsInR5cCI6IkpXVCJ9.eyJfaWQiOiI2NzI4MGIzYmQxMjg2YjAwMTMyMmM5ZDEiLCJpYXQiOjE3MzA2Nzc1NjR9._lM_ZR5KLHSjDqFs4fqdXWVKGN3OFlO3CzqLvI6iCaw
DEBUG    urllib3.connectionpool:connectionpool.py:1051 Starting new HTTPS connection (1): thinking-tester-contact-list.herokuapp.com:443
DEBUG    urllib3.connectionpool:connectionpool.py:546 https://thinking-tester-contact-list.herokuapp.com:443 "DELETE /users/me HTTP/11" 200 0
DEBUG    util.admin.admin_api:admin_api.py:83 User deleted
INFO     tests.conftest:conftest.py:60 Deleted registered user
DEBUG    util.admin.admin_api:admin_api.py:33 Creating user: {'firstName': 'John', 'lastName': 'Green', 'email': 'john.green@mail.com', 'password': '1234567890'}
DEBUG    urllib3.connectionpool:connectionpool.py:1051 Starting new HTTPS connection (1): thinking-tester-contact-list.herokuapp.com:443
DEBUG    urllib3.connectionpool:connectionpool.py:546 https://thinking-tester-contact-list.herokuapp.com:443 "POST /users HTTP/11" 201 279
DEBUG    util.admin.admin_api:admin_api.py:39 Created user and received token: eyJhbGciOiJIUzI1NiIsInR5cCI6IkpXVCJ9.eyJfaWQiOiI2NzI4MGI0MGJlZDRkYjAwMTM1YjExM2YiLCJpYXQiOjE3MzA2Nzc1Njh9.rZJ2zwjE0J8GzBrEIS154ekHeaKuBDpGEqwBNDXyUTA
INFO     tests.conftest:conftest.py:56 Created registered user
DEBUG    util.admin.admin_api:admin_api.py:43 Logging in user with credentials: {email: john.green@mail.com, password: 1234567890}
DEBUG    urllib3.connectionpool:connectionpool.py:1051 Starting new HTTPS connection (1): thinking-tester-contact-list.herokuapp.com:443
DEBUG    urllib3.connectionpool:connectionpool.py:546 https://thinking-tester-contact-list.herokuapp.com:443 "POST /users/login HTTP/11" 200 279
DEBUG    util.admin.admin_api:admin_api.py:53 Logged in and received token: eyJhbGciOiJIUzI1NiIsInR5cCI6IkpXVCJ9.eyJfaWQiOiI2NzI4MGI0MGJlZDRkYjAwMTM1YjExM2YiLCJpYXQiOjE3MzA2Nzc1Njl9.2ZJ7SbRMZ1c3gLbikezoaZRtF4vLzXMgSdlYL1YmZUc
DEBUG    tests.api.contact.test_api_contact:test_api_contact.py:64 Creating invalid contact: {'firstName': 'Will', 'lastName': 'Smith', 'birthdate': '1968-09-25', 'email': '', 'phone': '1234567890', 'street1': '1 Main St.', 'street2': 'Apartment A', 'city': 'New York', 'stateProvince': 'NY', 'postalCode': '10118', 'country': 'USA'}
DEBUG    urllib3.connectionpool:connectionpool.py:1051 Starting new HTTPS connection (1): thinking-tester-contact-list.herokuapp.com:443
DEBUG    urllib3.connectionpool:connectionpool.py:546 https://thinking-tester-contact-list.herokuapp.com:443 "POST /contacts/ HTTP/11" 400 341
DEBUG    tests.api.contact.test_api_contact:test_api_contact.py:66 Received response text: {"errors":{"email":{"name":"ValidatorError","message":"Email is invalid","properties":{"message":"Email is invalid","type":"user defined","path":"email","value":"","reason":{}},"kind":"user defined","path":"email","value":"","reason":{}}},"_message":"Contact validation failed","message":"Contact validation failed: email: Email is invalid"}
INFO     tests.api.contact.test_api_contact:test_api_contact.py:69 Invalid contact was not created
DEBUG    util.admin.admin_api:admin_api.py:77 Deleting user with token: eyJhbGciOiJIUzI1NiIsInR5cCI6IkpXVCJ9.eyJfaWQiOiI2NzI4MGI0MGJlZDRkYjAwMTM1YjExM2YiLCJpYXQiOjE3MzA2Nzc1Njh9.rZJ2zwjE0J8GzBrEIS154ekHeaKuBDpGEqwBNDXyUTA
DEBUG    urllib3.connectionpool:connectionpool.py:1051 Starting new HTTPS connection (1): thinking-tester-contact-list.herokuapp.com:443
DEBUG    urllib3.connectionpool:connectionpool.py:546 https://thinking-tester-contact-list.herokuapp.com:443 "DELETE /users/me HTTP/11" 200 0
DEBUG    util.admin.admin_api:admin_api.py:83 User deleted
INFO     tests.conftest:conftest.py:60 Deleted registered user
DEBUG    util.admin.admin_api:admin_api.py:33 Creating user: {'firstName': 'John', 'lastName': 'Green', 'email': 'john.green@mail.com', 'password': '1234567890'}
DEBUG    urllib3.connectionpool:connectionpool.py:1051 Starting new HTTPS connection (1): thinking-tester-contact-list.herokuapp.com:443
DEBUG    urllib3.connectionpool:connectionpool.py:546 https://thinking-tester-contact-list.herokuapp.com:443 "POST /users HTTP/11" 201 279
DEBUG    util.admin.admin_api:admin_api.py:39 Created user and received token: eyJhbGciOiJIUzI1NiIsInR5cCI6IkpXVCJ9.eyJfaWQiOiI2NzI4MGI0NmJlZDRkYjAwMTM1YjExNDIiLCJpYXQiOjE3MzA2Nzc1NzR9.ajx4AiSQRG0Otid7Xo03lREGzfphhJRFvlO0YqOPjXA
INFO     tests.conftest:conftest.py:56 Created registered user
DEBUG    util.admin.admin_api:admin_api.py:43 Logging in user with credentials: {email: john.green@mail.com, password: 1234567890}
DEBUG    urllib3.connectionpool:connectionpool.py:1051 Starting new HTTPS connection (1): thinking-tester-contact-list.herokuapp.com:443
DEBUG    urllib3.connectionpool:connectionpool.py:546 https://thinking-tester-contact-list.herokuapp.com:443 "POST /users/login HTTP/11" 200 279
DEBUG    util.admin.admin_api:admin_api.py:53 Logged in and received token: eyJhbGciOiJIUzI1NiIsInR5cCI6IkpXVCJ9.eyJfaWQiOiI2NzI4MGI0NmJlZDRkYjAwMTM1YjExNDIiLCJpYXQiOjE3MzA2Nzc1NzV9.9PCyCixGHAJoKesW-pkSzq-QSvdfh4gFzI_BUv5fAcM
DEBUG    tests.api.contact.test_api_contact:test_api_contact.py:64 Creating invalid contact: {'firstName': 'Will', 'lastName': 'Smith', 'birthdate': '1968-10-25', 'email': 'will.smithmail.com', 'phone': '1234567890', 'street1': '1 Main St.', 'street2': 'Apartment A', 'city': 'New York', 'stateProvince': 'NY', 'postalCode': '10118', 'country': 'USA'}
DEBUG    urllib3.connectionpool:connectionpool.py:1051 Starting new HTTPS connection (1): thinking-tester-contact-list.herokuapp.com:443
DEBUG    urllib3.connectionpool:connectionpool.py:546 https://thinking-tester-contact-list.herokuapp.com:443 "POST /contacts/ HTTP/11" 400 377
DEBUG    tests.api.contact.test_api_contact:test_api_contact.py:66 Received response text: {"errors":{"email":{"name":"ValidatorError","message":"Email is invalid","properties":{"message":"Email is invalid","type":"user defined","path":"email","value":"will.smithmail.com","reason":{}},"kind":"user defined","path":"email","value":"will.smithmail.com","reason":{}}},"_message":"Contact validation failed","message":"Contact validation failed: email: Email is invalid"}
INFO     tests.api.contact.test_api_contact:test_api_contact.py:69 Invalid contact was not created
DEBUG    util.admin.admin_api:admin_api.py:77 Deleting user with token: eyJhbGciOiJIUzI1NiIsInR5cCI6IkpXVCJ9.eyJfaWQiOiI2NzI4MGI0NmJlZDRkYjAwMTM1YjExNDIiLCJpYXQiOjE3MzA2Nzc1NzR9.ajx4AiSQRG0Otid7Xo03lREGzfphhJRFvlO0YqOPjXA
DEBUG    urllib3.connectionpool:connectionpool.py:1051 Starting new HTTPS connection (1): thinking-tester-contact-list.herokuapp.com:443
DEBUG    urllib3.connectionpool:connectionpool.py:546 https://thinking-tester-contact-list.herokuapp.com:443 "DELETE /users/me HTTP/11" 200 0
DEBUG    util.admin.admin_api:admin_api.py:83 User deleted
INFO     tests.conftest:conftest.py:60 Deleted registered user
DEBUG    util.admin.admin_api:admin_api.py:33 Creating user: {'firstName': 'John', 'lastName': 'Green', 'email': 'john.green@mail.com', 'password': '1234567890'}
DEBUG    urllib3.connectionpool:connectionpool.py:1051 Starting new HTTPS connection (1): thinking-tester-contact-list.herokuapp.com:443
DEBUG    urllib3.connectionpool:connectionpool.py:546 https://thinking-tester-contact-list.herokuapp.com:443 "POST /users HTTP/11" 201 279
DEBUG    util.admin.admin_api:admin_api.py:39 Created user and received token: eyJhbGciOiJIUzI1NiIsInR5cCI6IkpXVCJ9.eyJfaWQiOiI2NzI4MGI0YmQxMjg2YjAwMTMyMmM5ZDYiLCJpYXQiOjE3MzA2Nzc1Nzl9.4H6-q6_13_ufzMFrOboeDnP27WgcEE4zHXHVqOf8q0M
INFO     tests.conftest:conftest.py:56 Created registered user
DEBUG    util.admin.admin_api:admin_api.py:43 Logging in user with credentials: {email: john.green@mail.com, password: 1234567890}
DEBUG    urllib3.connectionpool:connectionpool.py:1051 Starting new HTTPS connection (1): thinking-tester-contact-list.herokuapp.com:443
DEBUG    urllib3.connectionpool:connectionpool.py:546 https://thinking-tester-contact-list.herokuapp.com:443 "POST /users/login HTTP/11" 200 279
DEBUG    util.admin.admin_api:admin_api.py:53 Logged in and received token: eyJhbGciOiJIUzI1NiIsInR5cCI6IkpXVCJ9.eyJfaWQiOiI2NzI4MGI0YmQxMjg2YjAwMTMyMmM5ZDYiLCJpYXQiOjE3MzA2Nzc1ODF9.2SC8x2O6rahbeHrALK7KD3VZyXmIzW7Eof2eLZWK0bM
DEBUG    tests.api.contact.test_api_contact:test_api_contact.py:64 Creating invalid contact: {'firstName': 'Will', 'lastName': 'Smith', 'birthdate': '1968-10-25', 'email': '@mail.com', 'phone': '1234567890', 'street1': '1 Main St.', 'street2': 'Apartment A', 'city': 'New York', 'stateProvince': 'NY', 'postalCode': '10118', 'country': 'USA'}
DEBUG    urllib3.connectionpool:connectionpool.py:1051 Starting new HTTPS connection (1): thinking-tester-contact-list.herokuapp.com:443
DEBUG    urllib3.connectionpool:connectionpool.py:546 https://thinking-tester-contact-list.herokuapp.com:443 "POST /contacts/ HTTP/11" 400 359
DEBUG    tests.api.contact.test_api_contact:test_api_contact.py:66 Received response text: {"errors":{"email":{"name":"ValidatorError","message":"Email is invalid","properties":{"message":"Email is invalid","type":"user defined","path":"email","value":"@mail.com","reason":{}},"kind":"user defined","path":"email","value":"@mail.com","reason":{}}},"_message":"Contact validation failed","message":"Contact validation failed: email: Email is invalid"}
INFO     tests.api.contact.test_api_contact:test_api_contact.py:69 Invalid contact was not created
DEBUG    util.admin.admin_api:admin_api.py:77 Deleting user with token: eyJhbGciOiJIUzI1NiIsInR5cCI6IkpXVCJ9.eyJfaWQiOiI2NzI4MGI0YmQxMjg2YjAwMTMyMmM5ZDYiLCJpYXQiOjE3MzA2Nzc1Nzl9.4H6-q6_13_ufzMFrOboeDnP27WgcEE4zHXHVqOf8q0M
DEBUG    urllib3.connectionpool:connectionpool.py:1051 Starting new HTTPS connection (1): thinking-tester-contact-list.herokuapp.com:443
DEBUG    urllib3.connectionpool:connectionpool.py:546 https://thinking-tester-contact-list.herokuapp.com:443 "DELETE /users/me HTTP/11" 200 0
DEBUG    util.admin.admin_api:admin_api.py:83 User deleted
INFO     tests.conftest:conftest.py:60 Deleted registered user
DEBUG    util.admin.admin_api:admin_api.py:33 Creating user: {'firstName': 'John', 'lastName': 'Green', 'email': 'john.green@mail.com', 'password': '1234567890'}
DEBUG    urllib3.connectionpool:connectionpool.py:1051 Starting new HTTPS connection (1): thinking-tester-contact-list.herokuapp.com:443
DEBUG    urllib3.connectionpool:connectionpool.py:546 https://thinking-tester-contact-list.herokuapp.com:443 "POST /users HTTP/11" 201 279
DEBUG    util.admin.admin_api:admin_api.py:39 Created user and received token: eyJhbGciOiJIUzI1NiIsInR5cCI6IkpXVCJ9.eyJfaWQiOiI2NzI4MGI1MWJlZDRkYjAwMTM1YjExNDUiLCJpYXQiOjE3MzA2Nzc1ODV9.ifuILh2DF8FlJGbx1V9h-UYHnlere5CcGiMmU2zDslQ
INFO     tests.conftest:conftest.py:56 Created registered user
DEBUG    util.admin.admin_api:admin_api.py:43 Logging in user with credentials: {email: john.green@mail.com, password: 1234567890}
DEBUG    urllib3.connectionpool:connectionpool.py:1051 Starting new HTTPS connection (1): thinking-tester-contact-list.herokuapp.com:443
DEBUG    urllib3.connectionpool:connectionpool.py:546 https://thinking-tester-contact-list.herokuapp.com:443 "POST /users/login HTTP/11" 200 279
DEBUG    util.admin.admin_api:admin_api.py:53 Logged in and received token: eyJhbGciOiJIUzI1NiIsInR5cCI6IkpXVCJ9.eyJfaWQiOiI2NzI4MGI1MWJlZDRkYjAwMTM1YjExNDUiLCJpYXQiOjE3MzA2Nzc1ODZ9.uKZPQOQFMV04NvSmO44RkydrDaEK3U0Dvli4FXj6LmQ
DEBUG    tests.api.contact.test_api_contact:test_api_contact.py:64 Creating invalid contact: {'firstName': 'Will', 'lastName': 'Smith', 'birthdate': '1968-10-25', 'email': 'will.smith@', 'phone': '1234567890', 'street1': '1 Main St.', 'street2': 'Apartment A', 'city': 'New York', 'stateProvince': 'NY', 'postalCode': '10118', 'country': 'USA'}
DEBUG    urllib3.connectionpool:connectionpool.py:1051 Starting new HTTPS connection (1): thinking-tester-contact-list.herokuapp.com:443
DEBUG    urllib3.connectionpool:connectionpool.py:546 https://thinking-tester-contact-list.herokuapp.com:443 "POST /contacts/ HTTP/11" 400 363
DEBUG    tests.api.contact.test_api_contact:test_api_contact.py:66 Received response text: {"errors":{"email":{"name":"ValidatorError","message":"Email is invalid","properties":{"message":"Email is invalid","type":"user defined","path":"email","value":"will.smith@","reason":{}},"kind":"user defined","path":"email","value":"will.smith@","reason":{}}},"_message":"Contact validation failed","message":"Contact validation failed: email: Email is invalid"}
INFO     tests.api.contact.test_api_contact:test_api_contact.py:69 Invalid contact was not created
DEBUG    util.admin.admin_api:admin_api.py:77 Deleting user with token: eyJhbGciOiJIUzI1NiIsInR5cCI6IkpXVCJ9.eyJfaWQiOiI2NzI4MGI1MWJlZDRkYjAwMTM1YjExNDUiLCJpYXQiOjE3MzA2Nzc1ODV9.ifuILh2DF8FlJGbx1V9h-UYHnlere5CcGiMmU2zDslQ
DEBUG    urllib3.connectionpool:connectionpool.py:1051 Starting new HTTPS connection (1): thinking-tester-contact-list.herokuapp.com:443
DEBUG    urllib3.connectionpool:connectionpool.py:546 https://thinking-tester-contact-list.herokuapp.com:443 "DELETE /users/me HTTP/11" 200 0
DEBUG    util.admin.admin_api:admin_api.py:83 User deleted
INFO     tests.conftest:conftest.py:60 Deleted registered user
DEBUG    util.admin.admin_api:admin_api.py:33 Creating user: {'firstName': 'John', 'lastName': 'Green', 'email': 'john.green@mail.com', 'password': '1234567890'}
DEBUG    urllib3.connectionpool:connectionpool.py:1051 Starting new HTTPS connection (1): thinking-tester-contact-list.herokuapp.com:443
DEBUG    urllib3.connectionpool:connectionpool.py:546 https://thinking-tester-contact-list.herokuapp.com:443 "POST /users HTTP/11" 201 279
DEBUG    util.admin.admin_api:admin_api.py:39 Created user and received token: eyJhbGciOiJIUzI1NiIsInR5cCI6IkpXVCJ9.eyJfaWQiOiI2NzI4MGI1NmJlZDRkYjAwMTM1YjExNDkiLCJpYXQiOjE3MzA2Nzc1OTB9.OroIHO36COeRHNaQb15Ag6OI0rTtsITmEgy8wTb032o
INFO     tests.conftest:conftest.py:56 Created registered user
DEBUG    util.admin.admin_api:admin_api.py:43 Logging in user with credentials: {email: john.green@mail.com, password: 1234567890}
DEBUG    urllib3.connectionpool:connectionpool.py:1051 Starting new HTTPS connection (1): thinking-tester-contact-list.herokuapp.com:443
DEBUG    urllib3.connectionpool:connectionpool.py:546 https://thinking-tester-contact-list.herokuapp.com:443 "POST /users/login HTTP/11" 200 279
DEBUG    util.admin.admin_api:admin_api.py:53 Logged in and received token: eyJhbGciOiJIUzI1NiIsInR5cCI6IkpXVCJ9.eyJfaWQiOiI2NzI4MGI1NmJlZDRkYjAwMTM1YjExNDkiLCJpYXQiOjE3MzA2Nzc1OTF9.PB5_xbzNwMuFAS5MXvMuN4-3L1JCIxQofP0ZZsMtVF8
DEBUG    tests.api.contact.test_api_contact:test_api_contact.py:64 Creating invalid contact: {'firstName': 'Will', 'lastName': 'Smith', 'birthdate': '1968-10-25', 'email': 'will smith@mail.com', 'phone': '1234567890', 'street1': '1 Main St.', 'street2': 'Apartment A', 'city': 'New York', 'stateProvince': 'NY', 'postalCode': '10118', 'country': 'USA'}
DEBUG    urllib3.connectionpool:connectionpool.py:1051 Starting new HTTPS connection (1): thinking-tester-contact-list.herokuapp.com:443
DEBUG    urllib3.connectionpool:connectionpool.py:546 https://thinking-tester-contact-list.herokuapp.com:443 "POST /contacts/ HTTP/11" 400 379
DEBUG    tests.api.contact.test_api_contact:test_api_contact.py:66 Received response text: {"errors":{"email":{"name":"ValidatorError","message":"Email is invalid","properties":{"message":"Email is invalid","type":"user defined","path":"email","value":"will smith@mail.com","reason":{}},"kind":"user defined","path":"email","value":"will smith@mail.com","reason":{}}},"_message":"Contact validation failed","message":"Contact validation failed: email: Email is invalid"}
INFO     tests.api.contact.test_api_contact:test_api_contact.py:69 Invalid contact was not created
DEBUG    util.admin.admin_api:admin_api.py:77 Deleting user with token: eyJhbGciOiJIUzI1NiIsInR5cCI6IkpXVCJ9.eyJfaWQiOiI2NzI4MGI1NmJlZDRkYjAwMTM1YjExNDkiLCJpYXQiOjE3MzA2Nzc1OTB9.OroIHO36COeRHNaQb15Ag6OI0rTtsITmEgy8wTb032o
DEBUG    urllib3.connectionpool:connectionpool.py:1051 Starting new HTTPS connection (1): thinking-tester-contact-list.herokuapp.com:443
DEBUG    urllib3.connectionpool:connectionpool.py:546 https://thinking-tester-contact-list.herokuapp.com:443 "DELETE /users/me HTTP/11" 200 0
DEBUG    util.admin.admin_api:admin_api.py:83 User deleted
INFO     tests.conftest:conftest.py:60 Deleted registered user
DEBUG    util.admin.admin_api:admin_api.py:33 Creating user: {'firstName': 'John', 'lastName': 'Green', 'email': 'john.green@mail.com', 'password': '1234567890'}
DEBUG    urllib3.connectionpool:connectionpool.py:1051 Starting new HTTPS connection (1): thinking-tester-contact-list.herokuapp.com:443
DEBUG    urllib3.connectionpool:connectionpool.py:546 https://thinking-tester-contact-list.herokuapp.com:443 "POST /users HTTP/11" 201 279
DEBUG    util.admin.admin_api:admin_api.py:39 Created user and received token: eyJhbGciOiJIUzI1NiIsInR5cCI6IkpXVCJ9.eyJfaWQiOiI2NzI4MGI1YWJlZDRkYjAwMTM1YjExNGMiLCJpYXQiOjE3MzA2Nzc1OTR9.D4ru-CkET-JsRAdttYiQiel31l3hov9q7BavxGPR9pA
INFO     tests.conftest:conftest.py:56 Created registered user
DEBUG    util.admin.admin_api:admin_api.py:43 Logging in user with credentials: {email: john.green@mail.com, password: 1234567890}
DEBUG    urllib3.connectionpool:connectionpool.py:1051 Starting new HTTPS connection (1): thinking-tester-contact-list.herokuapp.com:443
DEBUG    urllib3.connectionpool:connectionpool.py:546 https://thinking-tester-contact-list.herokuapp.com:443 "POST /users/login HTTP/11" 200 279
DEBUG    util.admin.admin_api:admin_api.py:53 Logged in and received token: eyJhbGciOiJIUzI1NiIsInR5cCI6IkpXVCJ9.eyJfaWQiOiI2NzI4MGI1YWJlZDRkYjAwMTM1YjExNGMiLCJpYXQiOjE3MzA2Nzc1OTV9.n8WNXw5rz8ykbXtOlj-uElaEM-J7B-p3cDXwB7hszhc
DEBUG    tests.api.contact.test_api_contact:test_api_contact.py:64 Creating invalid contact: {'firstName': 'Will', 'lastName': 'Smith', 'birthdate': '1968-10-25', 'email': 'will.smith@mail', 'phone': '1234567890', 'street1': '1 Main St.', 'street2': 'Apartment A', 'city': 'New York', 'stateProvince': 'NY', 'postalCode': '10118', 'country': 'USA'}
DEBUG    urllib3.connectionpool:connectionpool.py:1051 Starting new HTTPS connection (1): thinking-tester-contact-list.herokuapp.com:443
DEBUG    urllib3.connectionpool:connectionpool.py:546 https://thinking-tester-contact-list.herokuapp.com:443 "POST /contacts/ HTTP/11" 400 371
DEBUG    tests.api.contact.test_api_contact:test_api_contact.py:66 Received response text: {"errors":{"email":{"name":"ValidatorError","message":"Email is invalid","properties":{"message":"Email is invalid","type":"user defined","path":"email","value":"will.smith@mail","reason":{}},"kind":"user defined","path":"email","value":"will.smith@mail","reason":{}}},"_message":"Contact validation failed","message":"Contact validation failed: email: Email is invalid"}
INFO     tests.api.contact.test_api_contact:test_api_contact.py:69 Invalid contact was not created
DEBUG    util.admin.admin_api:admin_api.py:77 Deleting user with token: eyJhbGciOiJIUzI1NiIsInR5cCI6IkpXVCJ9.eyJfaWQiOiI2NzI4MGI1YWJlZDRkYjAwMTM1YjExNGMiLCJpYXQiOjE3MzA2Nzc1OTR9.D4ru-CkET-JsRAdttYiQiel31l3hov9q7BavxGPR9pA
DEBUG    urllib3.connectionpool:connectionpool.py:1051 Starting new HTTPS connection (1): thinking-tester-contact-list.herokuapp.com:443
DEBUG    urllib3.connectionpool:connectionpool.py:546 https://thinking-tester-contact-list.herokuapp.com:443 "DELETE /users/me HTTP/11" 200 0
DEBUG    util.admin.admin_api:admin_api.py:83 User deleted
INFO     tests.conftest:conftest.py:60 Deleted registered user
DEBUG    util.admin.admin_api:admin_api.py:33 Creating user: {'firstName': 'John', 'lastName': 'Green', 'email': 'john.green@mail.com', 'password': '1234567890'}
DEBUG    urllib3.connectionpool:connectionpool.py:1051 Starting new HTTPS connection (1): thinking-tester-contact-list.herokuapp.com:443
DEBUG    urllib3.connectionpool:connectionpool.py:546 https://thinking-tester-contact-list.herokuapp.com:443 "POST /users HTTP/11" 201 279
DEBUG    util.admin.admin_api:admin_api.py:39 Created user and received token: eyJhbGciOiJIUzI1NiIsInR5cCI6IkpXVCJ9.eyJfaWQiOiI2NzI4MGI1ZmQxMjg2YjAwMTMyMmM5ZGQiLCJpYXQiOjE3MzA2Nzc1OTl9.Yj1DS58n73zCtT5gfn7qNiSwmF2F-LQPTHvMkK4kqLk
INFO     tests.conftest:conftest.py:56 Created registered user
DEBUG    util.admin.admin_api:admin_api.py:43 Logging in user with credentials: {email: john.green@mail.com, password: 1234567890}
DEBUG    urllib3.connectionpool:connectionpool.py:1051 Starting new HTTPS connection (1): thinking-tester-contact-list.herokuapp.com:443
DEBUG    urllib3.connectionpool:connectionpool.py:546 https://thinking-tester-contact-list.herokuapp.com:443 "POST /users/login HTTP/11" 200 279
DEBUG    util.admin.admin_api:admin_api.py:53 Logged in and received token: eyJhbGciOiJIUzI1NiIsInR5cCI6IkpXVCJ9.eyJfaWQiOiI2NzI4MGI1ZmQxMjg2YjAwMTMyMmM5ZGQiLCJpYXQiOjE3MzA2Nzc2MDB9.NoIMVo2FYyitViFdT_Kdxloulab9FjXEzQ0tlS7US6A
DEBUG    tests.api.contact.test_api_contact:test_api_contact.py:64 Creating invalid contact: {'firstName': 'Will', 'lastName': 'Smith', 'birthdate': '1968-10-25', 'email': 'w!ll.s#&?^@mail.com', 'phone': '1234567890', 'street1': '1 Main St.', 'street2': 'Apartment A', 'city': 'New York', 'stateProvince': 'NY', 'postalCode': '10118', 'country': 'USA'}
DEBUG    urllib3.connectionpool:connectionpool.py:1051 Starting new HTTPS connection (1): thinking-tester-contact-list.herokuapp.com:443
DEBUG    urllib3.connectionpool:connectionpool.py:546 https://thinking-tester-contact-list.herokuapp.com:443 "POST /contacts/ HTTP/11" 201 314
DEBUG    tests.api.contact.test_api_contact:test_api_contact.py:66 Received response text: {"_id":"67280b61bed4db00135b114f","firstName":"Will","lastName":"Smith","birthdate":"1968-10-25","email":"w!ll.s#&?^@mail.com","phone":"1234567890","street1":"1 Main St.","street2":"Apartment A","city":"New York","stateProvince":"NY","postalCode":"10118","country":"USA","owner":"67280b5fd1286b001322c9dd","__v":0}
DEBUG    util.admin.admin_api:admin_api.py:108 Deleting contact with id: 67280b61bed4db00135b114f using token: eyJhbGciOiJIUzI1NiIsInR5cCI6IkpXVCJ9.eyJfaWQiOiI2NzI4MGI1ZmQxMjg2YjAwMTMyMmM5ZGQiLCJpYXQiOjE3MzA2Nzc2MDB9.NoIMVo2FYyitViFdT_Kdxloulab9FjXEzQ0tlS7US6A
DEBUG    urllib3.connectionpool:connectionpool.py:1051 Starting new HTTPS connection (1): thinking-tester-contact-list.herokuapp.com:443
DEBUG    urllib3.connectionpool:connectionpool.py:546 https://thinking-tester-contact-list.herokuapp.com:443 "DELETE /contacts/67280b61bed4db00135b114f HTTP/11" 200 15
DEBUG    util.admin.admin_api:admin_api.py:114 Contact deleted
DEBUG    util.admin.admin_api:admin_api.py:77 Deleting user with token: eyJhbGciOiJIUzI1NiIsInR5cCI6IkpXVCJ9.eyJfaWQiOiI2NzI4MGI1ZmQxMjg2YjAwMTMyMmM5ZGQiLCJpYXQiOjE3MzA2Nzc1OTl9.Yj1DS58n73zCtT5gfn7qNiSwmF2F-LQPTHvMkK4kqLk
DEBUG    urllib3.connectionpool:connectionpool.py:1051 Starting new HTTPS connection (1): thinking-tester-contact-list.herokuapp.com:443
DEBUG    urllib3.connectionpool:connectionpool.py:546 https://thinking-tester-contact-list.herokuapp.com:443 "DELETE /users/me HTTP/11" 200 0
DEBUG    util.admin.admin_api:admin_api.py:83 User deleted
INFO     tests.conftest:conftest.py:60 Deleted registered user
DEBUG    util.admin.admin_api:admin_api.py:33 Creating user: {'firstName': 'John', 'lastName': 'Green', 'email': 'john.green@mail.com', 'password': '1234567890'}
DEBUG    urllib3.connectionpool:connectionpool.py:1051 Starting new HTTPS connection (1): thinking-tester-contact-list.herokuapp.com:443
DEBUG    urllib3.connectionpool:connectionpool.py:546 https://thinking-tester-contact-list.herokuapp.com:443 "POST /users HTTP/11" 201 279
DEBUG    util.admin.admin_api:admin_api.py:39 Created user and received token: eyJhbGciOiJIUzI1NiIsInR5cCI6IkpXVCJ9.eyJfaWQiOiI2NzI4MGI2NWQxMjg2YjAwMTMyMmM5ZGYiLCJpYXQiOjE3MzA2Nzc2MDV9.7gsrjyUFiRoatrDoQK42N31oI8ZIUGIvvfjJoS2PofA
INFO     tests.conftest:conftest.py:56 Created registered user
DEBUG    util.admin.admin_api:admin_api.py:43 Logging in user with credentials: {email: john.green@mail.com, password: 1234567890}
DEBUG    urllib3.connectionpool:connectionpool.py:1051 Starting new HTTPS connection (1): thinking-tester-contact-list.herokuapp.com:443
DEBUG    urllib3.connectionpool:connectionpool.py:546 https://thinking-tester-contact-list.herokuapp.com:443 "POST /users/login HTTP/11" 200 279
DEBUG    util.admin.admin_api:admin_api.py:53 Logged in and received token: eyJhbGciOiJIUzI1NiIsInR5cCI6IkpXVCJ9.eyJfaWQiOiI2NzI4MGI2NWQxMjg2YjAwMTMyMmM5ZGYiLCJpYXQiOjE3MzA2Nzc2MDZ9.mAi1Tx6XZO6JPcv21F2VVlnPgV0jMW6bz7o5wJ8K1b8
DEBUG    tests.api.contact.test_api_contact:test_api_contact.py:64 Creating invalid contact: {'firstName': 'Will', 'lastName': 'Smith', 'birthdate': '1968-09-25', 'email': 'will.smith@mail.com', 'phone': '', 'street1': '1 Main St.', 'street2': 'Apartment A', 'city': 'New York', 'stateProvince': 'NY', 'postalCode': '10118', 'country': 'USA'}
DEBUG    urllib3.connectionpool:connectionpool.py:1051 Starting new HTTPS connection (1): thinking-tester-contact-list.herokuapp.com:443
DEBUG    urllib3.connectionpool:connectionpool.py:546 https://thinking-tester-contact-list.herokuapp.com:443 "POST /contacts/ HTTP/11" 400 362
DEBUG    tests.api.contact.test_api_contact:test_api_contact.py:66 Received response text: {"errors":{"phone":{"name":"ValidatorError","message":"Phone number is invalid","properties":{"message":"Phone number is invalid","type":"user defined","path":"phone","value":"","reason":{}},"kind":"user defined","path":"phone","value":"","reason":{}}},"_message":"Contact validation failed","message":"Contact validation failed: phone: Phone number is invalid"}
INFO     tests.api.contact.test_api_contact:test_api_contact.py:69 Invalid contact was not created
DEBUG    util.admin.admin_api:admin_api.py:77 Deleting user with token: eyJhbGciOiJIUzI1NiIsInR5cCI6IkpXVCJ9.eyJfaWQiOiI2NzI4MGI2NWQxMjg2YjAwMTMyMmM5ZGYiLCJpYXQiOjE3MzA2Nzc2MDV9.7gsrjyUFiRoatrDoQK42N31oI8ZIUGIvvfjJoS2PofA
DEBUG    urllib3.connectionpool:connectionpool.py:1051 Starting new HTTPS connection (1): thinking-tester-contact-list.herokuapp.com:443
DEBUG    urllib3.connectionpool:connectionpool.py:546 https://thinking-tester-contact-list.herokuapp.com:443 "DELETE /users/me HTTP/11" 200 0
DEBUG    util.admin.admin_api:admin_api.py:83 User deleted
INFO     tests.conftest:conftest.py:60 Deleted registered user
DEBUG    util.admin.admin_api:admin_api.py:33 Creating user: {'firstName': 'John', 'lastName': 'Green', 'email': 'john.green@mail.com', 'password': '1234567890'}
DEBUG    urllib3.connectionpool:connectionpool.py:1051 Starting new HTTPS connection (1): thinking-tester-contact-list.herokuapp.com:443
DEBUG    urllib3.connectionpool:connectionpool.py:546 https://thinking-tester-contact-list.herokuapp.com:443 "POST /users HTTP/11" 201 279
DEBUG    util.admin.admin_api:admin_api.py:39 Created user and received token: eyJhbGciOiJIUzI1NiIsInR5cCI6IkpXVCJ9.eyJfaWQiOiI2NzI4MGI2YWQxMjg2YjAwMTMyMmM5ZTIiLCJpYXQiOjE3MzA2Nzc2MTB9.MUhwbEGzECNB_WAm3_x5L7bIcpdqdk09mBHMkPlVrCo
INFO     tests.conftest:conftest.py:56 Created registered user
DEBUG    util.admin.admin_api:admin_api.py:43 Logging in user with credentials: {email: john.green@mail.com, password: 1234567890}
DEBUG    urllib3.connectionpool:connectionpool.py:1051 Starting new HTTPS connection (1): thinking-tester-contact-list.herokuapp.com:443
DEBUG    urllib3.connectionpool:connectionpool.py:546 https://thinking-tester-contact-list.herokuapp.com:443 "POST /users/login HTTP/11" 200 279
DEBUG    util.admin.admin_api:admin_api.py:53 Logged in and received token: eyJhbGciOiJIUzI1NiIsInR5cCI6IkpXVCJ9.eyJfaWQiOiI2NzI4MGI2YWQxMjg2YjAwMTMyMmM5ZTIiLCJpYXQiOjE3MzA2Nzc2MTF9.10-4-mtRKxHWQOMUV7vVrIoNiOV_E7gcuA_Xnb8mtSs
DEBUG    tests.api.contact.test_api_contact:test_api_contact.py:64 Creating invalid contact: {'firstName': 'Will', 'lastName': 'Smith', 'birthdate': '1968-10-25', 'email': 'will.smith@mail.com', 'phone': '12a4567890', 'street1': '1 Main St.', 'street2': 'Apartment A', 'city': 'New York', 'stateProvince': 'NY', 'postalCode': '10118', 'country': 'USA'}
DEBUG    urllib3.connectionpool:connectionpool.py:1051 Starting new HTTPS connection (1): thinking-tester-contact-list.herokuapp.com:443
DEBUG    urllib3.connectionpool:connectionpool.py:546 https://thinking-tester-contact-list.herokuapp.com:443 "POST /contacts/ HTTP/11" 400 382
DEBUG    tests.api.contact.test_api_contact:test_api_contact.py:66 Received response text: {"errors":{"phone":{"name":"ValidatorError","message":"Phone number is invalid","properties":{"message":"Phone number is invalid","type":"user defined","path":"phone","value":"12a4567890","reason":{}},"kind":"user defined","path":"phone","value":"12a4567890","reason":{}}},"_message":"Contact validation failed","message":"Contact validation failed: phone: Phone number is invalid"}
INFO     tests.api.contact.test_api_contact:test_api_contact.py:69 Invalid contact was not created
DEBUG    util.admin.admin_api:admin_api.py:77 Deleting user with token: eyJhbGciOiJIUzI1NiIsInR5cCI6IkpXVCJ9.eyJfaWQiOiI2NzI4MGI2YWQxMjg2YjAwMTMyMmM5ZTIiLCJpYXQiOjE3MzA2Nzc2MTB9.MUhwbEGzECNB_WAm3_x5L7bIcpdqdk09mBHMkPlVrCo
DEBUG    urllib3.connectionpool:connectionpool.py:1051 Starting new HTTPS connection (1): thinking-tester-contact-list.herokuapp.com:443
DEBUG    urllib3.connectionpool:connectionpool.py:546 https://thinking-tester-contact-list.herokuapp.com:443 "DELETE /users/me HTTP/11" 200 0
DEBUG    util.admin.admin_api:admin_api.py:83 User deleted
INFO     tests.conftest:conftest.py:60 Deleted registered user
DEBUG    util.admin.admin_api:admin_api.py:33 Creating user: {'firstName': 'John', 'lastName': 'Green', 'email': 'john.green@mail.com', 'password': '1234567890'}
DEBUG    urllib3.connectionpool:connectionpool.py:1051 Starting new HTTPS connection (1): thinking-tester-contact-list.herokuapp.com:443
DEBUG    urllib3.connectionpool:connectionpool.py:546 https://thinking-tester-contact-list.herokuapp.com:443 "POST /users HTTP/11" 201 279
DEBUG    util.admin.admin_api:admin_api.py:39 Created user and received token: eyJhbGciOiJIUzI1NiIsInR5cCI6IkpXVCJ9.eyJfaWQiOiI2NzI4MGI2ZWJlZDRkYjAwMTM1YjExNTIiLCJpYXQiOjE3MzA2Nzc2MTR9.fBYsIFY-n0oS3JUz0e-Wld-pZOzpjgQbq2Hz7_JgQm0
INFO     tests.conftest:conftest.py:56 Created registered user
DEBUG    util.admin.admin_api:admin_api.py:43 Logging in user with credentials: {email: john.green@mail.com, password: 1234567890}
DEBUG    urllib3.connectionpool:connectionpool.py:1051 Starting new HTTPS connection (1): thinking-tester-contact-list.herokuapp.com:443
DEBUG    urllib3.connectionpool:connectionpool.py:546 https://thinking-tester-contact-list.herokuapp.com:443 "POST /users/login HTTP/11" 200 279
DEBUG    util.admin.admin_api:admin_api.py:53 Logged in and received token: eyJhbGciOiJIUzI1NiIsInR5cCI6IkpXVCJ9.eyJfaWQiOiI2NzI4MGI2ZWJlZDRkYjAwMTM1YjExNTIiLCJpYXQiOjE3MzA2Nzc2MTV9.ggXHHwZ7MzPxW0uL52tynQGJzEgwDW07FxRBFSD28ng
DEBUG    tests.api.contact.test_api_contact:test_api_contact.py:64 Creating invalid contact: {'firstName': 'Will', 'lastName': 'Smith', 'birthdate': '1968-10-25', 'email': 'will.smith@mail.com', 'phone': '1234567890', 'street1': 'aaaaaaaaaabbbbbbbbbbccccccccccdddddddddde', 'street2': 'Apartment A', 'city': 'New York', 'stateProvince': 'NY', 'postalCode': '10118', 'country': 'USA'}
DEBUG    urllib3.connectionpool:connectionpool.py:1051 Starting new HTTPS connection (1): thinking-tester-contact-list.herokuapp.com:443
DEBUG    urllib3.connectionpool:connectionpool.py:546 https://thinking-tester-contact-list.herokuapp.com:443 "POST /contacts/ HTTP/11" 400 692
DEBUG    tests.api.contact.test_api_contact:test_api_contact.py:66 Received response text: {"errors":{"street1":{"name":"ValidatorError","message":"Path `street1` (`aaaaaaaaaabbbbbbbbbbccccccccccdddddddddde`) is longer than the maximum allowed length (40).","properties":{"message":"Path `street1` (`aaaaaaaaaabbbbbbbbbbccccccccccdddddddddde`) is longer than the maximum allowed length (40).","type":"maxlength","maxlength":40,"path":"street1","value":"aaaaaaaaaabbbbbbbbbbccccccccccdddddddddde"},"kind":"maxlength","path":"street1","value":"aaaaaaaaaabbbbbbbbbbccccccccccdddddddddde"}},"_message":"Contact validation failed","message":"Contact validation failed: street1: Path `street1` (`aaaaaaaaaabbbbbbbbbbccccccccccdddddddddde`) is longer than the maximum allowed length (40)."}
INFO     tests.api.contact.test_api_contact:test_api_contact.py:69 Invalid contact was not created
DEBUG    util.admin.admin_api:admin_api.py:77 Deleting user with token: eyJhbGciOiJIUzI1NiIsInR5cCI6IkpXVCJ9.eyJfaWQiOiI2NzI4MGI2ZWJlZDRkYjAwMTM1YjExNTIiLCJpYXQiOjE3MzA2Nzc2MTR9.fBYsIFY-n0oS3JUz0e-Wld-pZOzpjgQbq2Hz7_JgQm0
DEBUG    urllib3.connectionpool:connectionpool.py:1051 Starting new HTTPS connection (1): thinking-tester-contact-list.herokuapp.com:443
DEBUG    urllib3.connectionpool:connectionpool.py:546 https://thinking-tester-contact-list.herokuapp.com:443 "DELETE /users/me HTTP/11" 200 0
DEBUG    util.admin.admin_api:admin_api.py:83 User deleted
INFO     tests.conftest:conftest.py:60 Deleted registered user
DEBUG    util.admin.admin_api:admin_api.py:33 Creating user: {'firstName': 'John', 'lastName': 'Green', 'email': 'john.green@mail.com', 'password': '1234567890'}
DEBUG    urllib3.connectionpool:connectionpool.py:1051 Starting new HTTPS connection (1): thinking-tester-contact-list.herokuapp.com:443
DEBUG    urllib3.connectionpool:connectionpool.py:546 https://thinking-tester-contact-list.herokuapp.com:443 "POST /users HTTP/11" 201 279
DEBUG    util.admin.admin_api:admin_api.py:39 Created user and received token: eyJhbGciOiJIUzI1NiIsInR5cCI6IkpXVCJ9.eyJfaWQiOiI2NzI4MGI3M2JlZDRkYjAwMTM1YjExNTYiLCJpYXQiOjE3MzA2Nzc2MTl9.n2E54gCw4CyG6t8kX1oL3inu4FaaoSrOd7Y0cS56wqM
INFO     tests.conftest:conftest.py:56 Created registered user
DEBUG    util.admin.admin_api:admin_api.py:43 Logging in user with credentials: {email: john.green@mail.com, password: 1234567890}
DEBUG    urllib3.connectionpool:connectionpool.py:1051 Starting new HTTPS connection (1): thinking-tester-contact-list.herokuapp.com:443
DEBUG    urllib3.connectionpool:connectionpool.py:546 https://thinking-tester-contact-list.herokuapp.com:443 "POST /users/login HTTP/11" 200 279
DEBUG    util.admin.admin_api:admin_api.py:53 Logged in and received token: eyJhbGciOiJIUzI1NiIsInR5cCI6IkpXVCJ9.eyJfaWQiOiI2NzI4MGI3M2JlZDRkYjAwMTM1YjExNTYiLCJpYXQiOjE3MzA2Nzc2MjB9.t1RrTNZ009ohDsuXrIpuOydaEqGj4aVzPlLaNat7kM0
DEBUG    tests.api.contact.test_api_contact:test_api_contact.py:64 Creating invalid contact: {'firstName': 'Will', 'lastName': 'Smith', 'birthdate': '1968-10-25', 'email': 'will.smith@mail.com', 'phone': '1234567890', 'street1': '1 Main St.', 'street2': 'aaaaaaaaaabbbbbbbbbbccccccccccdddddddddde', 'city': 'New York', 'stateProvince': 'NY', 'postalCode': '10118', 'country': 'USA'}
DEBUG    urllib3.connectionpool:connectionpool.py:1051 Starting new HTTPS connection (1): thinking-tester-contact-list.herokuapp.com:443
DEBUG    urllib3.connectionpool:connectionpool.py:546 https://thinking-tester-contact-list.herokuapp.com:443 "POST /contacts/ HTTP/11" 400 692
DEBUG    tests.api.contact.test_api_contact:test_api_contact.py:66 Received response text: {"errors":{"street2":{"name":"ValidatorError","message":"Path `street2` (`aaaaaaaaaabbbbbbbbbbccccccccccdddddddddde`) is longer than the maximum allowed length (40).","properties":{"message":"Path `street2` (`aaaaaaaaaabbbbbbbbbbccccccccccdddddddddde`) is longer than the maximum allowed length (40).","type":"maxlength","maxlength":40,"path":"street2","value":"aaaaaaaaaabbbbbbbbbbccccccccccdddddddddde"},"kind":"maxlength","path":"street2","value":"aaaaaaaaaabbbbbbbbbbccccccccccdddddddddde"}},"_message":"Contact validation failed","message":"Contact validation failed: street2: Path `street2` (`aaaaaaaaaabbbbbbbbbbccccccccccdddddddddde`) is longer than the maximum allowed length (40)."}
INFO     tests.api.contact.test_api_contact:test_api_contact.py:69 Invalid contact was not created
DEBUG    util.admin.admin_api:admin_api.py:77 Deleting user with token: eyJhbGciOiJIUzI1NiIsInR5cCI6IkpXVCJ9.eyJfaWQiOiI2NzI4MGI3M2JlZDRkYjAwMTM1YjExNTYiLCJpYXQiOjE3MzA2Nzc2MTl9.n2E54gCw4CyG6t8kX1oL3inu4FaaoSrOd7Y0cS56wqM
DEBUG    urllib3.connectionpool:connectionpool.py:1051 Starting new HTTPS connection (1): thinking-tester-contact-list.herokuapp.com:443
DEBUG    urllib3.connectionpool:connectionpool.py:546 https://thinking-tester-contact-list.herokuapp.com:443 "DELETE /users/me HTTP/11" 200 0
DEBUG    util.admin.admin_api:admin_api.py:83 User deleted
INFO     tests.conftest:conftest.py:60 Deleted registered user
DEBUG    util.admin.admin_api:admin_api.py:33 Creating user: {'firstName': 'John', 'lastName': 'Green', 'email': 'john.green@mail.com', 'password': '1234567890'}
DEBUG    urllib3.connectionpool:connectionpool.py:1051 Starting new HTTPS connection (1): thinking-tester-contact-list.herokuapp.com:443
DEBUG    urllib3.connectionpool:connectionpool.py:546 https://thinking-tester-contact-list.herokuapp.com:443 "POST /users HTTP/11" 201 279
DEBUG    util.admin.admin_api:admin_api.py:39 Created user and received token: eyJhbGciOiJIUzI1NiIsInR5cCI6IkpXVCJ9.eyJfaWQiOiI2NzI4MGI3N2JlZDRkYjAwMTM1YjExNTkiLCJpYXQiOjE3MzA2Nzc2MjN9.mhoLmLNFmWM-whqr9kRbNMJLzSnCwjHom0WuKCrLbx4
INFO     tests.conftest:conftest.py:56 Created registered user
DEBUG    util.admin.admin_api:admin_api.py:43 Logging in user with credentials: {email: john.green@mail.com, password: 1234567890}
DEBUG    urllib3.connectionpool:connectionpool.py:1051 Starting new HTTPS connection (1): thinking-tester-contact-list.herokuapp.com:443
DEBUG    urllib3.connectionpool:connectionpool.py:546 https://thinking-tester-contact-list.herokuapp.com:443 "POST /users/login HTTP/11" 200 279
DEBUG    util.admin.admin_api:admin_api.py:53 Logged in and received token: eyJhbGciOiJIUzI1NiIsInR5cCI6IkpXVCJ9.eyJfaWQiOiI2NzI4MGI3N2JlZDRkYjAwMTM1YjExNTkiLCJpYXQiOjE3MzA2Nzc2MjR9.exXwmvcRudpQIYt5nJZyp8Q8n-t1ZaY1Q3DiQW8hkLg
DEBUG    tests.api.contact.test_api_contact:test_api_contact.py:64 Creating invalid contact: {'firstName': 'Will', 'lastName': 'Smith', 'birthdate': '1968-10-25', 'email': 'will.smith@mail.com', 'phone': '1234567890', 'street1': '1 Main St.', 'street2': 'Apartment A', 'city': 'aaaaaaaaaabbbbbbbbbbccccccccccdddddddddde', 'stateProvince': 'NY', 'postalCode': '10118', 'country': 'USA'}
DEBUG    urllib3.connectionpool:connectionpool.py:1051 Starting new HTTPS connection (1): thinking-tester-contact-list.herokuapp.com:443
DEBUG    urllib3.connectionpool:connectionpool.py:546 https://thinking-tester-contact-list.herokuapp.com:443 "POST /contacts/ HTTP/11" 400 671
DEBUG    tests.api.contact.test_api_contact:test_api_contact.py:66 Received response text: {"errors":{"city":{"name":"ValidatorError","message":"Path `city` (`aaaaaaaaaabbbbbbbbbbccccccccccdddddddddde`) is longer than the maximum allowed length (40).","properties":{"message":"Path `city` (`aaaaaaaaaabbbbbbbbbbccccccccccdddddddddde`) is longer than the maximum allowed length (40).","type":"maxlength","maxlength":40,"path":"city","value":"aaaaaaaaaabbbbbbbbbbccccccccccdddddddddde"},"kind":"maxlength","path":"city","value":"aaaaaaaaaabbbbbbbbbbccccccccccdddddddddde"}},"_message":"Contact validation failed","message":"Contact validation failed: city: Path `city` (`aaaaaaaaaabbbbbbbbbbccccccccccdddddddddde`) is longer than the maximum allowed length (40)."}
INFO     tests.api.contact.test_api_contact:test_api_contact.py:69 Invalid contact was not created
DEBUG    util.admin.admin_api:admin_api.py:77 Deleting user with token: eyJhbGciOiJIUzI1NiIsInR5cCI6IkpXVCJ9.eyJfaWQiOiI2NzI4MGI3N2JlZDRkYjAwMTM1YjExNTkiLCJpYXQiOjE3MzA2Nzc2MjN9.mhoLmLNFmWM-whqr9kRbNMJLzSnCwjHom0WuKCrLbx4
DEBUG    urllib3.connectionpool:connectionpool.py:1051 Starting new HTTPS connection (1): thinking-tester-contact-list.herokuapp.com:443
DEBUG    urllib3.connectionpool:connectionpool.py:546 https://thinking-tester-contact-list.herokuapp.com:443 "DELETE /users/me HTTP/11" 200 0
DEBUG    util.admin.admin_api:admin_api.py:83 User deleted
INFO     tests.conftest:conftest.py:60 Deleted registered user
DEBUG    util.admin.admin_api:admin_api.py:33 Creating user: {'firstName': 'John', 'lastName': 'Green', 'email': 'john.green@mail.com', 'password': '1234567890'}
DEBUG    urllib3.connectionpool:connectionpool.py:1051 Starting new HTTPS connection (1): thinking-tester-contact-list.herokuapp.com:443
DEBUG    urllib3.connectionpool:connectionpool.py:546 https://thinking-tester-contact-list.herokuapp.com:443 "POST /users HTTP/11" 201 279
DEBUG    util.admin.admin_api:admin_api.py:39 Created user and received token: eyJhbGciOiJIUzI1NiIsInR5cCI6IkpXVCJ9.eyJfaWQiOiI2NzI4MGI3Y2JlZDRkYjAwMTM1YjExNWIiLCJpYXQiOjE3MzA2Nzc2Mjh9.z6MNts_dbKXW1Z5VXev4M-WCKIvqjdTejfkIUUNarx8
INFO     tests.conftest:conftest.py:56 Created registered user
DEBUG    util.admin.admin_api:admin_api.py:43 Logging in user with credentials: {email: john.green@mail.com, password: 1234567890}
DEBUG    urllib3.connectionpool:connectionpool.py:1051 Starting new HTTPS connection (1): thinking-tester-contact-list.herokuapp.com:443
DEBUG    urllib3.connectionpool:connectionpool.py:546 https://thinking-tester-contact-list.herokuapp.com:443 "POST /users/login HTTP/11" 200 279
DEBUG    util.admin.admin_api:admin_api.py:53 Logged in and received token: eyJhbGciOiJIUzI1NiIsInR5cCI6IkpXVCJ9.eyJfaWQiOiI2NzI4MGI3Y2JlZDRkYjAwMTM1YjExNWIiLCJpYXQiOjE3MzA2Nzc2Mjl9.LnSfKuq6H0TAkUc1zUJcyRYuasiAef5bqCNYd2DymXo
DEBUG    tests.api.contact.test_api_contact:test_api_contact.py:64 Creating invalid contact: {'firstName': 'Will', 'lastName': 'Smith', 'birthdate': '1968-10-25', 'email': 'will.smith@mail.com', 'phone': '1234567890', 'street1': '1 Main St.', 'street2': 'Apartment A', 'city': 'New York', 'stateProvince': 'aaaaaaaaaabbbbbbbbbbc', 'postalCode': '10118', 'country': 'USA'}
DEBUG    urllib3.connectionpool:connectionpool.py:1051 Starting new HTTPS connection (1): thinking-tester-contact-list.herokuapp.com:443
DEBUG    urllib3.connectionpool:connectionpool.py:546 https://thinking-tester-contact-list.herokuapp.com:443 "POST /contacts/ HTTP/11" 400 634
DEBUG    tests.api.contact.test_api_contact:test_api_contact.py:66 Received response text: {"errors":{"stateProvince":{"name":"ValidatorError","message":"Path `stateProvince` (`aaaaaaaaaabbbbbbbbbbc`) is longer than the maximum allowed length (20).","properties":{"message":"Path `stateProvince` (`aaaaaaaaaabbbbbbbbbbc`) is longer than the maximum allowed length (20).","type":"maxlength","maxlength":20,"path":"stateProvince","value":"aaaaaaaaaabbbbbbbbbbc"},"kind":"maxlength","path":"stateProvince","value":"aaaaaaaaaabbbbbbbbbbc"}},"_message":"Contact validation failed","message":"Contact validation failed: stateProvince: Path `stateProvince` (`aaaaaaaaaabbbbbbbbbbc`) is longer than the maximum allowed length (20)."}
INFO     tests.api.contact.test_api_contact:test_api_contact.py:69 Invalid contact was not created
DEBUG    util.admin.admin_api:admin_api.py:77 Deleting user with token: eyJhbGciOiJIUzI1NiIsInR5cCI6IkpXVCJ9.eyJfaWQiOiI2NzI4MGI3Y2JlZDRkYjAwMTM1YjExNWIiLCJpYXQiOjE3MzA2Nzc2Mjh9.z6MNts_dbKXW1Z5VXev4M-WCKIvqjdTejfkIUUNarx8
DEBUG    urllib3.connectionpool:connectionpool.py:1051 Starting new HTTPS connection (1): thinking-tester-contact-list.herokuapp.com:443
DEBUG    urllib3.connectionpool:connectionpool.py:546 https://thinking-tester-contact-list.herokuapp.com:443 "DELETE /users/me HTTP/11" 200 0
DEBUG    util.admin.admin_api:admin_api.py:83 User deleted
INFO     tests.conftest:conftest.py:60 Deleted registered user
DEBUG    util.admin.admin_api:admin_api.py:33 Creating user: {'firstName': 'John', 'lastName': 'Green', 'email': 'john.green@mail.com', 'password': '1234567890'}
DEBUG    urllib3.connectionpool:connectionpool.py:1051 Starting new HTTPS connection (1): thinking-tester-contact-list.herokuapp.com:443
DEBUG    urllib3.connectionpool:connectionpool.py:546 https://thinking-tester-contact-list.herokuapp.com:443 "POST /users HTTP/11" 201 279
DEBUG    util.admin.admin_api:admin_api.py:39 Created user and received token: eyJhbGciOiJIUzI1NiIsInR5cCI6IkpXVCJ9.eyJfaWQiOiI2NzI4MGI4MGQxMjg2YjAwMTMyMmM5ZTkiLCJpYXQiOjE3MzA2Nzc2MzJ9.ICsIFmkpon0iyJcD9qVLXXCZCHmVdO22UN6mWzvq1Gk
INFO     tests.conftest:conftest.py:56 Created registered user
DEBUG    util.admin.admin_api:admin_api.py:43 Logging in user with credentials: {email: john.green@mail.com, password: 1234567890}
DEBUG    urllib3.connectionpool:connectionpool.py:1051 Starting new HTTPS connection (1): thinking-tester-contact-list.herokuapp.com:443
DEBUG    urllib3.connectionpool:connectionpool.py:546 https://thinking-tester-contact-list.herokuapp.com:443 "POST /users/login HTTP/11" 200 279
DEBUG    util.admin.admin_api:admin_api.py:53 Logged in and received token: eyJhbGciOiJIUzI1NiIsInR5cCI6IkpXVCJ9.eyJfaWQiOiI2NzI4MGI4MGQxMjg2YjAwMTMyMmM5ZTkiLCJpYXQiOjE3MzA2Nzc2MzR9.YfGlKnj4ZkT8IbDY5k--lXybsT80ckzpfOBhPFLxUCI
DEBUG    tests.api.contact.test_api_contact:test_api_contact.py:64 Creating invalid contact: {'firstName': 'Will', 'lastName': 'Smith', 'birthdate': '1968-10-25', 'email': 'will.smith@mail.com', 'phone': '1234567890', 'street1': '1 Main St.', 'street2': 'Apartment A', 'city': 'New York', 'stateProvince': 'NY', 'postalCode': '11', 'country': 'USA'}
DEBUG    urllib3.connectionpool:connectionpool.py:1051 Starting new HTTPS connection (1): thinking-tester-contact-list.herokuapp.com:443
DEBUG    urllib3.connectionpool:connectionpool.py:546 https://thinking-tester-contact-list.herokuapp.com:443 "POST /contacts/ HTTP/11" 400 383
DEBUG    tests.api.contact.test_api_contact:test_api_contact.py:66 Received response text: {"errors":{"postalCode":{"name":"ValidatorError","message":"Postal code is invalid","properties":{"message":"Postal code is invalid","type":"user defined","path":"postalCode","value":"11","reason":{}},"kind":"user defined","path":"postalCode","value":"11","reason":{}}},"_message":"Contact validation failed","message":"Contact validation failed: postalCode: Postal code is invalid"}
INFO     tests.api.contact.test_api_contact:test_api_contact.py:69 Invalid contact was not created
DEBUG    util.admin.admin_api:admin_api.py:77 Deleting user with token: eyJhbGciOiJIUzI1NiIsInR5cCI6IkpXVCJ9.eyJfaWQiOiI2NzI4MGI4MGQxMjg2YjAwMTMyMmM5ZTkiLCJpYXQiOjE3MzA2Nzc2MzJ9.ICsIFmkpon0iyJcD9qVLXXCZCHmVdO22UN6mWzvq1Gk
DEBUG    urllib3.connectionpool:connectionpool.py:1051 Starting new HTTPS connection (1): thinking-tester-contact-list.herokuapp.com:443
DEBUG    urllib3.connectionpool:connectionpool.py:546 https://thinking-tester-contact-list.herokuapp.com:443 "DELETE /users/me HTTP/11" 200 0
DEBUG    util.admin.admin_api:admin_api.py:83 User deleted
INFO     tests.conftest:conftest.py:60 Deleted registered user
DEBUG    util.admin.admin_api:admin_api.py:33 Creating user: {'firstName': 'John', 'lastName': 'Green', 'email': 'john.green@mail.com', 'password': '1234567890'}
DEBUG    urllib3.connectionpool:connectionpool.py:1051 Starting new HTTPS connection (1): thinking-tester-contact-list.herokuapp.com:443
DEBUG    urllib3.connectionpool:connectionpool.py:546 https://thinking-tester-contact-list.herokuapp.com:443 "POST /users HTTP/11" 201 279
DEBUG    util.admin.admin_api:admin_api.py:39 Created user and received token: eyJhbGciOiJIUzI1NiIsInR5cCI6IkpXVCJ9.eyJfaWQiOiI2NzI4MGI4NWQxMjg2YjAwMTMyMmM5ZWMiLCJpYXQiOjE3MzA2Nzc2Mzd9.79AUMG8DvdD1UOP3YF8QmZ8kk65iCWCXjWY1ahAPOKk
INFO     tests.conftest:conftest.py:56 Created registered user
DEBUG    util.admin.admin_api:admin_api.py:43 Logging in user with credentials: {email: john.green@mail.com, password: 1234567890}
DEBUG    urllib3.connectionpool:connectionpool.py:1051 Starting new HTTPS connection (1): thinking-tester-contact-list.herokuapp.com:443
DEBUG    urllib3.connectionpool:connectionpool.py:546 https://thinking-tester-contact-list.herokuapp.com:443 "POST /users/login HTTP/11" 200 279
DEBUG    util.admin.admin_api:admin_api.py:53 Logged in and received token: eyJhbGciOiJIUzI1NiIsInR5cCI6IkpXVCJ9.eyJfaWQiOiI2NzI4MGI4NWQxMjg2YjAwMTMyMmM5ZWMiLCJpYXQiOjE3MzA2Nzc2Mzh9.xrvqwaEOvN-awynQsoGkjo_7WCmnhkPkLtswnq-SCxk
DEBUG    tests.api.contact.test_api_contact:test_api_contact.py:64 Creating invalid contact: {'firstName': 'Will', 'lastName': 'Smith', 'birthdate': '1968-10-25', 'email': 'will.smith@mail.com', 'phone': '1234567890', 'street1': '1 Main St.', 'street2': 'Apartment A', 'city': 'New York', 'stateProvince': 'NY', 'postalCode': '11111111', 'country': 'USA'}
DEBUG    urllib3.connectionpool:connectionpool.py:1051 Starting new HTTPS connection (1): thinking-tester-contact-list.herokuapp.com:443
DEBUG    urllib3.connectionpool:connectionpool.py:546 https://thinking-tester-contact-list.herokuapp.com:443 "POST /contacts/ HTTP/11" 400 395
DEBUG    tests.api.contact.test_api_contact:test_api_contact.py:66 Received response text: {"errors":{"postalCode":{"name":"ValidatorError","message":"Postal code is invalid","properties":{"message":"Postal code is invalid","type":"user defined","path":"postalCode","value":"11111111","reason":{}},"kind":"user defined","path":"postalCode","value":"11111111","reason":{}}},"_message":"Contact validation failed","message":"Contact validation failed: postalCode: Postal code is invalid"}
INFO     tests.api.contact.test_api_contact:test_api_contact.py:69 Invalid contact was not created
DEBUG    util.admin.admin_api:admin_api.py:77 Deleting user with token: eyJhbGciOiJIUzI1NiIsInR5cCI6IkpXVCJ9.eyJfaWQiOiI2NzI4MGI4NWQxMjg2YjAwMTMyMmM5ZWMiLCJpYXQiOjE3MzA2Nzc2Mzd9.79AUMG8DvdD1UOP3YF8QmZ8kk65iCWCXjWY1ahAPOKk
DEBUG    urllib3.connectionpool:connectionpool.py:1051 Starting new HTTPS connection (1): thinking-tester-contact-list.herokuapp.com:443
DEBUG    urllib3.connectionpool:connectionpool.py:546 https://thinking-tester-contact-list.herokuapp.com:443 "DELETE /users/me HTTP/11" 200 0
DEBUG    util.admin.admin_api:admin_api.py:83 User deleted
INFO     tests.conftest:conftest.py:60 Deleted registered user
DEBUG    util.admin.admin_api:admin_api.py:33 Creating user: {'firstName': 'John', 'lastName': 'Green', 'email': 'john.green@mail.com', 'password': '1234567890'}
DEBUG    urllib3.connectionpool:connectionpool.py:1051 Starting new HTTPS connection (1): thinking-tester-contact-list.herokuapp.com:443
DEBUG    urllib3.connectionpool:connectionpool.py:546 https://thinking-tester-contact-list.herokuapp.com:443 "POST /users HTTP/11" 201 279
DEBUG    util.admin.admin_api:admin_api.py:39 Created user and received token: eyJhbGciOiJIUzI1NiIsInR5cCI6IkpXVCJ9.eyJfaWQiOiI2NzI4MGI4YWQxMjg2YjAwMTMyMmM5ZWUiLCJpYXQiOjE3MzA2Nzc2NDJ9.cIiq5jbB3NGS5FyG0I8nap0flcMtVwIGSlyG_NNi2h0
INFO     tests.conftest:conftest.py:56 Created registered user
DEBUG    util.admin.admin_api:admin_api.py:43 Logging in user with credentials: {email: john.green@mail.com, password: 1234567890}
DEBUG    urllib3.connectionpool:connectionpool.py:1051 Starting new HTTPS connection (1): thinking-tester-contact-list.herokuapp.com:443
DEBUG    urllib3.connectionpool:connectionpool.py:546 https://thinking-tester-contact-list.herokuapp.com:443 "POST /users/login HTTP/11" 200 279
DEBUG    util.admin.admin_api:admin_api.py:53 Logged in and received token: eyJhbGciOiJIUzI1NiIsInR5cCI6IkpXVCJ9.eyJfaWQiOiI2NzI4MGI4YWQxMjg2YjAwMTMyMmM5ZWUiLCJpYXQiOjE3MzA2Nzc2NDN9.8_83VA_osx6DiTXk72IS3UP7FhCA43-w7lnDUZs_HpM
DEBUG    tests.api.contact.test_api_contact:test_api_contact.py:64 Creating invalid contact: {'firstName': 'Will', 'lastName': 'Smith', 'birthdate': '1968-10-25', 'email': 'will.smith@mail.com', 'phone': '1234567890', 'street1': '1 Main St.', 'street2': 'Apartment A', 'city': 'New York', 'stateProvince': 'NY', 'postalCode': '10118', 'country': 'aaaaaaaaaabbbbbbbbbbccccccccccdddddddddde'}
DEBUG    urllib3.connectionpool:connectionpool.py:1051 Starting new HTTPS connection (1): thinking-tester-contact-list.herokuapp.com:443
DEBUG    urllib3.connectionpool:connectionpool.py:546 https://thinking-tester-contact-list.herokuapp.com:443 "POST /contacts/ HTTP/11" 400 692
DEBUG    tests.api.contact.test_api_contact:test_api_contact.py:66 Received response text: {"errors":{"country":{"name":"ValidatorError","message":"Path `country` (`aaaaaaaaaabbbbbbbbbbccccccccccdddddddddde`) is longer than the maximum allowed length (40).","properties":{"message":"Path `country` (`aaaaaaaaaabbbbbbbbbbccccccccccdddddddddde`) is longer than the maximum allowed length (40).","type":"maxlength","maxlength":40,"path":"country","value":"aaaaaaaaaabbbbbbbbbbccccccccccdddddddddde"},"kind":"maxlength","path":"country","value":"aaaaaaaaaabbbbbbbbbbccccccccccdddddddddde"}},"_message":"Contact validation failed","message":"Contact validation failed: country: Path `country` (`aaaaaaaaaabbbbbbbbbbccccccccccdddddddddde`) is longer than the maximum allowed length (40)."}
INFO     tests.api.contact.test_api_contact:test_api_contact.py:69 Invalid contact was not created
DEBUG    util.admin.admin_api:admin_api.py:77 Deleting user with token: eyJhbGciOiJIUzI1NiIsInR5cCI6IkpXVCJ9.eyJfaWQiOiI2NzI4MGI4YWQxMjg2YjAwMTMyMmM5ZWUiLCJpYXQiOjE3MzA2Nzc2NDJ9.cIiq5jbB3NGS5FyG0I8nap0flcMtVwIGSlyG_NNi2h0
DEBUG    urllib3.connectionpool:connectionpool.py:1051 Starting new HTTPS connection (1): thinking-tester-contact-list.herokuapp.com:443
DEBUG    urllib3.connectionpool:connectionpool.py:546 https://thinking-tester-contact-list.herokuapp.com:443 "DELETE /users/me HTTP/11" 200 0
DEBUG    util.admin.admin_api:admin_api.py:83 User deleted
INFO     tests.conftest:conftest.py:60 Deleted registered user
DEBUG    util.admin.admin_api:admin_api.py:33 Creating user: {'firstName': 'John', 'lastName': 'Green', 'email': 'john.green@mail.com', 'password': '1234567890'}
DEBUG    urllib3.connectionpool:connectionpool.py:1051 Starting new HTTPS connection (1): thinking-tester-contact-list.herokuapp.com:443
DEBUG    urllib3.connectionpool:connectionpool.py:546 https://thinking-tester-contact-list.herokuapp.com:443 "POST /users HTTP/11" 201 279
DEBUG    util.admin.admin_api:admin_api.py:39 Created user and received token: eyJhbGciOiJIUzI1NiIsInR5cCI6IkpXVCJ9.eyJfaWQiOiI2NzI4MGI5MWJlZDRkYjAwMTM1YjExNjIiLCJpYXQiOjE3MzA2Nzc2NDl9.l7G5K8feUfgq6kbrx2eqfAKSFzRRV0fV_k9pUumY0BE
INFO     tests.conftest:conftest.py:56 Created registered user
DEBUG    util.admin.admin_api:admin_api.py:43 Logging in user with credentials: {email: john.green@mail.com, password: 1234567890}
DEBUG    urllib3.connectionpool:connectionpool.py:1051 Starting new HTTPS connection (1): thinking-tester-contact-list.herokuapp.com:443
DEBUG    urllib3.connectionpool:connectionpool.py:546 https://thinking-tester-contact-list.herokuapp.com:443 "POST /users/login HTTP/11" 200 279
DEBUG    util.admin.admin_api:admin_api.py:53 Logged in and received token: eyJhbGciOiJIUzI1NiIsInR5cCI6IkpXVCJ9.eyJfaWQiOiI2NzI4MGI5MWJlZDRkYjAwMTM1YjExNjIiLCJpYXQiOjE3MzA2Nzc2NTB9.DC0OClAwZrb33WPLSLEfOwqYBtnq0ctlI8zPLBe2yg4
DEBUG    util.admin.admin_api:admin_api.py:86 Using token: eyJhbGciOiJIUzI1NiIsInR5cCI6IkpXVCJ9.eyJfaWQiOiI2NzI4MGI5MWJlZDRkYjAwMTM1YjExNjIiLCJpYXQiOjE3MzA2Nzc2NTB9.DC0OClAwZrb33WPLSLEfOwqYBtnq0ctlI8zPLBe2yg4. Creating contact: {'firstName': 'Will', 'lastName': 'Smith', 'birthdate': '1968-09-25', 'email': 'will.smith@mail.com', 'phone': '1234567890', 'street1': '1 Main St.', 'street2': 'Apartment A', 'city': 'New York', 'stateProvince': 'NY', 'postalCode': '10118', 'country': 'USA'}
DEBUG    urllib3.connectionpool:connectionpool.py:1051 Starting new HTTPS connection (1): thinking-tester-contact-list.herokuapp.com:443
DEBUG    urllib3.connectionpool:connectionpool.py:546 https://thinking-tester-contact-list.herokuapp.com:443 "POST /contacts HTTP/11" 201 314
DEBUG    util.admin.admin_api:admin_api.py:93 Contact created: {'_id': '67280b93d1286b001322c9f1', 'firstName': 'Will', 'lastName': 'Smith', 'birthdate': '1968-09-25', 'email': 'will.smith@mail.com', 'phone': '1234567890', 'street1': '1 Main St.', 'street2': 'Apartment A', 'city': 'New York', 'stateProvince': 'NY', 'postalCode': '10118', 'country': 'USA', 'owner': '67280b91bed4db00135b1162', '__v': 0}
INFO     tests.api.contact.conftest:conftest.py:41 Created default contact
DEBUG    tests.api.contact.test_api_contact:test_api_contact.py:77 Getting contact: {'_id': '67280b93d1286b001322c9f1', 'firstName': 'Will', 'lastName': 'Smith', 'birthdate': '1968-09-25', 'email': 'will.smith@mail.com', 'phone': '1234567890', 'street1': '1 Main St.', 'street2': 'Apartment A', 'city': 'New York', 'stateProvince': 'NY', 'postalCode': '10118', 'country': 'USA', 'owner': '67280b91bed4db00135b1162', '__v': 0}
DEBUG    urllib3.connectionpool:connectionpool.py:1051 Starting new HTTPS connection (1): thinking-tester-contact-list.herokuapp.com:443
DEBUG    urllib3.connectionpool:connectionpool.py:546 https://thinking-tester-contact-list.herokuapp.com:443 "GET /contacts/67280b93d1286b001322c9f1 HTTP/11" 200 314
DEBUG    tests.api.contact.test_api_contact:test_api_contact.py:79 Received response text: {"_id":"67280b93d1286b001322c9f1","firstName":"Will","lastName":"Smith","birthdate":"1968-09-25","email":"will.smith@mail.com","phone":"1234567890","street1":"1 Main St.","street2":"Apartment A","city":"New York","stateProvince":"NY","postalCode":"10118","country":"USA","owner":"67280b91bed4db00135b1162","__v":0}
INFO     tests.api.contact.test_api_contact:test_api_contact.py:82 Response status code and headers are correct
INFO     tests.api.contact.test_api_contact:test_api_contact.py:86 Successfully received contact
DEBUG    util.admin.admin_api:admin_api.py:108 Deleting contact with id: 67280b93d1286b001322c9f1 using token: eyJhbGciOiJIUzI1NiIsInR5cCI6IkpXVCJ9.eyJfaWQiOiI2NzI4MGI5MWJlZDRkYjAwMTM1YjExNjIiLCJpYXQiOjE3MzA2Nzc2NTB9.DC0OClAwZrb33WPLSLEfOwqYBtnq0ctlI8zPLBe2yg4
DEBUG    urllib3.connectionpool:connectionpool.py:1051 Starting new HTTPS connection (1): thinking-tester-contact-list.herokuapp.com:443
DEBUG    urllib3.connectionpool:connectionpool.py:546 https://thinking-tester-contact-list.herokuapp.com:443 "DELETE /contacts/67280b93d1286b001322c9f1 HTTP/11" 200 15
DEBUG    util.admin.admin_api:admin_api.py:114 Contact deleted
INFO     tests.api.contact.conftest:conftest.py:44 Deleted default contact
DEBUG    util.admin.admin_api:admin_api.py:77 Deleting user with token: eyJhbGciOiJIUzI1NiIsInR5cCI6IkpXVCJ9.eyJfaWQiOiI2NzI4MGI5MWJlZDRkYjAwMTM1YjExNjIiLCJpYXQiOjE3MzA2Nzc2NDl9.l7G5K8feUfgq6kbrx2eqfAKSFzRRV0fV_k9pUumY0BE
DEBUG    urllib3.connectionpool:connectionpool.py:1051 Starting new HTTPS connection (1): thinking-tester-contact-list.herokuapp.com:443
DEBUG    urllib3.connectionpool:connectionpool.py:546 https://thinking-tester-contact-list.herokuapp.com:443 "DELETE /users/me HTTP/11" 200 0
DEBUG    util.admin.admin_api:admin_api.py:83 User deleted
INFO     tests.conftest:conftest.py:60 Deleted registered user
DEBUG    util.admin.admin_api:admin_api.py:33 Creating user: {'firstName': 'John', 'lastName': 'Green', 'email': 'john.green@mail.com', 'password': '1234567890'}
DEBUG    urllib3.connectionpool:connectionpool.py:1051 Starting new HTTPS connection (1): thinking-tester-contact-list.herokuapp.com:443
DEBUG    urllib3.connectionpool:connectionpool.py:546 https://thinking-tester-contact-list.herokuapp.com:443 "POST /users HTTP/11" 201 279
DEBUG    util.admin.admin_api:admin_api.py:39 Created user and received token: eyJhbGciOiJIUzI1NiIsInR5cCI6IkpXVCJ9.eyJfaWQiOiI2NzI4MGI5OGQxMjg2YjAwMTMyMmM5ZjIiLCJpYXQiOjE3MzA2Nzc2NTZ9.e824_rfJ2LieFyzYxNpORgxlU9j9eWgLUJdiIOH49Qw
INFO     tests.conftest:conftest.py:56 Created registered user
DEBUG    util.admin.admin_api:admin_api.py:43 Logging in user with credentials: {email: john.green@mail.com, password: 1234567890}
DEBUG    urllib3.connectionpool:connectionpool.py:1051 Starting new HTTPS connection (1): thinking-tester-contact-list.herokuapp.com:443
DEBUG    urllib3.connectionpool:connectionpool.py:546 https://thinking-tester-contact-list.herokuapp.com:443 "POST /users/login HTTP/11" 200 279
DEBUG    util.admin.admin_api:admin_api.py:53 Logged in and received token: eyJhbGciOiJIUzI1NiIsInR5cCI6IkpXVCJ9.eyJfaWQiOiI2NzI4MGI5OGQxMjg2YjAwMTMyMmM5ZjIiLCJpYXQiOjE3MzA2Nzc2NTd9.vlcLZl4uRkCx6Sxuau-G9uY4x6JsYB7w4wW2uJ2YLKs
DEBUG    util.admin.admin_api:admin_api.py:86 Using token: eyJhbGciOiJIUzI1NiIsInR5cCI6IkpXVCJ9.eyJfaWQiOiI2NzI4MGI5OGQxMjg2YjAwMTMyMmM5ZjIiLCJpYXQiOjE3MzA2Nzc2NTd9.vlcLZl4uRkCx6Sxuau-G9uY4x6JsYB7w4wW2uJ2YLKs. Creating contact: {'firstName': 'Will', 'lastName': 'Smith', 'birthdate': '1968-09-25', 'email': 'will.smith@mail.com', 'phone': '1234567890', 'street1': '1 Main St.', 'street2': 'Apartment A', 'city': 'New York', 'stateProvince': 'NY', 'postalCode': '10118', 'country': 'USA'}
DEBUG    urllib3.connectionpool:connectionpool.py:1051 Starting new HTTPS connection (1): thinking-tester-contact-list.herokuapp.com:443
DEBUG    urllib3.connectionpool:connectionpool.py:546 https://thinking-tester-contact-list.herokuapp.com:443 "POST /contacts HTTP/11" 201 314
DEBUG    util.admin.admin_api:admin_api.py:93 Contact created: {'_id': '67280b9bd1286b001322c9f4', 'firstName': 'Will', 'lastName': 'Smith', 'birthdate': '1968-09-25', 'email': 'will.smith@mail.com', 'phone': '1234567890', 'street1': '1 Main St.', 'street2': 'Apartment A', 'city': 'New York', 'stateProvince': 'NY', 'postalCode': '10118', 'country': 'USA', 'owner': '67280b98d1286b001322c9f2', '__v': 0}
INFO     tests.api.contact.conftest:conftest.py:41 Created default contact
DEBUG    tests.api.contact.test_api_contact:test_api_contact.py:89 Getting contact: {'_id': '67280b9bd1286b001322c9f4', 'firstName': 'Will', 'lastName': 'Smith', 'birthdate': '1968-09-25', 'email': 'will.smith@mail.com', 'phone': '1234567890', 'street1': '1 Main St.', 'street2': 'Apartment A', 'city': 'New York', 'stateProvince': 'NY', 'postalCode': '10118', 'country': 'USA', 'owner': '67280b98d1286b001322c9f2', '__v': 0}
DEBUG    urllib3.connectionpool:connectionpool.py:1051 Starting new HTTPS connection (1): thinking-tester-contact-list.herokuapp.com:443
DEBUG    urllib3.connectionpool:connectionpool.py:546 https://thinking-tester-contact-list.herokuapp.com:443 "GET /contacts/67280b9bd1286b001322c9f4 HTTP/11" 401 32
DEBUG    tests.api.contact.test_api_contact:test_api_contact.py:91 Received response text: {"error":"Please authenticate."}
INFO     tests.api.contact.test_api_contact:test_api_contact.py:93 Can't get contact without authorization as it is intended
DEBUG    util.admin.admin_api:admin_api.py:108 Deleting contact with id: 67280b9bd1286b001322c9f4 using token: eyJhbGciOiJIUzI1NiIsInR5cCI6IkpXVCJ9.eyJfaWQiOiI2NzI4MGI5OGQxMjg2YjAwMTMyMmM5ZjIiLCJpYXQiOjE3MzA2Nzc2NTd9.vlcLZl4uRkCx6Sxuau-G9uY4x6JsYB7w4wW2uJ2YLKs
DEBUG    urllib3.connectionpool:connectionpool.py:1051 Starting new HTTPS connection (1): thinking-tester-contact-list.herokuapp.com:443
DEBUG    urllib3.connectionpool:connectionpool.py:546 https://thinking-tester-contact-list.herokuapp.com:443 "DELETE /contacts/67280b9bd1286b001322c9f4 HTTP/11" 200 15
DEBUG    util.admin.admin_api:admin_api.py:114 Contact deleted
INFO     tests.api.contact.conftest:conftest.py:44 Deleted default contact
DEBUG    util.admin.admin_api:admin_api.py:77 Deleting user with token: eyJhbGciOiJIUzI1NiIsInR5cCI6IkpXVCJ9.eyJfaWQiOiI2NzI4MGI5OGQxMjg2YjAwMTMyMmM5ZjIiLCJpYXQiOjE3MzA2Nzc2NTZ9.e824_rfJ2LieFyzYxNpORgxlU9j9eWgLUJdiIOH49Qw
DEBUG    urllib3.connectionpool:connectionpool.py:1051 Starting new HTTPS connection (1): thinking-tester-contact-list.herokuapp.com:443
DEBUG    urllib3.connectionpool:connectionpool.py:546 https://thinking-tester-contact-list.herokuapp.com:443 "DELETE /users/me HTTP/11" 200 0
DEBUG    util.admin.admin_api:admin_api.py:83 User deleted
INFO     tests.conftest:conftest.py:60 Deleted registered user
DEBUG    util.admin.admin_api:admin_api.py:33 Creating user: {'firstName': 'John', 'lastName': 'Green', 'email': 'john.green@mail.com', 'password': '1234567890'}
DEBUG    urllib3.connectionpool:connectionpool.py:1051 Starting new HTTPS connection (1): thinking-tester-contact-list.herokuapp.com:443
DEBUG    urllib3.connectionpool:connectionpool.py:546 https://thinking-tester-contact-list.herokuapp.com:443 "POST /users HTTP/11" 201 279
DEBUG    util.admin.admin_api:admin_api.py:39 Created user and received token: eyJhbGciOiJIUzI1NiIsInR5cCI6IkpXVCJ9.eyJfaWQiOiI2NzI4MGI5ZmQxMjg2YjAwMTMyMmM5ZjUiLCJpYXQiOjE3MzA2Nzc2NjN9.v1Kd7To3T9ZcFU9OENVZhIOOfHE1Es3bardIr2Gkrc4
INFO     tests.conftest:conftest.py:56 Created registered user
DEBUG    util.admin.admin_api:admin_api.py:43 Logging in user with credentials: {email: john.green@mail.com, password: 1234567890}
DEBUG    urllib3.connectionpool:connectionpool.py:1051 Starting new HTTPS connection (1): thinking-tester-contact-list.herokuapp.com:443
DEBUG    urllib3.connectionpool:connectionpool.py:546 https://thinking-tester-contact-list.herokuapp.com:443 "POST /users/login HTTP/11" 200 279
DEBUG    util.admin.admin_api:admin_api.py:53 Logged in and received token: eyJhbGciOiJIUzI1NiIsInR5cCI6IkpXVCJ9.eyJfaWQiOiI2NzI4MGI5ZmQxMjg2YjAwMTMyMmM5ZjUiLCJpYXQiOjE3MzA2Nzc2NjV9.fo-VzLophLuv5Bn0Vw8ouCaLlCDgriOKvxa0ESz4CWE
DEBUG    util.admin.admin_api:admin_api.py:86 Using token: eyJhbGciOiJIUzI1NiIsInR5cCI6IkpXVCJ9.eyJfaWQiOiI2NzI4MGI5ZmQxMjg2YjAwMTMyMmM5ZjUiLCJpYXQiOjE3MzA2Nzc2NjV9.fo-VzLophLuv5Bn0Vw8ouCaLlCDgriOKvxa0ESz4CWE. Creating contact: {'firstName': 'Will', 'lastName': 'Smith', 'birthdate': '1968-09-25', 'email': 'will.smith@mail.com', 'phone': '1234567890', 'street1': '1 Main St.', 'street2': 'Apartment A', 'city': 'New York', 'stateProvince': 'NY', 'postalCode': '10118', 'country': 'USA'}
DEBUG    urllib3.connectionpool:connectionpool.py:1051 Starting new HTTPS connection (1): thinking-tester-contact-list.herokuapp.com:443
DEBUG    urllib3.connectionpool:connectionpool.py:546 https://thinking-tester-contact-list.herokuapp.com:443 "POST /contacts HTTP/11" 201 314
DEBUG    util.admin.admin_api:admin_api.py:93 Contact created: {'_id': '67280ba2bed4db00135b1166', 'firstName': 'Will', 'lastName': 'Smith', 'birthdate': '1968-09-25', 'email': 'will.smith@mail.com', 'phone': '1234567890', 'street1': '1 Main St.', 'street2': 'Apartment A', 'city': 'New York', 'stateProvince': 'NY', 'postalCode': '10118', 'country': 'USA', 'owner': '67280b9fd1286b001322c9f5', '__v': 0}
DEBUG    util.admin.admin_api:admin_api.py:86 Using token: eyJhbGciOiJIUzI1NiIsInR5cCI6IkpXVCJ9.eyJfaWQiOiI2NzI4MGI5ZmQxMjg2YjAwMTMyMmM5ZjUiLCJpYXQiOjE3MzA2Nzc2NjV9.fo-VzLophLuv5Bn0Vw8ouCaLlCDgriOKvxa0ESz4CWE. Creating contact: {'firstName': 'Bob', 'lastName': 'Ross', 'birthdate': '1942-10-29', 'email': 'bob.ross@mail.com', 'phone': '1234567890', 'street1': 'Kingston Ave, 706', 'city': 'Daytona Beach', 'stateProvince': 'FL', 'postalCode': '22222', 'country': 'USA'}
DEBUG    urllib3.connectionpool:connectionpool.py:1051 Starting new HTTPS connection (1): thinking-tester-contact-list.herokuapp.com:443
DEBUG    urllib3.connectionpool:connectionpool.py:546 https://thinking-tester-contact-list.herokuapp.com:443 "POST /contacts HTTP/11" 201 298
DEBUG    util.admin.admin_api:admin_api.py:93 Contact created: {'_id': '67280ba4bed4db00135b1167', 'firstName': 'Bob', 'lastName': 'Ross', 'birthdate': '1942-10-29', 'email': 'bob.ross@mail.com', 'phone': '1234567890', 'street1': 'Kingston Ave, 706', 'city': 'Daytona Beach', 'stateProvince': 'FL', 'postalCode': '22222', 'country': 'USA', 'owner': '67280b9fd1286b001322c9f5', '__v': 0}
DEBUG    util.admin.admin_api:admin_api.py:86 Using token: eyJhbGciOiJIUzI1NiIsInR5cCI6IkpXVCJ9.eyJfaWQiOiI2NzI4MGI5ZmQxMjg2YjAwMTMyMmM5ZjUiLCJpYXQiOjE3MzA2Nzc2NjV9.fo-VzLophLuv5Bn0Vw8ouCaLlCDgriOKvxa0ESz4CWE. Creating contact: {'firstName': 'Bob', 'lastName': 'Dylan'}
DEBUG    urllib3.connectionpool:connectionpool.py:1051 Starting new HTTPS connection (1): thinking-tester-contact-list.herokuapp.com:443
DEBUG    urllib3.connectionpool:connectionpool.py:546 https://thinking-tester-contact-list.herokuapp.com:443 "POST /contacts HTTP/11" 201 114
DEBUG    util.admin.admin_api:admin_api.py:93 Contact created: {'_id': '67280ba5bed4db00135b1168', 'firstName': 'Bob', 'lastName': 'Dylan', 'owner': '67280b9fd1286b001322c9f5', '__v': 0}
INFO     tests.api.contact.conftest:conftest.py:51 Created default contact list
DEBUG    tests.api.contact.test_api_contact:test_api_contact.py:96 Getting contact list: [{'_id': '67280ba2bed4db00135b1166', 'firstName': 'Will', 'lastName': 'Smith', 'birthdate': '1968-09-25', 'email': 'will.smith@mail.com', 'phone': '1234567890', 'street1': '1 Main St.', 'street2': 'Apartment A', 'city': 'New York', 'stateProvince': 'NY', 'postalCode': '10118', 'country': 'USA', 'owner': '67280b9fd1286b001322c9f5', '__v': 0}, {'_id': '67280ba4bed4db00135b1167', 'firstName': 'Bob', 'lastName': 'Ross', 'birthdate': '1942-10-29', 'email': 'bob.ross@mail.com', 'phone': '1234567890', 'street1': 'Kingston Ave, 706', 'city': 'Daytona Beach', 'stateProvince': 'FL', 'postalCode': '22222', 'country': 'USA', 'owner': '67280b9fd1286b001322c9f5', '__v': 0}, {'_id': '67280ba5bed4db00135b1168', 'firstName': 'Bob', 'lastName': 'Dylan', 'owner': '67280b9fd1286b001322c9f5', '__v': 0}]
DEBUG    urllib3.connectionpool:connectionpool.py:1051 Starting new HTTPS connection (1): thinking-tester-contact-list.herokuapp.com:443
DEBUG    urllib3.connectionpool:connectionpool.py:546 https://thinking-tester-contact-list.herokuapp.com:443 "GET /contacts/ HTTP/11" 200 730
DEBUG    tests.api.contact.test_api_contact:test_api_contact.py:98 Received response text: [{"_id":"67280ba5bed4db00135b1168","firstName":"Bob","lastName":"Dylan","owner":"67280b9fd1286b001322c9f5","__v":0},{"_id":"67280ba4bed4db00135b1167","firstName":"Bob","lastName":"Ross","birthdate":"1942-10-29","email":"bob.ross@mail.com","phone":"1234567890","street1":"Kingston Ave, 706","city":"Daytona Beach","stateProvince":"FL","postalCode":"22222","country":"USA","owner":"67280b9fd1286b001322c9f5","__v":0},{"_id":"67280ba2bed4db00135b1166","firstName":"Will","lastName":"Smith","birthdate":"1968-09-25","email":"will.smith@mail.com","phone":"1234567890","street1":"1 Main St.","street2":"Apartment A","city":"New York","stateProvince":"NY","postalCode":"10118","country":"USA","owner":"67280b9fd1286b001322c9f5","__v":0}]
INFO     tests.api.contact.test_api_contact:test_api_contact.py:101 Response status code and headers are correct
INFO     tests.api.contact.test_api_contact:test_api_contact.py:107 Successfully received contact
DEBUG    util.admin.admin_api:admin_api.py:128 Deleting contact list using token: eyJhbGciOiJIUzI1NiIsInR5cCI6IkpXVCJ9.eyJfaWQiOiI2NzI4MGI5ZmQxMjg2YjAwMTMyMmM5ZjUiLCJpYXQiOjE3MzA2Nzc2NjV9.fo-VzLophLuv5Bn0Vw8ouCaLlCDgriOKvxa0ESz4CWE
DEBUG    urllib3.connectionpool:connectionpool.py:1051 Starting new HTTPS connection (1): thinking-tester-contact-list.herokuapp.com:443
DEBUG    urllib3.connectionpool:connectionpool.py:546 https://thinking-tester-contact-list.herokuapp.com:443 "DELETE /contacts HTTP/11" 503 506
DEBUG    util.admin.admin_api:admin_api.py:77 Deleting user with token: eyJhbGciOiJIUzI1NiIsInR5cCI6IkpXVCJ9.eyJfaWQiOiI2NzI4MGI5ZmQxMjg2YjAwMTMyMmM5ZjUiLCJpYXQiOjE3MzA2Nzc2NjN9.v1Kd7To3T9ZcFU9OENVZhIOOfHE1Es3bardIr2Gkrc4
DEBUG    urllib3.connectionpool:connectionpool.py:1051 Starting new HTTPS connection (1): thinking-tester-contact-list.herokuapp.com:443
DEBUG    urllib3.connectionpool:connectionpool.py:546 https://thinking-tester-contact-list.herokuapp.com:443 "DELETE /users/me HTTP/11" 200 0
DEBUG    util.admin.admin_api:admin_api.py:83 User deleted
INFO     tests.conftest:conftest.py:60 Deleted registered user
DEBUG    util.admin.admin_api:admin_api.py:33 Creating user: {'firstName': 'John', 'lastName': 'Green', 'email': 'john.green@mail.com', 'password': '1234567890'}
DEBUG    urllib3.connectionpool:connectionpool.py:1051 Starting new HTTPS connection (1): thinking-tester-contact-list.herokuapp.com:443
DEBUG    urllib3.connectionpool:connectionpool.py:546 https://thinking-tester-contact-list.herokuapp.com:443 "POST /users HTTP/11" 201 279
DEBUG    util.admin.admin_api:admin_api.py:39 Created user and received token: eyJhbGciOiJIUzI1NiIsInR5cCI6IkpXVCJ9.eyJfaWQiOiI2NzI4MGJjN2JlZDRkYjAwMTM1YjExNjkiLCJpYXQiOjE3MzA2Nzc3MDN9.vvNuW6-1PAwhBt-P9HmI-kFzMKB7U_Qt-uHxtmnZgK4
INFO     tests.conftest:conftest.py:56 Created registered user
DEBUG    util.admin.admin_api:admin_api.py:43 Logging in user with credentials: {email: john.green@mail.com, password: 1234567890}
DEBUG    urllib3.connectionpool:connectionpool.py:1051 Starting new HTTPS connection (1): thinking-tester-contact-list.herokuapp.com:443
DEBUG    urllib3.connectionpool:connectionpool.py:546 https://thinking-tester-contact-list.herokuapp.com:443 "POST /users/login HTTP/11" 200 279
DEBUG    util.admin.admin_api:admin_api.py:53 Logged in and received token: eyJhbGciOiJIUzI1NiIsInR5cCI6IkpXVCJ9.eyJfaWQiOiI2NzI4MGJjN2JlZDRkYjAwMTM1YjExNjkiLCJpYXQiOjE3MzA2Nzc3MDR9.pcl6_U5bxYbTzCyxfdJirGIUVX_xmtN0IOKqtSD7kpE
DEBUG    util.admin.admin_api:admin_api.py:86 Using token: eyJhbGciOiJIUzI1NiIsInR5cCI6IkpXVCJ9.eyJfaWQiOiI2NzI4MGJjN2JlZDRkYjAwMTM1YjExNjkiLCJpYXQiOjE3MzA2Nzc3MDR9.pcl6_U5bxYbTzCyxfdJirGIUVX_xmtN0IOKqtSD7kpE. Creating contact: {'firstName': 'Will', 'lastName': 'Smith', 'birthdate': '1968-09-25', 'email': 'will.smith@mail.com', 'phone': '1234567890', 'street1': '1 Main St.', 'street2': 'Apartment A', 'city': 'New York', 'stateProvince': 'NY', 'postalCode': '10118', 'country': 'USA'}
DEBUG    urllib3.connectionpool:connectionpool.py:1051 Starting new HTTPS connection (1): thinking-tester-contact-list.herokuapp.com:443
DEBUG    urllib3.connectionpool:connectionpool.py:546 https://thinking-tester-contact-list.herokuapp.com:443 "POST /contacts HTTP/11" 201 314
DEBUG    util.admin.admin_api:admin_api.py:93 Contact created: {'_id': '67280bc9d1286b001322c9f9', 'firstName': 'Will', 'lastName': 'Smith', 'birthdate': '1968-09-25', 'email': 'will.smith@mail.com', 'phone': '1234567890', 'street1': '1 Main St.', 'street2': 'Apartment A', 'city': 'New York', 'stateProvince': 'NY', 'postalCode': '10118', 'country': 'USA', 'owner': '67280bc7bed4db00135b1169', '__v': 0}
INFO     tests.api.contact.conftest:conftest.py:41 Created default contact
DEBUG    tests.api.contact.test_api_contact:test_api_contact.py:110 Updating contact with {'firstName': 'Will_updated', 'lastName': 'Smith_updated', 'birthdate': '1970-10-25', 'email': 'will.smith_updated@mail.com', 'phone': '1234567890', 'street1': 'Eiffel Tower 35', 'street2': 'House 33', 'city': 'Paris', 'stateProvince': 'PR', 'postalCode': '333333', 'country': 'France'}
DEBUG    urllib3.connectionpool:connectionpool.py:1051 Starting new HTTPS connection (1): thinking-tester-contact-list.herokuapp.com:443
DEBUG    urllib3.connectionpool:connectionpool.py:546 https://thinking-tester-contact-list.herokuapp.com:443 "PUT /contacts/67280bc9d1286b001322c9f9 HTTP/11" 200 341
DEBUG    tests.api.contact.test_api_contact:test_api_contact.py:112 Received response text: {"_id":"67280bc9d1286b001322c9f9","firstName":"Will_updated","lastName":"Smith_updated","birthdate":"1970-10-25","email":"will.smith_updated@mail.com","phone":"1234567890","street1":"Eiffel Tower 35","street2":"House 33","city":"Paris","stateProvince":"PR","postalCode":"333333","country":"France","owner":"67280bc7bed4db00135b1169","__v":0}
INFO     tests.api.contact.test_api_contact:test_api_contact.py:115 Response status code and headers are correct
INFO     tests.api.contact.test_api_contact:test_api_contact.py:119 Response with updated contact is correct
DEBUG    util.admin.admin_api:admin_api.py:97 Getting contact with id: 67280bc9d1286b001322c9f9 using token: eyJhbGciOiJIUzI1NiIsInR5cCI6IkpXVCJ9.eyJfaWQiOiI2NzI4MGJjN2JlZDRkYjAwMTM1YjExNjkiLCJpYXQiOjE3MzA2Nzc3MDR9.pcl6_U5bxYbTzCyxfdJirGIUVX_xmtN0IOKqtSD7kpE
DEBUG    urllib3.connectionpool:connectionpool.py:1051 Starting new HTTPS connection (1): thinking-tester-contact-list.herokuapp.com:443
DEBUG    urllib3.connectionpool:connectionpool.py:546 https://thinking-tester-contact-list.herokuapp.com:443 "GET /contacts/67280bc9d1286b001322c9f9 HTTP/11" 200 341
DEBUG    util.admin.admin_api:admin_api.py:104 Received contact: {'_id': '67280bc9d1286b001322c9f9', 'firstName': 'Will_updated', 'lastName': 'Smith_updated', 'birthdate': '1970-10-25', 'email': 'will.smith_updated@mail.com', 'phone': '1234567890', 'street1': 'Eiffel Tower 35', 'street2': 'House 33', 'city': 'Paris', 'stateProvince': 'PR', 'postalCode': '333333', 'country': 'France', 'owner': '67280bc7bed4db00135b1169', '__v': 0}
INFO     tests.api.contact.test_api_contact:test_api_contact.py:123 Successfully received contact with updated fields
DEBUG    util.admin.admin_api:admin_api.py:108 Deleting contact with id: 67280bc9d1286b001322c9f9 using token: eyJhbGciOiJIUzI1NiIsInR5cCI6IkpXVCJ9.eyJfaWQiOiI2NzI4MGJjN2JlZDRkYjAwMTM1YjExNjkiLCJpYXQiOjE3MzA2Nzc3MDR9.pcl6_U5bxYbTzCyxfdJirGIUVX_xmtN0IOKqtSD7kpE
DEBUG    urllib3.connectionpool:connectionpool.py:1051 Starting new HTTPS connection (1): thinking-tester-contact-list.herokuapp.com:443
DEBUG    urllib3.connectionpool:connectionpool.py:546 https://thinking-tester-contact-list.herokuapp.com:443 "DELETE /contacts/67280bc9d1286b001322c9f9 HTTP/11" 200 15
DEBUG    util.admin.admin_api:admin_api.py:114 Contact deleted
INFO     tests.api.contact.conftest:conftest.py:44 Deleted default contact
DEBUG    util.admin.admin_api:admin_api.py:77 Deleting user with token: eyJhbGciOiJIUzI1NiIsInR5cCI6IkpXVCJ9.eyJfaWQiOiI2NzI4MGJjN2JlZDRkYjAwMTM1YjExNjkiLCJpYXQiOjE3MzA2Nzc3MDN9.vvNuW6-1PAwhBt-P9HmI-kFzMKB7U_Qt-uHxtmnZgK4
DEBUG    urllib3.connectionpool:connectionpool.py:1051 Starting new HTTPS connection (1): thinking-tester-contact-list.herokuapp.com:443
DEBUG    urllib3.connectionpool:connectionpool.py:546 https://thinking-tester-contact-list.herokuapp.com:443 "DELETE /users/me HTTP/11" 200 0
DEBUG    util.admin.admin_api:admin_api.py:83 User deleted
INFO     tests.conftest:conftest.py:60 Deleted registered user
DEBUG    util.admin.admin_api:admin_api.py:33 Creating user: {'firstName': 'John', 'lastName': 'Green', 'email': 'john.green@mail.com', 'password': '1234567890'}
DEBUG    urllib3.connectionpool:connectionpool.py:1051 Starting new HTTPS connection (1): thinking-tester-contact-list.herokuapp.com:443
DEBUG    urllib3.connectionpool:connectionpool.py:546 https://thinking-tester-contact-list.herokuapp.com:443 "POST /users HTTP/11" 201 279
DEBUG    util.admin.admin_api:admin_api.py:39 Created user and received token: eyJhbGciOiJIUzI1NiIsInR5cCI6IkpXVCJ9.eyJfaWQiOiI2NzI4MGJjZmQxMjg2YjAwMTMyMmM5ZmEiLCJpYXQiOjE3MzA2Nzc3MTF9.XIc23_Puk7RdBfpsZSQn4NIjjx-wdLiiIgy8x_thW1g
INFO     tests.conftest:conftest.py:56 Created registered user
DEBUG    util.admin.admin_api:admin_api.py:43 Logging in user with credentials: {email: john.green@mail.com, password: 1234567890}
DEBUG    urllib3.connectionpool:connectionpool.py:1051 Starting new HTTPS connection (1): thinking-tester-contact-list.herokuapp.com:443
DEBUG    urllib3.connectionpool:connectionpool.py:546 https://thinking-tester-contact-list.herokuapp.com:443 "POST /users/login HTTP/11" 200 279
DEBUG    util.admin.admin_api:admin_api.py:53 Logged in and received token: eyJhbGciOiJIUzI1NiIsInR5cCI6IkpXVCJ9.eyJfaWQiOiI2NzI4MGJjZmQxMjg2YjAwMTMyMmM5ZmEiLCJpYXQiOjE3MzA2Nzc3MTJ9.eR9tMRdm0ngrKhm_EsXcEbUmgKeT3piIC4gQvTWw71s
DEBUG    util.admin.admin_api:admin_api.py:86 Using token: eyJhbGciOiJIUzI1NiIsInR5cCI6IkpXVCJ9.eyJfaWQiOiI2NzI4MGJjZmQxMjg2YjAwMTMyMmM5ZmEiLCJpYXQiOjE3MzA2Nzc3MTJ9.eR9tMRdm0ngrKhm_EsXcEbUmgKeT3piIC4gQvTWw71s. Creating contact: {'firstName': 'Will', 'lastName': 'Smith', 'birthdate': '1968-09-25', 'email': 'will.smith@mail.com', 'phone': '1234567890', 'street1': '1 Main St.', 'street2': 'Apartment A', 'city': 'New York', 'stateProvince': 'NY', 'postalCode': '10118', 'country': 'USA'}
DEBUG    urllib3.connectionpool:connectionpool.py:1051 Starting new HTTPS connection (1): thinking-tester-contact-list.herokuapp.com:443
DEBUG    urllib3.connectionpool:connectionpool.py:546 https://thinking-tester-contact-list.herokuapp.com:443 "POST /contacts HTTP/11" 201 314
DEBUG    util.admin.admin_api:admin_api.py:93 Contact created: {'_id': '67280bd1bed4db00135b116b', 'firstName': 'Will', 'lastName': 'Smith', 'birthdate': '1968-09-25', 'email': 'will.smith@mail.com', 'phone': '1234567890', 'street1': '1 Main St.', 'street2': 'Apartment A', 'city': 'New York', 'stateProvince': 'NY', 'postalCode': '10118', 'country': 'USA', 'owner': '67280bcfd1286b001322c9fa', '__v': 0}
INFO     tests.api.contact.conftest:conftest.py:41 Created default contact
DEBUG    tests.api.contact.test_api_contact:test_api_contact.py:110 Updating contact with {'firstName': 'Will', 'lastName': 'Smith', 'birthdate': '1968-09-25', 'email': 'will.smith@mail.com', 'phone': '1234567890', 'street1': '1 Main St.', 'street2': 'Apartment A', 'city': 'New York', 'stateProvince': 'NY', 'postalCode': '10118', 'country': 'USA'}
DEBUG    urllib3.connectionpool:connectionpool.py:1051 Starting new HTTPS connection (1): thinking-tester-contact-list.herokuapp.com:443
DEBUG    urllib3.connectionpool:connectionpool.py:546 https://thinking-tester-contact-list.herokuapp.com:443 "PUT /contacts/67280bd1bed4db00135b116b HTTP/11" 200 314
DEBUG    tests.api.contact.test_api_contact:test_api_contact.py:112 Received response text: {"_id":"67280bd1bed4db00135b116b","firstName":"Will","lastName":"Smith","birthdate":"1968-09-25","email":"will.smith@mail.com","phone":"1234567890","street1":"1 Main St.","street2":"Apartment A","city":"New York","stateProvince":"NY","postalCode":"10118","country":"USA","owner":"67280bcfd1286b001322c9fa","__v":0}
INFO     tests.api.contact.test_api_contact:test_api_contact.py:115 Response status code and headers are correct
INFO     tests.api.contact.test_api_contact:test_api_contact.py:119 Response with updated contact is correct
DEBUG    util.admin.admin_api:admin_api.py:97 Getting contact with id: 67280bd1bed4db00135b116b using token: eyJhbGciOiJIUzI1NiIsInR5cCI6IkpXVCJ9.eyJfaWQiOiI2NzI4MGJjZmQxMjg2YjAwMTMyMmM5ZmEiLCJpYXQiOjE3MzA2Nzc3MTJ9.eR9tMRdm0ngrKhm_EsXcEbUmgKeT3piIC4gQvTWw71s
DEBUG    urllib3.connectionpool:connectionpool.py:1051 Starting new HTTPS connection (1): thinking-tester-contact-list.herokuapp.com:443
DEBUG    urllib3.connectionpool:connectionpool.py:546 https://thinking-tester-contact-list.herokuapp.com:443 "GET /contacts/67280bd1bed4db00135b116b HTTP/11" 200 314
DEBUG    util.admin.admin_api:admin_api.py:104 Received contact: {'_id': '67280bd1bed4db00135b116b', 'firstName': 'Will', 'lastName': 'Smith', 'birthdate': '1968-09-25', 'email': 'will.smith@mail.com', 'phone': '1234567890', 'street1': '1 Main St.', 'street2': 'Apartment A', 'city': 'New York', 'stateProvince': 'NY', 'postalCode': '10118', 'country': 'USA', 'owner': '67280bcfd1286b001322c9fa', '__v': 0}
INFO     tests.api.contact.test_api_contact:test_api_contact.py:123 Successfully received contact with updated fields
DEBUG    util.admin.admin_api:admin_api.py:108 Deleting contact with id: 67280bd1bed4db00135b116b using token: eyJhbGciOiJIUzI1NiIsInR5cCI6IkpXVCJ9.eyJfaWQiOiI2NzI4MGJjZmQxMjg2YjAwMTMyMmM5ZmEiLCJpYXQiOjE3MzA2Nzc3MTJ9.eR9tMRdm0ngrKhm_EsXcEbUmgKeT3piIC4gQvTWw71s
DEBUG    urllib3.connectionpool:connectionpool.py:1051 Starting new HTTPS connection (1): thinking-tester-contact-list.herokuapp.com:443
DEBUG    urllib3.connectionpool:connectionpool.py:546 https://thinking-tester-contact-list.herokuapp.com:443 "DELETE /contacts/67280bd1bed4db00135b116b HTTP/11" 200 15
DEBUG    util.admin.admin_api:admin_api.py:114 Contact deleted
INFO     tests.api.contact.conftest:conftest.py:44 Deleted default contact
DEBUG    util.admin.admin_api:admin_api.py:77 Deleting user with token: eyJhbGciOiJIUzI1NiIsInR5cCI6IkpXVCJ9.eyJfaWQiOiI2NzI4MGJjZmQxMjg2YjAwMTMyMmM5ZmEiLCJpYXQiOjE3MzA2Nzc3MTF9.XIc23_Puk7RdBfpsZSQn4NIjjx-wdLiiIgy8x_thW1g
DEBUG    urllib3.connectionpool:connectionpool.py:1051 Starting new HTTPS connection (1): thinking-tester-contact-list.herokuapp.com:443
DEBUG    urllib3.connectionpool:connectionpool.py:546 https://thinking-tester-contact-list.herokuapp.com:443 "DELETE /users/me HTTP/11" 200 0
DEBUG    util.admin.admin_api:admin_api.py:83 User deleted
INFO     tests.conftest:conftest.py:60 Deleted registered user
DEBUG    util.admin.admin_api:admin_api.py:33 Creating user: {'firstName': 'John', 'lastName': 'Green', 'email': 'john.green@mail.com', 'password': '1234567890'}
DEBUG    urllib3.connectionpool:connectionpool.py:1051 Starting new HTTPS connection (1): thinking-tester-contact-list.herokuapp.com:443
DEBUG    urllib3.connectionpool:connectionpool.py:546 https://thinking-tester-contact-list.herokuapp.com:443 "POST /users HTTP/11" 201 279
DEBUG    util.admin.admin_api:admin_api.py:39 Created user and received token: eyJhbGciOiJIUzI1NiIsInR5cCI6IkpXVCJ9.eyJfaWQiOiI2NzI4MGJkNmQxMjg2YjAwMTMyMmM5ZmQiLCJpYXQiOjE3MzA2Nzc3MTh9.ypfnaBXRkKuQctiETGeetUrOQ7dBtXXGwItI-QmAQpw
INFO     tests.conftest:conftest.py:56 Created registered user
DEBUG    util.admin.admin_api:admin_api.py:43 Logging in user with credentials: {email: john.green@mail.com, password: 1234567890}
DEBUG    urllib3.connectionpool:connectionpool.py:1051 Starting new HTTPS connection (1): thinking-tester-contact-list.herokuapp.com:443
DEBUG    urllib3.connectionpool:connectionpool.py:546 https://thinking-tester-contact-list.herokuapp.com:443 "POST /users/login HTTP/11" 200 279
DEBUG    util.admin.admin_api:admin_api.py:53 Logged in and received token: eyJhbGciOiJIUzI1NiIsInR5cCI6IkpXVCJ9.eyJfaWQiOiI2NzI4MGJkNmQxMjg2YjAwMTMyMmM5ZmQiLCJpYXQiOjE3MzA2Nzc3MTl9.oh94IqvSN1aoP4GPIjmLg_yms5RAc7zXdj5IC4NF_04
DEBUG    util.admin.admin_api:admin_api.py:86 Using token: eyJhbGciOiJIUzI1NiIsInR5cCI6IkpXVCJ9.eyJfaWQiOiI2NzI4MGJkNmQxMjg2YjAwMTMyMmM5ZmQiLCJpYXQiOjE3MzA2Nzc3MTl9.oh94IqvSN1aoP4GPIjmLg_yms5RAc7zXdj5IC4NF_04. Creating contact: {'firstName': 'Will', 'lastName': 'Smith', 'birthdate': '1968-09-25', 'email': 'will.smith@mail.com', 'phone': '1234567890', 'street1': '1 Main St.', 'street2': 'Apartment A', 'city': 'New York', 'stateProvince': 'NY', 'postalCode': '10118', 'country': 'USA'}
DEBUG    urllib3.connectionpool:connectionpool.py:1051 Starting new HTTPS connection (1): thinking-tester-contact-list.herokuapp.com:443
DEBUG    urllib3.connectionpool:connectionpool.py:546 https://thinking-tester-contact-list.herokuapp.com:443 "POST /contacts HTTP/11" 201 314
DEBUG    util.admin.admin_api:admin_api.py:93 Contact created: {'_id': '67280bd8bed4db00135b116c', 'firstName': 'Will', 'lastName': 'Smith', 'birthdate': '1968-09-25', 'email': 'will.smith@mail.com', 'phone': '1234567890', 'street1': '1 Main St.', 'street2': 'Apartment A', 'city': 'New York', 'stateProvince': 'NY', 'postalCode': '10118', 'country': 'USA', 'owner': '67280bd6d1286b001322c9fd', '__v': 0}
INFO     tests.api.contact.conftest:conftest.py:41 Created default contact
DEBUG    tests.api.contact.test_api_contact:test_api_contact.py:126 Updating contact with {'lastName': 'Smith', 'birthdate': '1968-10-25', 'email': 'will.smith@mail.com', 'phone': '1234567890', 'street1': '1 Main St.', 'street2': 'Apartment A', 'city': 'New York', 'stateProvince': 'NY', 'postalCode': '10118', 'country': 'USA'}
DEBUG    urllib3.connectionpool:connectionpool.py:1051 Starting new HTTPS connection (1): thinking-tester-contact-list.herokuapp.com:443
DEBUG    urllib3.connectionpool:connectionpool.py:546 https://thinking-tester-contact-list.herokuapp.com:443 "PUT /contacts/67280bd8bed4db00135b116c HTTP/11" 400 326
DEBUG    tests.api.contact.test_api_contact:test_api_contact.py:128 Received response text: {"errors":{"firstName":{"name":"ValidatorError","message":"Path `firstName` is required.","properties":{"message":"Path `firstName` is required.","type":"required","path":"firstName"},"kind":"required","path":"firstName"}},"_message":"Validation failed","message":"Validation failed: firstName: Path `firstName` is required."}
INFO     tests.api.contact.test_api_contact:test_api_contact.py:130 Can't update contact fields to invalid ones as it is intended
DEBUG    util.admin.admin_api:admin_api.py:97 Getting contact with id: 67280bd8bed4db00135b116c using token: eyJhbGciOiJIUzI1NiIsInR5cCI6IkpXVCJ9.eyJfaWQiOiI2NzI4MGJkNmQxMjg2YjAwMTMyMmM5ZmQiLCJpYXQiOjE3MzA2Nzc3MTl9.oh94IqvSN1aoP4GPIjmLg_yms5RAc7zXdj5IC4NF_04
DEBUG    urllib3.connectionpool:connectionpool.py:1051 Starting new HTTPS connection (1): thinking-tester-contact-list.herokuapp.com:443
DEBUG    urllib3.connectionpool:connectionpool.py:546 https://thinking-tester-contact-list.herokuapp.com:443 "GET /contacts/67280bd8bed4db00135b116c HTTP/11" 200 314
DEBUG    util.admin.admin_api:admin_api.py:104 Received contact: {'_id': '67280bd8bed4db00135b116c', 'firstName': 'Will', 'lastName': 'Smith', 'birthdate': '1968-09-25', 'email': 'will.smith@mail.com', 'phone': '1234567890', 'street1': '1 Main St.', 'street2': 'Apartment A', 'city': 'New York', 'stateProvince': 'NY', 'postalCode': '10118', 'country': 'USA', 'owner': '67280bd6d1286b001322c9fd', '__v': 0}
INFO     tests.api.contact.test_api_contact:test_api_contact.py:134 Contact fields was not updated to invalid ones
DEBUG    util.admin.admin_api:admin_api.py:108 Deleting contact with id: 67280bd8bed4db00135b116c using token: eyJhbGciOiJIUzI1NiIsInR5cCI6IkpXVCJ9.eyJfaWQiOiI2NzI4MGJkNmQxMjg2YjAwMTMyMmM5ZmQiLCJpYXQiOjE3MzA2Nzc3MTl9.oh94IqvSN1aoP4GPIjmLg_yms5RAc7zXdj5IC4NF_04
DEBUG    urllib3.connectionpool:connectionpool.py:1051 Starting new HTTPS connection (1): thinking-tester-contact-list.herokuapp.com:443
DEBUG    urllib3.connectionpool:connectionpool.py:546 https://thinking-tester-contact-list.herokuapp.com:443 "DELETE /contacts/67280bd8bed4db00135b116c HTTP/11" 200 15
DEBUG    util.admin.admin_api:admin_api.py:114 Contact deleted
INFO     tests.api.contact.conftest:conftest.py:44 Deleted default contact
DEBUG    util.admin.admin_api:admin_api.py:77 Deleting user with token: eyJhbGciOiJIUzI1NiIsInR5cCI6IkpXVCJ9.eyJfaWQiOiI2NzI4MGJkNmQxMjg2YjAwMTMyMmM5ZmQiLCJpYXQiOjE3MzA2Nzc3MTh9.ypfnaBXRkKuQctiETGeetUrOQ7dBtXXGwItI-QmAQpw
DEBUG    urllib3.connectionpool:connectionpool.py:1051 Starting new HTTPS connection (1): thinking-tester-contact-list.herokuapp.com:443
DEBUG    urllib3.connectionpool:connectionpool.py:546 https://thinking-tester-contact-list.herokuapp.com:443 "DELETE /users/me HTTP/11" 200 0
DEBUG    util.admin.admin_api:admin_api.py:83 User deleted
INFO     tests.conftest:conftest.py:60 Deleted registered user
DEBUG    util.admin.admin_api:admin_api.py:33 Creating user: {'firstName': 'John', 'lastName': 'Green', 'email': 'john.green@mail.com', 'password': '1234567890'}
DEBUG    urllib3.connectionpool:connectionpool.py:1051 Starting new HTTPS connection (1): thinking-tester-contact-list.herokuapp.com:443
DEBUG    urllib3.connectionpool:connectionpool.py:546 https://thinking-tester-contact-list.herokuapp.com:443 "POST /users HTTP/11" 201 279
DEBUG    util.admin.admin_api:admin_api.py:39 Created user and received token: eyJhbGciOiJIUzI1NiIsInR5cCI6IkpXVCJ9.eyJfaWQiOiI2NzI4MGJkZWQxMjg2YjAwMTMyMmNhMDAiLCJpYXQiOjE3MzA2Nzc3MjZ9.fBJ0_-GOqablBpf42n2Ad__UT82yrzReg-l7tA874bI
INFO     tests.conftest:conftest.py:56 Created registered user
DEBUG    util.admin.admin_api:admin_api.py:43 Logging in user with credentials: {email: john.green@mail.com, password: 1234567890}
DEBUG    urllib3.connectionpool:connectionpool.py:1051 Starting new HTTPS connection (1): thinking-tester-contact-list.herokuapp.com:443
DEBUG    urllib3.connectionpool:connectionpool.py:546 https://thinking-tester-contact-list.herokuapp.com:443 "POST /users/login HTTP/11" 200 279
DEBUG    util.admin.admin_api:admin_api.py:53 Logged in and received token: eyJhbGciOiJIUzI1NiIsInR5cCI6IkpXVCJ9.eyJfaWQiOiI2NzI4MGJkZWQxMjg2YjAwMTMyMmNhMDAiLCJpYXQiOjE3MzA2Nzc3Mjd9.ZzVHKnqtwK7Sy5uo_mxPkf0HONwhYovX9Y3NNrC2lBg
DEBUG    util.admin.admin_api:admin_api.py:86 Using token: eyJhbGciOiJIUzI1NiIsInR5cCI6IkpXVCJ9.eyJfaWQiOiI2NzI4MGJkZWQxMjg2YjAwMTMyMmNhMDAiLCJpYXQiOjE3MzA2Nzc3Mjd9.ZzVHKnqtwK7Sy5uo_mxPkf0HONwhYovX9Y3NNrC2lBg. Creating contact: {'firstName': 'Will', 'lastName': 'Smith', 'birthdate': '1968-09-25', 'email': 'will.smith@mail.com', 'phone': '1234567890', 'street1': '1 Main St.', 'street2': 'Apartment A', 'city': 'New York', 'stateProvince': 'NY', 'postalCode': '10118', 'country': 'USA'}
DEBUG    urllib3.connectionpool:connectionpool.py:1051 Starting new HTTPS connection (1): thinking-tester-contact-list.herokuapp.com:443
DEBUG    urllib3.connectionpool:connectionpool.py:546 https://thinking-tester-contact-list.herokuapp.com:443 "POST /contacts HTTP/11" 201 314
DEBUG    util.admin.admin_api:admin_api.py:93 Contact created: {'_id': '67280be0d1286b001322ca02', 'firstName': 'Will', 'lastName': 'Smith', 'birthdate': '1968-09-25', 'email': 'will.smith@mail.com', 'phone': '1234567890', 'street1': '1 Main St.', 'street2': 'Apartment A', 'city': 'New York', 'stateProvince': 'NY', 'postalCode': '10118', 'country': 'USA', 'owner': '67280bded1286b001322ca00', '__v': 0}
INFO     tests.api.contact.conftest:conftest.py:41 Created default contact
DEBUG    tests.api.contact.test_api_contact:test_api_contact.py:126 Updating contact with {'firstName': 'Will', 'birthdate': '1968-10-25', 'email': 'will.smith@mail.com', 'phone': '1234567890', 'street1': '1 Main St.', 'street2': 'Apartment A', 'city': 'New York', 'stateProvince': 'NY', 'postalCode': '10118', 'country': 'USA'}
DEBUG    urllib3.connectionpool:connectionpool.py:1051 Starting new HTTPS connection (1): thinking-tester-contact-list.herokuapp.com:443
DEBUG    urllib3.connectionpool:connectionpool.py:546 https://thinking-tester-contact-list.herokuapp.com:443 "PUT /contacts/67280be0d1286b001322ca02 HTTP/11" 400 319
DEBUG    tests.api.contact.test_api_contact:test_api_contact.py:128 Received response text: {"errors":{"lastName":{"name":"ValidatorError","message":"Path `lastName` is required.","properties":{"message":"Path `lastName` is required.","type":"required","path":"lastName"},"kind":"required","path":"lastName"}},"_message":"Validation failed","message":"Validation failed: lastName: Path `lastName` is required."}
INFO     tests.api.contact.test_api_contact:test_api_contact.py:130 Can't update contact fields to invalid ones as it is intended
DEBUG    util.admin.admin_api:admin_api.py:97 Getting contact with id: 67280be0d1286b001322ca02 using token: eyJhbGciOiJIUzI1NiIsInR5cCI6IkpXVCJ9.eyJfaWQiOiI2NzI4MGJkZWQxMjg2YjAwMTMyMmNhMDAiLCJpYXQiOjE3MzA2Nzc3Mjd9.ZzVHKnqtwK7Sy5uo_mxPkf0HONwhYovX9Y3NNrC2lBg
DEBUG    urllib3.connectionpool:connectionpool.py:1051 Starting new HTTPS connection (1): thinking-tester-contact-list.herokuapp.com:443
DEBUG    urllib3.connectionpool:connectionpool.py:546 https://thinking-tester-contact-list.herokuapp.com:443 "GET /contacts/67280be0d1286b001322ca02 HTTP/11" 200 314
DEBUG    util.admin.admin_api:admin_api.py:104 Received contact: {'_id': '67280be0d1286b001322ca02', 'firstName': 'Will', 'lastName': 'Smith', 'birthdate': '1968-09-25', 'email': 'will.smith@mail.com', 'phone': '1234567890', 'street1': '1 Main St.', 'street2': 'Apartment A', 'city': 'New York', 'stateProvince': 'NY', 'postalCode': '10118', 'country': 'USA', 'owner': '67280bded1286b001322ca00', '__v': 0}
INFO     tests.api.contact.test_api_contact:test_api_contact.py:134 Contact fields was not updated to invalid ones
DEBUG    util.admin.admin_api:admin_api.py:108 Deleting contact with id: 67280be0d1286b001322ca02 using token: eyJhbGciOiJIUzI1NiIsInR5cCI6IkpXVCJ9.eyJfaWQiOiI2NzI4MGJkZWQxMjg2YjAwMTMyMmNhMDAiLCJpYXQiOjE3MzA2Nzc3Mjd9.ZzVHKnqtwK7Sy5uo_mxPkf0HONwhYovX9Y3NNrC2lBg
DEBUG    urllib3.connectionpool:connectionpool.py:1051 Starting new HTTPS connection (1): thinking-tester-contact-list.herokuapp.com:443
DEBUG    urllib3.connectionpool:connectionpool.py:546 https://thinking-tester-contact-list.herokuapp.com:443 "DELETE /contacts/67280be0d1286b001322ca02 HTTP/11" 200 15
DEBUG    util.admin.admin_api:admin_api.py:114 Contact deleted
INFO     tests.api.contact.conftest:conftest.py:44 Deleted default contact
DEBUG    util.admin.admin_api:admin_api.py:77 Deleting user with token: eyJhbGciOiJIUzI1NiIsInR5cCI6IkpXVCJ9.eyJfaWQiOiI2NzI4MGJkZWQxMjg2YjAwMTMyMmNhMDAiLCJpYXQiOjE3MzA2Nzc3MjZ9.fBJ0_-GOqablBpf42n2Ad__UT82yrzReg-l7tA874bI
DEBUG    urllib3.connectionpool:connectionpool.py:1051 Starting new HTTPS connection (1): thinking-tester-contact-list.herokuapp.com:443
DEBUG    urllib3.connectionpool:connectionpool.py:546 https://thinking-tester-contact-list.herokuapp.com:443 "DELETE /users/me HTTP/11" 200 0
DEBUG    util.admin.admin_api:admin_api.py:83 User deleted
INFO     tests.conftest:conftest.py:60 Deleted registered user
DEBUG    util.admin.admin_api:admin_api.py:33 Creating user: {'firstName': 'John', 'lastName': 'Green', 'email': 'john.green@mail.com', 'password': '1234567890'}
DEBUG    urllib3.connectionpool:connectionpool.py:1051 Starting new HTTPS connection (1): thinking-tester-contact-list.herokuapp.com:443
DEBUG    urllib3.connectionpool:connectionpool.py:546 https://thinking-tester-contact-list.herokuapp.com:443 "POST /users HTTP/11" 201 279
DEBUG    util.admin.admin_api:admin_api.py:39 Created user and received token: eyJhbGciOiJIUzI1NiIsInR5cCI6IkpXVCJ9.eyJfaWQiOiI2NzI4MGJlN2QxMjg2YjAwMTMyMmNhMDMiLCJpYXQiOjE3MzA2Nzc3MzV9.mXvrZB0eTcyqYxnW-97SkJnCNB1FgI1dNeptWrCaAHk
INFO     tests.conftest:conftest.py:56 Created registered user
DEBUG    util.admin.admin_api:admin_api.py:43 Logging in user with credentials: {email: john.green@mail.com, password: 1234567890}
DEBUG    urllib3.connectionpool:connectionpool.py:1051 Starting new HTTPS connection (1): thinking-tester-contact-list.herokuapp.com:443
DEBUG    urllib3.connectionpool:connectionpool.py:546 https://thinking-tester-contact-list.herokuapp.com:443 "POST /users/login HTTP/11" 200 279
DEBUG    util.admin.admin_api:admin_api.py:53 Logged in and received token: eyJhbGciOiJIUzI1NiIsInR5cCI6IkpXVCJ9.eyJfaWQiOiI2NzI4MGJlN2QxMjg2YjAwMTMyMmNhMDMiLCJpYXQiOjE3MzA2Nzc3MzZ9.NMd11zUgy98Aofqk2FY_vy16HOClDt8sBhCi970i81s
DEBUG    util.admin.admin_api:admin_api.py:86 Using token: eyJhbGciOiJIUzI1NiIsInR5cCI6IkpXVCJ9.eyJfaWQiOiI2NzI4MGJlN2QxMjg2YjAwMTMyMmNhMDMiLCJpYXQiOjE3MzA2Nzc3MzZ9.NMd11zUgy98Aofqk2FY_vy16HOClDt8sBhCi970i81s. Creating contact: {'firstName': 'Will', 'lastName': 'Smith', 'birthdate': '1968-09-25', 'email': 'will.smith@mail.com', 'phone': '1234567890', 'street1': '1 Main St.', 'street2': 'Apartment A', 'city': 'New York', 'stateProvince': 'NY', 'postalCode': '10118', 'country': 'USA'}
DEBUG    urllib3.connectionpool:connectionpool.py:1051 Starting new HTTPS connection (1): thinking-tester-contact-list.herokuapp.com:443
DEBUG    urllib3.connectionpool:connectionpool.py:546 https://thinking-tester-contact-list.herokuapp.com:443 "POST /contacts HTTP/11" 201 314
DEBUG    util.admin.admin_api:admin_api.py:93 Contact created: {'_id': '67280be9bed4db00135b116e', 'firstName': 'Will', 'lastName': 'Smith', 'birthdate': '1968-09-25', 'email': 'will.smith@mail.com', 'phone': '1234567890', 'street1': '1 Main St.', 'street2': 'Apartment A', 'city': 'New York', 'stateProvince': 'NY', 'postalCode': '10118', 'country': 'USA', 'owner': '67280be7d1286b001322ca03', '__v': 0}
INFO     tests.api.contact.conftest:conftest.py:41 Created default contact
DEBUG    tests.api.contact.test_api_contact:test_api_contact.py:126 Updating contact with {'birthdate': '1968-10-25', 'email': 'will.smith@mail.com', 'phone': '1234567890', 'street1': '1 Main St.', 'street2': 'Apartment A', 'city': 'New York', 'stateProvince': 'NY', 'postalCode': '10118', 'country': 'USA'}
DEBUG    urllib3.connectionpool:connectionpool.py:1051 Starting new HTTPS connection (1): thinking-tester-contact-list.herokuapp.com:443
DEBUG    urllib3.connectionpool:connectionpool.py:546 https://thinking-tester-contact-list.herokuapp.com:443 "PUT /contacts/67280be9bed4db00135b116e HTTP/11" 400 572
DEBUG    tests.api.contact.test_api_contact:test_api_contact.py:128 Received response text: {"errors":{"lastName":{"name":"ValidatorError","message":"Path `lastName` is required.","properties":{"message":"Path `lastName` is required.","type":"required","path":"lastName"},"kind":"required","path":"lastName"},"firstName":{"name":"ValidatorError","message":"Path `firstName` is required.","properties":{"message":"Path `firstName` is required.","type":"required","path":"firstName"},"kind":"required","path":"firstName"}},"_message":"Validation failed","message":"Validation failed: lastName: Path `lastName` is required., firstName: Path `firstName` is required."}
INFO     tests.api.contact.test_api_contact:test_api_contact.py:130 Can't update contact fields to invalid ones as it is intended
DEBUG    util.admin.admin_api:admin_api.py:97 Getting contact with id: 67280be9bed4db00135b116e using token: eyJhbGciOiJIUzI1NiIsInR5cCI6IkpXVCJ9.eyJfaWQiOiI2NzI4MGJlN2QxMjg2YjAwMTMyMmNhMDMiLCJpYXQiOjE3MzA2Nzc3MzZ9.NMd11zUgy98Aofqk2FY_vy16HOClDt8sBhCi970i81s
DEBUG    urllib3.connectionpool:connectionpool.py:1051 Starting new HTTPS connection (1): thinking-tester-contact-list.herokuapp.com:443
DEBUG    urllib3.connectionpool:connectionpool.py:546 https://thinking-tester-contact-list.herokuapp.com:443 "GET /contacts/67280be9bed4db00135b116e HTTP/11" 200 314
DEBUG    util.admin.admin_api:admin_api.py:104 Received contact: {'_id': '67280be9bed4db00135b116e', 'firstName': 'Will', 'lastName': 'Smith', 'birthdate': '1968-09-25', 'email': 'will.smith@mail.com', 'phone': '1234567890', 'street1': '1 Main St.', 'street2': 'Apartment A', 'city': 'New York', 'stateProvince': 'NY', 'postalCode': '10118', 'country': 'USA', 'owner': '67280be7d1286b001322ca03', '__v': 0}
INFO     tests.api.contact.test_api_contact:test_api_contact.py:134 Contact fields was not updated to invalid ones
DEBUG    util.admin.admin_api:admin_api.py:108 Deleting contact with id: 67280be9bed4db00135b116e using token: eyJhbGciOiJIUzI1NiIsInR5cCI6IkpXVCJ9.eyJfaWQiOiI2NzI4MGJlN2QxMjg2YjAwMTMyMmNhMDMiLCJpYXQiOjE3MzA2Nzc3MzZ9.NMd11zUgy98Aofqk2FY_vy16HOClDt8sBhCi970i81s
DEBUG    urllib3.connectionpool:connectionpool.py:1051 Starting new HTTPS connection (1): thinking-tester-contact-list.herokuapp.com:443
DEBUG    urllib3.connectionpool:connectionpool.py:546 https://thinking-tester-contact-list.herokuapp.com:443 "DELETE /contacts/67280be9bed4db00135b116e HTTP/11" 200 15
DEBUG    util.admin.admin_api:admin_api.py:114 Contact deleted
INFO     tests.api.contact.conftest:conftest.py:44 Deleted default contact
DEBUG    util.admin.admin_api:admin_api.py:77 Deleting user with token: eyJhbGciOiJIUzI1NiIsInR5cCI6IkpXVCJ9.eyJfaWQiOiI2NzI4MGJlN2QxMjg2YjAwMTMyMmNhMDMiLCJpYXQiOjE3MzA2Nzc3MzV9.mXvrZB0eTcyqYxnW-97SkJnCNB1FgI1dNeptWrCaAHk
DEBUG    urllib3.connectionpool:connectionpool.py:1051 Starting new HTTPS connection (1): thinking-tester-contact-list.herokuapp.com:443
DEBUG    urllib3.connectionpool:connectionpool.py:546 https://thinking-tester-contact-list.herokuapp.com:443 "DELETE /users/me HTTP/11" 200 0
DEBUG    util.admin.admin_api:admin_api.py:83 User deleted
INFO     tests.conftest:conftest.py:60 Deleted registered user
DEBUG    util.admin.admin_api:admin_api.py:33 Creating user: {'firstName': 'John', 'lastName': 'Green', 'email': 'john.green@mail.com', 'password': '1234567890'}
DEBUG    urllib3.connectionpool:connectionpool.py:1051 Starting new HTTPS connection (1): thinking-tester-contact-list.herokuapp.com:443
DEBUG    urllib3.connectionpool:connectionpool.py:546 https://thinking-tester-contact-list.herokuapp.com:443 "POST /users HTTP/11" 201 279
DEBUG    util.admin.admin_api:admin_api.py:39 Created user and received token: eyJhbGciOiJIUzI1NiIsInR5cCI6IkpXVCJ9.eyJfaWQiOiI2NzI4MGJlZWJlZDRkYjAwMTM1YjExNmYiLCJpYXQiOjE3MzA2Nzc3NDJ9.MrrlTA9-iDcFO86TNjQiuDk0QLl-dnnn2g-wYtFa4uM
INFO     tests.conftest:conftest.py:56 Created registered user
DEBUG    util.admin.admin_api:admin_api.py:43 Logging in user with credentials: {email: john.green@mail.com, password: 1234567890}
DEBUG    urllib3.connectionpool:connectionpool.py:1051 Starting new HTTPS connection (1): thinking-tester-contact-list.herokuapp.com:443
DEBUG    urllib3.connectionpool:connectionpool.py:546 https://thinking-tester-contact-list.herokuapp.com:443 "POST /users/login HTTP/11" 200 279
DEBUG    util.admin.admin_api:admin_api.py:53 Logged in and received token: eyJhbGciOiJIUzI1NiIsInR5cCI6IkpXVCJ9.eyJfaWQiOiI2NzI4MGJlZWJlZDRkYjAwMTM1YjExNmYiLCJpYXQiOjE3MzA2Nzc3NDR9.1PWHg-kPFMBwCPLa3bs0Ujo6Q-Ndw93uB3mxy4CLt30
DEBUG    util.admin.admin_api:admin_api.py:86 Using token: eyJhbGciOiJIUzI1NiIsInR5cCI6IkpXVCJ9.eyJfaWQiOiI2NzI4MGJlZWJlZDRkYjAwMTM1YjExNmYiLCJpYXQiOjE3MzA2Nzc3NDR9.1PWHg-kPFMBwCPLa3bs0Ujo6Q-Ndw93uB3mxy4CLt30. Creating contact: {'firstName': 'Will', 'lastName': 'Smith', 'birthdate': '1968-09-25', 'email': 'will.smith@mail.com', 'phone': '1234567890', 'street1': '1 Main St.', 'street2': 'Apartment A', 'city': 'New York', 'stateProvince': 'NY', 'postalCode': '10118', 'country': 'USA'}
DEBUG    urllib3.connectionpool:connectionpool.py:1051 Starting new HTTPS connection (1): thinking-tester-contact-list.herokuapp.com:443
DEBUG    urllib3.connectionpool:connectionpool.py:546 https://thinking-tester-contact-list.herokuapp.com:443 "POST /contacts HTTP/11" 201 314
DEBUG    util.admin.admin_api:admin_api.py:93 Contact created: {'_id': '67280bf0bed4db00135b1172', 'firstName': 'Will', 'lastName': 'Smith', 'birthdate': '1968-09-25', 'email': 'will.smith@mail.com', 'phone': '1234567890', 'street1': '1 Main St.', 'street2': 'Apartment A', 'city': 'New York', 'stateProvince': 'NY', 'postalCode': '10118', 'country': 'USA', 'owner': '67280beebed4db00135b116f', '__v': 0}
INFO     tests.api.contact.conftest:conftest.py:41 Created default contact
DEBUG    tests.api.contact.test_api_contact:test_api_contact.py:126 Updating contact with {}
DEBUG    urllib3.connectionpool:connectionpool.py:1051 Starting new HTTPS connection (1): thinking-tester-contact-list.herokuapp.com:443
DEBUG    urllib3.connectionpool:connectionpool.py:546 https://thinking-tester-contact-list.herokuapp.com:443 "PUT /contacts/67280bf0bed4db00135b1172 HTTP/11" 400 572
DEBUG    tests.api.contact.test_api_contact:test_api_contact.py:128 Received response text: {"errors":{"lastName":{"name":"ValidatorError","message":"Path `lastName` is required.","properties":{"message":"Path `lastName` is required.","type":"required","path":"lastName"},"kind":"required","path":"lastName"},"firstName":{"name":"ValidatorError","message":"Path `firstName` is required.","properties":{"message":"Path `firstName` is required.","type":"required","path":"firstName"},"kind":"required","path":"firstName"}},"_message":"Validation failed","message":"Validation failed: lastName: Path `lastName` is required., firstName: Path `firstName` is required."}
INFO     tests.api.contact.test_api_contact:test_api_contact.py:130 Can't update contact fields to invalid ones as it is intended
DEBUG    util.admin.admin_api:admin_api.py:97 Getting contact with id: 67280bf0bed4db00135b1172 using token: eyJhbGciOiJIUzI1NiIsInR5cCI6IkpXVCJ9.eyJfaWQiOiI2NzI4MGJlZWJlZDRkYjAwMTM1YjExNmYiLCJpYXQiOjE3MzA2Nzc3NDR9.1PWHg-kPFMBwCPLa3bs0Ujo6Q-Ndw93uB3mxy4CLt30
DEBUG    urllib3.connectionpool:connectionpool.py:1051 Starting new HTTPS connection (1): thinking-tester-contact-list.herokuapp.com:443
DEBUG    urllib3.connectionpool:connectionpool.py:546 https://thinking-tester-contact-list.herokuapp.com:443 "GET /contacts/67280bf0bed4db00135b1172 HTTP/11" 200 314
DEBUG    util.admin.admin_api:admin_api.py:104 Received contact: {'_id': '67280bf0bed4db00135b1172', 'firstName': 'Will', 'lastName': 'Smith', 'birthdate': '1968-09-25', 'email': 'will.smith@mail.com', 'phone': '1234567890', 'street1': '1 Main St.', 'street2': 'Apartment A', 'city': 'New York', 'stateProvince': 'NY', 'postalCode': '10118', 'country': 'USA', 'owner': '67280beebed4db00135b116f', '__v': 0}
INFO     tests.api.contact.test_api_contact:test_api_contact.py:134 Contact fields was not updated to invalid ones
DEBUG    util.admin.admin_api:admin_api.py:108 Deleting contact with id: 67280bf0bed4db00135b1172 using token: eyJhbGciOiJIUzI1NiIsInR5cCI6IkpXVCJ9.eyJfaWQiOiI2NzI4MGJlZWJlZDRkYjAwMTM1YjExNmYiLCJpYXQiOjE3MzA2Nzc3NDR9.1PWHg-kPFMBwCPLa3bs0Ujo6Q-Ndw93uB3mxy4CLt30
DEBUG    urllib3.connectionpool:connectionpool.py:1051 Starting new HTTPS connection (1): thinking-tester-contact-list.herokuapp.com:443
DEBUG    urllib3.connectionpool:connectionpool.py:546 https://thinking-tester-contact-list.herokuapp.com:443 "DELETE /contacts/67280bf0bed4db00135b1172 HTTP/11" 200 15
DEBUG    util.admin.admin_api:admin_api.py:114 Contact deleted
INFO     tests.api.contact.conftest:conftest.py:44 Deleted default contact
DEBUG    util.admin.admin_api:admin_api.py:77 Deleting user with token: eyJhbGciOiJIUzI1NiIsInR5cCI6IkpXVCJ9.eyJfaWQiOiI2NzI4MGJlZWJlZDRkYjAwMTM1YjExNmYiLCJpYXQiOjE3MzA2Nzc3NDJ9.MrrlTA9-iDcFO86TNjQiuDk0QLl-dnnn2g-wYtFa4uM
DEBUG    urllib3.connectionpool:connectionpool.py:1051 Starting new HTTPS connection (1): thinking-tester-contact-list.herokuapp.com:443
DEBUG    urllib3.connectionpool:connectionpool.py:546 https://thinking-tester-contact-list.herokuapp.com:443 "DELETE /users/me HTTP/11" 200 0
DEBUG    util.admin.admin_api:admin_api.py:83 User deleted
INFO     tests.conftest:conftest.py:60 Deleted registered user
DEBUG    util.admin.admin_api:admin_api.py:33 Creating user: {'firstName': 'John', 'lastName': 'Green', 'email': 'john.green@mail.com', 'password': '1234567890'}
DEBUG    urllib3.connectionpool:connectionpool.py:1051 Starting new HTTPS connection (1): thinking-tester-contact-list.herokuapp.com:443
DEBUG    urllib3.connectionpool:connectionpool.py:546 https://thinking-tester-contact-list.herokuapp.com:443 "POST /users HTTP/11" 201 279
DEBUG    util.admin.admin_api:admin_api.py:39 Created user and received token: eyJhbGciOiJIUzI1NiIsInR5cCI6IkpXVCJ9.eyJfaWQiOiI2NzI4MGJmNmQxMjg2YjAwMTMyMmNhMDYiLCJpYXQiOjE3MzA2Nzc3NTB9.-jdw0w4VtHl0NFbYz7uoF_8vw6gJHwAKYu1kjhSOF8c
INFO     tests.conftest:conftest.py:56 Created registered user
DEBUG    util.admin.admin_api:admin_api.py:43 Logging in user with credentials: {email: john.green@mail.com, password: 1234567890}
DEBUG    urllib3.connectionpool:connectionpool.py:1051 Starting new HTTPS connection (1): thinking-tester-contact-list.herokuapp.com:443
DEBUG    urllib3.connectionpool:connectionpool.py:546 https://thinking-tester-contact-list.herokuapp.com:443 "POST /users/login HTTP/11" 200 279
DEBUG    util.admin.admin_api:admin_api.py:53 Logged in and received token: eyJhbGciOiJIUzI1NiIsInR5cCI6IkpXVCJ9.eyJfaWQiOiI2NzI4MGJmNmQxMjg2YjAwMTMyMmNhMDYiLCJpYXQiOjE3MzA2Nzc3NTF9.iTIf8q7BeA2f8_-TxhwxPGOru9bVYaCbGbbVbxY29lE
DEBUG    util.admin.admin_api:admin_api.py:86 Using token: eyJhbGciOiJIUzI1NiIsInR5cCI6IkpXVCJ9.eyJfaWQiOiI2NzI4MGJmNmQxMjg2YjAwMTMyMmNhMDYiLCJpYXQiOjE3MzA2Nzc3NTF9.iTIf8q7BeA2f8_-TxhwxPGOru9bVYaCbGbbVbxY29lE. Creating contact: {'firstName': 'Will', 'lastName': 'Smith', 'birthdate': '1968-09-25', 'email': 'will.smith@mail.com', 'phone': '1234567890', 'street1': '1 Main St.', 'street2': 'Apartment A', 'city': 'New York', 'stateProvince': 'NY', 'postalCode': '10118', 'country': 'USA'}
DEBUG    urllib3.connectionpool:connectionpool.py:1051 Starting new HTTPS connection (1): thinking-tester-contact-list.herokuapp.com:443
DEBUG    urllib3.connectionpool:connectionpool.py:546 https://thinking-tester-contact-list.herokuapp.com:443 "POST /contacts HTTP/11" 201 314
DEBUG    util.admin.admin_api:admin_api.py:93 Contact created: {'_id': '67280bf8d1286b001322ca08', 'firstName': 'Will', 'lastName': 'Smith', 'birthdate': '1968-09-25', 'email': 'will.smith@mail.com', 'phone': '1234567890', 'street1': '1 Main St.', 'street2': 'Apartment A', 'city': 'New York', 'stateProvince': 'NY', 'postalCode': '10118', 'country': 'USA', 'owner': '67280bf6d1286b001322ca06', '__v': 0}
INFO     tests.api.contact.conftest:conftest.py:41 Created default contact
DEBUG    tests.api.contact.test_api_contact:test_api_contact.py:126 Updating contact with {'firstName': 'Will', 'lastName': 'Smith', 'birthdate': '', 'email': 'will.smith@mail.com', 'phone': '1234567890', 'street1': '1 Main St.', 'street2': 'Apartment A', 'city': 'New York', 'stateProvince': 'NY', 'postalCode': '10118', 'country': 'USA'}
DEBUG    urllib3.connectionpool:connectionpool.py:1051 Starting new HTTPS connection (1): thinking-tester-contact-list.herokuapp.com:443
DEBUG    urllib3.connectionpool:connectionpool.py:546 https://thinking-tester-contact-list.herokuapp.com:443 "PUT /contacts/67280bf8d1286b001322ca08 HTTP/11" 400 353
DEBUG    tests.api.contact.test_api_contact:test_api_contact.py:128 Received response text: {"errors":{"birthdate":{"name":"ValidatorError","message":"Birthdate is invalid","properties":{"message":"Birthdate is invalid","type":"user defined","path":"birthdate","value":"","reason":{}},"kind":"user defined","path":"birthdate","value":"","reason":{}}},"_message":"Validation failed","message":"Validation failed: birthdate: Birthdate is invalid"}
INFO     tests.api.contact.test_api_contact:test_api_contact.py:130 Can't update contact fields to invalid ones as it is intended
DEBUG    util.admin.admin_api:admin_api.py:97 Getting contact with id: 67280bf8d1286b001322ca08 using token: eyJhbGciOiJIUzI1NiIsInR5cCI6IkpXVCJ9.eyJfaWQiOiI2NzI4MGJmNmQxMjg2YjAwMTMyMmNhMDYiLCJpYXQiOjE3MzA2Nzc3NTF9.iTIf8q7BeA2f8_-TxhwxPGOru9bVYaCbGbbVbxY29lE
DEBUG    urllib3.connectionpool:connectionpool.py:1051 Starting new HTTPS connection (1): thinking-tester-contact-list.herokuapp.com:443
DEBUG    urllib3.connectionpool:connectionpool.py:546 https://thinking-tester-contact-list.herokuapp.com:443 "GET /contacts/67280bf8d1286b001322ca08 HTTP/11" 200 314
DEBUG    util.admin.admin_api:admin_api.py:104 Received contact: {'_id': '67280bf8d1286b001322ca08', 'firstName': 'Will', 'lastName': 'Smith', 'birthdate': '1968-09-25', 'email': 'will.smith@mail.com', 'phone': '1234567890', 'street1': '1 Main St.', 'street2': 'Apartment A', 'city': 'New York', 'stateProvince': 'NY', 'postalCode': '10118', 'country': 'USA', 'owner': '67280bf6d1286b001322ca06', '__v': 0}
INFO     tests.api.contact.test_api_contact:test_api_contact.py:134 Contact fields was not updated to invalid ones
DEBUG    util.admin.admin_api:admin_api.py:108 Deleting contact with id: 67280bf8d1286b001322ca08 using token: eyJhbGciOiJIUzI1NiIsInR5cCI6IkpXVCJ9.eyJfaWQiOiI2NzI4MGJmNmQxMjg2YjAwMTMyMmNhMDYiLCJpYXQiOjE3MzA2Nzc3NTF9.iTIf8q7BeA2f8_-TxhwxPGOru9bVYaCbGbbVbxY29lE
DEBUG    urllib3.connectionpool:connectionpool.py:1051 Starting new HTTPS connection (1): thinking-tester-contact-list.herokuapp.com:443
DEBUG    urllib3.connectionpool:connectionpool.py:546 https://thinking-tester-contact-list.herokuapp.com:443 "DELETE /contacts/67280bf8d1286b001322ca08 HTTP/11" 200 15
DEBUG    util.admin.admin_api:admin_api.py:114 Contact deleted
INFO     tests.api.contact.conftest:conftest.py:44 Deleted default contact
DEBUG    util.admin.admin_api:admin_api.py:77 Deleting user with token: eyJhbGciOiJIUzI1NiIsInR5cCI6IkpXVCJ9.eyJfaWQiOiI2NzI4MGJmNmQxMjg2YjAwMTMyMmNhMDYiLCJpYXQiOjE3MzA2Nzc3NTB9.-jdw0w4VtHl0NFbYz7uoF_8vw6gJHwAKYu1kjhSOF8c
DEBUG    urllib3.connectionpool:connectionpool.py:1051 Starting new HTTPS connection (1): thinking-tester-contact-list.herokuapp.com:443
DEBUG    urllib3.connectionpool:connectionpool.py:546 https://thinking-tester-contact-list.herokuapp.com:443 "DELETE /users/me HTTP/11" 200 0
DEBUG    util.admin.admin_api:admin_api.py:83 User deleted
INFO     tests.conftest:conftest.py:60 Deleted registered user
DEBUG    util.admin.admin_api:admin_api.py:33 Creating user: {'firstName': 'John', 'lastName': 'Green', 'email': 'john.green@mail.com', 'password': '1234567890'}
DEBUG    urllib3.connectionpool:connectionpool.py:1051 Starting new HTTPS connection (1): thinking-tester-contact-list.herokuapp.com:443
DEBUG    urllib3.connectionpool:connectionpool.py:546 https://thinking-tester-contact-list.herokuapp.com:443 "POST /users HTTP/11" 201 279
DEBUG    util.admin.admin_api:admin_api.py:39 Created user and received token: eyJhbGciOiJIUzI1NiIsInR5cCI6IkpXVCJ9.eyJfaWQiOiI2NzI4MGJmZWQxMjg2YjAwMTMyMmNhMDkiLCJpYXQiOjE3MzA2Nzc3NTh9.kmQaMZvp7hVKlj8F8CB3uwP0o37zSkU6h2aGSDGSbig
INFO     tests.conftest:conftest.py:56 Created registered user
DEBUG    util.admin.admin_api:admin_api.py:43 Logging in user with credentials: {email: john.green@mail.com, password: 1234567890}
DEBUG    urllib3.connectionpool:connectionpool.py:1051 Starting new HTTPS connection (1): thinking-tester-contact-list.herokuapp.com:443
DEBUG    urllib3.connectionpool:connectionpool.py:546 https://thinking-tester-contact-list.herokuapp.com:443 "POST /users/login HTTP/11" 200 279
DEBUG    util.admin.admin_api:admin_api.py:53 Logged in and received token: eyJhbGciOiJIUzI1NiIsInR5cCI6IkpXVCJ9.eyJfaWQiOiI2NzI4MGJmZWQxMjg2YjAwMTMyMmNhMDkiLCJpYXQiOjE3MzA2Nzc3NTl9.Ts7bmRqWYLvPfWI3pB0i8HJDvS7XOptr-pt0_N1bhvA
DEBUG    util.admin.admin_api:admin_api.py:86 Using token: eyJhbGciOiJIUzI1NiIsInR5cCI6IkpXVCJ9.eyJfaWQiOiI2NzI4MGJmZWQxMjg2YjAwMTMyMmNhMDkiLCJpYXQiOjE3MzA2Nzc3NTl9.Ts7bmRqWYLvPfWI3pB0i8HJDvS7XOptr-pt0_N1bhvA. Creating contact: {'firstName': 'Will', 'lastName': 'Smith', 'birthdate': '1968-09-25', 'email': 'will.smith@mail.com', 'phone': '1234567890', 'street1': '1 Main St.', 'street2': 'Apartment A', 'city': 'New York', 'stateProvince': 'NY', 'postalCode': '10118', 'country': 'USA'}
DEBUG    urllib3.connectionpool:connectionpool.py:1051 Starting new HTTPS connection (1): thinking-tester-contact-list.herokuapp.com:443
DEBUG    urllib3.connectionpool:connectionpool.py:546 https://thinking-tester-contact-list.herokuapp.com:443 "POST /contacts HTTP/11" 201 314
DEBUG    util.admin.admin_api:admin_api.py:93 Contact created: {'_id': '67280c00d1286b001322ca0b', 'firstName': 'Will', 'lastName': 'Smith', 'birthdate': '1968-09-25', 'email': 'will.smith@mail.com', 'phone': '1234567890', 'street1': '1 Main St.', 'street2': 'Apartment A', 'city': 'New York', 'stateProvince': 'NY', 'postalCode': '10118', 'country': 'USA', 'owner': '67280bfed1286b001322ca09', '__v': 0}
INFO     tests.api.contact.conftest:conftest.py:41 Created default contact
DEBUG    tests.api.contact.test_api_contact:test_api_contact.py:126 Updating contact with {'firstName': 'Future', 'lastName': 'Guy', 'birthdate': '3034-03-10', 'email': 'future.guy@mail.com', 'phone': '1234567890', 'street1': '1 Main St.', 'street2': 'Apartment A', 'city': 'New York', 'stateProvince': 'NY', 'postalCode': '10118', 'country': 'USA'}
DEBUG    urllib3.connectionpool:connectionpool.py:1051 Starting new HTTPS connection (1): thinking-tester-contact-list.herokuapp.com:443
DEBUG    urllib3.connectionpool:connectionpool.py:546 https://thinking-tester-contact-list.herokuapp.com:443 "PUT /contacts/67280c00d1286b001322ca0b HTTP/11" 200 314
DEBUG    tests.api.contact.test_api_contact:test_api_contact.py:128 Received response text: {"_id":"67280c00d1286b001322ca0b","firstName":"Future","lastName":"Guy","birthdate":"3034-03-10","email":"future.guy@mail.com","phone":"1234567890","street1":"1 Main St.","street2":"Apartment A","city":"New York","stateProvince":"NY","postalCode":"10118","country":"USA","owner":"67280bfed1286b001322ca09","__v":0}
DEBUG    util.admin.admin_api:admin_api.py:108 Deleting contact with id: 67280c00d1286b001322ca0b using token: eyJhbGciOiJIUzI1NiIsInR5cCI6IkpXVCJ9.eyJfaWQiOiI2NzI4MGJmZWQxMjg2YjAwMTMyMmNhMDkiLCJpYXQiOjE3MzA2Nzc3NTl9.Ts7bmRqWYLvPfWI3pB0i8HJDvS7XOptr-pt0_N1bhvA
DEBUG    urllib3.connectionpool:connectionpool.py:1051 Starting new HTTPS connection (1): thinking-tester-contact-list.herokuapp.com:443
DEBUG    urllib3.connectionpool:connectionpool.py:546 https://thinking-tester-contact-list.herokuapp.com:443 "DELETE /contacts/67280c00d1286b001322ca0b HTTP/11" 200 15
DEBUG    util.admin.admin_api:admin_api.py:114 Contact deleted
INFO     tests.api.contact.conftest:conftest.py:44 Deleted default contact
DEBUG    util.admin.admin_api:admin_api.py:77 Deleting user with token: eyJhbGciOiJIUzI1NiIsInR5cCI6IkpXVCJ9.eyJfaWQiOiI2NzI4MGJmZWQxMjg2YjAwMTMyMmNhMDkiLCJpYXQiOjE3MzA2Nzc3NTh9.kmQaMZvp7hVKlj8F8CB3uwP0o37zSkU6h2aGSDGSbig
DEBUG    urllib3.connectionpool:connectionpool.py:1051 Starting new HTTPS connection (1): thinking-tester-contact-list.herokuapp.com:443
DEBUG    urllib3.connectionpool:connectionpool.py:546 https://thinking-tester-contact-list.herokuapp.com:443 "DELETE /users/me HTTP/11" 200 0
DEBUG    util.admin.admin_api:admin_api.py:83 User deleted
INFO     tests.conftest:conftest.py:60 Deleted registered user
DEBUG    util.admin.admin_api:admin_api.py:33 Creating user: {'firstName': 'John', 'lastName': 'Green', 'email': 'john.green@mail.com', 'password': '1234567890'}
DEBUG    urllib3.connectionpool:connectionpool.py:1051 Starting new HTTPS connection (1): thinking-tester-contact-list.herokuapp.com:443
DEBUG    urllib3.connectionpool:connectionpool.py:546 https://thinking-tester-contact-list.herokuapp.com:443 "POST /users HTTP/11" 201 279
DEBUG    util.admin.admin_api:admin_api.py:39 Created user and received token: eyJhbGciOiJIUzI1NiIsInR5cCI6IkpXVCJ9.eyJfaWQiOiI2NzI4MGMwNWJlZDRkYjAwMTM1YjExNzUiLCJpYXQiOjE3MzA2Nzc3NjV9.l8MCcNkH5-IW58pAV9zHW06X2-GOclE89Mu9s7Kf7TY
INFO     tests.conftest:conftest.py:56 Created registered user
DEBUG    util.admin.admin_api:admin_api.py:43 Logging in user with credentials: {email: john.green@mail.com, password: 1234567890}
DEBUG    urllib3.connectionpool:connectionpool.py:1051 Starting new HTTPS connection (1): thinking-tester-contact-list.herokuapp.com:443
DEBUG    urllib3.connectionpool:connectionpool.py:546 https://thinking-tester-contact-list.herokuapp.com:443 "POST /users/login HTTP/11" 200 279
DEBUG    util.admin.admin_api:admin_api.py:53 Logged in and received token: eyJhbGciOiJIUzI1NiIsInR5cCI6IkpXVCJ9.eyJfaWQiOiI2NzI4MGMwNWJlZDRkYjAwMTM1YjExNzUiLCJpYXQiOjE3MzA2Nzc3NjZ9.4f1qkVb3TOxPw9SE50cpBa3U6zK71XtEkRe98d6SSFI
DEBUG    util.admin.admin_api:admin_api.py:86 Using token: eyJhbGciOiJIUzI1NiIsInR5cCI6IkpXVCJ9.eyJfaWQiOiI2NzI4MGMwNWJlZDRkYjAwMTM1YjExNzUiLCJpYXQiOjE3MzA2Nzc3NjZ9.4f1qkVb3TOxPw9SE50cpBa3U6zK71XtEkRe98d6SSFI. Creating contact: {'firstName': 'Will', 'lastName': 'Smith', 'birthdate': '1968-09-25', 'email': 'will.smith@mail.com', 'phone': '1234567890', 'street1': '1 Main St.', 'street2': 'Apartment A', 'city': 'New York', 'stateProvince': 'NY', 'postalCode': '10118', 'country': 'USA'}
DEBUG    urllib3.connectionpool:connectionpool.py:1051 Starting new HTTPS connection (1): thinking-tester-contact-list.herokuapp.com:443
DEBUG    urllib3.connectionpool:connectionpool.py:546 https://thinking-tester-contact-list.herokuapp.com:443 "POST /contacts HTTP/11" 201 314
DEBUG    util.admin.admin_api:admin_api.py:93 Contact created: {'_id': '67280c07d1286b001322ca0d', 'firstName': 'Will', 'lastName': 'Smith', 'birthdate': '1968-09-25', 'email': 'will.smith@mail.com', 'phone': '1234567890', 'street1': '1 Main St.', 'street2': 'Apartment A', 'city': 'New York', 'stateProvince': 'NY', 'postalCode': '10118', 'country': 'USA', 'owner': '67280c05bed4db00135b1175', '__v': 0}
INFO     tests.api.contact.conftest:conftest.py:41 Created default contact
DEBUG    tests.api.contact.test_api_contact:test_api_contact.py:126 Updating contact with {'firstName': 'No Leap', 'lastName': 'Year', 'birthdate': '2001-02-29', 'email': 'noleap.year@mail.com', 'phone': '1234567890', 'street1': '1 Main St.', 'street2': 'Apartment A', 'city': 'New York', 'stateProvince': 'NY', 'postalCode': '10118', 'country': 'USA'}
DEBUG    urllib3.connectionpool:connectionpool.py:1051 Starting new HTTPS connection (1): thinking-tester-contact-list.herokuapp.com:443
DEBUG    urllib3.connectionpool:connectionpool.py:546 https://thinking-tester-contact-list.herokuapp.com:443 "PUT /contacts/67280c07d1286b001322ca0d HTTP/11" 400 373
DEBUG    tests.api.contact.test_api_contact:test_api_contact.py:128 Received response text: {"errors":{"birthdate":{"name":"ValidatorError","message":"Birthdate is invalid","properties":{"message":"Birthdate is invalid","type":"user defined","path":"birthdate","value":"2001-02-29","reason":{}},"kind":"user defined","path":"birthdate","value":"2001-02-29","reason":{}}},"_message":"Validation failed","message":"Validation failed: birthdate: Birthdate is invalid"}
INFO     tests.api.contact.test_api_contact:test_api_contact.py:130 Can't update contact fields to invalid ones as it is intended
DEBUG    util.admin.admin_api:admin_api.py:97 Getting contact with id: 67280c07d1286b001322ca0d using token: eyJhbGciOiJIUzI1NiIsInR5cCI6IkpXVCJ9.eyJfaWQiOiI2NzI4MGMwNWJlZDRkYjAwMTM1YjExNzUiLCJpYXQiOjE3MzA2Nzc3NjZ9.4f1qkVb3TOxPw9SE50cpBa3U6zK71XtEkRe98d6SSFI
DEBUG    urllib3.connectionpool:connectionpool.py:1051 Starting new HTTPS connection (1): thinking-tester-contact-list.herokuapp.com:443
DEBUG    urllib3.connectionpool:connectionpool.py:546 https://thinking-tester-contact-list.herokuapp.com:443 "GET /contacts/67280c07d1286b001322ca0d HTTP/11" 200 314
DEBUG    util.admin.admin_api:admin_api.py:104 Received contact: {'_id': '67280c07d1286b001322ca0d', 'firstName': 'Will', 'lastName': 'Smith', 'birthdate': '1968-09-25', 'email': 'will.smith@mail.com', 'phone': '1234567890', 'street1': '1 Main St.', 'street2': 'Apartment A', 'city': 'New York', 'stateProvince': 'NY', 'postalCode': '10118', 'country': 'USA', 'owner': '67280c05bed4db00135b1175', '__v': 0}
INFO     tests.api.contact.test_api_contact:test_api_contact.py:134 Contact fields was not updated to invalid ones
DEBUG    util.admin.admin_api:admin_api.py:108 Deleting contact with id: 67280c07d1286b001322ca0d using token: eyJhbGciOiJIUzI1NiIsInR5cCI6IkpXVCJ9.eyJfaWQiOiI2NzI4MGMwNWJlZDRkYjAwMTM1YjExNzUiLCJpYXQiOjE3MzA2Nzc3NjZ9.4f1qkVb3TOxPw9SE50cpBa3U6zK71XtEkRe98d6SSFI
DEBUG    urllib3.connectionpool:connectionpool.py:1051 Starting new HTTPS connection (1): thinking-tester-contact-list.herokuapp.com:443
DEBUG    urllib3.connectionpool:connectionpool.py:546 https://thinking-tester-contact-list.herokuapp.com:443 "DELETE /contacts/67280c07d1286b001322ca0d HTTP/11" 200 15
DEBUG    util.admin.admin_api:admin_api.py:114 Contact deleted
INFO     tests.api.contact.conftest:conftest.py:44 Deleted default contact
DEBUG    util.admin.admin_api:admin_api.py:77 Deleting user with token: eyJhbGciOiJIUzI1NiIsInR5cCI6IkpXVCJ9.eyJfaWQiOiI2NzI4MGMwNWJlZDRkYjAwMTM1YjExNzUiLCJpYXQiOjE3MzA2Nzc3NjV9.l8MCcNkH5-IW58pAV9zHW06X2-GOclE89Mu9s7Kf7TY
DEBUG    urllib3.connectionpool:connectionpool.py:1051 Starting new HTTPS connection (1): thinking-tester-contact-list.herokuapp.com:443
DEBUG    urllib3.connectionpool:connectionpool.py:546 https://thinking-tester-contact-list.herokuapp.com:443 "DELETE /users/me HTTP/11" 200 0
DEBUG    util.admin.admin_api:admin_api.py:83 User deleted
INFO     tests.conftest:conftest.py:60 Deleted registered user
DEBUG    util.admin.admin_api:admin_api.py:33 Creating user: {'firstName': 'John', 'lastName': 'Green', 'email': 'john.green@mail.com', 'password': '1234567890'}
DEBUG    urllib3.connectionpool:connectionpool.py:1051 Starting new HTTPS connection (1): thinking-tester-contact-list.herokuapp.com:443
DEBUG    urllib3.connectionpool:connectionpool.py:546 https://thinking-tester-contact-list.herokuapp.com:443 "POST /users HTTP/11" 201 279
DEBUG    util.admin.admin_api:admin_api.py:39 Created user and received token: eyJhbGciOiJIUzI1NiIsInR5cCI6IkpXVCJ9.eyJfaWQiOiI2NzI4MGMwY2JlZDRkYjAwMTM1YjExNzciLCJpYXQiOjE3MzA2Nzc3NzJ9.P8UzNJNxMFlw_NOkswB5f8KYdvLVt9JcupdTencPSJo
INFO     tests.conftest:conftest.py:56 Created registered user
DEBUG    util.admin.admin_api:admin_api.py:43 Logging in user with credentials: {email: john.green@mail.com, password: 1234567890}
DEBUG    urllib3.connectionpool:connectionpool.py:1051 Starting new HTTPS connection (1): thinking-tester-contact-list.herokuapp.com:443
DEBUG    urllib3.connectionpool:connectionpool.py:546 https://thinking-tester-contact-list.herokuapp.com:443 "POST /users/login HTTP/11" 200 279
DEBUG    util.admin.admin_api:admin_api.py:53 Logged in and received token: eyJhbGciOiJIUzI1NiIsInR5cCI6IkpXVCJ9.eyJfaWQiOiI2NzI4MGMwY2JlZDRkYjAwMTM1YjExNzciLCJpYXQiOjE3MzA2Nzc3NzN9.d7W2_Q2XgtjqX2vHr_bPxWIsqKroy0sjgA72sdaEGwc
DEBUG    util.admin.admin_api:admin_api.py:86 Using token: eyJhbGciOiJIUzI1NiIsInR5cCI6IkpXVCJ9.eyJfaWQiOiI2NzI4MGMwY2JlZDRkYjAwMTM1YjExNzciLCJpYXQiOjE3MzA2Nzc3NzN9.d7W2_Q2XgtjqX2vHr_bPxWIsqKroy0sjgA72sdaEGwc. Creating contact: {'firstName': 'Will', 'lastName': 'Smith', 'birthdate': '1968-09-25', 'email': 'will.smith@mail.com', 'phone': '1234567890', 'street1': '1 Main St.', 'street2': 'Apartment A', 'city': 'New York', 'stateProvince': 'NY', 'postalCode': '10118', 'country': 'USA'}
DEBUG    urllib3.connectionpool:connectionpool.py:1051 Starting new HTTPS connection (1): thinking-tester-contact-list.herokuapp.com:443
DEBUG    urllib3.connectionpool:connectionpool.py:546 https://thinking-tester-contact-list.herokuapp.com:443 "POST /contacts HTTP/11" 201 314
DEBUG    util.admin.admin_api:admin_api.py:93 Contact created: {'_id': '67280c0dbed4db00135b1179', 'firstName': 'Will', 'lastName': 'Smith', 'birthdate': '1968-09-25', 'email': 'will.smith@mail.com', 'phone': '1234567890', 'street1': '1 Main St.', 'street2': 'Apartment A', 'city': 'New York', 'stateProvince': 'NY', 'postalCode': '10118', 'country': 'USA', 'owner': '67280c0cbed4db00135b1177', '__v': 0}
INFO     tests.api.contact.conftest:conftest.py:41 Created default contact
DEBUG    tests.api.contact.test_api_contact:test_api_contact.py:126 Updating contact with {'firstName': 'Will', 'lastName': 'Smith', 'birthdate': '2024-08-32', 'email': 'will.smith@mail.com', 'phone': '1234567890', 'street1': '1 Main St.', 'street2': 'Apartment A', 'city': 'New York', 'stateProvince': 'NY', 'postalCode': '10118', 'country': 'USA'}
DEBUG    urllib3.connectionpool:connectionpool.py:1051 Starting new HTTPS connection (1): thinking-tester-contact-list.herokuapp.com:443
DEBUG    urllib3.connectionpool:connectionpool.py:546 https://thinking-tester-contact-list.herokuapp.com:443 "PUT /contacts/67280c0dbed4db00135b1179 HTTP/11" 400 373
DEBUG    tests.api.contact.test_api_contact:test_api_contact.py:128 Received response text: {"errors":{"birthdate":{"name":"ValidatorError","message":"Birthdate is invalid","properties":{"message":"Birthdate is invalid","type":"user defined","path":"birthdate","value":"2024-08-32","reason":{}},"kind":"user defined","path":"birthdate","value":"2024-08-32","reason":{}}},"_message":"Validation failed","message":"Validation failed: birthdate: Birthdate is invalid"}
INFO     tests.api.contact.test_api_contact:test_api_contact.py:130 Can't update contact fields to invalid ones as it is intended
DEBUG    util.admin.admin_api:admin_api.py:97 Getting contact with id: 67280c0dbed4db00135b1179 using token: eyJhbGciOiJIUzI1NiIsInR5cCI6IkpXVCJ9.eyJfaWQiOiI2NzI4MGMwY2JlZDRkYjAwMTM1YjExNzciLCJpYXQiOjE3MzA2Nzc3NzN9.d7W2_Q2XgtjqX2vHr_bPxWIsqKroy0sjgA72sdaEGwc
DEBUG    urllib3.connectionpool:connectionpool.py:1051 Starting new HTTPS connection (1): thinking-tester-contact-list.herokuapp.com:443
DEBUG    urllib3.connectionpool:connectionpool.py:546 https://thinking-tester-contact-list.herokuapp.com:443 "GET /contacts/67280c0dbed4db00135b1179 HTTP/11" 200 314
DEBUG    util.admin.admin_api:admin_api.py:104 Received contact: {'_id': '67280c0dbed4db00135b1179', 'firstName': 'Will', 'lastName': 'Smith', 'birthdate': '1968-09-25', 'email': 'will.smith@mail.com', 'phone': '1234567890', 'street1': '1 Main St.', 'street2': 'Apartment A', 'city': 'New York', 'stateProvince': 'NY', 'postalCode': '10118', 'country': 'USA', 'owner': '67280c0cbed4db00135b1177', '__v': 0}
INFO     tests.api.contact.test_api_contact:test_api_contact.py:134 Contact fields was not updated to invalid ones
DEBUG    util.admin.admin_api:admin_api.py:108 Deleting contact with id: 67280c0dbed4db00135b1179 using token: eyJhbGciOiJIUzI1NiIsInR5cCI6IkpXVCJ9.eyJfaWQiOiI2NzI4MGMwY2JlZDRkYjAwMTM1YjExNzciLCJpYXQiOjE3MzA2Nzc3NzN9.d7W2_Q2XgtjqX2vHr_bPxWIsqKroy0sjgA72sdaEGwc
DEBUG    urllib3.connectionpool:connectionpool.py:1051 Starting new HTTPS connection (1): thinking-tester-contact-list.herokuapp.com:443
DEBUG    urllib3.connectionpool:connectionpool.py:546 https://thinking-tester-contact-list.herokuapp.com:443 "DELETE /contacts/67280c0dbed4db00135b1179 HTTP/11" 200 15
DEBUG    util.admin.admin_api:admin_api.py:114 Contact deleted
INFO     tests.api.contact.conftest:conftest.py:44 Deleted default contact
DEBUG    util.admin.admin_api:admin_api.py:77 Deleting user with token: eyJhbGciOiJIUzI1NiIsInR5cCI6IkpXVCJ9.eyJfaWQiOiI2NzI4MGMwY2JlZDRkYjAwMTM1YjExNzciLCJpYXQiOjE3MzA2Nzc3NzJ9.P8UzNJNxMFlw_NOkswB5f8KYdvLVt9JcupdTencPSJo
DEBUG    urllib3.connectionpool:connectionpool.py:1051 Starting new HTTPS connection (1): thinking-tester-contact-list.herokuapp.com:443
DEBUG    urllib3.connectionpool:connectionpool.py:546 https://thinking-tester-contact-list.herokuapp.com:443 "DELETE /users/me HTTP/11" 200 0
DEBUG    util.admin.admin_api:admin_api.py:83 User deleted
INFO     tests.conftest:conftest.py:60 Deleted registered user
DEBUG    util.admin.admin_api:admin_api.py:33 Creating user: {'firstName': 'John', 'lastName': 'Green', 'email': 'john.green@mail.com', 'password': '1234567890'}
DEBUG    urllib3.connectionpool:connectionpool.py:1051 Starting new HTTPS connection (1): thinking-tester-contact-list.herokuapp.com:443
DEBUG    urllib3.connectionpool:connectionpool.py:546 https://thinking-tester-contact-list.herokuapp.com:443 "POST /users HTTP/11" 201 279
DEBUG    util.admin.admin_api:admin_api.py:39 Created user and received token: eyJhbGciOiJIUzI1NiIsInR5cCI6IkpXVCJ9.eyJfaWQiOiI2NzI4MGMxM2QxMjg2YjAwMTMyMmNhMGYiLCJpYXQiOjE3MzA2Nzc3Nzl9.-cB0OYtbuTklw0Rrs7RqsOAwOj0inhqfS2UnuIt8b3A
INFO     tests.conftest:conftest.py:56 Created registered user
DEBUG    util.admin.admin_api:admin_api.py:43 Logging in user with credentials: {email: john.green@mail.com, password: 1234567890}
DEBUG    urllib3.connectionpool:connectionpool.py:1051 Starting new HTTPS connection (1): thinking-tester-contact-list.herokuapp.com:443
DEBUG    urllib3.connectionpool:connectionpool.py:546 https://thinking-tester-contact-list.herokuapp.com:443 "POST /users/login HTTP/11" 200 279
DEBUG    util.admin.admin_api:admin_api.py:53 Logged in and received token: eyJhbGciOiJIUzI1NiIsInR5cCI6IkpXVCJ9.eyJfaWQiOiI2NzI4MGMxM2QxMjg2YjAwMTMyMmNhMGYiLCJpYXQiOjE3MzA2Nzc3ODB9.w1zHov3P5AiVMz10iLY8rjqkQjXi_UWgIb-8eYkvYMg
DEBUG    util.admin.admin_api:admin_api.py:86 Using token: eyJhbGciOiJIUzI1NiIsInR5cCI6IkpXVCJ9.eyJfaWQiOiI2NzI4MGMxM2QxMjg2YjAwMTMyMmNhMGYiLCJpYXQiOjE3MzA2Nzc3ODB9.w1zHov3P5AiVMz10iLY8rjqkQjXi_UWgIb-8eYkvYMg. Creating contact: {'firstName': 'Will', 'lastName': 'Smith', 'birthdate': '1968-09-25', 'email': 'will.smith@mail.com', 'phone': '1234567890', 'street1': '1 Main St.', 'street2': 'Apartment A', 'city': 'New York', 'stateProvince': 'NY', 'postalCode': '10118', 'country': 'USA'}
DEBUG    urllib3.connectionpool:connectionpool.py:1051 Starting new HTTPS connection (1): thinking-tester-contact-list.herokuapp.com:443
DEBUG    urllib3.connectionpool:connectionpool.py:546 https://thinking-tester-contact-list.herokuapp.com:443 "POST /contacts HTTP/11" 201 314
DEBUG    util.admin.admin_api:admin_api.py:93 Contact created: {'_id': '67280c14bed4db00135b117a', 'firstName': 'Will', 'lastName': 'Smith', 'birthdate': '1968-09-25', 'email': 'will.smith@mail.com', 'phone': '1234567890', 'street1': '1 Main St.', 'street2': 'Apartment A', 'city': 'New York', 'stateProvince': 'NY', 'postalCode': '10118', 'country': 'USA', 'owner': '67280c13d1286b001322ca0f', '__v': 0}
INFO     tests.api.contact.conftest:conftest.py:41 Created default contact
DEBUG    tests.api.contact.test_api_contact:test_api_contact.py:126 Updating contact with {'firstName': 'Will', 'lastName': 'Smith', 'birthdate': '2024-09-31', 'email': 'will.smith@mail.com', 'phone': '1234567890', 'street1': '1 Main St.', 'street2': 'Apartment A', 'city': 'New York', 'stateProvince': 'NY', 'postalCode': '10118', 'country': 'USA'}
DEBUG    urllib3.connectionpool:connectionpool.py:1051 Starting new HTTPS connection (1): thinking-tester-contact-list.herokuapp.com:443
DEBUG    urllib3.connectionpool:connectionpool.py:546 https://thinking-tester-contact-list.herokuapp.com:443 "PUT /contacts/67280c14bed4db00135b117a HTTP/11" 400 373
DEBUG    tests.api.contact.test_api_contact:test_api_contact.py:128 Received response text: {"errors":{"birthdate":{"name":"ValidatorError","message":"Birthdate is invalid","properties":{"message":"Birthdate is invalid","type":"user defined","path":"birthdate","value":"2024-09-31","reason":{}},"kind":"user defined","path":"birthdate","value":"2024-09-31","reason":{}}},"_message":"Validation failed","message":"Validation failed: birthdate: Birthdate is invalid"}
INFO     tests.api.contact.test_api_contact:test_api_contact.py:130 Can't update contact fields to invalid ones as it is intended
DEBUG    util.admin.admin_api:admin_api.py:97 Getting contact with id: 67280c14bed4db00135b117a using token: eyJhbGciOiJIUzI1NiIsInR5cCI6IkpXVCJ9.eyJfaWQiOiI2NzI4MGMxM2QxMjg2YjAwMTMyMmNhMGYiLCJpYXQiOjE3MzA2Nzc3ODB9.w1zHov3P5AiVMz10iLY8rjqkQjXi_UWgIb-8eYkvYMg
DEBUG    urllib3.connectionpool:connectionpool.py:1051 Starting new HTTPS connection (1): thinking-tester-contact-list.herokuapp.com:443
DEBUG    urllib3.connectionpool:connectionpool.py:546 https://thinking-tester-contact-list.herokuapp.com:443 "GET /contacts/67280c14bed4db00135b117a HTTP/11" 200 314
DEBUG    util.admin.admin_api:admin_api.py:104 Received contact: {'_id': '67280c14bed4db00135b117a', 'firstName': 'Will', 'lastName': 'Smith', 'birthdate': '1968-09-25', 'email': 'will.smith@mail.com', 'phone': '1234567890', 'street1': '1 Main St.', 'street2': 'Apartment A', 'city': 'New York', 'stateProvince': 'NY', 'postalCode': '10118', 'country': 'USA', 'owner': '67280c13d1286b001322ca0f', '__v': 0}
INFO     tests.api.contact.test_api_contact:test_api_contact.py:134 Contact fields was not updated to invalid ones
DEBUG    util.admin.admin_api:admin_api.py:108 Deleting contact with id: 67280c14bed4db00135b117a using token: eyJhbGciOiJIUzI1NiIsInR5cCI6IkpXVCJ9.eyJfaWQiOiI2NzI4MGMxM2QxMjg2YjAwMTMyMmNhMGYiLCJpYXQiOjE3MzA2Nzc3ODB9.w1zHov3P5AiVMz10iLY8rjqkQjXi_UWgIb-8eYkvYMg
DEBUG    urllib3.connectionpool:connectionpool.py:1051 Starting new HTTPS connection (1): thinking-tester-contact-list.herokuapp.com:443
DEBUG    urllib3.connectionpool:connectionpool.py:546 https://thinking-tester-contact-list.herokuapp.com:443 "DELETE /contacts/67280c14bed4db00135b117a HTTP/11" 200 15
DEBUG    util.admin.admin_api:admin_api.py:114 Contact deleted
INFO     tests.api.contact.conftest:conftest.py:44 Deleted default contact
DEBUG    util.admin.admin_api:admin_api.py:77 Deleting user with token: eyJhbGciOiJIUzI1NiIsInR5cCI6IkpXVCJ9.eyJfaWQiOiI2NzI4MGMxM2QxMjg2YjAwMTMyMmNhMGYiLCJpYXQiOjE3MzA2Nzc3Nzl9.-cB0OYtbuTklw0Rrs7RqsOAwOj0inhqfS2UnuIt8b3A
DEBUG    urllib3.connectionpool:connectionpool.py:1051 Starting new HTTPS connection (1): thinking-tester-contact-list.herokuapp.com:443
DEBUG    urllib3.connectionpool:connectionpool.py:546 https://thinking-tester-contact-list.herokuapp.com:443 "DELETE /users/me HTTP/11" 200 0
DEBUG    util.admin.admin_api:admin_api.py:83 User deleted
INFO     tests.conftest:conftest.py:60 Deleted registered user
DEBUG    util.admin.admin_api:admin_api.py:33 Creating user: {'firstName': 'John', 'lastName': 'Green', 'email': 'john.green@mail.com', 'password': '1234567890'}
DEBUG    urllib3.connectionpool:connectionpool.py:1051 Starting new HTTPS connection (1): thinking-tester-contact-list.herokuapp.com:443
DEBUG    urllib3.connectionpool:connectionpool.py:546 https://thinking-tester-contact-list.herokuapp.com:443 "POST /users HTTP/11" 201 279
DEBUG    util.admin.admin_api:admin_api.py:39 Created user and received token: eyJhbGciOiJIUzI1NiIsInR5cCI6IkpXVCJ9.eyJfaWQiOiI2NzI4MGMxYWQxMjg2YjAwMTMyMmNhMTIiLCJpYXQiOjE3MzA2Nzc3ODZ9.xaz9JZacFycGDZsH0ry28GF0F8Qt7z5P3ZNsqWIp95M
INFO     tests.conftest:conftest.py:56 Created registered user
DEBUG    util.admin.admin_api:admin_api.py:43 Logging in user with credentials: {email: john.green@mail.com, password: 1234567890}
DEBUG    urllib3.connectionpool:connectionpool.py:1051 Starting new HTTPS connection (1): thinking-tester-contact-list.herokuapp.com:443
DEBUG    urllib3.connectionpool:connectionpool.py:546 https://thinking-tester-contact-list.herokuapp.com:443 "POST /users/login HTTP/11" 200 279
DEBUG    util.admin.admin_api:admin_api.py:53 Logged in and received token: eyJhbGciOiJIUzI1NiIsInR5cCI6IkpXVCJ9.eyJfaWQiOiI2NzI4MGMxYWQxMjg2YjAwMTMyMmNhMTIiLCJpYXQiOjE3MzA2Nzc3ODh9.I6SmGSk-lZmWmjTQe7EIHP0PDbufdUOYvP__94URTR0
DEBUG    util.admin.admin_api:admin_api.py:86 Using token: eyJhbGciOiJIUzI1NiIsInR5cCI6IkpXVCJ9.eyJfaWQiOiI2NzI4MGMxYWQxMjg2YjAwMTMyMmNhMTIiLCJpYXQiOjE3MzA2Nzc3ODh9.I6SmGSk-lZmWmjTQe7EIHP0PDbufdUOYvP__94URTR0. Creating contact: {'firstName': 'Will', 'lastName': 'Smith', 'birthdate': '1968-09-25', 'email': 'will.smith@mail.com', 'phone': '1234567890', 'street1': '1 Main St.', 'street2': 'Apartment A', 'city': 'New York', 'stateProvince': 'NY', 'postalCode': '10118', 'country': 'USA'}
DEBUG    urllib3.connectionpool:connectionpool.py:1051 Starting new HTTPS connection (1): thinking-tester-contact-list.herokuapp.com:443
DEBUG    urllib3.connectionpool:connectionpool.py:546 https://thinking-tester-contact-list.herokuapp.com:443 "POST /contacts HTTP/11" 201 314
DEBUG    util.admin.admin_api:admin_api.py:93 Contact created: {'_id': '67280c1cd1286b001322ca15', 'firstName': 'Will', 'lastName': 'Smith', 'birthdate': '1968-09-25', 'email': 'will.smith@mail.com', 'phone': '1234567890', 'street1': '1 Main St.', 'street2': 'Apartment A', 'city': 'New York', 'stateProvince': 'NY', 'postalCode': '10118', 'country': 'USA', 'owner': '67280c1ad1286b001322ca12', '__v': 0}
INFO     tests.api.contact.conftest:conftest.py:41 Created default contact
DEBUG    tests.api.contact.test_api_contact:test_api_contact.py:126 Updating contact with {'firstName': 'Will', 'lastName': 'Smith', 'birthdate': '1968-13-25', 'email': 'will.smith@mail.com', 'phone': '1234567890', 'street1': '1 Main St.', 'street2': 'Apartment A', 'city': 'New York', 'stateProvince': 'NY', 'postalCode': '10118', 'country': 'USA'}
DEBUG    urllib3.connectionpool:connectionpool.py:1051 Starting new HTTPS connection (1): thinking-tester-contact-list.herokuapp.com:443
DEBUG    urllib3.connectionpool:connectionpool.py:546 https://thinking-tester-contact-list.herokuapp.com:443 "PUT /contacts/67280c1cd1286b001322ca15 HTTP/11" 400 373
DEBUG    tests.api.contact.test_api_contact:test_api_contact.py:128 Received response text: {"errors":{"birthdate":{"name":"ValidatorError","message":"Birthdate is invalid","properties":{"message":"Birthdate is invalid","type":"user defined","path":"birthdate","value":"1968-13-25","reason":{}},"kind":"user defined","path":"birthdate","value":"1968-13-25","reason":{}}},"_message":"Validation failed","message":"Validation failed: birthdate: Birthdate is invalid"}
INFO     tests.api.contact.test_api_contact:test_api_contact.py:130 Can't update contact fields to invalid ones as it is intended
DEBUG    util.admin.admin_api:admin_api.py:97 Getting contact with id: 67280c1cd1286b001322ca15 using token: eyJhbGciOiJIUzI1NiIsInR5cCI6IkpXVCJ9.eyJfaWQiOiI2NzI4MGMxYWQxMjg2YjAwMTMyMmNhMTIiLCJpYXQiOjE3MzA2Nzc3ODh9.I6SmGSk-lZmWmjTQe7EIHP0PDbufdUOYvP__94URTR0
DEBUG    urllib3.connectionpool:connectionpool.py:1051 Starting new HTTPS connection (1): thinking-tester-contact-list.herokuapp.com:443
DEBUG    urllib3.connectionpool:connectionpool.py:546 https://thinking-tester-contact-list.herokuapp.com:443 "GET /contacts/67280c1cd1286b001322ca15 HTTP/11" 200 314
DEBUG    util.admin.admin_api:admin_api.py:104 Received contact: {'_id': '67280c1cd1286b001322ca15', 'firstName': 'Will', 'lastName': 'Smith', 'birthdate': '1968-09-25', 'email': 'will.smith@mail.com', 'phone': '1234567890', 'street1': '1 Main St.', 'street2': 'Apartment A', 'city': 'New York', 'stateProvince': 'NY', 'postalCode': '10118', 'country': 'USA', 'owner': '67280c1ad1286b001322ca12', '__v': 0}
INFO     tests.api.contact.test_api_contact:test_api_contact.py:134 Contact fields was not updated to invalid ones
DEBUG    util.admin.admin_api:admin_api.py:108 Deleting contact with id: 67280c1cd1286b001322ca15 using token: eyJhbGciOiJIUzI1NiIsInR5cCI6IkpXVCJ9.eyJfaWQiOiI2NzI4MGMxYWQxMjg2YjAwMTMyMmNhMTIiLCJpYXQiOjE3MzA2Nzc3ODh9.I6SmGSk-lZmWmjTQe7EIHP0PDbufdUOYvP__94URTR0
DEBUG    urllib3.connectionpool:connectionpool.py:1051 Starting new HTTPS connection (1): thinking-tester-contact-list.herokuapp.com:443
DEBUG    urllib3.connectionpool:connectionpool.py:546 https://thinking-tester-contact-list.herokuapp.com:443 "DELETE /contacts/67280c1cd1286b001322ca15 HTTP/11" 200 15
DEBUG    util.admin.admin_api:admin_api.py:114 Contact deleted
INFO     tests.api.contact.conftest:conftest.py:44 Deleted default contact
DEBUG    util.admin.admin_api:admin_api.py:77 Deleting user with token: eyJhbGciOiJIUzI1NiIsInR5cCI6IkpXVCJ9.eyJfaWQiOiI2NzI4MGMxYWQxMjg2YjAwMTMyMmNhMTIiLCJpYXQiOjE3MzA2Nzc3ODZ9.xaz9JZacFycGDZsH0ry28GF0F8Qt7z5P3ZNsqWIp95M
DEBUG    urllib3.connectionpool:connectionpool.py:1051 Starting new HTTPS connection (1): thinking-tester-contact-list.herokuapp.com:443
DEBUG    urllib3.connectionpool:connectionpool.py:546 https://thinking-tester-contact-list.herokuapp.com:443 "DELETE /users/me HTTP/11" 200 0
DEBUG    util.admin.admin_api:admin_api.py:83 User deleted
INFO     tests.conftest:conftest.py:60 Deleted registered user
DEBUG    util.admin.admin_api:admin_api.py:33 Creating user: {'firstName': 'John', 'lastName': 'Green', 'email': 'john.green@mail.com', 'password': '1234567890'}
DEBUG    urllib3.connectionpool:connectionpool.py:1051 Starting new HTTPS connection (1): thinking-tester-contact-list.herokuapp.com:443
DEBUG    urllib3.connectionpool:connectionpool.py:546 https://thinking-tester-contact-list.herokuapp.com:443 "POST /users HTTP/11" 201 279
DEBUG    util.admin.admin_api:admin_api.py:39 Created user and received token: eyJhbGciOiJIUzI1NiIsInR5cCI6IkpXVCJ9.eyJfaWQiOiI2NzI4MGMyMmJlZDRkYjAwMTM1YjExN2IiLCJpYXQiOjE3MzA2Nzc3OTR9.O3ZgpabwGB_Ad1jKsswsQ7QgSQgN7dKgEhAE2OKnBfc
INFO     tests.conftest:conftest.py:56 Created registered user
DEBUG    util.admin.admin_api:admin_api.py:43 Logging in user with credentials: {email: john.green@mail.com, password: 1234567890}
DEBUG    urllib3.connectionpool:connectionpool.py:1051 Starting new HTTPS connection (1): thinking-tester-contact-list.herokuapp.com:443
DEBUG    urllib3.connectionpool:connectionpool.py:546 https://thinking-tester-contact-list.herokuapp.com:443 "POST /users/login HTTP/11" 200 279
DEBUG    util.admin.admin_api:admin_api.py:53 Logged in and received token: eyJhbGciOiJIUzI1NiIsInR5cCI6IkpXVCJ9.eyJfaWQiOiI2NzI4MGMyMmJlZDRkYjAwMTM1YjExN2IiLCJpYXQiOjE3MzA2Nzc3OTV9.S9Jprnc-k6I09DPS5sCCcp5MR5L5menifeDering9nw
DEBUG    util.admin.admin_api:admin_api.py:86 Using token: eyJhbGciOiJIUzI1NiIsInR5cCI6IkpXVCJ9.eyJfaWQiOiI2NzI4MGMyMmJlZDRkYjAwMTM1YjExN2IiLCJpYXQiOjE3MzA2Nzc3OTV9.S9Jprnc-k6I09DPS5sCCcp5MR5L5menifeDering9nw. Creating contact: {'firstName': 'Will', 'lastName': 'Smith', 'birthdate': '1968-09-25', 'email': 'will.smith@mail.com', 'phone': '1234567890', 'street1': '1 Main St.', 'street2': 'Apartment A', 'city': 'New York', 'stateProvince': 'NY', 'postalCode': '10118', 'country': 'USA'}
DEBUG    urllib3.connectionpool:connectionpool.py:1051 Starting new HTTPS connection (1): thinking-tester-contact-list.herokuapp.com:443
DEBUG    urllib3.connectionpool:connectionpool.py:546 https://thinking-tester-contact-list.herokuapp.com:443 "POST /contacts HTTP/11" 201 314
DEBUG    util.admin.admin_api:admin_api.py:93 Contact created: {'_id': '67280c24bed4db00135b117e', 'firstName': 'Will', 'lastName': 'Smith', 'birthdate': '1968-09-25', 'email': 'will.smith@mail.com', 'phone': '1234567890', 'street1': '1 Main St.', 'street2': 'Apartment A', 'city': 'New York', 'stateProvince': 'NY', 'postalCode': '10118', 'country': 'USA', 'owner': '67280c22bed4db00135b117b', '__v': 0}
INFO     tests.api.contact.conftest:conftest.py:41 Created default contact
DEBUG    tests.api.contact.test_api_contact:test_api_contact.py:126 Updating contact with {'firstName': 'Will', 'lastName': 'Smith', 'birthdate': '1968-00-25', 'email': 'will.smith@mail.com', 'phone': '1234567890', 'street1': '1 Main St.', 'street2': 'Apartment A', 'city': 'New York', 'stateProvince': 'NY', 'postalCode': '10118', 'country': 'USA'}
DEBUG    urllib3.connectionpool:connectionpool.py:1051 Starting new HTTPS connection (1): thinking-tester-contact-list.herokuapp.com:443
DEBUG    urllib3.connectionpool:connectionpool.py:546 https://thinking-tester-contact-list.herokuapp.com:443 "PUT /contacts/67280c24bed4db00135b117e HTTP/11" 400 373
DEBUG    tests.api.contact.test_api_contact:test_api_contact.py:128 Received response text: {"errors":{"birthdate":{"name":"ValidatorError","message":"Birthdate is invalid","properties":{"message":"Birthdate is invalid","type":"user defined","path":"birthdate","value":"1968-00-25","reason":{}},"kind":"user defined","path":"birthdate","value":"1968-00-25","reason":{}}},"_message":"Validation failed","message":"Validation failed: birthdate: Birthdate is invalid"}
INFO     tests.api.contact.test_api_contact:test_api_contact.py:130 Can't update contact fields to invalid ones as it is intended
DEBUG    util.admin.admin_api:admin_api.py:97 Getting contact with id: 67280c24bed4db00135b117e using token: eyJhbGciOiJIUzI1NiIsInR5cCI6IkpXVCJ9.eyJfaWQiOiI2NzI4MGMyMmJlZDRkYjAwMTM1YjExN2IiLCJpYXQiOjE3MzA2Nzc3OTV9.S9Jprnc-k6I09DPS5sCCcp5MR5L5menifeDering9nw
DEBUG    urllib3.connectionpool:connectionpool.py:1051 Starting new HTTPS connection (1): thinking-tester-contact-list.herokuapp.com:443
DEBUG    urllib3.connectionpool:connectionpool.py:546 https://thinking-tester-contact-list.herokuapp.com:443 "GET /contacts/67280c24bed4db00135b117e HTTP/11" 200 314
DEBUG    util.admin.admin_api:admin_api.py:104 Received contact: {'_id': '67280c24bed4db00135b117e', 'firstName': 'Will', 'lastName': 'Smith', 'birthdate': '1968-09-25', 'email': 'will.smith@mail.com', 'phone': '1234567890', 'street1': '1 Main St.', 'street2': 'Apartment A', 'city': 'New York', 'stateProvince': 'NY', 'postalCode': '10118', 'country': 'USA', 'owner': '67280c22bed4db00135b117b', '__v': 0}
INFO     tests.api.contact.test_api_contact:test_api_contact.py:134 Contact fields was not updated to invalid ones
DEBUG    util.admin.admin_api:admin_api.py:108 Deleting contact with id: 67280c24bed4db00135b117e using token: eyJhbGciOiJIUzI1NiIsInR5cCI6IkpXVCJ9.eyJfaWQiOiI2NzI4MGMyMmJlZDRkYjAwMTM1YjExN2IiLCJpYXQiOjE3MzA2Nzc3OTV9.S9Jprnc-k6I09DPS5sCCcp5MR5L5menifeDering9nw
DEBUG    urllib3.connectionpool:connectionpool.py:1051 Starting new HTTPS connection (1): thinking-tester-contact-list.herokuapp.com:443
DEBUG    urllib3.connectionpool:connectionpool.py:546 https://thinking-tester-contact-list.herokuapp.com:443 "DELETE /contacts/67280c24bed4db00135b117e HTTP/11" 200 15
DEBUG    util.admin.admin_api:admin_api.py:114 Contact deleted
INFO     tests.api.contact.conftest:conftest.py:44 Deleted default contact
DEBUG    util.admin.admin_api:admin_api.py:77 Deleting user with token: eyJhbGciOiJIUzI1NiIsInR5cCI6IkpXVCJ9.eyJfaWQiOiI2NzI4MGMyMmJlZDRkYjAwMTM1YjExN2IiLCJpYXQiOjE3MzA2Nzc3OTR9.O3ZgpabwGB_Ad1jKsswsQ7QgSQgN7dKgEhAE2OKnBfc
DEBUG    urllib3.connectionpool:connectionpool.py:1051 Starting new HTTPS connection (1): thinking-tester-contact-list.herokuapp.com:443
DEBUG    urllib3.connectionpool:connectionpool.py:546 https://thinking-tester-contact-list.herokuapp.com:443 "DELETE /users/me HTTP/11" 200 0
DEBUG    util.admin.admin_api:admin_api.py:83 User deleted
INFO     tests.conftest:conftest.py:60 Deleted registered user
DEBUG    util.admin.admin_api:admin_api.py:33 Creating user: {'firstName': 'John', 'lastName': 'Green', 'email': 'john.green@mail.com', 'password': '1234567890'}
DEBUG    urllib3.connectionpool:connectionpool.py:1051 Starting new HTTPS connection (1): thinking-tester-contact-list.herokuapp.com:443
DEBUG    urllib3.connectionpool:connectionpool.py:546 https://thinking-tester-contact-list.herokuapp.com:443 "POST /users HTTP/11" 201 279
DEBUG    util.admin.admin_api:admin_api.py:39 Created user and received token: eyJhbGciOiJIUzI1NiIsInR5cCI6IkpXVCJ9.eyJfaWQiOiI2NzI4MGMyOWQxMjg2YjAwMTMyMmNhMTYiLCJpYXQiOjE3MzA2Nzc4MDJ9.AlejSMGVFqCmPEq6NsQjReAw2liu-J2Xs0TO58In8gM
INFO     tests.conftest:conftest.py:56 Created registered user
DEBUG    util.admin.admin_api:admin_api.py:43 Logging in user with credentials: {email: john.green@mail.com, password: 1234567890}
DEBUG    urllib3.connectionpool:connectionpool.py:1051 Starting new HTTPS connection (1): thinking-tester-contact-list.herokuapp.com:443
DEBUG    urllib3.connectionpool:connectionpool.py:546 https://thinking-tester-contact-list.herokuapp.com:443 "POST /users/login HTTP/11" 200 279
DEBUG    util.admin.admin_api:admin_api.py:53 Logged in and received token: eyJhbGciOiJIUzI1NiIsInR5cCI6IkpXVCJ9.eyJfaWQiOiI2NzI4MGMyOWQxMjg2YjAwMTMyMmNhMTYiLCJpYXQiOjE3MzA2Nzc4MDR9.ishjDcy7l4Wc_8AztrLNRsoTmlFUdcYEVLogt5LYLBQ
DEBUG    util.admin.admin_api:admin_api.py:86 Using token: eyJhbGciOiJIUzI1NiIsInR5cCI6IkpXVCJ9.eyJfaWQiOiI2NzI4MGMyOWQxMjg2YjAwMTMyMmNhMTYiLCJpYXQiOjE3MzA2Nzc4MDR9.ishjDcy7l4Wc_8AztrLNRsoTmlFUdcYEVLogt5LYLBQ. Creating contact: {'firstName': 'Will', 'lastName': 'Smith', 'birthdate': '1968-09-25', 'email': 'will.smith@mail.com', 'phone': '1234567890', 'street1': '1 Main St.', 'street2': 'Apartment A', 'city': 'New York', 'stateProvince': 'NY', 'postalCode': '10118', 'country': 'USA'}
DEBUG    urllib3.connectionpool:connectionpool.py:1051 Starting new HTTPS connection (1): thinking-tester-contact-list.herokuapp.com:443
DEBUG    urllib3.connectionpool:connectionpool.py:546 https://thinking-tester-contact-list.herokuapp.com:443 "POST /contacts HTTP/11" 201 314
DEBUG    util.admin.admin_api:admin_api.py:93 Contact created: {'_id': '67280c2dd1286b001322ca19', 'firstName': 'Will', 'lastName': 'Smith', 'birthdate': '1968-09-25', 'email': 'will.smith@mail.com', 'phone': '1234567890', 'street1': '1 Main St.', 'street2': 'Apartment A', 'city': 'New York', 'stateProvince': 'NY', 'postalCode': '10118', 'country': 'USA', 'owner': '67280c29d1286b001322ca16', '__v': 0}
INFO     tests.api.contact.conftest:conftest.py:41 Created default contact
DEBUG    tests.api.contact.test_api_contact:test_api_contact.py:126 Updating contact with {'firstName': 'Will', 'lastName': 'Smith', 'birthdate': '1899-10-25', 'email': 'will.smith@mail.com', 'phone': '1234567890', 'street1': '1 Main St.', 'street2': 'Apartment A', 'city': 'New York', 'stateProvince': 'NY', 'postalCode': '10118', 'country': 'USA'}
DEBUG    urllib3.connectionpool:connectionpool.py:1051 Starting new HTTPS connection (1): thinking-tester-contact-list.herokuapp.com:443
DEBUG    urllib3.connectionpool:connectionpool.py:546 https://thinking-tester-contact-list.herokuapp.com:443 "PUT /contacts/67280c2dd1286b001322ca19 HTTP/11" 200 314
DEBUG    tests.api.contact.test_api_contact:test_api_contact.py:128 Received response text: {"_id":"67280c2dd1286b001322ca19","firstName":"Will","lastName":"Smith","birthdate":"1899-10-25","email":"will.smith@mail.com","phone":"1234567890","street1":"1 Main St.","street2":"Apartment A","city":"New York","stateProvince":"NY","postalCode":"10118","country":"USA","owner":"67280c29d1286b001322ca16","__v":0}
DEBUG    util.admin.admin_api:admin_api.py:108 Deleting contact with id: 67280c2dd1286b001322ca19 using token: eyJhbGciOiJIUzI1NiIsInR5cCI6IkpXVCJ9.eyJfaWQiOiI2NzI4MGMyOWQxMjg2YjAwMTMyMmNhMTYiLCJpYXQiOjE3MzA2Nzc4MDR9.ishjDcy7l4Wc_8AztrLNRsoTmlFUdcYEVLogt5LYLBQ
DEBUG    urllib3.connectionpool:connectionpool.py:1051 Starting new HTTPS connection (1): thinking-tester-contact-list.herokuapp.com:443
DEBUG    urllib3.connectionpool:connectionpool.py:546 https://thinking-tester-contact-list.herokuapp.com:443 "DELETE /contacts/67280c2dd1286b001322ca19 HTTP/11" 200 15
DEBUG    util.admin.admin_api:admin_api.py:114 Contact deleted
INFO     tests.api.contact.conftest:conftest.py:44 Deleted default contact
DEBUG    util.admin.admin_api:admin_api.py:77 Deleting user with token: eyJhbGciOiJIUzI1NiIsInR5cCI6IkpXVCJ9.eyJfaWQiOiI2NzI4MGMyOWQxMjg2YjAwMTMyMmNhMTYiLCJpYXQiOjE3MzA2Nzc4MDJ9.AlejSMGVFqCmPEq6NsQjReAw2liu-J2Xs0TO58In8gM
DEBUG    urllib3.connectionpool:connectionpool.py:1051 Starting new HTTPS connection (1): thinking-tester-contact-list.herokuapp.com:443
DEBUG    urllib3.connectionpool:connectionpool.py:546 https://thinking-tester-contact-list.herokuapp.com:443 "DELETE /users/me HTTP/11" 200 0
DEBUG    util.admin.admin_api:admin_api.py:83 User deleted
INFO     tests.conftest:conftest.py:60 Deleted registered user
DEBUG    util.admin.admin_api:admin_api.py:33 Creating user: {'firstName': 'John', 'lastName': 'Green', 'email': 'john.green@mail.com', 'password': '1234567890'}
DEBUG    urllib3.connectionpool:connectionpool.py:1051 Starting new HTTPS connection (1): thinking-tester-contact-list.herokuapp.com:443
DEBUG    urllib3.connectionpool:connectionpool.py:546 https://thinking-tester-contact-list.herokuapp.com:443 "POST /users HTTP/11" 201 279
DEBUG    util.admin.admin_api:admin_api.py:39 Created user and received token: eyJhbGciOiJIUzI1NiIsInR5cCI6IkpXVCJ9.eyJfaWQiOiI2NzI4MGMzMmJlZDRkYjAwMTM1YjExN2YiLCJpYXQiOjE3MzA2Nzc4MTB9.mSdziYU2XQtnskipVaRB8S17XCzTyDnoRfNN-j8JQN0
INFO     tests.conftest:conftest.py:56 Created registered user
DEBUG    util.admin.admin_api:admin_api.py:43 Logging in user with credentials: {email: john.green@mail.com, password: 1234567890}
DEBUG    urllib3.connectionpool:connectionpool.py:1051 Starting new HTTPS connection (1): thinking-tester-contact-list.herokuapp.com:443
DEBUG    urllib3.connectionpool:connectionpool.py:546 https://thinking-tester-contact-list.herokuapp.com:443 "POST /users/login HTTP/11" 200 279
DEBUG    util.admin.admin_api:admin_api.py:53 Logged in and received token: eyJhbGciOiJIUzI1NiIsInR5cCI6IkpXVCJ9.eyJfaWQiOiI2NzI4MGMzMmJlZDRkYjAwMTM1YjExN2YiLCJpYXQiOjE3MzA2Nzc4MTF9.KGDzeXFwyCmoFPblJD1nhIEc8jj7a_v_IRiaRZQ6AVo
DEBUG    util.admin.admin_api:admin_api.py:86 Using token: eyJhbGciOiJIUzI1NiIsInR5cCI6IkpXVCJ9.eyJfaWQiOiI2NzI4MGMzMmJlZDRkYjAwMTM1YjExN2YiLCJpYXQiOjE3MzA2Nzc4MTF9.KGDzeXFwyCmoFPblJD1nhIEc8jj7a_v_IRiaRZQ6AVo. Creating contact: {'firstName': 'Will', 'lastName': 'Smith', 'birthdate': '1968-09-25', 'email': 'will.smith@mail.com', 'phone': '1234567890', 'street1': '1 Main St.', 'street2': 'Apartment A', 'city': 'New York', 'stateProvince': 'NY', 'postalCode': '10118', 'country': 'USA'}
DEBUG    urllib3.connectionpool:connectionpool.py:1051 Starting new HTTPS connection (1): thinking-tester-contact-list.herokuapp.com:443
DEBUG    urllib3.connectionpool:connectionpool.py:546 https://thinking-tester-contact-list.herokuapp.com:443 "POST /contacts HTTP/11" 201 314
DEBUG    util.admin.admin_api:admin_api.py:93 Contact created: {'_id': '67280c34bed4db00135b1181', 'firstName': 'Will', 'lastName': 'Smith', 'birthdate': '1968-09-25', 'email': 'will.smith@mail.com', 'phone': '1234567890', 'street1': '1 Main St.', 'street2': 'Apartment A', 'city': 'New York', 'stateProvince': 'NY', 'postalCode': '10118', 'country': 'USA', 'owner': '67280c32bed4db00135b117f', '__v': 0}
INFO     tests.api.contact.conftest:conftest.py:41 Created default contact
DEBUG    tests.api.contact.test_api_contact:test_api_contact.py:126 Updating contact with {'firstName': 'Will', 'lastName': 'Smith', 'birthdate': '1968-09-25', 'email': '', 'phone': '1234567890', 'street1': '1 Main St.', 'street2': 'Apartment A', 'city': 'New York', 'stateProvince': 'NY', 'postalCode': '10118', 'country': 'USA'}
DEBUG    urllib3.connectionpool:connectionpool.py:1051 Starting new HTTPS connection (1): thinking-tester-contact-list.herokuapp.com:443
DEBUG    urllib3.connectionpool:connectionpool.py:546 https://thinking-tester-contact-list.herokuapp.com:443 "PUT /contacts/67280c34bed4db00135b1181 HTTP/11" 400 325
DEBUG    tests.api.contact.test_api_contact:test_api_contact.py:128 Received response text: {"errors":{"email":{"name":"ValidatorError","message":"Email is invalid","properties":{"message":"Email is invalid","type":"user defined","path":"email","value":"","reason":{}},"kind":"user defined","path":"email","value":"","reason":{}}},"_message":"Validation failed","message":"Validation failed: email: Email is invalid"}
INFO     tests.api.contact.test_api_contact:test_api_contact.py:130 Can't update contact fields to invalid ones as it is intended
DEBUG    util.admin.admin_api:admin_api.py:97 Getting contact with id: 67280c34bed4db00135b1181 using token: eyJhbGciOiJIUzI1NiIsInR5cCI6IkpXVCJ9.eyJfaWQiOiI2NzI4MGMzMmJlZDRkYjAwMTM1YjExN2YiLCJpYXQiOjE3MzA2Nzc4MTF9.KGDzeXFwyCmoFPblJD1nhIEc8jj7a_v_IRiaRZQ6AVo
DEBUG    urllib3.connectionpool:connectionpool.py:1051 Starting new HTTPS connection (1): thinking-tester-contact-list.herokuapp.com:443
DEBUG    urllib3.connectionpool:connectionpool.py:546 https://thinking-tester-contact-list.herokuapp.com:443 "GET /contacts/67280c34bed4db00135b1181 HTTP/11" 200 314
DEBUG    util.admin.admin_api:admin_api.py:104 Received contact: {'_id': '67280c34bed4db00135b1181', 'firstName': 'Will', 'lastName': 'Smith', 'birthdate': '1968-09-25', 'email': 'will.smith@mail.com', 'phone': '1234567890', 'street1': '1 Main St.', 'street2': 'Apartment A', 'city': 'New York', 'stateProvince': 'NY', 'postalCode': '10118', 'country': 'USA', 'owner': '67280c32bed4db00135b117f', '__v': 0}
INFO     tests.api.contact.test_api_contact:test_api_contact.py:134 Contact fields was not updated to invalid ones
DEBUG    util.admin.admin_api:admin_api.py:108 Deleting contact with id: 67280c34bed4db00135b1181 using token: eyJhbGciOiJIUzI1NiIsInR5cCI6IkpXVCJ9.eyJfaWQiOiI2NzI4MGMzMmJlZDRkYjAwMTM1YjExN2YiLCJpYXQiOjE3MzA2Nzc4MTF9.KGDzeXFwyCmoFPblJD1nhIEc8jj7a_v_IRiaRZQ6AVo
DEBUG    urllib3.connectionpool:connectionpool.py:1051 Starting new HTTPS connection (1): thinking-tester-contact-list.herokuapp.com:443
DEBUG    urllib3.connectionpool:connectionpool.py:546 https://thinking-tester-contact-list.herokuapp.com:443 "DELETE /contacts/67280c34bed4db00135b1181 HTTP/11" 200 15
DEBUG    util.admin.admin_api:admin_api.py:114 Contact deleted
INFO     tests.api.contact.conftest:conftest.py:44 Deleted default contact
DEBUG    util.admin.admin_api:admin_api.py:77 Deleting user with token: eyJhbGciOiJIUzI1NiIsInR5cCI6IkpXVCJ9.eyJfaWQiOiI2NzI4MGMzMmJlZDRkYjAwMTM1YjExN2YiLCJpYXQiOjE3MzA2Nzc4MTB9.mSdziYU2XQtnskipVaRB8S17XCzTyDnoRfNN-j8JQN0
DEBUG    urllib3.connectionpool:connectionpool.py:1051 Starting new HTTPS connection (1): thinking-tester-contact-list.herokuapp.com:443
DEBUG    urllib3.connectionpool:connectionpool.py:546 https://thinking-tester-contact-list.herokuapp.com:443 "DELETE /users/me HTTP/11" 200 0
DEBUG    util.admin.admin_api:admin_api.py:83 User deleted
INFO     tests.conftest:conftest.py:60 Deleted registered user
DEBUG    util.admin.admin_api:admin_api.py:33 Creating user: {'firstName': 'John', 'lastName': 'Green', 'email': 'john.green@mail.com', 'password': '1234567890'}
DEBUG    urllib3.connectionpool:connectionpool.py:1051 Starting new HTTPS connection (1): thinking-tester-contact-list.herokuapp.com:443
DEBUG    urllib3.connectionpool:connectionpool.py:546 https://thinking-tester-contact-list.herokuapp.com:443 "POST /users HTTP/11" 201 279
DEBUG    util.admin.admin_api:admin_api.py:39 Created user and received token: eyJhbGciOiJIUzI1NiIsInR5cCI6IkpXVCJ9.eyJfaWQiOiI2NzI4MGMzOWJlZDRkYjAwMTM1YjExODIiLCJpYXQiOjE3MzA2Nzc4MTd9.5QKIATA0eict3GfoIBb_63Qpp8jZttjvIbDureuWgc4
INFO     tests.conftest:conftest.py:56 Created registered user
DEBUG    util.admin.admin_api:admin_api.py:43 Logging in user with credentials: {email: john.green@mail.com, password: 1234567890}
DEBUG    urllib3.connectionpool:connectionpool.py:1051 Starting new HTTPS connection (1): thinking-tester-contact-list.herokuapp.com:443
DEBUG    urllib3.connectionpool:connectionpool.py:546 https://thinking-tester-contact-list.herokuapp.com:443 "POST /users/login HTTP/11" 200 279
DEBUG    util.admin.admin_api:admin_api.py:53 Logged in and received token: eyJhbGciOiJIUzI1NiIsInR5cCI6IkpXVCJ9.eyJfaWQiOiI2NzI4MGMzOWJlZDRkYjAwMTM1YjExODIiLCJpYXQiOjE3MzA2Nzc4MTh9.OjYqPGNVb7qIeo4-bNFWD7d1r0SKfVxOmTA_fahWDWs
DEBUG    util.admin.admin_api:admin_api.py:86 Using token: eyJhbGciOiJIUzI1NiIsInR5cCI6IkpXVCJ9.eyJfaWQiOiI2NzI4MGMzOWJlZDRkYjAwMTM1YjExODIiLCJpYXQiOjE3MzA2Nzc4MTh9.OjYqPGNVb7qIeo4-bNFWD7d1r0SKfVxOmTA_fahWDWs. Creating contact: {'firstName': 'Will', 'lastName': 'Smith', 'birthdate': '1968-09-25', 'email': 'will.smith@mail.com', 'phone': '1234567890', 'street1': '1 Main St.', 'street2': 'Apartment A', 'city': 'New York', 'stateProvince': 'NY', 'postalCode': '10118', 'country': 'USA'}
DEBUG    urllib3.connectionpool:connectionpool.py:1051 Starting new HTTPS connection (1): thinking-tester-contact-list.herokuapp.com:443
DEBUG    urllib3.connectionpool:connectionpool.py:546 https://thinking-tester-contact-list.herokuapp.com:443 "POST /contacts HTTP/11" 201 314
DEBUG    util.admin.admin_api:admin_api.py:93 Contact created: {'_id': '67280c3bd1286b001322ca1b', 'firstName': 'Will', 'lastName': 'Smith', 'birthdate': '1968-09-25', 'email': 'will.smith@mail.com', 'phone': '1234567890', 'street1': '1 Main St.', 'street2': 'Apartment A', 'city': 'New York', 'stateProvince': 'NY', 'postalCode': '10118', 'country': 'USA', 'owner': '67280c39bed4db00135b1182', '__v': 0}
INFO     tests.api.contact.conftest:conftest.py:41 Created default contact
DEBUG    tests.api.contact.test_api_contact:test_api_contact.py:126 Updating contact with {'firstName': 'Will', 'lastName': 'Smith', 'birthdate': '1968-10-25', 'email': 'will.smithmail.com', 'phone': '1234567890', 'street1': '1 Main St.', 'street2': 'Apartment A', 'city': 'New York', 'stateProvince': 'NY', 'postalCode': '10118', 'country': 'USA'}
DEBUG    urllib3.connectionpool:connectionpool.py:1051 Starting new HTTPS connection (1): thinking-tester-contact-list.herokuapp.com:443
DEBUG    urllib3.connectionpool:connectionpool.py:546 https://thinking-tester-contact-list.herokuapp.com:443 "PUT /contacts/67280c3bd1286b001322ca1b HTTP/11" 400 361
DEBUG    tests.api.contact.test_api_contact:test_api_contact.py:128 Received response text: {"errors":{"email":{"name":"ValidatorError","message":"Email is invalid","properties":{"message":"Email is invalid","type":"user defined","path":"email","value":"will.smithmail.com","reason":{}},"kind":"user defined","path":"email","value":"will.smithmail.com","reason":{}}},"_message":"Validation failed","message":"Validation failed: email: Email is invalid"}
INFO     tests.api.contact.test_api_contact:test_api_contact.py:130 Can't update contact fields to invalid ones as it is intended
DEBUG    util.admin.admin_api:admin_api.py:97 Getting contact with id: 67280c3bd1286b001322ca1b using token: eyJhbGciOiJIUzI1NiIsInR5cCI6IkpXVCJ9.eyJfaWQiOiI2NzI4MGMzOWJlZDRkYjAwMTM1YjExODIiLCJpYXQiOjE3MzA2Nzc4MTh9.OjYqPGNVb7qIeo4-bNFWD7d1r0SKfVxOmTA_fahWDWs
DEBUG    urllib3.connectionpool:connectionpool.py:1051 Starting new HTTPS connection (1): thinking-tester-contact-list.herokuapp.com:443
DEBUG    urllib3.connectionpool:connectionpool.py:546 https://thinking-tester-contact-list.herokuapp.com:443 "GET /contacts/67280c3bd1286b001322ca1b HTTP/11" 200 314
DEBUG    util.admin.admin_api:admin_api.py:104 Received contact: {'_id': '67280c3bd1286b001322ca1b', 'firstName': 'Will', 'lastName': 'Smith', 'birthdate': '1968-09-25', 'email': 'will.smith@mail.com', 'phone': '1234567890', 'street1': '1 Main St.', 'street2': 'Apartment A', 'city': 'New York', 'stateProvince': 'NY', 'postalCode': '10118', 'country': 'USA', 'owner': '67280c39bed4db00135b1182', '__v': 0}
INFO     tests.api.contact.test_api_contact:test_api_contact.py:134 Contact fields was not updated to invalid ones
DEBUG    util.admin.admin_api:admin_api.py:108 Deleting contact with id: 67280c3bd1286b001322ca1b using token: eyJhbGciOiJIUzI1NiIsInR5cCI6IkpXVCJ9.eyJfaWQiOiI2NzI4MGMzOWJlZDRkYjAwMTM1YjExODIiLCJpYXQiOjE3MzA2Nzc4MTh9.OjYqPGNVb7qIeo4-bNFWD7d1r0SKfVxOmTA_fahWDWs
DEBUG    urllib3.connectionpool:connectionpool.py:1051 Starting new HTTPS connection (1): thinking-tester-contact-list.herokuapp.com:443
DEBUG    urllib3.connectionpool:connectionpool.py:546 https://thinking-tester-contact-list.herokuapp.com:443 "DELETE /contacts/67280c3bd1286b001322ca1b HTTP/11" 200 15
DEBUG    util.admin.admin_api:admin_api.py:114 Contact deleted
INFO     tests.api.contact.conftest:conftest.py:44 Deleted default contact
DEBUG    util.admin.admin_api:admin_api.py:77 Deleting user with token: eyJhbGciOiJIUzI1NiIsInR5cCI6IkpXVCJ9.eyJfaWQiOiI2NzI4MGMzOWJlZDRkYjAwMTM1YjExODIiLCJpYXQiOjE3MzA2Nzc4MTd9.5QKIATA0eict3GfoIBb_63Qpp8jZttjvIbDureuWgc4
DEBUG    urllib3.connectionpool:connectionpool.py:1051 Starting new HTTPS connection (1): thinking-tester-contact-list.herokuapp.com:443
DEBUG    urllib3.connectionpool:connectionpool.py:546 https://thinking-tester-contact-list.herokuapp.com:443 "DELETE /users/me HTTP/11" 200 0
DEBUG    util.admin.admin_api:admin_api.py:83 User deleted
INFO     tests.conftest:conftest.py:60 Deleted registered user
DEBUG    util.admin.admin_api:admin_api.py:33 Creating user: {'firstName': 'John', 'lastName': 'Green', 'email': 'john.green@mail.com', 'password': '1234567890'}
DEBUG    urllib3.connectionpool:connectionpool.py:1051 Starting new HTTPS connection (1): thinking-tester-contact-list.herokuapp.com:443
DEBUG    urllib3.connectionpool:connectionpool.py:546 https://thinking-tester-contact-list.herokuapp.com:443 "POST /users HTTP/11" 201 279
DEBUG    util.admin.admin_api:admin_api.py:39 Created user and received token: eyJhbGciOiJIUzI1NiIsInR5cCI6IkpXVCJ9.eyJfaWQiOiI2NzI4MGM0MWJlZDRkYjAwMTM1YjExODUiLCJpYXQiOjE3MzA2Nzc4MjV9.Ngs1MBHdf22xiL0XsfkPX2j2wX17E8VPOho5UIHGsuw
INFO     tests.conftest:conftest.py:56 Created registered user
DEBUG    util.admin.admin_api:admin_api.py:43 Logging in user with credentials: {email: john.green@mail.com, password: 1234567890}
DEBUG    urllib3.connectionpool:connectionpool.py:1051 Starting new HTTPS connection (1): thinking-tester-contact-list.herokuapp.com:443
DEBUG    urllib3.connectionpool:connectionpool.py:546 https://thinking-tester-contact-list.herokuapp.com:443 "POST /users/login HTTP/11" 200 279
DEBUG    util.admin.admin_api:admin_api.py:53 Logged in and received token: eyJhbGciOiJIUzI1NiIsInR5cCI6IkpXVCJ9.eyJfaWQiOiI2NzI4MGM0MWJlZDRkYjAwMTM1YjExODUiLCJpYXQiOjE3MzA2Nzc4Mjd9.deiIjtzAvIEJLTr8jlY_fMO51RuY1e2VgT5RaxGV7dA
DEBUG    util.admin.admin_api:admin_api.py:86 Using token: eyJhbGciOiJIUzI1NiIsInR5cCI6IkpXVCJ9.eyJfaWQiOiI2NzI4MGM0MWJlZDRkYjAwMTM1YjExODUiLCJpYXQiOjE3MzA2Nzc4Mjd9.deiIjtzAvIEJLTr8jlY_fMO51RuY1e2VgT5RaxGV7dA. Creating contact: {'firstName': 'Will', 'lastName': 'Smith', 'birthdate': '1968-09-25', 'email': 'will.smith@mail.com', 'phone': '1234567890', 'street1': '1 Main St.', 'street2': 'Apartment A', 'city': 'New York', 'stateProvince': 'NY', 'postalCode': '10118', 'country': 'USA'}
DEBUG    urllib3.connectionpool:connectionpool.py:1051 Starting new HTTPS connection (1): thinking-tester-contact-list.herokuapp.com:443
DEBUG    urllib3.connectionpool:connectionpool.py:546 https://thinking-tester-contact-list.herokuapp.com:443 "POST /contacts HTTP/11" 201 314
DEBUG    util.admin.admin_api:admin_api.py:93 Contact created: {'_id': '67280c44d1286b001322ca1c', 'firstName': 'Will', 'lastName': 'Smith', 'birthdate': '1968-09-25', 'email': 'will.smith@mail.com', 'phone': '1234567890', 'street1': '1 Main St.', 'street2': 'Apartment A', 'city': 'New York', 'stateProvince': 'NY', 'postalCode': '10118', 'country': 'USA', 'owner': '67280c41bed4db00135b1185', '__v': 0}
INFO     tests.api.contact.conftest:conftest.py:41 Created default contact
DEBUG    tests.api.contact.test_api_contact:test_api_contact.py:126 Updating contact with {'firstName': 'Will', 'lastName': 'Smith', 'birthdate': '1968-10-25', 'email': '@mail.com', 'phone': '1234567890', 'street1': '1 Main St.', 'street2': 'Apartment A', 'city': 'New York', 'stateProvince': 'NY', 'postalCode': '10118', 'country': 'USA'}
DEBUG    urllib3.connectionpool:connectionpool.py:1051 Starting new HTTPS connection (1): thinking-tester-contact-list.herokuapp.com:443
DEBUG    urllib3.connectionpool:connectionpool.py:546 https://thinking-tester-contact-list.herokuapp.com:443 "PUT /contacts/67280c44d1286b001322ca1c HTTP/11" 400 343
DEBUG    tests.api.contact.test_api_contact:test_api_contact.py:128 Received response text: {"errors":{"email":{"name":"ValidatorError","message":"Email is invalid","properties":{"message":"Email is invalid","type":"user defined","path":"email","value":"@mail.com","reason":{}},"kind":"user defined","path":"email","value":"@mail.com","reason":{}}},"_message":"Validation failed","message":"Validation failed: email: Email is invalid"}
INFO     tests.api.contact.test_api_contact:test_api_contact.py:130 Can't update contact fields to invalid ones as it is intended
DEBUG    util.admin.admin_api:admin_api.py:97 Getting contact with id: 67280c44d1286b001322ca1c using token: eyJhbGciOiJIUzI1NiIsInR5cCI6IkpXVCJ9.eyJfaWQiOiI2NzI4MGM0MWJlZDRkYjAwMTM1YjExODUiLCJpYXQiOjE3MzA2Nzc4Mjd9.deiIjtzAvIEJLTr8jlY_fMO51RuY1e2VgT5RaxGV7dA
DEBUG    urllib3.connectionpool:connectionpool.py:1051 Starting new HTTPS connection (1): thinking-tester-contact-list.herokuapp.com:443
DEBUG    urllib3.connectionpool:connectionpool.py:546 https://thinking-tester-contact-list.herokuapp.com:443 "GET /contacts/67280c44d1286b001322ca1c HTTP/11" 200 314
DEBUG    util.admin.admin_api:admin_api.py:104 Received contact: {'_id': '67280c44d1286b001322ca1c', 'firstName': 'Will', 'lastName': 'Smith', 'birthdate': '1968-09-25', 'email': 'will.smith@mail.com', 'phone': '1234567890', 'street1': '1 Main St.', 'street2': 'Apartment A', 'city': 'New York', 'stateProvince': 'NY', 'postalCode': '10118', 'country': 'USA', 'owner': '67280c41bed4db00135b1185', '__v': 0}
INFO     tests.api.contact.test_api_contact:test_api_contact.py:134 Contact fields was not updated to invalid ones
DEBUG    util.admin.admin_api:admin_api.py:108 Deleting contact with id: 67280c44d1286b001322ca1c using token: eyJhbGciOiJIUzI1NiIsInR5cCI6IkpXVCJ9.eyJfaWQiOiI2NzI4MGM0MWJlZDRkYjAwMTM1YjExODUiLCJpYXQiOjE3MzA2Nzc4Mjd9.deiIjtzAvIEJLTr8jlY_fMO51RuY1e2VgT5RaxGV7dA
DEBUG    urllib3.connectionpool:connectionpool.py:1051 Starting new HTTPS connection (1): thinking-tester-contact-list.herokuapp.com:443
DEBUG    urllib3.connectionpool:connectionpool.py:546 https://thinking-tester-contact-list.herokuapp.com:443 "DELETE /contacts/67280c44d1286b001322ca1c HTTP/11" 200 15
DEBUG    util.admin.admin_api:admin_api.py:114 Contact deleted
INFO     tests.api.contact.conftest:conftest.py:44 Deleted default contact
DEBUG    util.admin.admin_api:admin_api.py:77 Deleting user with token: eyJhbGciOiJIUzI1NiIsInR5cCI6IkpXVCJ9.eyJfaWQiOiI2NzI4MGM0MWJlZDRkYjAwMTM1YjExODUiLCJpYXQiOjE3MzA2Nzc4MjV9.Ngs1MBHdf22xiL0XsfkPX2j2wX17E8VPOho5UIHGsuw
DEBUG    urllib3.connectionpool:connectionpool.py:1051 Starting new HTTPS connection (1): thinking-tester-contact-list.herokuapp.com:443
DEBUG    urllib3.connectionpool:connectionpool.py:546 https://thinking-tester-contact-list.herokuapp.com:443 "DELETE /users/me HTTP/11" 200 0
DEBUG    util.admin.admin_api:admin_api.py:83 User deleted
INFO     tests.conftest:conftest.py:60 Deleted registered user
DEBUG    util.admin.admin_api:admin_api.py:33 Creating user: {'firstName': 'John', 'lastName': 'Green', 'email': 'john.green@mail.com', 'password': '1234567890'}
DEBUG    urllib3.connectionpool:connectionpool.py:1051 Starting new HTTPS connection (1): thinking-tester-contact-list.herokuapp.com:443
DEBUG    urllib3.connectionpool:connectionpool.py:546 https://thinking-tester-contact-list.herokuapp.com:443 "POST /users HTTP/11" 201 279
DEBUG    util.admin.admin_api:admin_api.py:39 Created user and received token: eyJhbGciOiJIUzI1NiIsInR5cCI6IkpXVCJ9.eyJfaWQiOiI2NzI4MGM0Y2QxMjg2YjAwMTMyMmNhMWQiLCJpYXQiOjE3MzA2Nzc4MzZ9.DqGLib4zHZkAeDRrL7igjH-TRlq0zhbelE2Na_MbVtU
INFO     tests.conftest:conftest.py:56 Created registered user
DEBUG    util.admin.admin_api:admin_api.py:43 Logging in user with credentials: {email: john.green@mail.com, password: 1234567890}
DEBUG    urllib3.connectionpool:connectionpool.py:1051 Starting new HTTPS connection (1): thinking-tester-contact-list.herokuapp.com:443
DEBUG    urllib3.connectionpool:connectionpool.py:546 https://thinking-tester-contact-list.herokuapp.com:443 "POST /users/login HTTP/11" 200 279
DEBUG    util.admin.admin_api:admin_api.py:53 Logged in and received token: eyJhbGciOiJIUzI1NiIsInR5cCI6IkpXVCJ9.eyJfaWQiOiI2NzI4MGM0Y2QxMjg2YjAwMTMyMmNhMWQiLCJpYXQiOjE3MzA2Nzc4Mzd9.0NThdSmymDg3gu5MX4SqNi0vvoiO9VZL3rKJ9BXyrHk
DEBUG    util.admin.admin_api:admin_api.py:86 Using token: eyJhbGciOiJIUzI1NiIsInR5cCI6IkpXVCJ9.eyJfaWQiOiI2NzI4MGM0Y2QxMjg2YjAwMTMyMmNhMWQiLCJpYXQiOjE3MzA2Nzc4Mzd9.0NThdSmymDg3gu5MX4SqNi0vvoiO9VZL3rKJ9BXyrHk. Creating contact: {'firstName': 'Will', 'lastName': 'Smith', 'birthdate': '1968-09-25', 'email': 'will.smith@mail.com', 'phone': '1234567890', 'street1': '1 Main St.', 'street2': 'Apartment A', 'city': 'New York', 'stateProvince': 'NY', 'postalCode': '10118', 'country': 'USA'}
DEBUG    urllib3.connectionpool:connectionpool.py:1051 Starting new HTTPS connection (1): thinking-tester-contact-list.herokuapp.com:443
DEBUG    urllib3.connectionpool:connectionpool.py:546 https://thinking-tester-contact-list.herokuapp.com:443 "POST /contacts HTTP/11" 201 314
DEBUG    util.admin.admin_api:admin_api.py:93 Contact created: {'_id': '67280c4ed1286b001322ca1f', 'firstName': 'Will', 'lastName': 'Smith', 'birthdate': '1968-09-25', 'email': 'will.smith@mail.com', 'phone': '1234567890', 'street1': '1 Main St.', 'street2': 'Apartment A', 'city': 'New York', 'stateProvince': 'NY', 'postalCode': '10118', 'country': 'USA', 'owner': '67280c4cd1286b001322ca1d', '__v': 0}
INFO     tests.api.contact.conftest:conftest.py:41 Created default contact
DEBUG    tests.api.contact.test_api_contact:test_api_contact.py:126 Updating contact with {'firstName': 'Will', 'lastName': 'Smith', 'birthdate': '1968-10-25', 'email': 'will.smith@', 'phone': '1234567890', 'street1': '1 Main St.', 'street2': 'Apartment A', 'city': 'New York', 'stateProvince': 'NY', 'postalCode': '10118', 'country': 'USA'}
DEBUG    urllib3.connectionpool:connectionpool.py:1051 Starting new HTTPS connection (1): thinking-tester-contact-list.herokuapp.com:443
DEBUG    urllib3.connectionpool:connectionpool.py:546 https://thinking-tester-contact-list.herokuapp.com:443 "PUT /contacts/67280c4ed1286b001322ca1f HTTP/11" 400 347
DEBUG    tests.api.contact.test_api_contact:test_api_contact.py:128 Received response text: {"errors":{"email":{"name":"ValidatorError","message":"Email is invalid","properties":{"message":"Email is invalid","type":"user defined","path":"email","value":"will.smith@","reason":{}},"kind":"user defined","path":"email","value":"will.smith@","reason":{}}},"_message":"Validation failed","message":"Validation failed: email: Email is invalid"}
INFO     tests.api.contact.test_api_contact:test_api_contact.py:130 Can't update contact fields to invalid ones as it is intended
DEBUG    util.admin.admin_api:admin_api.py:97 Getting contact with id: 67280c4ed1286b001322ca1f using token: eyJhbGciOiJIUzI1NiIsInR5cCI6IkpXVCJ9.eyJfaWQiOiI2NzI4MGM0Y2QxMjg2YjAwMTMyMmNhMWQiLCJpYXQiOjE3MzA2Nzc4Mzd9.0NThdSmymDg3gu5MX4SqNi0vvoiO9VZL3rKJ9BXyrHk
DEBUG    urllib3.connectionpool:connectionpool.py:1051 Starting new HTTPS connection (1): thinking-tester-contact-list.herokuapp.com:443
DEBUG    urllib3.connectionpool:connectionpool.py:546 https://thinking-tester-contact-list.herokuapp.com:443 "GET /contacts/67280c4ed1286b001322ca1f HTTP/11" 200 314
DEBUG    util.admin.admin_api:admin_api.py:104 Received contact: {'_id': '67280c4ed1286b001322ca1f', 'firstName': 'Will', 'lastName': 'Smith', 'birthdate': '1968-09-25', 'email': 'will.smith@mail.com', 'phone': '1234567890', 'street1': '1 Main St.', 'street2': 'Apartment A', 'city': 'New York', 'stateProvince': 'NY', 'postalCode': '10118', 'country': 'USA', 'owner': '67280c4cd1286b001322ca1d', '__v': 0}
INFO     tests.api.contact.test_api_contact:test_api_contact.py:134 Contact fields was not updated to invalid ones
DEBUG    util.admin.admin_api:admin_api.py:108 Deleting contact with id: 67280c4ed1286b001322ca1f using token: eyJhbGciOiJIUzI1NiIsInR5cCI6IkpXVCJ9.eyJfaWQiOiI2NzI4MGM0Y2QxMjg2YjAwMTMyMmNhMWQiLCJpYXQiOjE3MzA2Nzc4Mzd9.0NThdSmymDg3gu5MX4SqNi0vvoiO9VZL3rKJ9BXyrHk
DEBUG    urllib3.connectionpool:connectionpool.py:1051 Starting new HTTPS connection (1): thinking-tester-contact-list.herokuapp.com:443
DEBUG    urllib3.connectionpool:connectionpool.py:546 https://thinking-tester-contact-list.herokuapp.com:443 "DELETE /contacts/67280c4ed1286b001322ca1f HTTP/11" 200 15
DEBUG    util.admin.admin_api:admin_api.py:114 Contact deleted
INFO     tests.api.contact.conftest:conftest.py:44 Deleted default contact
DEBUG    util.admin.admin_api:admin_api.py:77 Deleting user with token: eyJhbGciOiJIUzI1NiIsInR5cCI6IkpXVCJ9.eyJfaWQiOiI2NzI4MGM0Y2QxMjg2YjAwMTMyMmNhMWQiLCJpYXQiOjE3MzA2Nzc4MzZ9.DqGLib4zHZkAeDRrL7igjH-TRlq0zhbelE2Na_MbVtU
DEBUG    urllib3.connectionpool:connectionpool.py:1051 Starting new HTTPS connection (1): thinking-tester-contact-list.herokuapp.com:443
DEBUG    urllib3.connectionpool:connectionpool.py:546 https://thinking-tester-contact-list.herokuapp.com:443 "DELETE /users/me HTTP/11" 200 0
DEBUG    util.admin.admin_api:admin_api.py:83 User deleted
INFO     tests.conftest:conftest.py:60 Deleted registered user
DEBUG    util.admin.admin_api:admin_api.py:33 Creating user: {'firstName': 'John', 'lastName': 'Green', 'email': 'john.green@mail.com', 'password': '1234567890'}
DEBUG    urllib3.connectionpool:connectionpool.py:1051 Starting new HTTPS connection (1): thinking-tester-contact-list.herokuapp.com:443
DEBUG    urllib3.connectionpool:connectionpool.py:546 https://thinking-tester-contact-list.herokuapp.com:443 "POST /users HTTP/11" 201 279
DEBUG    util.admin.admin_api:admin_api.py:39 Created user and received token: eyJhbGciOiJIUzI1NiIsInR5cCI6IkpXVCJ9.eyJfaWQiOiI2NzI4MGM1M2JlZDRkYjAwMTM1YjExODkiLCJpYXQiOjE3MzA2Nzc4NDN9.AUbN1a0EQZR2jNdznk18jmy6wk_VJIKbnks6v-vLHLs
INFO     tests.conftest:conftest.py:56 Created registered user
DEBUG    util.admin.admin_api:admin_api.py:43 Logging in user with credentials: {email: john.green@mail.com, password: 1234567890}
DEBUG    urllib3.connectionpool:connectionpool.py:1051 Starting new HTTPS connection (1): thinking-tester-contact-list.herokuapp.com:443
DEBUG    urllib3.connectionpool:connectionpool.py:546 https://thinking-tester-contact-list.herokuapp.com:443 "POST /users/login HTTP/11" 200 279
DEBUG    util.admin.admin_api:admin_api.py:53 Logged in and received token: eyJhbGciOiJIUzI1NiIsInR5cCI6IkpXVCJ9.eyJfaWQiOiI2NzI4MGM1M2JlZDRkYjAwMTM1YjExODkiLCJpYXQiOjE3MzA2Nzc4NDV9.uWbzRTaDcoRDDycjn59Z57VBAN8Jjqv-Sw9rW5EzjRw
DEBUG    util.admin.admin_api:admin_api.py:86 Using token: eyJhbGciOiJIUzI1NiIsInR5cCI6IkpXVCJ9.eyJfaWQiOiI2NzI4MGM1M2JlZDRkYjAwMTM1YjExODkiLCJpYXQiOjE3MzA2Nzc4NDV9.uWbzRTaDcoRDDycjn59Z57VBAN8Jjqv-Sw9rW5EzjRw. Creating contact: {'firstName': 'Will', 'lastName': 'Smith', 'birthdate': '1968-09-25', 'email': 'will.smith@mail.com', 'phone': '1234567890', 'street1': '1 Main St.', 'street2': 'Apartment A', 'city': 'New York', 'stateProvince': 'NY', 'postalCode': '10118', 'country': 'USA'}
DEBUG    urllib3.connectionpool:connectionpool.py:1051 Starting new HTTPS connection (1): thinking-tester-contact-list.herokuapp.com:443
DEBUG    urllib3.connectionpool:connectionpool.py:546 https://thinking-tester-contact-list.herokuapp.com:443 "POST /contacts HTTP/11" 201 314
DEBUG    util.admin.admin_api:admin_api.py:93 Contact created: {'_id': '67280c56d1286b001322ca21', 'firstName': 'Will', 'lastName': 'Smith', 'birthdate': '1968-09-25', 'email': 'will.smith@mail.com', 'phone': '1234567890', 'street1': '1 Main St.', 'street2': 'Apartment A', 'city': 'New York', 'stateProvince': 'NY', 'postalCode': '10118', 'country': 'USA', 'owner': '67280c53bed4db00135b1189', '__v': 0}
INFO     tests.api.contact.conftest:conftest.py:41 Created default contact
DEBUG    tests.api.contact.test_api_contact:test_api_contact.py:126 Updating contact with {'firstName': 'Will', 'lastName': 'Smith', 'birthdate': '1968-10-25', 'email': 'will smith@mail.com', 'phone': '1234567890', 'street1': '1 Main St.', 'street2': 'Apartment A', 'city': 'New York', 'stateProvince': 'NY', 'postalCode': '10118', 'country': 'USA'}
DEBUG    urllib3.connectionpool:connectionpool.py:1051 Starting new HTTPS connection (1): thinking-tester-contact-list.herokuapp.com:443
DEBUG    urllib3.connectionpool:connectionpool.py:546 https://thinking-tester-contact-list.herokuapp.com:443 "PUT /contacts/67280c56d1286b001322ca21 HTTP/11" 400 363
DEBUG    tests.api.contact.test_api_contact:test_api_contact.py:128 Received response text: {"errors":{"email":{"name":"ValidatorError","message":"Email is invalid","properties":{"message":"Email is invalid","type":"user defined","path":"email","value":"will smith@mail.com","reason":{}},"kind":"user defined","path":"email","value":"will smith@mail.com","reason":{}}},"_message":"Validation failed","message":"Validation failed: email: Email is invalid"}
INFO     tests.api.contact.test_api_contact:test_api_contact.py:130 Can't update contact fields to invalid ones as it is intended
DEBUG    util.admin.admin_api:admin_api.py:97 Getting contact with id: 67280c56d1286b001322ca21 using token: eyJhbGciOiJIUzI1NiIsInR5cCI6IkpXVCJ9.eyJfaWQiOiI2NzI4MGM1M2JlZDRkYjAwMTM1YjExODkiLCJpYXQiOjE3MzA2Nzc4NDV9.uWbzRTaDcoRDDycjn59Z57VBAN8Jjqv-Sw9rW5EzjRw
DEBUG    urllib3.connectionpool:connectionpool.py:1051 Starting new HTTPS connection (1): thinking-tester-contact-list.herokuapp.com:443
DEBUG    urllib3.connectionpool:connectionpool.py:546 https://thinking-tester-contact-list.herokuapp.com:443 "GET /contacts/67280c56d1286b001322ca21 HTTP/11" 200 314
DEBUG    util.admin.admin_api:admin_api.py:104 Received contact: {'_id': '67280c56d1286b001322ca21', 'firstName': 'Will', 'lastName': 'Smith', 'birthdate': '1968-09-25', 'email': 'will.smith@mail.com', 'phone': '1234567890', 'street1': '1 Main St.', 'street2': 'Apartment A', 'city': 'New York', 'stateProvince': 'NY', 'postalCode': '10118', 'country': 'USA', 'owner': '67280c53bed4db00135b1189', '__v': 0}
INFO     tests.api.contact.test_api_contact:test_api_contact.py:134 Contact fields was not updated to invalid ones
DEBUG    util.admin.admin_api:admin_api.py:108 Deleting contact with id: 67280c56d1286b001322ca21 using token: eyJhbGciOiJIUzI1NiIsInR5cCI6IkpXVCJ9.eyJfaWQiOiI2NzI4MGM1M2JlZDRkYjAwMTM1YjExODkiLCJpYXQiOjE3MzA2Nzc4NDV9.uWbzRTaDcoRDDycjn59Z57VBAN8Jjqv-Sw9rW5EzjRw
DEBUG    urllib3.connectionpool:connectionpool.py:1051 Starting new HTTPS connection (1): thinking-tester-contact-list.herokuapp.com:443
DEBUG    urllib3.connectionpool:connectionpool.py:546 https://thinking-tester-contact-list.herokuapp.com:443 "DELETE /contacts/67280c56d1286b001322ca21 HTTP/11" 200 15
DEBUG    util.admin.admin_api:admin_api.py:114 Contact deleted
INFO     tests.api.contact.conftest:conftest.py:44 Deleted default contact
DEBUG    util.admin.admin_api:admin_api.py:77 Deleting user with token: eyJhbGciOiJIUzI1NiIsInR5cCI6IkpXVCJ9.eyJfaWQiOiI2NzI4MGM1M2JlZDRkYjAwMTM1YjExODkiLCJpYXQiOjE3MzA2Nzc4NDN9.AUbN1a0EQZR2jNdznk18jmy6wk_VJIKbnks6v-vLHLs
DEBUG    urllib3.connectionpool:connectionpool.py:1051 Starting new HTTPS connection (1): thinking-tester-contact-list.herokuapp.com:443
DEBUG    urllib3.connectionpool:connectionpool.py:546 https://thinking-tester-contact-list.herokuapp.com:443 "DELETE /users/me HTTP/11" 200 0
DEBUG    util.admin.admin_api:admin_api.py:83 User deleted
INFO     tests.conftest:conftest.py:60 Deleted registered user
DEBUG    util.admin.admin_api:admin_api.py:33 Creating user: {'firstName': 'John', 'lastName': 'Green', 'email': 'john.green@mail.com', 'password': '1234567890'}
DEBUG    urllib3.connectionpool:connectionpool.py:1051 Starting new HTTPS connection (1): thinking-tester-contact-list.herokuapp.com:443
DEBUG    urllib3.connectionpool:connectionpool.py:546 https://thinking-tester-contact-list.herokuapp.com:443 "POST /users HTTP/11" 201 279
DEBUG    util.admin.admin_api:admin_api.py:39 Created user and received token: eyJhbGciOiJIUzI1NiIsInR5cCI6IkpXVCJ9.eyJfaWQiOiI2NzI4MGM1YmQxMjg2YjAwMTMyMmNhMjIiLCJpYXQiOjE3MzA2Nzc4NTF9.J-6lUrA19L3s_a-_JDobHhR1QWZKukWsG5N6Q5E0OG8
INFO     tests.conftest:conftest.py:56 Created registered user
DEBUG    util.admin.admin_api:admin_api.py:43 Logging in user with credentials: {email: john.green@mail.com, password: 1234567890}
DEBUG    urllib3.connectionpool:connectionpool.py:1051 Starting new HTTPS connection (1): thinking-tester-contact-list.herokuapp.com:443
DEBUG    urllib3.connectionpool:connectionpool.py:546 https://thinking-tester-contact-list.herokuapp.com:443 "POST /users/login HTTP/11" 200 279
DEBUG    util.admin.admin_api:admin_api.py:53 Logged in and received token: eyJhbGciOiJIUzI1NiIsInR5cCI6IkpXVCJ9.eyJfaWQiOiI2NzI4MGM1YmQxMjg2YjAwMTMyMmNhMjIiLCJpYXQiOjE3MzA2Nzc4NTJ9.fQgedU4fAidmV0xK5_Vb7rsIsarOtH7s4ID8Vhb0BR8
DEBUG    util.admin.admin_api:admin_api.py:86 Using token: eyJhbGciOiJIUzI1NiIsInR5cCI6IkpXVCJ9.eyJfaWQiOiI2NzI4MGM1YmQxMjg2YjAwMTMyMmNhMjIiLCJpYXQiOjE3MzA2Nzc4NTJ9.fQgedU4fAidmV0xK5_Vb7rsIsarOtH7s4ID8Vhb0BR8. Creating contact: {'firstName': 'Will', 'lastName': 'Smith', 'birthdate': '1968-09-25', 'email': 'will.smith@mail.com', 'phone': '1234567890', 'street1': '1 Main St.', 'street2': 'Apartment A', 'city': 'New York', 'stateProvince': 'NY', 'postalCode': '10118', 'country': 'USA'}
DEBUG    urllib3.connectionpool:connectionpool.py:1051 Starting new HTTPS connection (1): thinking-tester-contact-list.herokuapp.com:443
DEBUG    urllib3.connectionpool:connectionpool.py:546 https://thinking-tester-contact-list.herokuapp.com:443 "POST /contacts HTTP/11" 201 314
DEBUG    util.admin.admin_api:admin_api.py:93 Contact created: {'_id': '67280c5dd1286b001322ca24', 'firstName': 'Will', 'lastName': 'Smith', 'birthdate': '1968-09-25', 'email': 'will.smith@mail.com', 'phone': '1234567890', 'street1': '1 Main St.', 'street2': 'Apartment A', 'city': 'New York', 'stateProvince': 'NY', 'postalCode': '10118', 'country': 'USA', 'owner': '67280c5bd1286b001322ca22', '__v': 0}
INFO     tests.api.contact.conftest:conftest.py:41 Created default contact
DEBUG    tests.api.contact.test_api_contact:test_api_contact.py:126 Updating contact with {'firstName': 'Will', 'lastName': 'Smith', 'birthdate': '1968-10-25', 'email': 'will.smith@mail', 'phone': '1234567890', 'street1': '1 Main St.', 'street2': 'Apartment A', 'city': 'New York', 'stateProvince': 'NY', 'postalCode': '10118', 'country': 'USA'}
DEBUG    urllib3.connectionpool:connectionpool.py:1051 Starting new HTTPS connection (1): thinking-tester-contact-list.herokuapp.com:443
DEBUG    urllib3.connectionpool:connectionpool.py:546 https://thinking-tester-contact-list.herokuapp.com:443 "PUT /contacts/67280c5dd1286b001322ca24 HTTP/11" 400 355
DEBUG    tests.api.contact.test_api_contact:test_api_contact.py:128 Received response text: {"errors":{"email":{"name":"ValidatorError","message":"Email is invalid","properties":{"message":"Email is invalid","type":"user defined","path":"email","value":"will.smith@mail","reason":{}},"kind":"user defined","path":"email","value":"will.smith@mail","reason":{}}},"_message":"Validation failed","message":"Validation failed: email: Email is invalid"}
INFO     tests.api.contact.test_api_contact:test_api_contact.py:130 Can't update contact fields to invalid ones as it is intended
DEBUG    util.admin.admin_api:admin_api.py:97 Getting contact with id: 67280c5dd1286b001322ca24 using token: eyJhbGciOiJIUzI1NiIsInR5cCI6IkpXVCJ9.eyJfaWQiOiI2NzI4MGM1YmQxMjg2YjAwMTMyMmNhMjIiLCJpYXQiOjE3MzA2Nzc4NTJ9.fQgedU4fAidmV0xK5_Vb7rsIsarOtH7s4ID8Vhb0BR8
DEBUG    urllib3.connectionpool:connectionpool.py:1051 Starting new HTTPS connection (1): thinking-tester-contact-list.herokuapp.com:443
DEBUG    urllib3.connectionpool:connectionpool.py:546 https://thinking-tester-contact-list.herokuapp.com:443 "GET /contacts/67280c5dd1286b001322ca24 HTTP/11" 200 314
DEBUG    util.admin.admin_api:admin_api.py:104 Received contact: {'_id': '67280c5dd1286b001322ca24', 'firstName': 'Will', 'lastName': 'Smith', 'birthdate': '1968-09-25', 'email': 'will.smith@mail.com', 'phone': '1234567890', 'street1': '1 Main St.', 'street2': 'Apartment A', 'city': 'New York', 'stateProvince': 'NY', 'postalCode': '10118', 'country': 'USA', 'owner': '67280c5bd1286b001322ca22', '__v': 0}
INFO     tests.api.contact.test_api_contact:test_api_contact.py:134 Contact fields was not updated to invalid ones
DEBUG    util.admin.admin_api:admin_api.py:108 Deleting contact with id: 67280c5dd1286b001322ca24 using token: eyJhbGciOiJIUzI1NiIsInR5cCI6IkpXVCJ9.eyJfaWQiOiI2NzI4MGM1YmQxMjg2YjAwMTMyMmNhMjIiLCJpYXQiOjE3MzA2Nzc4NTJ9.fQgedU4fAidmV0xK5_Vb7rsIsarOtH7s4ID8Vhb0BR8
DEBUG    urllib3.connectionpool:connectionpool.py:1051 Starting new HTTPS connection (1): thinking-tester-contact-list.herokuapp.com:443
DEBUG    urllib3.connectionpool:connectionpool.py:546 https://thinking-tester-contact-list.herokuapp.com:443 "DELETE /contacts/67280c5dd1286b001322ca24 HTTP/11" 200 15
DEBUG    util.admin.admin_api:admin_api.py:114 Contact deleted
INFO     tests.api.contact.conftest:conftest.py:44 Deleted default contact
DEBUG    util.admin.admin_api:admin_api.py:77 Deleting user with token: eyJhbGciOiJIUzI1NiIsInR5cCI6IkpXVCJ9.eyJfaWQiOiI2NzI4MGM1YmQxMjg2YjAwMTMyMmNhMjIiLCJpYXQiOjE3MzA2Nzc4NTF9.J-6lUrA19L3s_a-_JDobHhR1QWZKukWsG5N6Q5E0OG8
DEBUG    urllib3.connectionpool:connectionpool.py:1051 Starting new HTTPS connection (1): thinking-tester-contact-list.herokuapp.com:443
DEBUG    urllib3.connectionpool:connectionpool.py:546 https://thinking-tester-contact-list.herokuapp.com:443 "DELETE /users/me HTTP/11" 200 0
DEBUG    util.admin.admin_api:admin_api.py:83 User deleted
INFO     tests.conftest:conftest.py:60 Deleted registered user
DEBUG    util.admin.admin_api:admin_api.py:33 Creating user: {'firstName': 'John', 'lastName': 'Green', 'email': 'john.green@mail.com', 'password': '1234567890'}
DEBUG    urllib3.connectionpool:connectionpool.py:1051 Starting new HTTPS connection (1): thinking-tester-contact-list.herokuapp.com:443
DEBUG    urllib3.connectionpool:connectionpool.py:546 https://thinking-tester-contact-list.herokuapp.com:443 "POST /users HTTP/11" 201 279
DEBUG    util.admin.admin_api:admin_api.py:39 Created user and received token: eyJhbGciOiJIUzI1NiIsInR5cCI6IkpXVCJ9.eyJfaWQiOiI2NzI4MGM2NGJlZDRkYjAwMTM1YjExOGMiLCJpYXQiOjE3MzA2Nzc4NjB9.VPXSE7EDS9Hj8yWG6mXL4cO4cRo6vmg1ZRjlr6VFPNE
INFO     tests.conftest:conftest.py:56 Created registered user
DEBUG    util.admin.admin_api:admin_api.py:43 Logging in user with credentials: {email: john.green@mail.com, password: 1234567890}
DEBUG    urllib3.connectionpool:connectionpool.py:1051 Starting new HTTPS connection (1): thinking-tester-contact-list.herokuapp.com:443
DEBUG    urllib3.connectionpool:connectionpool.py:546 https://thinking-tester-contact-list.herokuapp.com:443 "POST /users/login HTTP/11" 200 279
DEBUG    util.admin.admin_api:admin_api.py:53 Logged in and received token: eyJhbGciOiJIUzI1NiIsInR5cCI6IkpXVCJ9.eyJfaWQiOiI2NzI4MGM2NGJlZDRkYjAwMTM1YjExOGMiLCJpYXQiOjE3MzA2Nzc4NjF9.nO4v9wukqisCnonsJo4proTp1d7Vl1g7GB4z-9RQEfI
DEBUG    util.admin.admin_api:admin_api.py:86 Using token: eyJhbGciOiJIUzI1NiIsInR5cCI6IkpXVCJ9.eyJfaWQiOiI2NzI4MGM2NGJlZDRkYjAwMTM1YjExOGMiLCJpYXQiOjE3MzA2Nzc4NjF9.nO4v9wukqisCnonsJo4proTp1d7Vl1g7GB4z-9RQEfI. Creating contact: {'firstName': 'Will', 'lastName': 'Smith', 'birthdate': '1968-09-25', 'email': 'will.smith@mail.com', 'phone': '1234567890', 'street1': '1 Main St.', 'street2': 'Apartment A', 'city': 'New York', 'stateProvince': 'NY', 'postalCode': '10118', 'country': 'USA'}
DEBUG    urllib3.connectionpool:connectionpool.py:1051 Starting new HTTPS connection (1): thinking-tester-contact-list.herokuapp.com:443
DEBUG    urllib3.connectionpool:connectionpool.py:546 https://thinking-tester-contact-list.herokuapp.com:443 "POST /contacts HTTP/11" 201 314
DEBUG    util.admin.admin_api:admin_api.py:93 Contact created: {'_id': '67280c66bed4db00135b118e', 'firstName': 'Will', 'lastName': 'Smith', 'birthdate': '1968-09-25', 'email': 'will.smith@mail.com', 'phone': '1234567890', 'street1': '1 Main St.', 'street2': 'Apartment A', 'city': 'New York', 'stateProvince': 'NY', 'postalCode': '10118', 'country': 'USA', 'owner': '67280c64bed4db00135b118c', '__v': 0}
INFO     tests.api.contact.conftest:conftest.py:41 Created default contact
DEBUG    tests.api.contact.test_api_contact:test_api_contact.py:126 Updating contact with {'firstName': 'Will', 'lastName': 'Smith', 'birthdate': '1968-10-25', 'email': 'w!ll.s#&?^@mail.com', 'phone': '1234567890', 'street1': '1 Main St.', 'street2': 'Apartment A', 'city': 'New York', 'stateProvince': 'NY', 'postalCode': '10118', 'country': 'USA'}
DEBUG    urllib3.connectionpool:connectionpool.py:1051 Starting new HTTPS connection (1): thinking-tester-contact-list.herokuapp.com:443
DEBUG    urllib3.connectionpool:connectionpool.py:546 https://thinking-tester-contact-list.herokuapp.com:443 "PUT /contacts/67280c66bed4db00135b118e HTTP/11" 200 314
DEBUG    tests.api.contact.test_api_contact:test_api_contact.py:128 Received response text: {"_id":"67280c66bed4db00135b118e","firstName":"Will","lastName":"Smith","birthdate":"1968-10-25","email":"w!ll.s#&?^@mail.com","phone":"1234567890","street1":"1 Main St.","street2":"Apartment A","city":"New York","stateProvince":"NY","postalCode":"10118","country":"USA","owner":"67280c64bed4db00135b118c","__v":0}
DEBUG    util.admin.admin_api:admin_api.py:108 Deleting contact with id: 67280c66bed4db00135b118e using token: eyJhbGciOiJIUzI1NiIsInR5cCI6IkpXVCJ9.eyJfaWQiOiI2NzI4MGM2NGJlZDRkYjAwMTM1YjExOGMiLCJpYXQiOjE3MzA2Nzc4NjF9.nO4v9wukqisCnonsJo4proTp1d7Vl1g7GB4z-9RQEfI
DEBUG    urllib3.connectionpool:connectionpool.py:1051 Starting new HTTPS connection (1): thinking-tester-contact-list.herokuapp.com:443
DEBUG    urllib3.connectionpool:connectionpool.py:546 https://thinking-tester-contact-list.herokuapp.com:443 "DELETE /contacts/67280c66bed4db00135b118e HTTP/11" 200 15
DEBUG    util.admin.admin_api:admin_api.py:114 Contact deleted
INFO     tests.api.contact.conftest:conftest.py:44 Deleted default contact
DEBUG    util.admin.admin_api:admin_api.py:77 Deleting user with token: eyJhbGciOiJIUzI1NiIsInR5cCI6IkpXVCJ9.eyJfaWQiOiI2NzI4MGM2NGJlZDRkYjAwMTM1YjExOGMiLCJpYXQiOjE3MzA2Nzc4NjB9.VPXSE7EDS9Hj8yWG6mXL4cO4cRo6vmg1ZRjlr6VFPNE
DEBUG    urllib3.connectionpool:connectionpool.py:1051 Starting new HTTPS connection (1): thinking-tester-contact-list.herokuapp.com:443
DEBUG    urllib3.connectionpool:connectionpool.py:546 https://thinking-tester-contact-list.herokuapp.com:443 "DELETE /users/me HTTP/11" 200 0
DEBUG    util.admin.admin_api:admin_api.py:83 User deleted
INFO     tests.conftest:conftest.py:60 Deleted registered user
DEBUG    util.admin.admin_api:admin_api.py:33 Creating user: {'firstName': 'John', 'lastName': 'Green', 'email': 'john.green@mail.com', 'password': '1234567890'}
DEBUG    urllib3.connectionpool:connectionpool.py:1051 Starting new HTTPS connection (1): thinking-tester-contact-list.herokuapp.com:443
DEBUG    urllib3.connectionpool:connectionpool.py:546 https://thinking-tester-contact-list.herokuapp.com:443 "POST /users HTTP/11" 201 279
DEBUG    util.admin.admin_api:admin_api.py:39 Created user and received token: eyJhbGciOiJIUzI1NiIsInR5cCI6IkpXVCJ9.eyJfaWQiOiI2NzI4MGM2YWQxMjg2YjAwMTMyMmNhMjYiLCJpYXQiOjE3MzA2Nzc4NjZ9.qOPAM7UPwInm_O8Qpoyw_8CAN5RrIuHA2Pq10QpAjIg
INFO     tests.conftest:conftest.py:56 Created registered user
DEBUG    util.admin.admin_api:admin_api.py:43 Logging in user with credentials: {email: john.green@mail.com, password: 1234567890}
DEBUG    urllib3.connectionpool:connectionpool.py:1051 Starting new HTTPS connection (1): thinking-tester-contact-list.herokuapp.com:443
DEBUG    urllib3.connectionpool:connectionpool.py:546 https://thinking-tester-contact-list.herokuapp.com:443 "POST /users/login HTTP/11" 200 279
DEBUG    util.admin.admin_api:admin_api.py:53 Logged in and received token: eyJhbGciOiJIUzI1NiIsInR5cCI6IkpXVCJ9.eyJfaWQiOiI2NzI4MGM2YWQxMjg2YjAwMTMyMmNhMjYiLCJpYXQiOjE3MzA2Nzc4Njh9.brJ_0WYS5gHNdEdGyHDt4q5c9PkKAXXmWP57LlizsYg
DEBUG    util.admin.admin_api:admin_api.py:86 Using token: eyJhbGciOiJIUzI1NiIsInR5cCI6IkpXVCJ9.eyJfaWQiOiI2NzI4MGM2YWQxMjg2YjAwMTMyMmNhMjYiLCJpYXQiOjE3MzA2Nzc4Njh9.brJ_0WYS5gHNdEdGyHDt4q5c9PkKAXXmWP57LlizsYg. Creating contact: {'firstName': 'Will', 'lastName': 'Smith', 'birthdate': '1968-09-25', 'email': 'will.smith@mail.com', 'phone': '1234567890', 'street1': '1 Main St.', 'street2': 'Apartment A', 'city': 'New York', 'stateProvince': 'NY', 'postalCode': '10118', 'country': 'USA'}
DEBUG    urllib3.connectionpool:connectionpool.py:1051 Starting new HTTPS connection (1): thinking-tester-contact-list.herokuapp.com:443
DEBUG    urllib3.connectionpool:connectionpool.py:546 https://thinking-tester-contact-list.herokuapp.com:443 "POST /contacts HTTP/11" 201 314
DEBUG    util.admin.admin_api:admin_api.py:93 Contact created: {'_id': '67280c6dd1286b001322ca29', 'firstName': 'Will', 'lastName': 'Smith', 'birthdate': '1968-09-25', 'email': 'will.smith@mail.com', 'phone': '1234567890', 'street1': '1 Main St.', 'street2': 'Apartment A', 'city': 'New York', 'stateProvince': 'NY', 'postalCode': '10118', 'country': 'USA', 'owner': '67280c6ad1286b001322ca26', '__v': 0}
INFO     tests.api.contact.conftest:conftest.py:41 Created default contact
DEBUG    tests.api.contact.test_api_contact:test_api_contact.py:126 Updating contact with {'firstName': 'Will', 'lastName': 'Smith', 'birthdate': '1968-09-25', 'email': 'will.smith@mail.com', 'phone': '', 'street1': '1 Main St.', 'street2': 'Apartment A', 'city': 'New York', 'stateProvince': 'NY', 'postalCode': '10118', 'country': 'USA'}
DEBUG    urllib3.connectionpool:connectionpool.py:1051 Starting new HTTPS connection (1): thinking-tester-contact-list.herokuapp.com:443
DEBUG    urllib3.connectionpool:connectionpool.py:546 https://thinking-tester-contact-list.herokuapp.com:443 "PUT /contacts/67280c6dd1286b001322ca29 HTTP/11" 400 346
DEBUG    tests.api.contact.test_api_contact:test_api_contact.py:128 Received response text: {"errors":{"phone":{"name":"ValidatorError","message":"Phone number is invalid","properties":{"message":"Phone number is invalid","type":"user defined","path":"phone","value":"","reason":{}},"kind":"user defined","path":"phone","value":"","reason":{}}},"_message":"Validation failed","message":"Validation failed: phone: Phone number is invalid"}
INFO     tests.api.contact.test_api_contact:test_api_contact.py:130 Can't update contact fields to invalid ones as it is intended
DEBUG    util.admin.admin_api:admin_api.py:97 Getting contact with id: 67280c6dd1286b001322ca29 using token: eyJhbGciOiJIUzI1NiIsInR5cCI6IkpXVCJ9.eyJfaWQiOiI2NzI4MGM2YWQxMjg2YjAwMTMyMmNhMjYiLCJpYXQiOjE3MzA2Nzc4Njh9.brJ_0WYS5gHNdEdGyHDt4q5c9PkKAXXmWP57LlizsYg
DEBUG    urllib3.connectionpool:connectionpool.py:1051 Starting new HTTPS connection (1): thinking-tester-contact-list.herokuapp.com:443
DEBUG    urllib3.connectionpool:connectionpool.py:546 https://thinking-tester-contact-list.herokuapp.com:443 "GET /contacts/67280c6dd1286b001322ca29 HTTP/11" 200 314
DEBUG    util.admin.admin_api:admin_api.py:104 Received contact: {'_id': '67280c6dd1286b001322ca29', 'firstName': 'Will', 'lastName': 'Smith', 'birthdate': '1968-09-25', 'email': 'will.smith@mail.com', 'phone': '1234567890', 'street1': '1 Main St.', 'street2': 'Apartment A', 'city': 'New York', 'stateProvince': 'NY', 'postalCode': '10118', 'country': 'USA', 'owner': '67280c6ad1286b001322ca26', '__v': 0}
INFO     tests.api.contact.test_api_contact:test_api_contact.py:134 Contact fields was not updated to invalid ones
DEBUG    util.admin.admin_api:admin_api.py:108 Deleting contact with id: 67280c6dd1286b001322ca29 using token: eyJhbGciOiJIUzI1NiIsInR5cCI6IkpXVCJ9.eyJfaWQiOiI2NzI4MGM2YWQxMjg2YjAwMTMyMmNhMjYiLCJpYXQiOjE3MzA2Nzc4Njh9.brJ_0WYS5gHNdEdGyHDt4q5c9PkKAXXmWP57LlizsYg
DEBUG    urllib3.connectionpool:connectionpool.py:1051 Starting new HTTPS connection (1): thinking-tester-contact-list.herokuapp.com:443
DEBUG    urllib3.connectionpool:connectionpool.py:546 https://thinking-tester-contact-list.herokuapp.com:443 "DELETE /contacts/67280c6dd1286b001322ca29 HTTP/11" 200 15
DEBUG    util.admin.admin_api:admin_api.py:114 Contact deleted
INFO     tests.api.contact.conftest:conftest.py:44 Deleted default contact
DEBUG    util.admin.admin_api:admin_api.py:77 Deleting user with token: eyJhbGciOiJIUzI1NiIsInR5cCI6IkpXVCJ9.eyJfaWQiOiI2NzI4MGM2YWQxMjg2YjAwMTMyMmNhMjYiLCJpYXQiOjE3MzA2Nzc4NjZ9.qOPAM7UPwInm_O8Qpoyw_8CAN5RrIuHA2Pq10QpAjIg
DEBUG    urllib3.connectionpool:connectionpool.py:1051 Starting new HTTPS connection (1): thinking-tester-contact-list.herokuapp.com:443
DEBUG    urllib3.connectionpool:connectionpool.py:546 https://thinking-tester-contact-list.herokuapp.com:443 "DELETE /users/me HTTP/11" 200 0
DEBUG    util.admin.admin_api:admin_api.py:83 User deleted
INFO     tests.conftest:conftest.py:60 Deleted registered user
DEBUG    util.admin.admin_api:admin_api.py:33 Creating user: {'firstName': 'John', 'lastName': 'Green', 'email': 'john.green@mail.com', 'password': '1234567890'}
DEBUG    urllib3.connectionpool:connectionpool.py:1051 Starting new HTTPS connection (1): thinking-tester-contact-list.herokuapp.com:443
DEBUG    urllib3.connectionpool:connectionpool.py:546 https://thinking-tester-contact-list.herokuapp.com:443 "POST /users HTTP/11" 201 279
DEBUG    util.admin.admin_api:admin_api.py:39 Created user and received token: eyJhbGciOiJIUzI1NiIsInR5cCI6IkpXVCJ9.eyJfaWQiOiI2NzI4MGM3M2QxMjg2YjAwMTMyMmNhMmEiLCJpYXQiOjE3MzA2Nzc4NzV9.rfOQihF0JdfsmPHH2cYvICYYxyuCCDEERt91snb1nk8
INFO     tests.conftest:conftest.py:56 Created registered user
DEBUG    util.admin.admin_api:admin_api.py:43 Logging in user with credentials: {email: john.green@mail.com, password: 1234567890}
DEBUG    urllib3.connectionpool:connectionpool.py:1051 Starting new HTTPS connection (1): thinking-tester-contact-list.herokuapp.com:443
DEBUG    urllib3.connectionpool:connectionpool.py:546 https://thinking-tester-contact-list.herokuapp.com:443 "POST /users/login HTTP/11" 200 279
DEBUG    util.admin.admin_api:admin_api.py:53 Logged in and received token: eyJhbGciOiJIUzI1NiIsInR5cCI6IkpXVCJ9.eyJfaWQiOiI2NzI4MGM3M2QxMjg2YjAwMTMyMmNhMmEiLCJpYXQiOjE3MzA2Nzc4NzZ9.UA8bSg9QEJD0gR6PO_AZuPopI7Uc8mu36sfTT8fkwt0
DEBUG    util.admin.admin_api:admin_api.py:86 Using token: eyJhbGciOiJIUzI1NiIsInR5cCI6IkpXVCJ9.eyJfaWQiOiI2NzI4MGM3M2QxMjg2YjAwMTMyMmNhMmEiLCJpYXQiOjE3MzA2Nzc4NzZ9.UA8bSg9QEJD0gR6PO_AZuPopI7Uc8mu36sfTT8fkwt0. Creating contact: {'firstName': 'Will', 'lastName': 'Smith', 'birthdate': '1968-09-25', 'email': 'will.smith@mail.com', 'phone': '1234567890', 'street1': '1 Main St.', 'street2': 'Apartment A', 'city': 'New York', 'stateProvince': 'NY', 'postalCode': '10118', 'country': 'USA'}
DEBUG    urllib3.connectionpool:connectionpool.py:1051 Starting new HTTPS connection (1): thinking-tester-contact-list.herokuapp.com:443
DEBUG    urllib3.connectionpool:connectionpool.py:546 https://thinking-tester-contact-list.herokuapp.com:443 "POST /contacts HTTP/11" 201 314
DEBUG    util.admin.admin_api:admin_api.py:93 Contact created: {'_id': '67280c75d1286b001322ca2d', 'firstName': 'Will', 'lastName': 'Smith', 'birthdate': '1968-09-25', 'email': 'will.smith@mail.com', 'phone': '1234567890', 'street1': '1 Main St.', 'street2': 'Apartment A', 'city': 'New York', 'stateProvince': 'NY', 'postalCode': '10118', 'country': 'USA', 'owner': '67280c73d1286b001322ca2a', '__v': 0}
INFO     tests.api.contact.conftest:conftest.py:41 Created default contact
DEBUG    tests.api.contact.test_api_contact:test_api_contact.py:126 Updating contact with {'firstName': 'Will', 'lastName': 'Smith', 'birthdate': '1968-10-25', 'email': 'will.smith@mail.com', 'phone': '12a4567890', 'street1': '1 Main St.', 'street2': 'Apartment A', 'city': 'New York', 'stateProvince': 'NY', 'postalCode': '10118', 'country': 'USA'}
DEBUG    urllib3.connectionpool:connectionpool.py:1051 Starting new HTTPS connection (1): thinking-tester-contact-list.herokuapp.com:443
DEBUG    urllib3.connectionpool:connectionpool.py:546 https://thinking-tester-contact-list.herokuapp.com:443 "PUT /contacts/67280c75d1286b001322ca2d HTTP/11" 400 366
DEBUG    tests.api.contact.test_api_contact:test_api_contact.py:128 Received response text: {"errors":{"phone":{"name":"ValidatorError","message":"Phone number is invalid","properties":{"message":"Phone number is invalid","type":"user defined","path":"phone","value":"12a4567890","reason":{}},"kind":"user defined","path":"phone","value":"12a4567890","reason":{}}},"_message":"Validation failed","message":"Validation failed: phone: Phone number is invalid"}
INFO     tests.api.contact.test_api_contact:test_api_contact.py:130 Can't update contact fields to invalid ones as it is intended
DEBUG    util.admin.admin_api:admin_api.py:97 Getting contact with id: 67280c75d1286b001322ca2d using token: eyJhbGciOiJIUzI1NiIsInR5cCI6IkpXVCJ9.eyJfaWQiOiI2NzI4MGM3M2QxMjg2YjAwMTMyMmNhMmEiLCJpYXQiOjE3MzA2Nzc4NzZ9.UA8bSg9QEJD0gR6PO_AZuPopI7Uc8mu36sfTT8fkwt0
DEBUG    urllib3.connectionpool:connectionpool.py:1051 Starting new HTTPS connection (1): thinking-tester-contact-list.herokuapp.com:443
DEBUG    urllib3.connectionpool:connectionpool.py:546 https://thinking-tester-contact-list.herokuapp.com:443 "GET /contacts/67280c75d1286b001322ca2d HTTP/11" 200 314
DEBUG    util.admin.admin_api:admin_api.py:104 Received contact: {'_id': '67280c75d1286b001322ca2d', 'firstName': 'Will', 'lastName': 'Smith', 'birthdate': '1968-09-25', 'email': 'will.smith@mail.com', 'phone': '1234567890', 'street1': '1 Main St.', 'street2': 'Apartment A', 'city': 'New York', 'stateProvince': 'NY', 'postalCode': '10118', 'country': 'USA', 'owner': '67280c73d1286b001322ca2a', '__v': 0}
INFO     tests.api.contact.test_api_contact:test_api_contact.py:134 Contact fields was not updated to invalid ones
DEBUG    util.admin.admin_api:admin_api.py:108 Deleting contact with id: 67280c75d1286b001322ca2d using token: eyJhbGciOiJIUzI1NiIsInR5cCI6IkpXVCJ9.eyJfaWQiOiI2NzI4MGM3M2QxMjg2YjAwMTMyMmNhMmEiLCJpYXQiOjE3MzA2Nzc4NzZ9.UA8bSg9QEJD0gR6PO_AZuPopI7Uc8mu36sfTT8fkwt0
DEBUG    urllib3.connectionpool:connectionpool.py:1051 Starting new HTTPS connection (1): thinking-tester-contact-list.herokuapp.com:443
DEBUG    urllib3.connectionpool:connectionpool.py:546 https://thinking-tester-contact-list.herokuapp.com:443 "DELETE /contacts/67280c75d1286b001322ca2d HTTP/11" 200 15
DEBUG    util.admin.admin_api:admin_api.py:114 Contact deleted
INFO     tests.api.contact.conftest:conftest.py:44 Deleted default contact
DEBUG    util.admin.admin_api:admin_api.py:77 Deleting user with token: eyJhbGciOiJIUzI1NiIsInR5cCI6IkpXVCJ9.eyJfaWQiOiI2NzI4MGM3M2QxMjg2YjAwMTMyMmNhMmEiLCJpYXQiOjE3MzA2Nzc4NzV9.rfOQihF0JdfsmPHH2cYvICYYxyuCCDEERt91snb1nk8
DEBUG    urllib3.connectionpool:connectionpool.py:1051 Starting new HTTPS connection (1): thinking-tester-contact-list.herokuapp.com:443
DEBUG    urllib3.connectionpool:connectionpool.py:546 https://thinking-tester-contact-list.herokuapp.com:443 "DELETE /users/me HTTP/11" 200 0
DEBUG    util.admin.admin_api:admin_api.py:83 User deleted
INFO     tests.conftest:conftest.py:60 Deleted registered user
DEBUG    util.admin.admin_api:admin_api.py:33 Creating user: {'firstName': 'John', 'lastName': 'Green', 'email': 'john.green@mail.com', 'password': '1234567890'}
DEBUG    urllib3.connectionpool:connectionpool.py:1051 Starting new HTTPS connection (1): thinking-tester-contact-list.herokuapp.com:443
DEBUG    urllib3.connectionpool:connectionpool.py:546 https://thinking-tester-contact-list.herokuapp.com:443 "POST /users HTTP/11" 201 279
DEBUG    util.admin.admin_api:admin_api.py:39 Created user and received token: eyJhbGciOiJIUzI1NiIsInR5cCI6IkpXVCJ9.eyJfaWQiOiI2NzI4MGM3Y2QxMjg2YjAwMTMyMmNhMmUiLCJpYXQiOjE3MzA2Nzc4ODR9.hWHritSub0BcZpRj6M8Ft0F2GxHw-JZEU2qb8Dq4DM4
INFO     tests.conftest:conftest.py:56 Created registered user
DEBUG    util.admin.admin_api:admin_api.py:43 Logging in user with credentials: {email: john.green@mail.com, password: 1234567890}
DEBUG    urllib3.connectionpool:connectionpool.py:1051 Starting new HTTPS connection (1): thinking-tester-contact-list.herokuapp.com:443
DEBUG    urllib3.connectionpool:connectionpool.py:546 https://thinking-tester-contact-list.herokuapp.com:443 "POST /users/login HTTP/11" 200 279
DEBUG    util.admin.admin_api:admin_api.py:53 Logged in and received token: eyJhbGciOiJIUzI1NiIsInR5cCI6IkpXVCJ9.eyJfaWQiOiI2NzI4MGM3Y2QxMjg2YjAwMTMyMmNhMmUiLCJpYXQiOjE3MzA2Nzc4ODV9.k1LNal4zlDuvILFcTHHVp3d9mCdCs0FxA8avBhf3H28
DEBUG    util.admin.admin_api:admin_api.py:86 Using token: eyJhbGciOiJIUzI1NiIsInR5cCI6IkpXVCJ9.eyJfaWQiOiI2NzI4MGM3Y2QxMjg2YjAwMTMyMmNhMmUiLCJpYXQiOjE3MzA2Nzc4ODV9.k1LNal4zlDuvILFcTHHVp3d9mCdCs0FxA8avBhf3H28. Creating contact: {'firstName': 'Will', 'lastName': 'Smith', 'birthdate': '1968-09-25', 'email': 'will.smith@mail.com', 'phone': '1234567890', 'street1': '1 Main St.', 'street2': 'Apartment A', 'city': 'New York', 'stateProvince': 'NY', 'postalCode': '10118', 'country': 'USA'}
DEBUG    urllib3.connectionpool:connectionpool.py:1051 Starting new HTTPS connection (1): thinking-tester-contact-list.herokuapp.com:443
DEBUG    urllib3.connectionpool:connectionpool.py:546 https://thinking-tester-contact-list.herokuapp.com:443 "POST /contacts HTTP/11" 201 314
DEBUG    util.admin.admin_api:admin_api.py:93 Contact created: {'_id': '67280c7fbed4db00135b118f', 'firstName': 'Will', 'lastName': 'Smith', 'birthdate': '1968-09-25', 'email': 'will.smith@mail.com', 'phone': '1234567890', 'street1': '1 Main St.', 'street2': 'Apartment A', 'city': 'New York', 'stateProvince': 'NY', 'postalCode': '10118', 'country': 'USA', 'owner': '67280c7cd1286b001322ca2e', '__v': 0}
INFO     tests.api.contact.conftest:conftest.py:41 Created default contact
DEBUG    tests.api.contact.test_api_contact:test_api_contact.py:126 Updating contact with {'firstName': 'Will', 'lastName': 'Smith', 'birthdate': '1968-10-25', 'email': 'will.smith@mail.com', 'phone': '1234567890', 'street1': 'aaaaaaaaaabbbbbbbbbbccccccccccdddddddddde', 'street2': 'Apartment A', 'city': 'New York', 'stateProvince': 'NY', 'postalCode': '10118', 'country': 'USA'}
DEBUG    urllib3.connectionpool:connectionpool.py:1051 Starting new HTTPS connection (1): thinking-tester-contact-list.herokuapp.com:443
DEBUG    urllib3.connectionpool:connectionpool.py:546 https://thinking-tester-contact-list.herokuapp.com:443 "PUT /contacts/67280c7fbed4db00135b118f HTTP/11" 400 676
DEBUG    tests.api.contact.test_api_contact:test_api_contact.py:128 Received response text: {"errors":{"street1":{"name":"ValidatorError","message":"Path `street1` (`aaaaaaaaaabbbbbbbbbbccccccccccdddddddddde`) is longer than the maximum allowed length (40).","properties":{"message":"Path `street1` (`aaaaaaaaaabbbbbbbbbbccccccccccdddddddddde`) is longer than the maximum allowed length (40).","type":"maxlength","maxlength":40,"path":"street1","value":"aaaaaaaaaabbbbbbbbbbccccccccccdddddddddde"},"kind":"maxlength","path":"street1","value":"aaaaaaaaaabbbbbbbbbbccccccccccdddddddddde"}},"_message":"Validation failed","message":"Validation failed: street1: Path `street1` (`aaaaaaaaaabbbbbbbbbbccccccccccdddddddddde`) is longer than the maximum allowed length (40)."}
INFO     tests.api.contact.test_api_contact:test_api_contact.py:130 Can't update contact fields to invalid ones as it is intended
DEBUG    util.admin.admin_api:admin_api.py:97 Getting contact with id: 67280c7fbed4db00135b118f using token: eyJhbGciOiJIUzI1NiIsInR5cCI6IkpXVCJ9.eyJfaWQiOiI2NzI4MGM3Y2QxMjg2YjAwMTMyMmNhMmUiLCJpYXQiOjE3MzA2Nzc4ODV9.k1LNal4zlDuvILFcTHHVp3d9mCdCs0FxA8avBhf3H28
DEBUG    urllib3.connectionpool:connectionpool.py:1051 Starting new HTTPS connection (1): thinking-tester-contact-list.herokuapp.com:443
DEBUG    urllib3.connectionpool:connectionpool.py:546 https://thinking-tester-contact-list.herokuapp.com:443 "GET /contacts/67280c7fbed4db00135b118f HTTP/11" 200 314
DEBUG    util.admin.admin_api:admin_api.py:104 Received contact: {'_id': '67280c7fbed4db00135b118f', 'firstName': 'Will', 'lastName': 'Smith', 'birthdate': '1968-09-25', 'email': 'will.smith@mail.com', 'phone': '1234567890', 'street1': '1 Main St.', 'street2': 'Apartment A', 'city': 'New York', 'stateProvince': 'NY', 'postalCode': '10118', 'country': 'USA', 'owner': '67280c7cd1286b001322ca2e', '__v': 0}
INFO     tests.api.contact.test_api_contact:test_api_contact.py:134 Contact fields was not updated to invalid ones
DEBUG    util.admin.admin_api:admin_api.py:108 Deleting contact with id: 67280c7fbed4db00135b118f using token: eyJhbGciOiJIUzI1NiIsInR5cCI6IkpXVCJ9.eyJfaWQiOiI2NzI4MGM3Y2QxMjg2YjAwMTMyMmNhMmUiLCJpYXQiOjE3MzA2Nzc4ODV9.k1LNal4zlDuvILFcTHHVp3d9mCdCs0FxA8avBhf3H28
DEBUG    urllib3.connectionpool:connectionpool.py:1051 Starting new HTTPS connection (1): thinking-tester-contact-list.herokuapp.com:443
DEBUG    urllib3.connectionpool:connectionpool.py:546 https://thinking-tester-contact-list.herokuapp.com:443 "DELETE /contacts/67280c7fbed4db00135b118f HTTP/11" 200 15
DEBUG    util.admin.admin_api:admin_api.py:114 Contact deleted
INFO     tests.api.contact.conftest:conftest.py:44 Deleted default contact
DEBUG    util.admin.admin_api:admin_api.py:77 Deleting user with token: eyJhbGciOiJIUzI1NiIsInR5cCI6IkpXVCJ9.eyJfaWQiOiI2NzI4MGM3Y2QxMjg2YjAwMTMyMmNhMmUiLCJpYXQiOjE3MzA2Nzc4ODR9.hWHritSub0BcZpRj6M8Ft0F2GxHw-JZEU2qb8Dq4DM4
DEBUG    urllib3.connectionpool:connectionpool.py:1051 Starting new HTTPS connection (1): thinking-tester-contact-list.herokuapp.com:443
DEBUG    urllib3.connectionpool:connectionpool.py:546 https://thinking-tester-contact-list.herokuapp.com:443 "DELETE /users/me HTTP/11" 200 0
DEBUG    util.admin.admin_api:admin_api.py:83 User deleted
INFO     tests.conftest:conftest.py:60 Deleted registered user
DEBUG    util.admin.admin_api:admin_api.py:33 Creating user: {'firstName': 'John', 'lastName': 'Green', 'email': 'john.green@mail.com', 'password': '1234567890'}
DEBUG    urllib3.connectionpool:connectionpool.py:1051 Starting new HTTPS connection (1): thinking-tester-contact-list.herokuapp.com:443
DEBUG    urllib3.connectionpool:connectionpool.py:546 https://thinking-tester-contact-list.herokuapp.com:443 "POST /users HTTP/11" 201 279
DEBUG    util.admin.admin_api:admin_api.py:39 Created user and received token: eyJhbGciOiJIUzI1NiIsInR5cCI6IkpXVCJ9.eyJfaWQiOiI2NzI4MGM4NGJlZDRkYjAwMTM1YjExOTAiLCJpYXQiOjE3MzA2Nzc4OTJ9.XSWKYA7evceSZ3GgH7ehXwHw-40dXNnqbNwSeqFjCwI
INFO     tests.conftest:conftest.py:56 Created registered user
DEBUG    util.admin.admin_api:admin_api.py:43 Logging in user with credentials: {email: john.green@mail.com, password: 1234567890}
DEBUG    urllib3.connectionpool:connectionpool.py:1051 Starting new HTTPS connection (1): thinking-tester-contact-list.herokuapp.com:443
DEBUG    urllib3.connectionpool:connectionpool.py:546 https://thinking-tester-contact-list.herokuapp.com:443 "POST /users/login HTTP/11" 200 279
DEBUG    util.admin.admin_api:admin_api.py:53 Logged in and received token: eyJhbGciOiJIUzI1NiIsInR5cCI6IkpXVCJ9.eyJfaWQiOiI2NzI4MGM4NGJlZDRkYjAwMTM1YjExOTAiLCJpYXQiOjE3MzA2Nzc4OTN9.ylrPX4Sv5sGTfyfhBv5z4khvC52TyyA-57p4fuQFvfY
DEBUG    util.admin.admin_api:admin_api.py:86 Using token: eyJhbGciOiJIUzI1NiIsInR5cCI6IkpXVCJ9.eyJfaWQiOiI2NzI4MGM4NGJlZDRkYjAwMTM1YjExOTAiLCJpYXQiOjE3MzA2Nzc4OTN9.ylrPX4Sv5sGTfyfhBv5z4khvC52TyyA-57p4fuQFvfY. Creating contact: {'firstName': 'Will', 'lastName': 'Smith', 'birthdate': '1968-09-25', 'email': 'will.smith@mail.com', 'phone': '1234567890', 'street1': '1 Main St.', 'street2': 'Apartment A', 'city': 'New York', 'stateProvince': 'NY', 'postalCode': '10118', 'country': 'USA'}
DEBUG    urllib3.connectionpool:connectionpool.py:1051 Starting new HTTPS connection (1): thinking-tester-contact-list.herokuapp.com:443
DEBUG    urllib3.connectionpool:connectionpool.py:546 https://thinking-tester-contact-list.herokuapp.com:443 "POST /contacts HTTP/11" 201 314
DEBUG    util.admin.admin_api:admin_api.py:93 Contact created: {'_id': '67280c86d1286b001322ca31', 'firstName': 'Will', 'lastName': 'Smith', 'birthdate': '1968-09-25', 'email': 'will.smith@mail.com', 'phone': '1234567890', 'street1': '1 Main St.', 'street2': 'Apartment A', 'city': 'New York', 'stateProvince': 'NY', 'postalCode': '10118', 'country': 'USA', 'owner': '67280c84bed4db00135b1190', '__v': 0}
INFO     tests.api.contact.conftest:conftest.py:41 Created default contact
DEBUG    tests.api.contact.test_api_contact:test_api_contact.py:126 Updating contact with {'firstName': 'Will', 'lastName': 'Smith', 'birthdate': '1968-10-25', 'email': 'will.smith@mail.com', 'phone': '1234567890', 'street1': '1 Main St.', 'street2': 'aaaaaaaaaabbbbbbbbbbccccccccccdddddddddde', 'city': 'New York', 'stateProvince': 'NY', 'postalCode': '10118', 'country': 'USA'}
DEBUG    urllib3.connectionpool:connectionpool.py:1051 Starting new HTTPS connection (1): thinking-tester-contact-list.herokuapp.com:443
DEBUG    urllib3.connectionpool:connectionpool.py:546 https://thinking-tester-contact-list.herokuapp.com:443 "PUT /contacts/67280c86d1286b001322ca31 HTTP/11" 400 676
DEBUG    tests.api.contact.test_api_contact:test_api_contact.py:128 Received response text: {"errors":{"street2":{"name":"ValidatorError","message":"Path `street2` (`aaaaaaaaaabbbbbbbbbbccccccccccdddddddddde`) is longer than the maximum allowed length (40).","properties":{"message":"Path `street2` (`aaaaaaaaaabbbbbbbbbbccccccccccdddddddddde`) is longer than the maximum allowed length (40).","type":"maxlength","maxlength":40,"path":"street2","value":"aaaaaaaaaabbbbbbbbbbccccccccccdddddddddde"},"kind":"maxlength","path":"street2","value":"aaaaaaaaaabbbbbbbbbbccccccccccdddddddddde"}},"_message":"Validation failed","message":"Validation failed: street2: Path `street2` (`aaaaaaaaaabbbbbbbbbbccccccccccdddddddddde`) is longer than the maximum allowed length (40)."}
INFO     tests.api.contact.test_api_contact:test_api_contact.py:130 Can't update contact fields to invalid ones as it is intended
DEBUG    util.admin.admin_api:admin_api.py:97 Getting contact with id: 67280c86d1286b001322ca31 using token: eyJhbGciOiJIUzI1NiIsInR5cCI6IkpXVCJ9.eyJfaWQiOiI2NzI4MGM4NGJlZDRkYjAwMTM1YjExOTAiLCJpYXQiOjE3MzA2Nzc4OTN9.ylrPX4Sv5sGTfyfhBv5z4khvC52TyyA-57p4fuQFvfY
DEBUG    urllib3.connectionpool:connectionpool.py:1051 Starting new HTTPS connection (1): thinking-tester-contact-list.herokuapp.com:443
DEBUG    urllib3.connectionpool:connectionpool.py:546 https://thinking-tester-contact-list.herokuapp.com:443 "GET /contacts/67280c86d1286b001322ca31 HTTP/11" 200 314
DEBUG    util.admin.admin_api:admin_api.py:104 Received contact: {'_id': '67280c86d1286b001322ca31', 'firstName': 'Will', 'lastName': 'Smith', 'birthdate': '1968-09-25', 'email': 'will.smith@mail.com', 'phone': '1234567890', 'street1': '1 Main St.', 'street2': 'Apartment A', 'city': 'New York', 'stateProvince': 'NY', 'postalCode': '10118', 'country': 'USA', 'owner': '67280c84bed4db00135b1190', '__v': 0}
INFO     tests.api.contact.test_api_contact:test_api_contact.py:134 Contact fields was not updated to invalid ones
DEBUG    util.admin.admin_api:admin_api.py:108 Deleting contact with id: 67280c86d1286b001322ca31 using token: eyJhbGciOiJIUzI1NiIsInR5cCI6IkpXVCJ9.eyJfaWQiOiI2NzI4MGM4NGJlZDRkYjAwMTM1YjExOTAiLCJpYXQiOjE3MzA2Nzc4OTN9.ylrPX4Sv5sGTfyfhBv5z4khvC52TyyA-57p4fuQFvfY
DEBUG    urllib3.connectionpool:connectionpool.py:1051 Starting new HTTPS connection (1): thinking-tester-contact-list.herokuapp.com:443
DEBUG    urllib3.connectionpool:connectionpool.py:546 https://thinking-tester-contact-list.herokuapp.com:443 "DELETE /contacts/67280c86d1286b001322ca31 HTTP/11" 200 15
DEBUG    util.admin.admin_api:admin_api.py:114 Contact deleted
INFO     tests.api.contact.conftest:conftest.py:44 Deleted default contact
DEBUG    util.admin.admin_api:admin_api.py:77 Deleting user with token: eyJhbGciOiJIUzI1NiIsInR5cCI6IkpXVCJ9.eyJfaWQiOiI2NzI4MGM4NGJlZDRkYjAwMTM1YjExOTAiLCJpYXQiOjE3MzA2Nzc4OTJ9.XSWKYA7evceSZ3GgH7ehXwHw-40dXNnqbNwSeqFjCwI
DEBUG    urllib3.connectionpool:connectionpool.py:1051 Starting new HTTPS connection (1): thinking-tester-contact-list.herokuapp.com:443
DEBUG    urllib3.connectionpool:connectionpool.py:546 https://thinking-tester-contact-list.herokuapp.com:443 "DELETE /users/me HTTP/11" 200 0
DEBUG    util.admin.admin_api:admin_api.py:83 User deleted
INFO     tests.conftest:conftest.py:60 Deleted registered user
DEBUG    util.admin.admin_api:admin_api.py:33 Creating user: {'firstName': 'John', 'lastName': 'Green', 'email': 'john.green@mail.com', 'password': '1234567890'}
DEBUG    urllib3.connectionpool:connectionpool.py:1051 Starting new HTTPS connection (1): thinking-tester-contact-list.herokuapp.com:443
DEBUG    urllib3.connectionpool:connectionpool.py:546 https://thinking-tester-contact-list.herokuapp.com:443 "POST /users HTTP/11" 201 279
DEBUG    util.admin.admin_api:admin_api.py:39 Created user and received token: eyJhbGciOiJIUzI1NiIsInR5cCI6IkpXVCJ9.eyJfaWQiOiI2NzI4MGM4YmQxMjg2YjAwMTMyMmNhMzIiLCJpYXQiOjE3MzA2Nzc4OTl9.GUYLJ0GIuFzd5wsixFSkhwlSoD4OOCxFruVKD6IBGp4
INFO     tests.conftest:conftest.py:56 Created registered user
DEBUG    util.admin.admin_api:admin_api.py:43 Logging in user with credentials: {email: john.green@mail.com, password: 1234567890}
DEBUG    urllib3.connectionpool:connectionpool.py:1051 Starting new HTTPS connection (1): thinking-tester-contact-list.herokuapp.com:443
DEBUG    urllib3.connectionpool:connectionpool.py:546 https://thinking-tester-contact-list.herokuapp.com:443 "POST /users/login HTTP/11" 200 279
DEBUG    util.admin.admin_api:admin_api.py:53 Logged in and received token: eyJhbGciOiJIUzI1NiIsInR5cCI6IkpXVCJ9.eyJfaWQiOiI2NzI4MGM4YmQxMjg2YjAwMTMyMmNhMzIiLCJpYXQiOjE3MzA2Nzc4OTl9.GUYLJ0GIuFzd5wsixFSkhwlSoD4OOCxFruVKD6IBGp4
DEBUG    util.admin.admin_api:admin_api.py:86 Using token: eyJhbGciOiJIUzI1NiIsInR5cCI6IkpXVCJ9.eyJfaWQiOiI2NzI4MGM4YmQxMjg2YjAwMTMyMmNhMzIiLCJpYXQiOjE3MzA2Nzc4OTl9.GUYLJ0GIuFzd5wsixFSkhwlSoD4OOCxFruVKD6IBGp4. Creating contact: {'firstName': 'Will', 'lastName': 'Smith', 'birthdate': '1968-09-25', 'email': 'will.smith@mail.com', 'phone': '1234567890', 'street1': '1 Main St.', 'street2': 'Apartment A', 'city': 'New York', 'stateProvince': 'NY', 'postalCode': '10118', 'country': 'USA'}
DEBUG    urllib3.connectionpool:connectionpool.py:1051 Starting new HTTPS connection (1): thinking-tester-contact-list.herokuapp.com:443
DEBUG    urllib3.connectionpool:connectionpool.py:546 https://thinking-tester-contact-list.herokuapp.com:443 "POST /contacts HTTP/11" 201 314
DEBUG    util.admin.admin_api:admin_api.py:93 Contact created: {'_id': '67280c8dbed4db00135b1193', 'firstName': 'Will', 'lastName': 'Smith', 'birthdate': '1968-09-25', 'email': 'will.smith@mail.com', 'phone': '1234567890', 'street1': '1 Main St.', 'street2': 'Apartment A', 'city': 'New York', 'stateProvince': 'NY', 'postalCode': '10118', 'country': 'USA', 'owner': '67280c8bd1286b001322ca32', '__v': 0}
INFO     tests.api.contact.conftest:conftest.py:41 Created default contact
DEBUG    tests.api.contact.test_api_contact:test_api_contact.py:126 Updating contact with {'firstName': 'Will', 'lastName': 'Smith', 'birthdate': '1968-10-25', 'email': 'will.smith@mail.com', 'phone': '1234567890', 'street1': '1 Main St.', 'street2': 'Apartment A', 'city': 'aaaaaaaaaabbbbbbbbbbccccccccccdddddddddde', 'stateProvince': 'NY', 'postalCode': '10118', 'country': 'USA'}
DEBUG    urllib3.connectionpool:connectionpool.py:1051 Starting new HTTPS connection (1): thinking-tester-contact-list.herokuapp.com:443
DEBUG    urllib3.connectionpool:connectionpool.py:546 https://thinking-tester-contact-list.herokuapp.com:443 "PUT /contacts/67280c8dbed4db00135b1193 HTTP/11" 400 655
DEBUG    tests.api.contact.test_api_contact:test_api_contact.py:128 Received response text: {"errors":{"city":{"name":"ValidatorError","message":"Path `city` (`aaaaaaaaaabbbbbbbbbbccccccccccdddddddddde`) is longer than the maximum allowed length (40).","properties":{"message":"Path `city` (`aaaaaaaaaabbbbbbbbbbccccccccccdddddddddde`) is longer than the maximum allowed length (40).","type":"maxlength","maxlength":40,"path":"city","value":"aaaaaaaaaabbbbbbbbbbccccccccccdddddddddde"},"kind":"maxlength","path":"city","value":"aaaaaaaaaabbbbbbbbbbccccccccccdddddddddde"}},"_message":"Validation failed","message":"Validation failed: city: Path `city` (`aaaaaaaaaabbbbbbbbbbccccccccccdddddddddde`) is longer than the maximum allowed length (40)."}
INFO     tests.api.contact.test_api_contact:test_api_contact.py:130 Can't update contact fields to invalid ones as it is intended
DEBUG    util.admin.admin_api:admin_api.py:97 Getting contact with id: 67280c8dbed4db00135b1193 using token: eyJhbGciOiJIUzI1NiIsInR5cCI6IkpXVCJ9.eyJfaWQiOiI2NzI4MGM4YmQxMjg2YjAwMTMyMmNhMzIiLCJpYXQiOjE3MzA2Nzc4OTl9.GUYLJ0GIuFzd5wsixFSkhwlSoD4OOCxFruVKD6IBGp4
DEBUG    urllib3.connectionpool:connectionpool.py:1051 Starting new HTTPS connection (1): thinking-tester-contact-list.herokuapp.com:443
DEBUG    urllib3.connectionpool:connectionpool.py:546 https://thinking-tester-contact-list.herokuapp.com:443 "GET /contacts/67280c8dbed4db00135b1193 HTTP/11" 200 314
DEBUG    util.admin.admin_api:admin_api.py:104 Received contact: {'_id': '67280c8dbed4db00135b1193', 'firstName': 'Will', 'lastName': 'Smith', 'birthdate': '1968-09-25', 'email': 'will.smith@mail.com', 'phone': '1234567890', 'street1': '1 Main St.', 'street2': 'Apartment A', 'city': 'New York', 'stateProvince': 'NY', 'postalCode': '10118', 'country': 'USA', 'owner': '67280c8bd1286b001322ca32', '__v': 0}
INFO     tests.api.contact.test_api_contact:test_api_contact.py:134 Contact fields was not updated to invalid ones
DEBUG    util.admin.admin_api:admin_api.py:108 Deleting contact with id: 67280c8dbed4db00135b1193 using token: eyJhbGciOiJIUzI1NiIsInR5cCI6IkpXVCJ9.eyJfaWQiOiI2NzI4MGM4YmQxMjg2YjAwMTMyMmNhMzIiLCJpYXQiOjE3MzA2Nzc4OTl9.GUYLJ0GIuFzd5wsixFSkhwlSoD4OOCxFruVKD6IBGp4
DEBUG    urllib3.connectionpool:connectionpool.py:1051 Starting new HTTPS connection (1): thinking-tester-contact-list.herokuapp.com:443
DEBUG    urllib3.connectionpool:connectionpool.py:546 https://thinking-tester-contact-list.herokuapp.com:443 "DELETE /contacts/67280c8dbed4db00135b1193 HTTP/11" 200 15
DEBUG    util.admin.admin_api:admin_api.py:114 Contact deleted
INFO     tests.api.contact.conftest:conftest.py:44 Deleted default contact
DEBUG    util.admin.admin_api:admin_api.py:77 Deleting user with token: eyJhbGciOiJIUzI1NiIsInR5cCI6IkpXVCJ9.eyJfaWQiOiI2NzI4MGM4YmQxMjg2YjAwMTMyMmNhMzIiLCJpYXQiOjE3MzA2Nzc4OTl9.GUYLJ0GIuFzd5wsixFSkhwlSoD4OOCxFruVKD6IBGp4
DEBUG    urllib3.connectionpool:connectionpool.py:1051 Starting new HTTPS connection (1): thinking-tester-contact-list.herokuapp.com:443
DEBUG    urllib3.connectionpool:connectionpool.py:546 https://thinking-tester-contact-list.herokuapp.com:443 "DELETE /users/me HTTP/11" 200 0
DEBUG    util.admin.admin_api:admin_api.py:83 User deleted
INFO     tests.conftest:conftest.py:60 Deleted registered user
DEBUG    util.admin.admin_api:admin_api.py:33 Creating user: {'firstName': 'John', 'lastName': 'Green', 'email': 'john.green@mail.com', 'password': '1234567890'}
DEBUG    urllib3.connectionpool:connectionpool.py:1051 Starting new HTTPS connection (1): thinking-tester-contact-list.herokuapp.com:443
DEBUG    urllib3.connectionpool:connectionpool.py:546 https://thinking-tester-contact-list.herokuapp.com:443 "POST /users HTTP/11" 201 279
DEBUG    util.admin.admin_api:admin_api.py:39 Created user and received token: eyJhbGciOiJIUzI1NiIsInR5cCI6IkpXVCJ9.eyJfaWQiOiI2NzI4MGM5N2QxMjg2YjAwMTMyMmNhMzUiLCJpYXQiOjE3MzA2Nzc5MTF9.6-JlqwtOiWsg0Y3_NMR_-OPMtXZ_PFGwJmsH7F-uXGc
INFO     tests.conftest:conftest.py:56 Created registered user
DEBUG    util.admin.admin_api:admin_api.py:43 Logging in user with credentials: {email: john.green@mail.com, password: 1234567890}
DEBUG    urllib3.connectionpool:connectionpool.py:1051 Starting new HTTPS connection (1): thinking-tester-contact-list.herokuapp.com:443
DEBUG    urllib3.connectionpool:connectionpool.py:546 https://thinking-tester-contact-list.herokuapp.com:443 "POST /users/login HTTP/11" 200 279
DEBUG    util.admin.admin_api:admin_api.py:53 Logged in and received token: eyJhbGciOiJIUzI1NiIsInR5cCI6IkpXVCJ9.eyJfaWQiOiI2NzI4MGM5N2QxMjg2YjAwMTMyMmNhMzUiLCJpYXQiOjE3MzA2Nzc5MTJ9.9fl6tgTxBNndNLRDIWzK-bjUyu7M8Tke_XslXSC2URU
DEBUG    util.admin.admin_api:admin_api.py:86 Using token: eyJhbGciOiJIUzI1NiIsInR5cCI6IkpXVCJ9.eyJfaWQiOiI2NzI4MGM5N2QxMjg2YjAwMTMyMmNhMzUiLCJpYXQiOjE3MzA2Nzc5MTJ9.9fl6tgTxBNndNLRDIWzK-bjUyu7M8Tke_XslXSC2URU. Creating contact: {'firstName': 'Will', 'lastName': 'Smith', 'birthdate': '1968-09-25', 'email': 'will.smith@mail.com', 'phone': '1234567890', 'street1': '1 Main St.', 'street2': 'Apartment A', 'city': 'New York', 'stateProvince': 'NY', 'postalCode': '10118', 'country': 'USA'}
DEBUG    urllib3.connectionpool:connectionpool.py:1051 Starting new HTTPS connection (1): thinking-tester-contact-list.herokuapp.com:443
DEBUG    urllib3.connectionpool:connectionpool.py:546 https://thinking-tester-contact-list.herokuapp.com:443 "POST /contacts HTTP/11" 201 314
DEBUG    util.admin.admin_api:admin_api.py:93 Contact created: {'_id': '67280c99bed4db00135b1194', 'firstName': 'Will', 'lastName': 'Smith', 'birthdate': '1968-09-25', 'email': 'will.smith@mail.com', 'phone': '1234567890', 'street1': '1 Main St.', 'street2': 'Apartment A', 'city': 'New York', 'stateProvince': 'NY', 'postalCode': '10118', 'country': 'USA', 'owner': '67280c97d1286b001322ca35', '__v': 0}
INFO     tests.api.contact.conftest:conftest.py:41 Created default contact
DEBUG    tests.api.contact.test_api_contact:test_api_contact.py:126 Updating contact with {'firstName': 'Will', 'lastName': 'Smith', 'birthdate': '1968-10-25', 'email': 'will.smith@mail.com', 'phone': '1234567890', 'street1': '1 Main St.', 'street2': 'Apartment A', 'city': 'New York', 'stateProvince': 'aaaaaaaaaabbbbbbbbbbc', 'postalCode': '10118', 'country': 'USA'}
DEBUG    urllib3.connectionpool:connectionpool.py:1051 Starting new HTTPS connection (1): thinking-tester-contact-list.herokuapp.com:443
DEBUG    urllib3.connectionpool:connectionpool.py:546 https://thinking-tester-contact-list.herokuapp.com:443 "PUT /contacts/67280c99bed4db00135b1194 HTTP/11" 400 618
DEBUG    tests.api.contact.test_api_contact:test_api_contact.py:128 Received response text: {"errors":{"stateProvince":{"name":"ValidatorError","message":"Path `stateProvince` (`aaaaaaaaaabbbbbbbbbbc`) is longer than the maximum allowed length (20).","properties":{"message":"Path `stateProvince` (`aaaaaaaaaabbbbbbbbbbc`) is longer than the maximum allowed length (20).","type":"maxlength","maxlength":20,"path":"stateProvince","value":"aaaaaaaaaabbbbbbbbbbc"},"kind":"maxlength","path":"stateProvince","value":"aaaaaaaaaabbbbbbbbbbc"}},"_message":"Validation failed","message":"Validation failed: stateProvince: Path `stateProvince` (`aaaaaaaaaabbbbbbbbbbc`) is longer than the maximum allowed length (20)."}
INFO     tests.api.contact.test_api_contact:test_api_contact.py:130 Can't update contact fields to invalid ones as it is intended
DEBUG    util.admin.admin_api:admin_api.py:97 Getting contact with id: 67280c99bed4db00135b1194 using token: eyJhbGciOiJIUzI1NiIsInR5cCI6IkpXVCJ9.eyJfaWQiOiI2NzI4MGM5N2QxMjg2YjAwMTMyMmNhMzUiLCJpYXQiOjE3MzA2Nzc5MTJ9.9fl6tgTxBNndNLRDIWzK-bjUyu7M8Tke_XslXSC2URU
DEBUG    urllib3.connectionpool:connectionpool.py:1051 Starting new HTTPS connection (1): thinking-tester-contact-list.herokuapp.com:443
DEBUG    urllib3.connectionpool:connectionpool.py:546 https://thinking-tester-contact-list.herokuapp.com:443 "GET /contacts/67280c99bed4db00135b1194 HTTP/11" 200 314
DEBUG    util.admin.admin_api:admin_api.py:104 Received contact: {'_id': '67280c99bed4db00135b1194', 'firstName': 'Will', 'lastName': 'Smith', 'birthdate': '1968-09-25', 'email': 'will.smith@mail.com', 'phone': '1234567890', 'street1': '1 Main St.', 'street2': 'Apartment A', 'city': 'New York', 'stateProvince': 'NY', 'postalCode': '10118', 'country': 'USA', 'owner': '67280c97d1286b001322ca35', '__v': 0}
INFO     tests.api.contact.test_api_contact:test_api_contact.py:134 Contact fields was not updated to invalid ones
DEBUG    util.admin.admin_api:admin_api.py:108 Deleting contact with id: 67280c99bed4db00135b1194 using token: eyJhbGciOiJIUzI1NiIsInR5cCI6IkpXVCJ9.eyJfaWQiOiI2NzI4MGM5N2QxMjg2YjAwMTMyMmNhMzUiLCJpYXQiOjE3MzA2Nzc5MTJ9.9fl6tgTxBNndNLRDIWzK-bjUyu7M8Tke_XslXSC2URU
DEBUG    urllib3.connectionpool:connectionpool.py:1051 Starting new HTTPS connection (1): thinking-tester-contact-list.herokuapp.com:443
DEBUG    urllib3.connectionpool:connectionpool.py:546 https://thinking-tester-contact-list.herokuapp.com:443 "DELETE /contacts/67280c99bed4db00135b1194 HTTP/11" 200 15
DEBUG    util.admin.admin_api:admin_api.py:114 Contact deleted
INFO     tests.api.contact.conftest:conftest.py:44 Deleted default contact
DEBUG    util.admin.admin_api:admin_api.py:77 Deleting user with token: eyJhbGciOiJIUzI1NiIsInR5cCI6IkpXVCJ9.eyJfaWQiOiI2NzI4MGM5N2QxMjg2YjAwMTMyMmNhMzUiLCJpYXQiOjE3MzA2Nzc5MTF9.6-JlqwtOiWsg0Y3_NMR_-OPMtXZ_PFGwJmsH7F-uXGc
DEBUG    urllib3.connectionpool:connectionpool.py:1051 Starting new HTTPS connection (1): thinking-tester-contact-list.herokuapp.com:443
DEBUG    urllib3.connectionpool:connectionpool.py:546 https://thinking-tester-contact-list.herokuapp.com:443 "DELETE /users/me HTTP/11" 200 0
DEBUG    util.admin.admin_api:admin_api.py:83 User deleted
INFO     tests.conftest:conftest.py:60 Deleted registered user
DEBUG    util.admin.admin_api:admin_api.py:33 Creating user: {'firstName': 'John', 'lastName': 'Green', 'email': 'john.green@mail.com', 'password': '1234567890'}
DEBUG    urllib3.connectionpool:connectionpool.py:1051 Starting new HTTPS connection (1): thinking-tester-contact-list.herokuapp.com:443
DEBUG    urllib3.connectionpool:connectionpool.py:546 https://thinking-tester-contact-list.herokuapp.com:443 "POST /users HTTP/11" 201 279
DEBUG    util.admin.admin_api:admin_api.py:39 Created user and received token: eyJhbGciOiJIUzI1NiIsInR5cCI6IkpXVCJ9.eyJfaWQiOiI2NzI4MGM5ZmQxMjg2YjAwMTMyMmNhMzgiLCJpYXQiOjE3MzA2Nzc5MTl9.yWGrtFGxYITZ-eC9H3UMwBYEtMCZGtwkNiwD2SGcxpw
INFO     tests.conftest:conftest.py:56 Created registered user
DEBUG    util.admin.admin_api:admin_api.py:43 Logging in user with credentials: {email: john.green@mail.com, password: 1234567890}
DEBUG    urllib3.connectionpool:connectionpool.py:1051 Starting new HTTPS connection (1): thinking-tester-contact-list.herokuapp.com:443
DEBUG    urllib3.connectionpool:connectionpool.py:546 https://thinking-tester-contact-list.herokuapp.com:443 "POST /users/login HTTP/11" 200 279
DEBUG    util.admin.admin_api:admin_api.py:53 Logged in and received token: eyJhbGciOiJIUzI1NiIsInR5cCI6IkpXVCJ9.eyJfaWQiOiI2NzI4MGM5ZmQxMjg2YjAwMTMyMmNhMzgiLCJpYXQiOjE3MzA2Nzc5MjB9.ewfk08Bn_ZVUw2DsXI7rkcW33NmJSfa1oSXU0tA_QaA
DEBUG    util.admin.admin_api:admin_api.py:86 Using token: eyJhbGciOiJIUzI1NiIsInR5cCI6IkpXVCJ9.eyJfaWQiOiI2NzI4MGM5ZmQxMjg2YjAwMTMyMmNhMzgiLCJpYXQiOjE3MzA2Nzc5MjB9.ewfk08Bn_ZVUw2DsXI7rkcW33NmJSfa1oSXU0tA_QaA. Creating contact: {'firstName': 'Will', 'lastName': 'Smith', 'birthdate': '1968-09-25', 'email': 'will.smith@mail.com', 'phone': '1234567890', 'street1': '1 Main St.', 'street2': 'Apartment A', 'city': 'New York', 'stateProvince': 'NY', 'postalCode': '10118', 'country': 'USA'}
DEBUG    urllib3.connectionpool:connectionpool.py:1051 Starting new HTTPS connection (1): thinking-tester-contact-list.herokuapp.com:443
DEBUG    urllib3.connectionpool:connectionpool.py:546 https://thinking-tester-contact-list.herokuapp.com:443 "POST /contacts HTTP/11" 201 314
DEBUG    util.admin.admin_api:admin_api.py:93 Contact created: {'_id': '67280ca2d1286b001322ca3a', 'firstName': 'Will', 'lastName': 'Smith', 'birthdate': '1968-09-25', 'email': 'will.smith@mail.com', 'phone': '1234567890', 'street1': '1 Main St.', 'street2': 'Apartment A', 'city': 'New York', 'stateProvince': 'NY', 'postalCode': '10118', 'country': 'USA', 'owner': '67280c9fd1286b001322ca38', '__v': 0}
INFO     tests.api.contact.conftest:conftest.py:41 Created default contact
DEBUG    tests.api.contact.test_api_contact:test_api_contact.py:126 Updating contact with {'firstName': 'Will', 'lastName': 'Smith', 'birthdate': '1968-10-25', 'email': 'will.smith@mail.com', 'phone': '1234567890', 'street1': '1 Main St.', 'street2': 'Apartment A', 'city': 'New York', 'stateProvince': 'NY', 'postalCode': '11', 'country': 'USA'}
DEBUG    urllib3.connectionpool:connectionpool.py:1051 Starting new HTTPS connection (1): thinking-tester-contact-list.herokuapp.com:443
DEBUG    urllib3.connectionpool:connectionpool.py:546 https://thinking-tester-contact-list.herokuapp.com:443 "PUT /contacts/67280ca2d1286b001322ca3a HTTP/11" 400 367
DEBUG    tests.api.contact.test_api_contact:test_api_contact.py:128 Received response text: {"errors":{"postalCode":{"name":"ValidatorError","message":"Postal code is invalid","properties":{"message":"Postal code is invalid","type":"user defined","path":"postalCode","value":"11","reason":{}},"kind":"user defined","path":"postalCode","value":"11","reason":{}}},"_message":"Validation failed","message":"Validation failed: postalCode: Postal code is invalid"}
INFO     tests.api.contact.test_api_contact:test_api_contact.py:130 Can't update contact fields to invalid ones as it is intended
DEBUG    util.admin.admin_api:admin_api.py:97 Getting contact with id: 67280ca2d1286b001322ca3a using token: eyJhbGciOiJIUzI1NiIsInR5cCI6IkpXVCJ9.eyJfaWQiOiI2NzI4MGM5ZmQxMjg2YjAwMTMyMmNhMzgiLCJpYXQiOjE3MzA2Nzc5MjB9.ewfk08Bn_ZVUw2DsXI7rkcW33NmJSfa1oSXU0tA_QaA
DEBUG    urllib3.connectionpool:connectionpool.py:1051 Starting new HTTPS connection (1): thinking-tester-contact-list.herokuapp.com:443
DEBUG    urllib3.connectionpool:connectionpool.py:546 https://thinking-tester-contact-list.herokuapp.com:443 "GET /contacts/67280ca2d1286b001322ca3a HTTP/11" 200 314
DEBUG    util.admin.admin_api:admin_api.py:104 Received contact: {'_id': '67280ca2d1286b001322ca3a', 'firstName': 'Will', 'lastName': 'Smith', 'birthdate': '1968-09-25', 'email': 'will.smith@mail.com', 'phone': '1234567890', 'street1': '1 Main St.', 'street2': 'Apartment A', 'city': 'New York', 'stateProvince': 'NY', 'postalCode': '10118', 'country': 'USA', 'owner': '67280c9fd1286b001322ca38', '__v': 0}
INFO     tests.api.contact.test_api_contact:test_api_contact.py:134 Contact fields was not updated to invalid ones
DEBUG    util.admin.admin_api:admin_api.py:108 Deleting contact with id: 67280ca2d1286b001322ca3a using token: eyJhbGciOiJIUzI1NiIsInR5cCI6IkpXVCJ9.eyJfaWQiOiI2NzI4MGM5ZmQxMjg2YjAwMTMyMmNhMzgiLCJpYXQiOjE3MzA2Nzc5MjB9.ewfk08Bn_ZVUw2DsXI7rkcW33NmJSfa1oSXU0tA_QaA
DEBUG    urllib3.connectionpool:connectionpool.py:1051 Starting new HTTPS connection (1): thinking-tester-contact-list.herokuapp.com:443
DEBUG    urllib3.connectionpool:connectionpool.py:546 https://thinking-tester-contact-list.herokuapp.com:443 "DELETE /contacts/67280ca2d1286b001322ca3a HTTP/11" 200 15
DEBUG    util.admin.admin_api:admin_api.py:114 Contact deleted
INFO     tests.api.contact.conftest:conftest.py:44 Deleted default contact
DEBUG    util.admin.admin_api:admin_api.py:77 Deleting user with token: eyJhbGciOiJIUzI1NiIsInR5cCI6IkpXVCJ9.eyJfaWQiOiI2NzI4MGM5ZmQxMjg2YjAwMTMyMmNhMzgiLCJpYXQiOjE3MzA2Nzc5MTl9.yWGrtFGxYITZ-eC9H3UMwBYEtMCZGtwkNiwD2SGcxpw
DEBUG    urllib3.connectionpool:connectionpool.py:1051 Starting new HTTPS connection (1): thinking-tester-contact-list.herokuapp.com:443
DEBUG    urllib3.connectionpool:connectionpool.py:546 https://thinking-tester-contact-list.herokuapp.com:443 "DELETE /users/me HTTP/11" 200 0
DEBUG    util.admin.admin_api:admin_api.py:83 User deleted
INFO     tests.conftest:conftest.py:60 Deleted registered user
DEBUG    util.admin.admin_api:admin_api.py:33 Creating user: {'firstName': 'John', 'lastName': 'Green', 'email': 'john.green@mail.com', 'password': '1234567890'}
DEBUG    urllib3.connectionpool:connectionpool.py:1051 Starting new HTTPS connection (1): thinking-tester-contact-list.herokuapp.com:443
DEBUG    urllib3.connectionpool:connectionpool.py:546 https://thinking-tester-contact-list.herokuapp.com:443 "POST /users HTTP/11" 201 279
DEBUG    util.admin.admin_api:admin_api.py:39 Created user and received token: eyJhbGciOiJIUzI1NiIsInR5cCI6IkpXVCJ9.eyJfaWQiOiI2NzI4MGNhOGJlZDRkYjAwMTM1YjExOTYiLCJpYXQiOjE3MzA2Nzc5Mjh9.qCORbh3N69jy2oZHiHnA9_ddhrMAQm7U5O0fZqRa5wo
INFO     tests.conftest:conftest.py:56 Created registered user
DEBUG    util.admin.admin_api:admin_api.py:43 Logging in user with credentials: {email: john.green@mail.com, password: 1234567890}
DEBUG    urllib3.connectionpool:connectionpool.py:1051 Starting new HTTPS connection (1): thinking-tester-contact-list.herokuapp.com:443
DEBUG    urllib3.connectionpool:connectionpool.py:546 https://thinking-tester-contact-list.herokuapp.com:443 "POST /users/login HTTP/11" 200 279
DEBUG    util.admin.admin_api:admin_api.py:53 Logged in and received token: eyJhbGciOiJIUzI1NiIsInR5cCI6IkpXVCJ9.eyJfaWQiOiI2NzI4MGNhOGJlZDRkYjAwMTM1YjExOTYiLCJpYXQiOjE3MzA2Nzc5MzB9.aJED6WmnkH_42cb2y8foYkONxalt0pQoSbCAhGnbl4E
DEBUG    util.admin.admin_api:admin_api.py:86 Using token: eyJhbGciOiJIUzI1NiIsInR5cCI6IkpXVCJ9.eyJfaWQiOiI2NzI4MGNhOGJlZDRkYjAwMTM1YjExOTYiLCJpYXQiOjE3MzA2Nzc5MzB9.aJED6WmnkH_42cb2y8foYkONxalt0pQoSbCAhGnbl4E. Creating contact: {'firstName': 'Will', 'lastName': 'Smith', 'birthdate': '1968-09-25', 'email': 'will.smith@mail.com', 'phone': '1234567890', 'street1': '1 Main St.', 'street2': 'Apartment A', 'city': 'New York', 'stateProvince': 'NY', 'postalCode': '10118', 'country': 'USA'}
DEBUG    urllib3.connectionpool:connectionpool.py:1051 Starting new HTTPS connection (1): thinking-tester-contact-list.herokuapp.com:443
DEBUG    urllib3.connectionpool:connectionpool.py:546 https://thinking-tester-contact-list.herokuapp.com:443 "POST /contacts HTTP/11" 201 314
DEBUG    util.admin.admin_api:admin_api.py:93 Contact created: {'_id': '67280cabbed4db00135b1199', 'firstName': 'Will', 'lastName': 'Smith', 'birthdate': '1968-09-25', 'email': 'will.smith@mail.com', 'phone': '1234567890', 'street1': '1 Main St.', 'street2': 'Apartment A', 'city': 'New York', 'stateProvince': 'NY', 'postalCode': '10118', 'country': 'USA', 'owner': '67280ca8bed4db00135b1196', '__v': 0}
INFO     tests.api.contact.conftest:conftest.py:41 Created default contact
DEBUG    tests.api.contact.test_api_contact:test_api_contact.py:126 Updating contact with {'firstName': 'Will', 'lastName': 'Smith', 'birthdate': '1968-10-25', 'email': 'will.smith@mail.com', 'phone': '1234567890', 'street1': '1 Main St.', 'street2': 'Apartment A', 'city': 'New York', 'stateProvince': 'NY', 'postalCode': '11111111', 'country': 'USA'}
DEBUG    urllib3.connectionpool:connectionpool.py:1051 Starting new HTTPS connection (1): thinking-tester-contact-list.herokuapp.com:443
DEBUG    urllib3.connectionpool:connectionpool.py:546 https://thinking-tester-contact-list.herokuapp.com:443 "PUT /contacts/67280cabbed4db00135b1199 HTTP/11" 400 379
DEBUG    tests.api.contact.test_api_contact:test_api_contact.py:128 Received response text: {"errors":{"postalCode":{"name":"ValidatorError","message":"Postal code is invalid","properties":{"message":"Postal code is invalid","type":"user defined","path":"postalCode","value":"11111111","reason":{}},"kind":"user defined","path":"postalCode","value":"11111111","reason":{}}},"_message":"Validation failed","message":"Validation failed: postalCode: Postal code is invalid"}
INFO     tests.api.contact.test_api_contact:test_api_contact.py:130 Can't update contact fields to invalid ones as it is intended
DEBUG    util.admin.admin_api:admin_api.py:97 Getting contact with id: 67280cabbed4db00135b1199 using token: eyJhbGciOiJIUzI1NiIsInR5cCI6IkpXVCJ9.eyJfaWQiOiI2NzI4MGNhOGJlZDRkYjAwMTM1YjExOTYiLCJpYXQiOjE3MzA2Nzc5MzB9.aJED6WmnkH_42cb2y8foYkONxalt0pQoSbCAhGnbl4E
DEBUG    urllib3.connectionpool:connectionpool.py:1051 Starting new HTTPS connection (1): thinking-tester-contact-list.herokuapp.com:443
DEBUG    urllib3.connectionpool:connectionpool.py:546 https://thinking-tester-contact-list.herokuapp.com:443 "GET /contacts/67280cabbed4db00135b1199 HTTP/11" 200 314
DEBUG    util.admin.admin_api:admin_api.py:104 Received contact: {'_id': '67280cabbed4db00135b1199', 'firstName': 'Will', 'lastName': 'Smith', 'birthdate': '1968-09-25', 'email': 'will.smith@mail.com', 'phone': '1234567890', 'street1': '1 Main St.', 'street2': 'Apartment A', 'city': 'New York', 'stateProvince': 'NY', 'postalCode': '10118', 'country': 'USA', 'owner': '67280ca8bed4db00135b1196', '__v': 0}
INFO     tests.api.contact.test_api_contact:test_api_contact.py:134 Contact fields was not updated to invalid ones
DEBUG    util.admin.admin_api:admin_api.py:108 Deleting contact with id: 67280cabbed4db00135b1199 using token: eyJhbGciOiJIUzI1NiIsInR5cCI6IkpXVCJ9.eyJfaWQiOiI2NzI4MGNhOGJlZDRkYjAwMTM1YjExOTYiLCJpYXQiOjE3MzA2Nzc5MzB9.aJED6WmnkH_42cb2y8foYkONxalt0pQoSbCAhGnbl4E
DEBUG    urllib3.connectionpool:connectionpool.py:1051 Starting new HTTPS connection (1): thinking-tester-contact-list.herokuapp.com:443
DEBUG    urllib3.connectionpool:connectionpool.py:546 https://thinking-tester-contact-list.herokuapp.com:443 "DELETE /contacts/67280cabbed4db00135b1199 HTTP/11" 200 15
DEBUG    util.admin.admin_api:admin_api.py:114 Contact deleted
INFO     tests.api.contact.conftest:conftest.py:44 Deleted default contact
DEBUG    util.admin.admin_api:admin_api.py:77 Deleting user with token: eyJhbGciOiJIUzI1NiIsInR5cCI6IkpXVCJ9.eyJfaWQiOiI2NzI4MGNhOGJlZDRkYjAwMTM1YjExOTYiLCJpYXQiOjE3MzA2Nzc5Mjh9.qCORbh3N69jy2oZHiHnA9_ddhrMAQm7U5O0fZqRa5wo
DEBUG    urllib3.connectionpool:connectionpool.py:1051 Starting new HTTPS connection (1): thinking-tester-contact-list.herokuapp.com:443
DEBUG    urllib3.connectionpool:connectionpool.py:546 https://thinking-tester-contact-list.herokuapp.com:443 "DELETE /users/me HTTP/11" 200 0
DEBUG    util.admin.admin_api:admin_api.py:83 User deleted
INFO     tests.conftest:conftest.py:60 Deleted registered user
DEBUG    util.admin.admin_api:admin_api.py:33 Creating user: {'firstName': 'John', 'lastName': 'Green', 'email': 'john.green@mail.com', 'password': '1234567890'}
DEBUG    urllib3.connectionpool:connectionpool.py:1051 Starting new HTTPS connection (1): thinking-tester-contact-list.herokuapp.com:443
DEBUG    urllib3.connectionpool:connectionpool.py:546 https://thinking-tester-contact-list.herokuapp.com:443 "POST /users HTTP/11" 201 279
DEBUG    util.admin.admin_api:admin_api.py:39 Created user and received token: eyJhbGciOiJIUzI1NiIsInR5cCI6IkpXVCJ9.eyJfaWQiOiI2NzI4MGNiMmJlZDRkYjAwMTM1YjExOWEiLCJpYXQiOjE3MzA2Nzc5Mzh9.BhwdJqORTz3GMKpWKslCqa3pIk9pyKvaQtoc56krCzY
INFO     tests.conftest:conftest.py:56 Created registered user
DEBUG    util.admin.admin_api:admin_api.py:43 Logging in user with credentials: {email: john.green@mail.com, password: 1234567890}
DEBUG    urllib3.connectionpool:connectionpool.py:1051 Starting new HTTPS connection (1): thinking-tester-contact-list.herokuapp.com:443
DEBUG    urllib3.connectionpool:connectionpool.py:546 https://thinking-tester-contact-list.herokuapp.com:443 "POST /users/login HTTP/11" 200 279
DEBUG    util.admin.admin_api:admin_api.py:53 Logged in and received token: eyJhbGciOiJIUzI1NiIsInR5cCI6IkpXVCJ9.eyJfaWQiOiI2NzI4MGNiMmJlZDRkYjAwMTM1YjExOWEiLCJpYXQiOjE3MzA2Nzc5Mzh9.BhwdJqORTz3GMKpWKslCqa3pIk9pyKvaQtoc56krCzY
DEBUG    util.admin.admin_api:admin_api.py:86 Using token: eyJhbGciOiJIUzI1NiIsInR5cCI6IkpXVCJ9.eyJfaWQiOiI2NzI4MGNiMmJlZDRkYjAwMTM1YjExOWEiLCJpYXQiOjE3MzA2Nzc5Mzh9.BhwdJqORTz3GMKpWKslCqa3pIk9pyKvaQtoc56krCzY. Creating contact: {'firstName': 'Will', 'lastName': 'Smith', 'birthdate': '1968-09-25', 'email': 'will.smith@mail.com', 'phone': '1234567890', 'street1': '1 Main St.', 'street2': 'Apartment A', 'city': 'New York', 'stateProvince': 'NY', 'postalCode': '10118', 'country': 'USA'}
DEBUG    urllib3.connectionpool:connectionpool.py:1051 Starting new HTTPS connection (1): thinking-tester-contact-list.herokuapp.com:443
DEBUG    urllib3.connectionpool:connectionpool.py:546 https://thinking-tester-contact-list.herokuapp.com:443 "POST /contacts HTTP/11" 201 314
DEBUG    util.admin.admin_api:admin_api.py:93 Contact created: {'_id': '67280cb4d1286b001322ca3b', 'firstName': 'Will', 'lastName': 'Smith', 'birthdate': '1968-09-25', 'email': 'will.smith@mail.com', 'phone': '1234567890', 'street1': '1 Main St.', 'street2': 'Apartment A', 'city': 'New York', 'stateProvince': 'NY', 'postalCode': '10118', 'country': 'USA', 'owner': '67280cb2bed4db00135b119a', '__v': 0}
INFO     tests.api.contact.conftest:conftest.py:41 Created default contact
DEBUG    tests.api.contact.test_api_contact:test_api_contact.py:126 Updating contact with {'firstName': 'Will', 'lastName': 'Smith', 'birthdate': '1968-10-25', 'email': 'will.smith@mail.com', 'phone': '1234567890', 'street1': '1 Main St.', 'street2': 'Apartment A', 'city': 'New York', 'stateProvince': 'NY', 'postalCode': '10118', 'country': 'aaaaaaaaaabbbbbbbbbbccccccccccdddddddddde'}
DEBUG    urllib3.connectionpool:connectionpool.py:1051 Starting new HTTPS connection (1): thinking-tester-contact-list.herokuapp.com:443
DEBUG    urllib3.connectionpool:connectionpool.py:546 https://thinking-tester-contact-list.herokuapp.com:443 "PUT /contacts/67280cb4d1286b001322ca3b HTTP/11" 400 676
DEBUG    tests.api.contact.test_api_contact:test_api_contact.py:128 Received response text: {"errors":{"country":{"name":"ValidatorError","message":"Path `country` (`aaaaaaaaaabbbbbbbbbbccccccccccdddddddddde`) is longer than the maximum allowed length (40).","properties":{"message":"Path `country` (`aaaaaaaaaabbbbbbbbbbccccccccccdddddddddde`) is longer than the maximum allowed length (40).","type":"maxlength","maxlength":40,"path":"country","value":"aaaaaaaaaabbbbbbbbbbccccccccccdddddddddde"},"kind":"maxlength","path":"country","value":"aaaaaaaaaabbbbbbbbbbccccccccccdddddddddde"}},"_message":"Validation failed","message":"Validation failed: country: Path `country` (`aaaaaaaaaabbbbbbbbbbccccccccccdddddddddde`) is longer than the maximum allowed length (40)."}
INFO     tests.api.contact.test_api_contact:test_api_contact.py:130 Can't update contact fields to invalid ones as it is intended
DEBUG    util.admin.admin_api:admin_api.py:97 Getting contact with id: 67280cb4d1286b001322ca3b using token: eyJhbGciOiJIUzI1NiIsInR5cCI6IkpXVCJ9.eyJfaWQiOiI2NzI4MGNiMmJlZDRkYjAwMTM1YjExOWEiLCJpYXQiOjE3MzA2Nzc5Mzh9.BhwdJqORTz3GMKpWKslCqa3pIk9pyKvaQtoc56krCzY
DEBUG    urllib3.connectionpool:connectionpool.py:1051 Starting new HTTPS connection (1): thinking-tester-contact-list.herokuapp.com:443
DEBUG    urllib3.connectionpool:connectionpool.py:546 https://thinking-tester-contact-list.herokuapp.com:443 "GET /contacts/67280cb4d1286b001322ca3b HTTP/11" 200 314
DEBUG    util.admin.admin_api:admin_api.py:104 Received contact: {'_id': '67280cb4d1286b001322ca3b', 'firstName': 'Will', 'lastName': 'Smith', 'birthdate': '1968-09-25', 'email': 'will.smith@mail.com', 'phone': '1234567890', 'street1': '1 Main St.', 'street2': 'Apartment A', 'city': 'New York', 'stateProvince': 'NY', 'postalCode': '10118', 'country': 'USA', 'owner': '67280cb2bed4db00135b119a', '__v': 0}
INFO     tests.api.contact.test_api_contact:test_api_contact.py:134 Contact fields was not updated to invalid ones
DEBUG    util.admin.admin_api:admin_api.py:108 Deleting contact with id: 67280cb4d1286b001322ca3b using token: eyJhbGciOiJIUzI1NiIsInR5cCI6IkpXVCJ9.eyJfaWQiOiI2NzI4MGNiMmJlZDRkYjAwMTM1YjExOWEiLCJpYXQiOjE3MzA2Nzc5Mzh9.BhwdJqORTz3GMKpWKslCqa3pIk9pyKvaQtoc56krCzY
DEBUG    urllib3.connectionpool:connectionpool.py:1051 Starting new HTTPS connection (1): thinking-tester-contact-list.herokuapp.com:443
DEBUG    urllib3.connectionpool:connectionpool.py:546 https://thinking-tester-contact-list.herokuapp.com:443 "DELETE /contacts/67280cb4d1286b001322ca3b HTTP/11" 200 15
DEBUG    util.admin.admin_api:admin_api.py:114 Contact deleted
INFO     tests.api.contact.conftest:conftest.py:44 Deleted default contact
DEBUG    util.admin.admin_api:admin_api.py:77 Deleting user with token: eyJhbGciOiJIUzI1NiIsInR5cCI6IkpXVCJ9.eyJfaWQiOiI2NzI4MGNiMmJlZDRkYjAwMTM1YjExOWEiLCJpYXQiOjE3MzA2Nzc5Mzh9.BhwdJqORTz3GMKpWKslCqa3pIk9pyKvaQtoc56krCzY
DEBUG    urllib3.connectionpool:connectionpool.py:1051 Starting new HTTPS connection (1): thinking-tester-contact-list.herokuapp.com:443
DEBUG    urllib3.connectionpool:connectionpool.py:546 https://thinking-tester-contact-list.herokuapp.com:443 "DELETE /users/me HTTP/11" 200 0
DEBUG    util.admin.admin_api:admin_api.py:83 User deleted
INFO     tests.conftest:conftest.py:60 Deleted registered user
DEBUG    util.admin.admin_api:admin_api.py:33 Creating user: {'firstName': 'John', 'lastName': 'Green', 'email': 'john.green@mail.com', 'password': '1234567890'}
DEBUG    urllib3.connectionpool:connectionpool.py:1051 Starting new HTTPS connection (1): thinking-tester-contact-list.herokuapp.com:443
DEBUG    urllib3.connectionpool:connectionpool.py:546 https://thinking-tester-contact-list.herokuapp.com:443 "POST /users HTTP/11" 201 279
DEBUG    util.admin.admin_api:admin_api.py:39 Created user and received token: eyJhbGciOiJIUzI1NiIsInR5cCI6IkpXVCJ9.eyJfaWQiOiI2NzI4MGNiOWQxMjg2YjAwMTMyMmNhM2MiLCJpYXQiOjE3MzA2Nzc5NDV9.PTWn07uo39Ngono_KegkEjFnXJpKYs5katIulk0TArM
INFO     tests.conftest:conftest.py:56 Created registered user
DEBUG    util.admin.admin_api:admin_api.py:43 Logging in user with credentials: {email: john.green@mail.com, password: 1234567890}
DEBUG    urllib3.connectionpool:connectionpool.py:1051 Starting new HTTPS connection (1): thinking-tester-contact-list.herokuapp.com:443
DEBUG    urllib3.connectionpool:connectionpool.py:546 https://thinking-tester-contact-list.herokuapp.com:443 "POST /users/login HTTP/11" 200 279
DEBUG    util.admin.admin_api:admin_api.py:53 Logged in and received token: eyJhbGciOiJIUzI1NiIsInR5cCI6IkpXVCJ9.eyJfaWQiOiI2NzI4MGNiOWQxMjg2YjAwMTMyMmNhM2MiLCJpYXQiOjE3MzA2Nzc5NDZ9.FlRB_GiROZ8eNE7GTccld3dn-tXpF_fCOc4j_2PKSEY
DEBUG    util.admin.admin_api:admin_api.py:86 Using token: eyJhbGciOiJIUzI1NiIsInR5cCI6IkpXVCJ9.eyJfaWQiOiI2NzI4MGNiOWQxMjg2YjAwMTMyMmNhM2MiLCJpYXQiOjE3MzA2Nzc5NDZ9.FlRB_GiROZ8eNE7GTccld3dn-tXpF_fCOc4j_2PKSEY. Creating contact: {'firstName': 'Will', 'lastName': 'Smith', 'birthdate': '1968-09-25', 'email': 'will.smith@mail.com', 'phone': '1234567890', 'street1': '1 Main St.', 'street2': 'Apartment A', 'city': 'New York', 'stateProvince': 'NY', 'postalCode': '10118', 'country': 'USA'}
DEBUG    urllib3.connectionpool:connectionpool.py:1051 Starting new HTTPS connection (1): thinking-tester-contact-list.herokuapp.com:443
DEBUG    urllib3.connectionpool:connectionpool.py:546 https://thinking-tester-contact-list.herokuapp.com:443 "POST /contacts HTTP/11" 201 314
DEBUG    util.admin.admin_api:admin_api.py:93 Contact created: {'_id': '67280cbcd1286b001322ca3f', 'firstName': 'Will', 'lastName': 'Smith', 'birthdate': '1968-09-25', 'email': 'will.smith@mail.com', 'phone': '1234567890', 'street1': '1 Main St.', 'street2': 'Apartment A', 'city': 'New York', 'stateProvince': 'NY', 'postalCode': '10118', 'country': 'USA', 'owner': '67280cb9d1286b001322ca3c', '__v': 0}
INFO     tests.api.contact.conftest:conftest.py:41 Created default contact
DEBUG    tests.api.contact.test_api_contact:test_api_contact.py:137 Patching contact with {'firstName': 'Will_patched'}
DEBUG    urllib3.connectionpool:connectionpool.py:1051 Starting new HTTPS connection (1): thinking-tester-contact-list.herokuapp.com:443
DEBUG    urllib3.connectionpool:connectionpool.py:546 https://thinking-tester-contact-list.herokuapp.com:443 "PATCH /contacts/67280cbcd1286b001322ca3f HTTP/11" 200 322
DEBUG    tests.api.contact.test_api_contact:test_api_contact.py:139 Received response text: {"_id":"67280cbcd1286b001322ca3f","firstName":"Will_patched","lastName":"Smith","birthdate":"1968-09-25","email":"will.smith@mail.com","phone":"1234567890","street1":"1 Main St.","street2":"Apartment A","city":"New York","stateProvince":"NY","postalCode":"10118","country":"USA","owner":"67280cb9d1286b001322ca3c","__v":0}
INFO     tests.api.contact.test_api_contact:test_api_contact.py:142 Response status code and headers are correct
INFO     tests.api.contact.test_api_contact:test_api_contact.py:146 Response with patched contact is correct
DEBUG    util.admin.admin_api:admin_api.py:97 Getting contact with id: 67280cbcd1286b001322ca3f using token: eyJhbGciOiJIUzI1NiIsInR5cCI6IkpXVCJ9.eyJfaWQiOiI2NzI4MGNiOWQxMjg2YjAwMTMyMmNhM2MiLCJpYXQiOjE3MzA2Nzc5NDZ9.FlRB_GiROZ8eNE7GTccld3dn-tXpF_fCOc4j_2PKSEY
DEBUG    urllib3.connectionpool:connectionpool.py:1051 Starting new HTTPS connection (1): thinking-tester-contact-list.herokuapp.com:443
DEBUG    urllib3.connectionpool:connectionpool.py:546 https://thinking-tester-contact-list.herokuapp.com:443 "GET /contacts/67280cbcd1286b001322ca3f HTTP/11" 200 322
DEBUG    util.admin.admin_api:admin_api.py:104 Received contact: {'_id': '67280cbcd1286b001322ca3f', 'firstName': 'Will_patched', 'lastName': 'Smith', 'birthdate': '1968-09-25', 'email': 'will.smith@mail.com', 'phone': '1234567890', 'street1': '1 Main St.', 'street2': 'Apartment A', 'city': 'New York', 'stateProvince': 'NY', 'postalCode': '10118', 'country': 'USA', 'owner': '67280cb9d1286b001322ca3c', '__v': 0}
INFO     tests.api.contact.test_api_contact:test_api_contact.py:150 Successfully received contact with patched fields
DEBUG    util.admin.admin_api:admin_api.py:108 Deleting contact with id: 67280cbcd1286b001322ca3f using token: eyJhbGciOiJIUzI1NiIsInR5cCI6IkpXVCJ9.eyJfaWQiOiI2NzI4MGNiOWQxMjg2YjAwMTMyMmNhM2MiLCJpYXQiOjE3MzA2Nzc5NDZ9.FlRB_GiROZ8eNE7GTccld3dn-tXpF_fCOc4j_2PKSEY
DEBUG    urllib3.connectionpool:connectionpool.py:1051 Starting new HTTPS connection (1): thinking-tester-contact-list.herokuapp.com:443
DEBUG    urllib3.connectionpool:connectionpool.py:546 https://thinking-tester-contact-list.herokuapp.com:443 "DELETE /contacts/67280cbcd1286b001322ca3f HTTP/11" 200 15
DEBUG    util.admin.admin_api:admin_api.py:114 Contact deleted
INFO     tests.api.contact.conftest:conftest.py:44 Deleted default contact
DEBUG    util.admin.admin_api:admin_api.py:77 Deleting user with token: eyJhbGciOiJIUzI1NiIsInR5cCI6IkpXVCJ9.eyJfaWQiOiI2NzI4MGNiOWQxMjg2YjAwMTMyMmNhM2MiLCJpYXQiOjE3MzA2Nzc5NDV9.PTWn07uo39Ngono_KegkEjFnXJpKYs5katIulk0TArM
DEBUG    urllib3.connectionpool:connectionpool.py:1051 Starting new HTTPS connection (1): thinking-tester-contact-list.herokuapp.com:443
DEBUG    urllib3.connectionpool:connectionpool.py:546 https://thinking-tester-contact-list.herokuapp.com:443 "DELETE /users/me HTTP/11" 200 0
DEBUG    util.admin.admin_api:admin_api.py:83 User deleted
INFO     tests.conftest:conftest.py:60 Deleted registered user
DEBUG    util.admin.admin_api:admin_api.py:33 Creating user: {'firstName': 'John', 'lastName': 'Green', 'email': 'john.green@mail.com', 'password': '1234567890'}
DEBUG    urllib3.connectionpool:connectionpool.py:1051 Starting new HTTPS connection (1): thinking-tester-contact-list.herokuapp.com:443
DEBUG    urllib3.connectionpool:connectionpool.py:546 https://thinking-tester-contact-list.herokuapp.com:443 "POST /users HTTP/11" 201 279
DEBUG    util.admin.admin_api:admin_api.py:39 Created user and received token: eyJhbGciOiJIUzI1NiIsInR5cCI6IkpXVCJ9.eyJfaWQiOiI2NzI4MGNjM2JlZDRkYjAwMTM1YjExOWQiLCJpYXQiOjE3MzA2Nzc5NTV9.Sz9malP-Lf9spcc0ysbqjGnXVrgTaWqcy0-RU3x48xU
INFO     tests.conftest:conftest.py:56 Created registered user
DEBUG    util.admin.admin_api:admin_api.py:43 Logging in user with credentials: {email: john.green@mail.com, password: 1234567890}
DEBUG    urllib3.connectionpool:connectionpool.py:1051 Starting new HTTPS connection (1): thinking-tester-contact-list.herokuapp.com:443
DEBUG    urllib3.connectionpool:connectionpool.py:546 https://thinking-tester-contact-list.herokuapp.com:443 "POST /users/login HTTP/11" 200 279
DEBUG    util.admin.admin_api:admin_api.py:53 Logged in and received token: eyJhbGciOiJIUzI1NiIsInR5cCI6IkpXVCJ9.eyJfaWQiOiI2NzI4MGNjM2JlZDRkYjAwMTM1YjExOWQiLCJpYXQiOjE3MzA2Nzc5NTZ9.Zn1cDdshxTIB6YJJ4ouybSl1QFxfAQOwr-b2gz32wn4
DEBUG    util.admin.admin_api:admin_api.py:86 Using token: eyJhbGciOiJIUzI1NiIsInR5cCI6IkpXVCJ9.eyJfaWQiOiI2NzI4MGNjM2JlZDRkYjAwMTM1YjExOWQiLCJpYXQiOjE3MzA2Nzc5NTZ9.Zn1cDdshxTIB6YJJ4ouybSl1QFxfAQOwr-b2gz32wn4. Creating contact: {'firstName': 'Will', 'lastName': 'Smith', 'birthdate': '1968-09-25', 'email': 'will.smith@mail.com', 'phone': '1234567890', 'street1': '1 Main St.', 'street2': 'Apartment A', 'city': 'New York', 'stateProvince': 'NY', 'postalCode': '10118', 'country': 'USA'}
DEBUG    urllib3.connectionpool:connectionpool.py:1051 Starting new HTTPS connection (1): thinking-tester-contact-list.herokuapp.com:443
DEBUG    urllib3.connectionpool:connectionpool.py:546 https://thinking-tester-contact-list.herokuapp.com:443 "POST /contacts HTTP/11" 201 314
DEBUG    util.admin.admin_api:admin_api.py:93 Contact created: {'_id': '67280cc5bed4db00135b119f', 'firstName': 'Will', 'lastName': 'Smith', 'birthdate': '1968-09-25', 'email': 'will.smith@mail.com', 'phone': '1234567890', 'street1': '1 Main St.', 'street2': 'Apartment A', 'city': 'New York', 'stateProvince': 'NY', 'postalCode': '10118', 'country': 'USA', 'owner': '67280cc3bed4db00135b119d', '__v': 0}
INFO     tests.api.contact.conftest:conftest.py:41 Created default contact
DEBUG    tests.api.contact.test_api_contact:test_api_contact.py:137 Patching contact with {'lastName': 'Smith_patched'}
DEBUG    urllib3.connectionpool:connectionpool.py:1051 Starting new HTTPS connection (1): thinking-tester-contact-list.herokuapp.com:443
DEBUG    urllib3.connectionpool:connectionpool.py:546 https://thinking-tester-contact-list.herokuapp.com:443 "PATCH /contacts/67280cc5bed4db00135b119f HTTP/11" 200 322
DEBUG    tests.api.contact.test_api_contact:test_api_contact.py:139 Received response text: {"_id":"67280cc5bed4db00135b119f","firstName":"Will","lastName":"Smith_patched","birthdate":"1968-09-25","email":"will.smith@mail.com","phone":"1234567890","street1":"1 Main St.","street2":"Apartment A","city":"New York","stateProvince":"NY","postalCode":"10118","country":"USA","owner":"67280cc3bed4db00135b119d","__v":0}
INFO     tests.api.contact.test_api_contact:test_api_contact.py:142 Response status code and headers are correct
INFO     tests.api.contact.test_api_contact:test_api_contact.py:146 Response with patched contact is correct
DEBUG    util.admin.admin_api:admin_api.py:97 Getting contact with id: 67280cc5bed4db00135b119f using token: eyJhbGciOiJIUzI1NiIsInR5cCI6IkpXVCJ9.eyJfaWQiOiI2NzI4MGNjM2JlZDRkYjAwMTM1YjExOWQiLCJpYXQiOjE3MzA2Nzc5NTZ9.Zn1cDdshxTIB6YJJ4ouybSl1QFxfAQOwr-b2gz32wn4
DEBUG    urllib3.connectionpool:connectionpool.py:1051 Starting new HTTPS connection (1): thinking-tester-contact-list.herokuapp.com:443
DEBUG    urllib3.connectionpool:connectionpool.py:546 https://thinking-tester-contact-list.herokuapp.com:443 "GET /contacts/67280cc5bed4db00135b119f HTTP/11" 200 322
DEBUG    util.admin.admin_api:admin_api.py:104 Received contact: {'_id': '67280cc5bed4db00135b119f', 'firstName': 'Will', 'lastName': 'Smith_patched', 'birthdate': '1968-09-25', 'email': 'will.smith@mail.com', 'phone': '1234567890', 'street1': '1 Main St.', 'street2': 'Apartment A', 'city': 'New York', 'stateProvince': 'NY', 'postalCode': '10118', 'country': 'USA', 'owner': '67280cc3bed4db00135b119d', '__v': 0}
INFO     tests.api.contact.test_api_contact:test_api_contact.py:150 Successfully received contact with patched fields
DEBUG    util.admin.admin_api:admin_api.py:108 Deleting contact with id: 67280cc5bed4db00135b119f using token: eyJhbGciOiJIUzI1NiIsInR5cCI6IkpXVCJ9.eyJfaWQiOiI2NzI4MGNjM2JlZDRkYjAwMTM1YjExOWQiLCJpYXQiOjE3MzA2Nzc5NTZ9.Zn1cDdshxTIB6YJJ4ouybSl1QFxfAQOwr-b2gz32wn4
DEBUG    urllib3.connectionpool:connectionpool.py:1051 Starting new HTTPS connection (1): thinking-tester-contact-list.herokuapp.com:443
DEBUG    urllib3.connectionpool:connectionpool.py:546 https://thinking-tester-contact-list.herokuapp.com:443 "DELETE /contacts/67280cc5bed4db00135b119f HTTP/11" 200 15
DEBUG    util.admin.admin_api:admin_api.py:114 Contact deleted
INFO     tests.api.contact.conftest:conftest.py:44 Deleted default contact
DEBUG    util.admin.admin_api:admin_api.py:77 Deleting user with token: eyJhbGciOiJIUzI1NiIsInR5cCI6IkpXVCJ9.eyJfaWQiOiI2NzI4MGNjM2JlZDRkYjAwMTM1YjExOWQiLCJpYXQiOjE3MzA2Nzc5NTV9.Sz9malP-Lf9spcc0ysbqjGnXVrgTaWqcy0-RU3x48xU
DEBUG    urllib3.connectionpool:connectionpool.py:1051 Starting new HTTPS connection (1): thinking-tester-contact-list.herokuapp.com:443
DEBUG    urllib3.connectionpool:connectionpool.py:546 https://thinking-tester-contact-list.herokuapp.com:443 "DELETE /users/me HTTP/11" 200 0
DEBUG    util.admin.admin_api:admin_api.py:83 User deleted
INFO     tests.conftest:conftest.py:60 Deleted registered user
DEBUG    util.admin.admin_api:admin_api.py:33 Creating user: {'firstName': 'John', 'lastName': 'Green', 'email': 'john.green@mail.com', 'password': '1234567890'}
DEBUG    urllib3.connectionpool:connectionpool.py:1051 Starting new HTTPS connection (1): thinking-tester-contact-list.herokuapp.com:443
DEBUG    urllib3.connectionpool:connectionpool.py:546 https://thinking-tester-contact-list.herokuapp.com:443 "POST /users HTTP/11" 201 279
DEBUG    util.admin.admin_api:admin_api.py:39 Created user and received token: eyJhbGciOiJIUzI1NiIsInR5cCI6IkpXVCJ9.eyJfaWQiOiI2NzI4MGNjYmQxMjg2YjAwMTMyMmNhNDEiLCJpYXQiOjE3MzA2Nzc5NjN9.M7UmQqS74XhbvELNL2MQWkdK8lU3foXpgquwK4oFFDo
INFO     tests.conftest:conftest.py:56 Created registered user
DEBUG    util.admin.admin_api:admin_api.py:43 Logging in user with credentials: {email: john.green@mail.com, password: 1234567890}
DEBUG    urllib3.connectionpool:connectionpool.py:1051 Starting new HTTPS connection (1): thinking-tester-contact-list.herokuapp.com:443
DEBUG    urllib3.connectionpool:connectionpool.py:546 https://thinking-tester-contact-list.herokuapp.com:443 "POST /users/login HTTP/11" 200 279
DEBUG    util.admin.admin_api:admin_api.py:53 Logged in and received token: eyJhbGciOiJIUzI1NiIsInR5cCI6IkpXVCJ9.eyJfaWQiOiI2NzI4MGNjYmQxMjg2YjAwMTMyMmNhNDEiLCJpYXQiOjE3MzA2Nzc5NjN9.M7UmQqS74XhbvELNL2MQWkdK8lU3foXpgquwK4oFFDo
DEBUG    util.admin.admin_api:admin_api.py:86 Using token: eyJhbGciOiJIUzI1NiIsInR5cCI6IkpXVCJ9.eyJfaWQiOiI2NzI4MGNjYmQxMjg2YjAwMTMyMmNhNDEiLCJpYXQiOjE3MzA2Nzc5NjN9.M7UmQqS74XhbvELNL2MQWkdK8lU3foXpgquwK4oFFDo. Creating contact: {'firstName': 'Will', 'lastName': 'Smith', 'birthdate': '1968-09-25', 'email': 'will.smith@mail.com', 'phone': '1234567890', 'street1': '1 Main St.', 'street2': 'Apartment A', 'city': 'New York', 'stateProvince': 'NY', 'postalCode': '10118', 'country': 'USA'}
DEBUG    urllib3.connectionpool:connectionpool.py:1051 Starting new HTTPS connection (1): thinking-tester-contact-list.herokuapp.com:443
DEBUG    urllib3.connectionpool:connectionpool.py:546 https://thinking-tester-contact-list.herokuapp.com:443 "POST /contacts HTTP/11" 201 314
DEBUG    util.admin.admin_api:admin_api.py:93 Contact created: {'_id': '67280ccdbed4db00135b11a0', 'firstName': 'Will', 'lastName': 'Smith', 'birthdate': '1968-09-25', 'email': 'will.smith@mail.com', 'phone': '1234567890', 'street1': '1 Main St.', 'street2': 'Apartment A', 'city': 'New York', 'stateProvince': 'NY', 'postalCode': '10118', 'country': 'USA', 'owner': '67280ccbd1286b001322ca41', '__v': 0}
INFO     tests.api.contact.conftest:conftest.py:41 Created default contact
DEBUG    tests.api.contact.test_api_contact:test_api_contact.py:137 Patching contact with {'birthdate': '2000-09-25'}
DEBUG    urllib3.connectionpool:connectionpool.py:1051 Starting new HTTPS connection (1): thinking-tester-contact-list.herokuapp.com:443
DEBUG    urllib3.connectionpool:connectionpool.py:546 https://thinking-tester-contact-list.herokuapp.com:443 "PATCH /contacts/67280ccdbed4db00135b11a0 HTTP/11" 200 314
DEBUG    tests.api.contact.test_api_contact:test_api_contact.py:139 Received response text: {"_id":"67280ccdbed4db00135b11a0","firstName":"Will","lastName":"Smith","birthdate":"2000-09-25","email":"will.smith@mail.com","phone":"1234567890","street1":"1 Main St.","street2":"Apartment A","city":"New York","stateProvince":"NY","postalCode":"10118","country":"USA","owner":"67280ccbd1286b001322ca41","__v":0}
INFO     tests.api.contact.test_api_contact:test_api_contact.py:142 Response status code and headers are correct
INFO     tests.api.contact.test_api_contact:test_api_contact.py:146 Response with patched contact is correct
DEBUG    util.admin.admin_api:admin_api.py:97 Getting contact with id: 67280ccdbed4db00135b11a0 using token: eyJhbGciOiJIUzI1NiIsInR5cCI6IkpXVCJ9.eyJfaWQiOiI2NzI4MGNjYmQxMjg2YjAwMTMyMmNhNDEiLCJpYXQiOjE3MzA2Nzc5NjN9.M7UmQqS74XhbvELNL2MQWkdK8lU3foXpgquwK4oFFDo
DEBUG    urllib3.connectionpool:connectionpool.py:1051 Starting new HTTPS connection (1): thinking-tester-contact-list.herokuapp.com:443
DEBUG    urllib3.connectionpool:connectionpool.py:546 https://thinking-tester-contact-list.herokuapp.com:443 "GET /contacts/67280ccdbed4db00135b11a0 HTTP/11" 200 314
DEBUG    util.admin.admin_api:admin_api.py:104 Received contact: {'_id': '67280ccdbed4db00135b11a0', 'firstName': 'Will', 'lastName': 'Smith', 'birthdate': '2000-09-25', 'email': 'will.smith@mail.com', 'phone': '1234567890', 'street1': '1 Main St.', 'street2': 'Apartment A', 'city': 'New York', 'stateProvince': 'NY', 'postalCode': '10118', 'country': 'USA', 'owner': '67280ccbd1286b001322ca41', '__v': 0}
INFO     tests.api.contact.test_api_contact:test_api_contact.py:150 Successfully received contact with patched fields
DEBUG    util.admin.admin_api:admin_api.py:108 Deleting contact with id: 67280ccdbed4db00135b11a0 using token: eyJhbGciOiJIUzI1NiIsInR5cCI6IkpXVCJ9.eyJfaWQiOiI2NzI4MGNjYmQxMjg2YjAwMTMyMmNhNDEiLCJpYXQiOjE3MzA2Nzc5NjN9.M7UmQqS74XhbvELNL2MQWkdK8lU3foXpgquwK4oFFDo
DEBUG    urllib3.connectionpool:connectionpool.py:1051 Starting new HTTPS connection (1): thinking-tester-contact-list.herokuapp.com:443
DEBUG    urllib3.connectionpool:connectionpool.py:546 https://thinking-tester-contact-list.herokuapp.com:443 "DELETE /contacts/67280ccdbed4db00135b11a0 HTTP/11" 200 15
DEBUG    util.admin.admin_api:admin_api.py:114 Contact deleted
INFO     tests.api.contact.conftest:conftest.py:44 Deleted default contact
DEBUG    util.admin.admin_api:admin_api.py:77 Deleting user with token: eyJhbGciOiJIUzI1NiIsInR5cCI6IkpXVCJ9.eyJfaWQiOiI2NzI4MGNjYmQxMjg2YjAwMTMyMmNhNDEiLCJpYXQiOjE3MzA2Nzc5NjN9.M7UmQqS74XhbvELNL2MQWkdK8lU3foXpgquwK4oFFDo
DEBUG    urllib3.connectionpool:connectionpool.py:1051 Starting new HTTPS connection (1): thinking-tester-contact-list.herokuapp.com:443
DEBUG    urllib3.connectionpool:connectionpool.py:546 https://thinking-tester-contact-list.herokuapp.com:443 "DELETE /users/me HTTP/11" 200 0
DEBUG    util.admin.admin_api:admin_api.py:83 User deleted
INFO     tests.conftest:conftest.py:60 Deleted registered user
DEBUG    util.admin.admin_api:admin_api.py:33 Creating user: {'firstName': 'John', 'lastName': 'Green', 'email': 'john.green@mail.com', 'password': '1234567890'}
DEBUG    urllib3.connectionpool:connectionpool.py:1051 Starting new HTTPS connection (1): thinking-tester-contact-list.herokuapp.com:443
DEBUG    urllib3.connectionpool:connectionpool.py:546 https://thinking-tester-contact-list.herokuapp.com:443 "POST /users HTTP/11" 201 279
DEBUG    util.admin.admin_api:admin_api.py:39 Created user and received token: eyJhbGciOiJIUzI1NiIsInR5cCI6IkpXVCJ9.eyJfaWQiOiI2NzI4MGNkM2QxMjg2YjAwMTMyMmNhNDQiLCJpYXQiOjE3MzA2Nzc5NzF9.cdeFZwXpjwiFqJKGfTywL4z0oYGl2AtTIOrpeS1tGqs
INFO     tests.conftest:conftest.py:56 Created registered user
DEBUG    util.admin.admin_api:admin_api.py:43 Logging in user with credentials: {email: john.green@mail.com, password: 1234567890}
DEBUG    urllib3.connectionpool:connectionpool.py:1051 Starting new HTTPS connection (1): thinking-tester-contact-list.herokuapp.com:443
DEBUG    urllib3.connectionpool:connectionpool.py:546 https://thinking-tester-contact-list.herokuapp.com:443 "POST /users/login HTTP/11" 200 279
DEBUG    util.admin.admin_api:admin_api.py:53 Logged in and received token: eyJhbGciOiJIUzI1NiIsInR5cCI6IkpXVCJ9.eyJfaWQiOiI2NzI4MGNkM2QxMjg2YjAwMTMyMmNhNDQiLCJpYXQiOjE3MzA2Nzc5NzJ9.Z34Ik2iHP-X1OujRbyeRoUTqO0Ht152mh9iUWL0u3Dg
DEBUG    util.admin.admin_api:admin_api.py:86 Using token: eyJhbGciOiJIUzI1NiIsInR5cCI6IkpXVCJ9.eyJfaWQiOiI2NzI4MGNkM2QxMjg2YjAwMTMyMmNhNDQiLCJpYXQiOjE3MzA2Nzc5NzJ9.Z34Ik2iHP-X1OujRbyeRoUTqO0Ht152mh9iUWL0u3Dg. Creating contact: {'firstName': 'Will', 'lastName': 'Smith', 'birthdate': '1968-09-25', 'email': 'will.smith@mail.com', 'phone': '1234567890', 'street1': '1 Main St.', 'street2': 'Apartment A', 'city': 'New York', 'stateProvince': 'NY', 'postalCode': '10118', 'country': 'USA'}
DEBUG    urllib3.connectionpool:connectionpool.py:1051 Starting new HTTPS connection (1): thinking-tester-contact-list.herokuapp.com:443
DEBUG    urllib3.connectionpool:connectionpool.py:546 https://thinking-tester-contact-list.herokuapp.com:443 "POST /contacts HTTP/11" 201 314
DEBUG    util.admin.admin_api:admin_api.py:93 Contact created: {'_id': '67280cd6bed4db00135b11a1', 'firstName': 'Will', 'lastName': 'Smith', 'birthdate': '1968-09-25', 'email': 'will.smith@mail.com', 'phone': '1234567890', 'street1': '1 Main St.', 'street2': 'Apartment A', 'city': 'New York', 'stateProvince': 'NY', 'postalCode': '10118', 'country': 'USA', 'owner': '67280cd3d1286b001322ca44', '__v': 0}
INFO     tests.api.contact.conftest:conftest.py:41 Created default contact
DEBUG    tests.api.contact.test_api_contact:test_api_contact.py:137 Patching contact with {'email': 'will.smith_patched@mail.com'}
DEBUG    urllib3.connectionpool:connectionpool.py:1051 Starting new HTTPS connection (1): thinking-tester-contact-list.herokuapp.com:443
DEBUG    urllib3.connectionpool:connectionpool.py:546 https://thinking-tester-contact-list.herokuapp.com:443 "PATCH /contacts/67280cd6bed4db00135b11a1 HTTP/11" 200 322
DEBUG    tests.api.contact.test_api_contact:test_api_contact.py:139 Received response text: {"_id":"67280cd6bed4db00135b11a1","firstName":"Will","lastName":"Smith","birthdate":"1968-09-25","email":"will.smith_patched@mail.com","phone":"1234567890","street1":"1 Main St.","street2":"Apartment A","city":"New York","stateProvince":"NY","postalCode":"10118","country":"USA","owner":"67280cd3d1286b001322ca44","__v":0}
INFO     tests.api.contact.test_api_contact:test_api_contact.py:142 Response status code and headers are correct
INFO     tests.api.contact.test_api_contact:test_api_contact.py:146 Response with patched contact is correct
DEBUG    util.admin.admin_api:admin_api.py:97 Getting contact with id: 67280cd6bed4db00135b11a1 using token: eyJhbGciOiJIUzI1NiIsInR5cCI6IkpXVCJ9.eyJfaWQiOiI2NzI4MGNkM2QxMjg2YjAwMTMyMmNhNDQiLCJpYXQiOjE3MzA2Nzc5NzJ9.Z34Ik2iHP-X1OujRbyeRoUTqO0Ht152mh9iUWL0u3Dg
DEBUG    urllib3.connectionpool:connectionpool.py:1051 Starting new HTTPS connection (1): thinking-tester-contact-list.herokuapp.com:443
DEBUG    urllib3.connectionpool:connectionpool.py:546 https://thinking-tester-contact-list.herokuapp.com:443 "GET /contacts/67280cd6bed4db00135b11a1 HTTP/11" 200 322
DEBUG    util.admin.admin_api:admin_api.py:104 Received contact: {'_id': '67280cd6bed4db00135b11a1', 'firstName': 'Will', 'lastName': 'Smith', 'birthdate': '1968-09-25', 'email': 'will.smith_patched@mail.com', 'phone': '1234567890', 'street1': '1 Main St.', 'street2': 'Apartment A', 'city': 'New York', 'stateProvince': 'NY', 'postalCode': '10118', 'country': 'USA', 'owner': '67280cd3d1286b001322ca44', '__v': 0}
INFO     tests.api.contact.test_api_contact:test_api_contact.py:150 Successfully received contact with patched fields
DEBUG    util.admin.admin_api:admin_api.py:108 Deleting contact with id: 67280cd6bed4db00135b11a1 using token: eyJhbGciOiJIUzI1NiIsInR5cCI6IkpXVCJ9.eyJfaWQiOiI2NzI4MGNkM2QxMjg2YjAwMTMyMmNhNDQiLCJpYXQiOjE3MzA2Nzc5NzJ9.Z34Ik2iHP-X1OujRbyeRoUTqO0Ht152mh9iUWL0u3Dg
DEBUG    urllib3.connectionpool:connectionpool.py:1051 Starting new HTTPS connection (1): thinking-tester-contact-list.herokuapp.com:443
DEBUG    urllib3.connectionpool:connectionpool.py:546 https://thinking-tester-contact-list.herokuapp.com:443 "DELETE /contacts/67280cd6bed4db00135b11a1 HTTP/11" 200 15
DEBUG    util.admin.admin_api:admin_api.py:114 Contact deleted
INFO     tests.api.contact.conftest:conftest.py:44 Deleted default contact
DEBUG    util.admin.admin_api:admin_api.py:77 Deleting user with token: eyJhbGciOiJIUzI1NiIsInR5cCI6IkpXVCJ9.eyJfaWQiOiI2NzI4MGNkM2QxMjg2YjAwMTMyMmNhNDQiLCJpYXQiOjE3MzA2Nzc5NzF9.cdeFZwXpjwiFqJKGfTywL4z0oYGl2AtTIOrpeS1tGqs
DEBUG    urllib3.connectionpool:connectionpool.py:1051 Starting new HTTPS connection (1): thinking-tester-contact-list.herokuapp.com:443
DEBUG    urllib3.connectionpool:connectionpool.py:546 https://thinking-tester-contact-list.herokuapp.com:443 "DELETE /users/me HTTP/11" 200 0
DEBUG    util.admin.admin_api:admin_api.py:83 User deleted
INFO     tests.conftest:conftest.py:60 Deleted registered user
DEBUG    util.admin.admin_api:admin_api.py:33 Creating user: {'firstName': 'John', 'lastName': 'Green', 'email': 'john.green@mail.com', 'password': '1234567890'}
DEBUG    urllib3.connectionpool:connectionpool.py:1051 Starting new HTTPS connection (1): thinking-tester-contact-list.herokuapp.com:443
DEBUG    urllib3.connectionpool:connectionpool.py:546 https://thinking-tester-contact-list.herokuapp.com:443 "POST /users HTTP/11" 201 279
DEBUG    util.admin.admin_api:admin_api.py:39 Created user and received token: eyJhbGciOiJIUzI1NiIsInR5cCI6IkpXVCJ9.eyJfaWQiOiI2NzI4MGNkY2QxMjg2YjAwMTMyMmNhNDciLCJpYXQiOjE3MzA2Nzc5ODB9.tTctJls-upbWdF2f8e83eNFatyXwEyHQVuSOlFvoL3o
INFO     tests.conftest:conftest.py:56 Created registered user
DEBUG    util.admin.admin_api:admin_api.py:43 Logging in user with credentials: {email: john.green@mail.com, password: 1234567890}
DEBUG    urllib3.connectionpool:connectionpool.py:1051 Starting new HTTPS connection (1): thinking-tester-contact-list.herokuapp.com:443
DEBUG    urllib3.connectionpool:connectionpool.py:546 https://thinking-tester-contact-list.herokuapp.com:443 "POST /users/login HTTP/11" 200 279
DEBUG    util.admin.admin_api:admin_api.py:53 Logged in and received token: eyJhbGciOiJIUzI1NiIsInR5cCI6IkpXVCJ9.eyJfaWQiOiI2NzI4MGNkY2QxMjg2YjAwMTMyMmNhNDciLCJpYXQiOjE3MzA2Nzc5ODF9.yNJUwfX4pyoeN5pIK24nD_mokrMKKdv_fxTLHbwcJuM
DEBUG    util.admin.admin_api:admin_api.py:86 Using token: eyJhbGciOiJIUzI1NiIsInR5cCI6IkpXVCJ9.eyJfaWQiOiI2NzI4MGNkY2QxMjg2YjAwMTMyMmNhNDciLCJpYXQiOjE3MzA2Nzc5ODF9.yNJUwfX4pyoeN5pIK24nD_mokrMKKdv_fxTLHbwcJuM. Creating contact: {'firstName': 'Will', 'lastName': 'Smith', 'birthdate': '1968-09-25', 'email': 'will.smith@mail.com', 'phone': '1234567890', 'street1': '1 Main St.', 'street2': 'Apartment A', 'city': 'New York', 'stateProvince': 'NY', 'postalCode': '10118', 'country': 'USA'}
DEBUG    urllib3.connectionpool:connectionpool.py:1051 Starting new HTTPS connection (1): thinking-tester-contact-list.herokuapp.com:443
DEBUG    urllib3.connectionpool:connectionpool.py:546 https://thinking-tester-contact-list.herokuapp.com:443 "POST /contacts HTTP/11" 201 314
DEBUG    util.admin.admin_api:admin_api.py:93 Contact created: {'_id': '67280cdebed4db00135b11a2', 'firstName': 'Will', 'lastName': 'Smith', 'birthdate': '1968-09-25', 'email': 'will.smith@mail.com', 'phone': '1234567890', 'street1': '1 Main St.', 'street2': 'Apartment A', 'city': 'New York', 'stateProvince': 'NY', 'postalCode': '10118', 'country': 'USA', 'owner': '67280cdcd1286b001322ca47', '__v': 0}
INFO     tests.api.contact.conftest:conftest.py:41 Created default contact
DEBUG    tests.api.contact.test_api_contact:test_api_contact.py:137 Patching contact with {'phone': '1234567565'}
DEBUG    urllib3.connectionpool:connectionpool.py:1051 Starting new HTTPS connection (1): thinking-tester-contact-list.herokuapp.com:443
DEBUG    urllib3.connectionpool:connectionpool.py:546 https://thinking-tester-contact-list.herokuapp.com:443 "PATCH /contacts/67280cdebed4db00135b11a2 HTTP/11" 200 314
DEBUG    tests.api.contact.test_api_contact:test_api_contact.py:139 Received response text: {"_id":"67280cdebed4db00135b11a2","firstName":"Will","lastName":"Smith","birthdate":"1968-09-25","email":"will.smith@mail.com","phone":"1234567565","street1":"1 Main St.","street2":"Apartment A","city":"New York","stateProvince":"NY","postalCode":"10118","country":"USA","owner":"67280cdcd1286b001322ca47","__v":0}
INFO     tests.api.contact.test_api_contact:test_api_contact.py:142 Response status code and headers are correct
INFO     tests.api.contact.test_api_contact:test_api_contact.py:146 Response with patched contact is correct
DEBUG    util.admin.admin_api:admin_api.py:97 Getting contact with id: 67280cdebed4db00135b11a2 using token: eyJhbGciOiJIUzI1NiIsInR5cCI6IkpXVCJ9.eyJfaWQiOiI2NzI4MGNkY2QxMjg2YjAwMTMyMmNhNDciLCJpYXQiOjE3MzA2Nzc5ODF9.yNJUwfX4pyoeN5pIK24nD_mokrMKKdv_fxTLHbwcJuM
DEBUG    urllib3.connectionpool:connectionpool.py:1051 Starting new HTTPS connection (1): thinking-tester-contact-list.herokuapp.com:443
DEBUG    urllib3.connectionpool:connectionpool.py:546 https://thinking-tester-contact-list.herokuapp.com:443 "GET /contacts/67280cdebed4db00135b11a2 HTTP/11" 200 314
DEBUG    util.admin.admin_api:admin_api.py:104 Received contact: {'_id': '67280cdebed4db00135b11a2', 'firstName': 'Will', 'lastName': 'Smith', 'birthdate': '1968-09-25', 'email': 'will.smith@mail.com', 'phone': '1234567565', 'street1': '1 Main St.', 'street2': 'Apartment A', 'city': 'New York', 'stateProvince': 'NY', 'postalCode': '10118', 'country': 'USA', 'owner': '67280cdcd1286b001322ca47', '__v': 0}
INFO     tests.api.contact.test_api_contact:test_api_contact.py:150 Successfully received contact with patched fields
DEBUG    util.admin.admin_api:admin_api.py:108 Deleting contact with id: 67280cdebed4db00135b11a2 using token: eyJhbGciOiJIUzI1NiIsInR5cCI6IkpXVCJ9.eyJfaWQiOiI2NzI4MGNkY2QxMjg2YjAwMTMyMmNhNDciLCJpYXQiOjE3MzA2Nzc5ODF9.yNJUwfX4pyoeN5pIK24nD_mokrMKKdv_fxTLHbwcJuM
DEBUG    urllib3.connectionpool:connectionpool.py:1051 Starting new HTTPS connection (1): thinking-tester-contact-list.herokuapp.com:443
DEBUG    urllib3.connectionpool:connectionpool.py:546 https://thinking-tester-contact-list.herokuapp.com:443 "DELETE /contacts/67280cdebed4db00135b11a2 HTTP/11" 200 15
DEBUG    util.admin.admin_api:admin_api.py:114 Contact deleted
INFO     tests.api.contact.conftest:conftest.py:44 Deleted default contact
DEBUG    util.admin.admin_api:admin_api.py:77 Deleting user with token: eyJhbGciOiJIUzI1NiIsInR5cCI6IkpXVCJ9.eyJfaWQiOiI2NzI4MGNkY2QxMjg2YjAwMTMyMmNhNDciLCJpYXQiOjE3MzA2Nzc5ODB9.tTctJls-upbWdF2f8e83eNFatyXwEyHQVuSOlFvoL3o
DEBUG    urllib3.connectionpool:connectionpool.py:1051 Starting new HTTPS connection (1): thinking-tester-contact-list.herokuapp.com:443
DEBUG    urllib3.connectionpool:connectionpool.py:546 https://thinking-tester-contact-list.herokuapp.com:443 "DELETE /users/me HTTP/11" 200 0
DEBUG    util.admin.admin_api:admin_api.py:83 User deleted
INFO     tests.conftest:conftest.py:60 Deleted registered user
DEBUG    util.admin.admin_api:admin_api.py:33 Creating user: {'firstName': 'John', 'lastName': 'Green', 'email': 'john.green@mail.com', 'password': '1234567890'}
DEBUG    urllib3.connectionpool:connectionpool.py:1051 Starting new HTTPS connection (1): thinking-tester-contact-list.herokuapp.com:443
DEBUG    urllib3.connectionpool:connectionpool.py:546 https://thinking-tester-contact-list.herokuapp.com:443 "POST /users HTTP/11" 201 279
DEBUG    util.admin.admin_api:admin_api.py:39 Created user and received token: eyJhbGciOiJIUzI1NiIsInR5cCI6IkpXVCJ9.eyJfaWQiOiI2NzI4MGNlNGQxMjg2YjAwMTMyMmNhNGEiLCJpYXQiOjE3MzA2Nzc5ODh9.XsYIvGBjaoLV8ooErstJH03OtC6WLWwCjp24ovS7eMQ
INFO     tests.conftest:conftest.py:56 Created registered user
DEBUG    util.admin.admin_api:admin_api.py:43 Logging in user with credentials: {email: john.green@mail.com, password: 1234567890}
DEBUG    urllib3.connectionpool:connectionpool.py:1051 Starting new HTTPS connection (1): thinking-tester-contact-list.herokuapp.com:443
DEBUG    urllib3.connectionpool:connectionpool.py:546 https://thinking-tester-contact-list.herokuapp.com:443 "POST /users/login HTTP/11" 200 279
DEBUG    util.admin.admin_api:admin_api.py:53 Logged in and received token: eyJhbGciOiJIUzI1NiIsInR5cCI6IkpXVCJ9.eyJfaWQiOiI2NzI4MGNlNGQxMjg2YjAwMTMyMmNhNGEiLCJpYXQiOjE3MzA2Nzc5ODl9.dv1sOx6bIG7tnFP_2br17XwwTXJ1117Yp4pF-QcXAtM
DEBUG    util.admin.admin_api:admin_api.py:86 Using token: eyJhbGciOiJIUzI1NiIsInR5cCI6IkpXVCJ9.eyJfaWQiOiI2NzI4MGNlNGQxMjg2YjAwMTMyMmNhNGEiLCJpYXQiOjE3MzA2Nzc5ODl9.dv1sOx6bIG7tnFP_2br17XwwTXJ1117Yp4pF-QcXAtM. Creating contact: {'firstName': 'Will', 'lastName': 'Smith', 'birthdate': '1968-09-25', 'email': 'will.smith@mail.com', 'phone': '1234567890', 'street1': '1 Main St.', 'street2': 'Apartment A', 'city': 'New York', 'stateProvince': 'NY', 'postalCode': '10118', 'country': 'USA'}
DEBUG    urllib3.connectionpool:connectionpool.py:1051 Starting new HTTPS connection (1): thinking-tester-contact-list.herokuapp.com:443
DEBUG    urllib3.connectionpool:connectionpool.py:546 https://thinking-tester-contact-list.herokuapp.com:443 "POST /contacts HTTP/11" 201 314
DEBUG    util.admin.admin_api:admin_api.py:93 Contact created: {'_id': '67280ce7d1286b001322ca4d', 'firstName': 'Will', 'lastName': 'Smith', 'birthdate': '1968-09-25', 'email': 'will.smith@mail.com', 'phone': '1234567890', 'street1': '1 Main St.', 'street2': 'Apartment A', 'city': 'New York', 'stateProvince': 'NY', 'postalCode': '10118', 'country': 'USA', 'owner': '67280ce4d1286b001322ca4a', '__v': 0}
INFO     tests.api.contact.conftest:conftest.py:41 Created default contact
DEBUG    tests.api.contact.test_api_contact:test_api_contact.py:137 Patching contact with {'street1': 'Starry Street'}
DEBUG    urllib3.connectionpool:connectionpool.py:1051 Starting new HTTPS connection (1): thinking-tester-contact-list.herokuapp.com:443
DEBUG    urllib3.connectionpool:connectionpool.py:546 https://thinking-tester-contact-list.herokuapp.com:443 "PATCH /contacts/67280ce7d1286b001322ca4d HTTP/11" 200 317
DEBUG    tests.api.contact.test_api_contact:test_api_contact.py:139 Received response text: {"_id":"67280ce7d1286b001322ca4d","firstName":"Will","lastName":"Smith","birthdate":"1968-09-25","email":"will.smith@mail.com","phone":"1234567890","street1":"Starry Street","street2":"Apartment A","city":"New York","stateProvince":"NY","postalCode":"10118","country":"USA","owner":"67280ce4d1286b001322ca4a","__v":0}
INFO     tests.api.contact.test_api_contact:test_api_contact.py:142 Response status code and headers are correct
INFO     tests.api.contact.test_api_contact:test_api_contact.py:146 Response with patched contact is correct
DEBUG    util.admin.admin_api:admin_api.py:97 Getting contact with id: 67280ce7d1286b001322ca4d using token: eyJhbGciOiJIUzI1NiIsInR5cCI6IkpXVCJ9.eyJfaWQiOiI2NzI4MGNlNGQxMjg2YjAwMTMyMmNhNGEiLCJpYXQiOjE3MzA2Nzc5ODl9.dv1sOx6bIG7tnFP_2br17XwwTXJ1117Yp4pF-QcXAtM
DEBUG    urllib3.connectionpool:connectionpool.py:1051 Starting new HTTPS connection (1): thinking-tester-contact-list.herokuapp.com:443
DEBUG    urllib3.connectionpool:connectionpool.py:546 https://thinking-tester-contact-list.herokuapp.com:443 "GET /contacts/67280ce7d1286b001322ca4d HTTP/11" 200 317
DEBUG    util.admin.admin_api:admin_api.py:104 Received contact: {'_id': '67280ce7d1286b001322ca4d', 'firstName': 'Will', 'lastName': 'Smith', 'birthdate': '1968-09-25', 'email': 'will.smith@mail.com', 'phone': '1234567890', 'street1': 'Starry Street', 'street2': 'Apartment A', 'city': 'New York', 'stateProvince': 'NY', 'postalCode': '10118', 'country': 'USA', 'owner': '67280ce4d1286b001322ca4a', '__v': 0}
INFO     tests.api.contact.test_api_contact:test_api_contact.py:150 Successfully received contact with patched fields
DEBUG    util.admin.admin_api:admin_api.py:108 Deleting contact with id: 67280ce7d1286b001322ca4d using token: eyJhbGciOiJIUzI1NiIsInR5cCI6IkpXVCJ9.eyJfaWQiOiI2NzI4MGNlNGQxMjg2YjAwMTMyMmNhNGEiLCJpYXQiOjE3MzA2Nzc5ODl9.dv1sOx6bIG7tnFP_2br17XwwTXJ1117Yp4pF-QcXAtM
DEBUG    urllib3.connectionpool:connectionpool.py:1051 Starting new HTTPS connection (1): thinking-tester-contact-list.herokuapp.com:443
DEBUG    urllib3.connectionpool:connectionpool.py:546 https://thinking-tester-contact-list.herokuapp.com:443 "DELETE /contacts/67280ce7d1286b001322ca4d HTTP/11" 200 15
DEBUG    util.admin.admin_api:admin_api.py:114 Contact deleted
INFO     tests.api.contact.conftest:conftest.py:44 Deleted default contact
DEBUG    util.admin.admin_api:admin_api.py:77 Deleting user with token: eyJhbGciOiJIUzI1NiIsInR5cCI6IkpXVCJ9.eyJfaWQiOiI2NzI4MGNlNGQxMjg2YjAwMTMyMmNhNGEiLCJpYXQiOjE3MzA2Nzc5ODh9.XsYIvGBjaoLV8ooErstJH03OtC6WLWwCjp24ovS7eMQ
DEBUG    urllib3.connectionpool:connectionpool.py:1051 Starting new HTTPS connection (1): thinking-tester-contact-list.herokuapp.com:443
DEBUG    urllib3.connectionpool:connectionpool.py:546 https://thinking-tester-contact-list.herokuapp.com:443 "DELETE /users/me HTTP/11" 200 0
DEBUG    util.admin.admin_api:admin_api.py:83 User deleted
INFO     tests.conftest:conftest.py:60 Deleted registered user
DEBUG    util.admin.admin_api:admin_api.py:33 Creating user: {'firstName': 'John', 'lastName': 'Green', 'email': 'john.green@mail.com', 'password': '1234567890'}
DEBUG    urllib3.connectionpool:connectionpool.py:1051 Starting new HTTPS connection (1): thinking-tester-contact-list.herokuapp.com:443
DEBUG    urllib3.connectionpool:connectionpool.py:546 https://thinking-tester-contact-list.herokuapp.com:443 "POST /users HTTP/11" 201 279
DEBUG    util.admin.admin_api:admin_api.py:39 Created user and received token: eyJhbGciOiJIUzI1NiIsInR5cCI6IkpXVCJ9.eyJfaWQiOiI2NzI4MGNlZGQxMjg2YjAwMTMyMmNhNGUiLCJpYXQiOjE3MzA2Nzc5OTd9.6D-v1KM9e1H5crVal3t87FlyA-6qDsjZlvzd51bHVgU
INFO     tests.conftest:conftest.py:56 Created registered user
DEBUG    util.admin.admin_api:admin_api.py:43 Logging in user with credentials: {email: john.green@mail.com, password: 1234567890}
DEBUG    urllib3.connectionpool:connectionpool.py:1051 Starting new HTTPS connection (1): thinking-tester-contact-list.herokuapp.com:443
DEBUG    urllib3.connectionpool:connectionpool.py:546 https://thinking-tester-contact-list.herokuapp.com:443 "POST /users/login HTTP/11" 200 279
DEBUG    util.admin.admin_api:admin_api.py:53 Logged in and received token: eyJhbGciOiJIUzI1NiIsInR5cCI6IkpXVCJ9.eyJfaWQiOiI2NzI4MGNlZGQxMjg2YjAwMTMyMmNhNGUiLCJpYXQiOjE3MzA2Nzc5OTh9.fyO_cBHF2yO7kQf4mU8mqGtGokkAmfXnByod2ZgnB1s
DEBUG    util.admin.admin_api:admin_api.py:86 Using token: eyJhbGciOiJIUzI1NiIsInR5cCI6IkpXVCJ9.eyJfaWQiOiI2NzI4MGNlZGQxMjg2YjAwMTMyMmNhNGUiLCJpYXQiOjE3MzA2Nzc5OTh9.fyO_cBHF2yO7kQf4mU8mqGtGokkAmfXnByod2ZgnB1s. Creating contact: {'firstName': 'Will', 'lastName': 'Smith', 'birthdate': '1968-09-25', 'email': 'will.smith@mail.com', 'phone': '1234567890', 'street1': '1 Main St.', 'street2': 'Apartment A', 'city': 'New York', 'stateProvince': 'NY', 'postalCode': '10118', 'country': 'USA'}
DEBUG    urllib3.connectionpool:connectionpool.py:1051 Starting new HTTPS connection (1): thinking-tester-contact-list.herokuapp.com:443
DEBUG    urllib3.connectionpool:connectionpool.py:546 https://thinking-tester-contact-list.herokuapp.com:443 "POST /contacts HTTP/11" 201 314
DEBUG    util.admin.admin_api:admin_api.py:93 Contact created: {'_id': '67280cefbed4db00135b11a3', 'firstName': 'Will', 'lastName': 'Smith', 'birthdate': '1968-09-25', 'email': 'will.smith@mail.com', 'phone': '1234567890', 'street1': '1 Main St.', 'street2': 'Apartment A', 'city': 'New York', 'stateProvince': 'NY', 'postalCode': '10118', 'country': 'USA', 'owner': '67280cedd1286b001322ca4e', '__v': 0}
INFO     tests.api.contact.conftest:conftest.py:41 Created default contact
DEBUG    tests.api.contact.test_api_contact:test_api_contact.py:137 Patching contact with {'street2': 'Big House'}
DEBUG    urllib3.connectionpool:connectionpool.py:1051 Starting new HTTPS connection (1): thinking-tester-contact-list.herokuapp.com:443
DEBUG    urllib3.connectionpool:connectionpool.py:546 https://thinking-tester-contact-list.herokuapp.com:443 "PATCH /contacts/67280cefbed4db00135b11a3 HTTP/11" 200 312
DEBUG    tests.api.contact.test_api_contact:test_api_contact.py:139 Received response text: {"_id":"67280cefbed4db00135b11a3","firstName":"Will","lastName":"Smith","birthdate":"1968-09-25","email":"will.smith@mail.com","phone":"1234567890","street1":"1 Main St.","street2":"Big House","city":"New York","stateProvince":"NY","postalCode":"10118","country":"USA","owner":"67280cedd1286b001322ca4e","__v":0}
INFO     tests.api.contact.test_api_contact:test_api_contact.py:142 Response status code and headers are correct
INFO     tests.api.contact.test_api_contact:test_api_contact.py:146 Response with patched contact is correct
DEBUG    util.admin.admin_api:admin_api.py:97 Getting contact with id: 67280cefbed4db00135b11a3 using token: eyJhbGciOiJIUzI1NiIsInR5cCI6IkpXVCJ9.eyJfaWQiOiI2NzI4MGNlZGQxMjg2YjAwMTMyMmNhNGUiLCJpYXQiOjE3MzA2Nzc5OTh9.fyO_cBHF2yO7kQf4mU8mqGtGokkAmfXnByod2ZgnB1s
DEBUG    urllib3.connectionpool:connectionpool.py:1051 Starting new HTTPS connection (1): thinking-tester-contact-list.herokuapp.com:443
DEBUG    urllib3.connectionpool:connectionpool.py:546 https://thinking-tester-contact-list.herokuapp.com:443 "GET /contacts/67280cefbed4db00135b11a3 HTTP/11" 200 312
DEBUG    util.admin.admin_api:admin_api.py:104 Received contact: {'_id': '67280cefbed4db00135b11a3', 'firstName': 'Will', 'lastName': 'Smith', 'birthdate': '1968-09-25', 'email': 'will.smith@mail.com', 'phone': '1234567890', 'street1': '1 Main St.', 'street2': 'Big House', 'city': 'New York', 'stateProvince': 'NY', 'postalCode': '10118', 'country': 'USA', 'owner': '67280cedd1286b001322ca4e', '__v': 0}
INFO     tests.api.contact.test_api_contact:test_api_contact.py:150 Successfully received contact with patched fields
DEBUG    util.admin.admin_api:admin_api.py:108 Deleting contact with id: 67280cefbed4db00135b11a3 using token: eyJhbGciOiJIUzI1NiIsInR5cCI6IkpXVCJ9.eyJfaWQiOiI2NzI4MGNlZGQxMjg2YjAwMTMyMmNhNGUiLCJpYXQiOjE3MzA2Nzc5OTh9.fyO_cBHF2yO7kQf4mU8mqGtGokkAmfXnByod2ZgnB1s
DEBUG    urllib3.connectionpool:connectionpool.py:1051 Starting new HTTPS connection (1): thinking-tester-contact-list.herokuapp.com:443
DEBUG    urllib3.connectionpool:connectionpool.py:546 https://thinking-tester-contact-list.herokuapp.com:443 "DELETE /contacts/67280cefbed4db00135b11a3 HTTP/11" 200 15
DEBUG    util.admin.admin_api:admin_api.py:114 Contact deleted
INFO     tests.api.contact.conftest:conftest.py:44 Deleted default contact
DEBUG    util.admin.admin_api:admin_api.py:77 Deleting user with token: eyJhbGciOiJIUzI1NiIsInR5cCI6IkpXVCJ9.eyJfaWQiOiI2NzI4MGNlZGQxMjg2YjAwMTMyMmNhNGUiLCJpYXQiOjE3MzA2Nzc5OTd9.6D-v1KM9e1H5crVal3t87FlyA-6qDsjZlvzd51bHVgU
DEBUG    urllib3.connectionpool:connectionpool.py:1051 Starting new HTTPS connection (1): thinking-tester-contact-list.herokuapp.com:443
DEBUG    urllib3.connectionpool:connectionpool.py:546 https://thinking-tester-contact-list.herokuapp.com:443 "DELETE /users/me HTTP/11" 200 0
DEBUG    util.admin.admin_api:admin_api.py:83 User deleted
INFO     tests.conftest:conftest.py:60 Deleted registered user
DEBUG    util.admin.admin_api:admin_api.py:33 Creating user: {'firstName': 'John', 'lastName': 'Green', 'email': 'john.green@mail.com', 'password': '1234567890'}
DEBUG    urllib3.connectionpool:connectionpool.py:1051 Starting new HTTPS connection (1): thinking-tester-contact-list.herokuapp.com:443
DEBUG    urllib3.connectionpool:connectionpool.py:546 https://thinking-tester-contact-list.herokuapp.com:443 "POST /users HTTP/11" 201 279
DEBUG    util.admin.admin_api:admin_api.py:39 Created user and received token: eyJhbGciOiJIUzI1NiIsInR5cCI6IkpXVCJ9.eyJfaWQiOiI2NzI4MGNmNmQxMjg2YjAwMTMyMmNhNTEiLCJpYXQiOjE3MzA2NzgwMDZ9.Coz0PpK-vNpGNWSTsvW0yVbq3PdbABGXBzYVHis0wOU
INFO     tests.conftest:conftest.py:56 Created registered user
DEBUG    util.admin.admin_api:admin_api.py:43 Logging in user with credentials: {email: john.green@mail.com, password: 1234567890}
DEBUG    urllib3.connectionpool:connectionpool.py:1051 Starting new HTTPS connection (1): thinking-tester-contact-list.herokuapp.com:443
DEBUG    urllib3.connectionpool:connectionpool.py:546 https://thinking-tester-contact-list.herokuapp.com:443 "POST /users/login HTTP/11" 200 279
DEBUG    util.admin.admin_api:admin_api.py:53 Logged in and received token: eyJhbGciOiJIUzI1NiIsInR5cCI6IkpXVCJ9.eyJfaWQiOiI2NzI4MGNmNmQxMjg2YjAwMTMyMmNhNTEiLCJpYXQiOjE3MzA2NzgwMDd9.IfAuAdwED-nJBduV1TokIgBITt6V3L9nkY8vv1DnWy4
DEBUG    util.admin.admin_api:admin_api.py:86 Using token: eyJhbGciOiJIUzI1NiIsInR5cCI6IkpXVCJ9.eyJfaWQiOiI2NzI4MGNmNmQxMjg2YjAwMTMyMmNhNTEiLCJpYXQiOjE3MzA2NzgwMDd9.IfAuAdwED-nJBduV1TokIgBITt6V3L9nkY8vv1DnWy4. Creating contact: {'firstName': 'Will', 'lastName': 'Smith', 'birthdate': '1968-09-25', 'email': 'will.smith@mail.com', 'phone': '1234567890', 'street1': '1 Main St.', 'street2': 'Apartment A', 'city': 'New York', 'stateProvince': 'NY', 'postalCode': '10118', 'country': 'USA'}
DEBUG    urllib3.connectionpool:connectionpool.py:1051 Starting new HTTPS connection (1): thinking-tester-contact-list.herokuapp.com:443
DEBUG    urllib3.connectionpool:connectionpool.py:546 https://thinking-tester-contact-list.herokuapp.com:443 "POST /contacts HTTP/11" 201 314
DEBUG    util.admin.admin_api:admin_api.py:93 Contact created: {'_id': '67280cf8d1286b001322ca54', 'firstName': 'Will', 'lastName': 'Smith', 'birthdate': '1968-09-25', 'email': 'will.smith@mail.com', 'phone': '1234567890', 'street1': '1 Main St.', 'street2': 'Apartment A', 'city': 'New York', 'stateProvince': 'NY', 'postalCode': '10118', 'country': 'USA', 'owner': '67280cf6d1286b001322ca51', '__v': 0}
INFO     tests.api.contact.conftest:conftest.py:41 Created default contact
DEBUG    tests.api.contact.test_api_contact:test_api_contact.py:137 Patching contact with {'city': 'New York City'}
DEBUG    urllib3.connectionpool:connectionpool.py:1051 Starting new HTTPS connection (1): thinking-tester-contact-list.herokuapp.com:443
DEBUG    urllib3.connectionpool:connectionpool.py:546 https://thinking-tester-contact-list.herokuapp.com:443 "PATCH /contacts/67280cf8d1286b001322ca54 HTTP/11" 200 319
DEBUG    tests.api.contact.test_api_contact:test_api_contact.py:139 Received response text: {"_id":"67280cf8d1286b001322ca54","firstName":"Will","lastName":"Smith","birthdate":"1968-09-25","email":"will.smith@mail.com","phone":"1234567890","street1":"1 Main St.","street2":"Apartment A","city":"New York City","stateProvince":"NY","postalCode":"10118","country":"USA","owner":"67280cf6d1286b001322ca51","__v":0}
INFO     tests.api.contact.test_api_contact:test_api_contact.py:142 Response status code and headers are correct
INFO     tests.api.contact.test_api_contact:test_api_contact.py:146 Response with patched contact is correct
DEBUG    util.admin.admin_api:admin_api.py:97 Getting contact with id: 67280cf8d1286b001322ca54 using token: eyJhbGciOiJIUzI1NiIsInR5cCI6IkpXVCJ9.eyJfaWQiOiI2NzI4MGNmNmQxMjg2YjAwMTMyMmNhNTEiLCJpYXQiOjE3MzA2NzgwMDd9.IfAuAdwED-nJBduV1TokIgBITt6V3L9nkY8vv1DnWy4
DEBUG    urllib3.connectionpool:connectionpool.py:1051 Starting new HTTPS connection (1): thinking-tester-contact-list.herokuapp.com:443
DEBUG    urllib3.connectionpool:connectionpool.py:546 https://thinking-tester-contact-list.herokuapp.com:443 "GET /contacts/67280cf8d1286b001322ca54 HTTP/11" 200 319
DEBUG    util.admin.admin_api:admin_api.py:104 Received contact: {'_id': '67280cf8d1286b001322ca54', 'firstName': 'Will', 'lastName': 'Smith', 'birthdate': '1968-09-25', 'email': 'will.smith@mail.com', 'phone': '1234567890', 'street1': '1 Main St.', 'street2': 'Apartment A', 'city': 'New York City', 'stateProvince': 'NY', 'postalCode': '10118', 'country': 'USA', 'owner': '67280cf6d1286b001322ca51', '__v': 0}
INFO     tests.api.contact.test_api_contact:test_api_contact.py:150 Successfully received contact with patched fields
DEBUG    util.admin.admin_api:admin_api.py:108 Deleting contact with id: 67280cf8d1286b001322ca54 using token: eyJhbGciOiJIUzI1NiIsInR5cCI6IkpXVCJ9.eyJfaWQiOiI2NzI4MGNmNmQxMjg2YjAwMTMyMmNhNTEiLCJpYXQiOjE3MzA2NzgwMDd9.IfAuAdwED-nJBduV1TokIgBITt6V3L9nkY8vv1DnWy4
DEBUG    urllib3.connectionpool:connectionpool.py:1051 Starting new HTTPS connection (1): thinking-tester-contact-list.herokuapp.com:443
DEBUG    urllib3.connectionpool:connectionpool.py:546 https://thinking-tester-contact-list.herokuapp.com:443 "DELETE /contacts/67280cf8d1286b001322ca54 HTTP/11" 200 15
DEBUG    util.admin.admin_api:admin_api.py:114 Contact deleted
INFO     tests.api.contact.conftest:conftest.py:44 Deleted default contact
DEBUG    util.admin.admin_api:admin_api.py:77 Deleting user with token: eyJhbGciOiJIUzI1NiIsInR5cCI6IkpXVCJ9.eyJfaWQiOiI2NzI4MGNmNmQxMjg2YjAwMTMyMmNhNTEiLCJpYXQiOjE3MzA2NzgwMDZ9.Coz0PpK-vNpGNWSTsvW0yVbq3PdbABGXBzYVHis0wOU
DEBUG    urllib3.connectionpool:connectionpool.py:1051 Starting new HTTPS connection (1): thinking-tester-contact-list.herokuapp.com:443
DEBUG    urllib3.connectionpool:connectionpool.py:546 https://thinking-tester-contact-list.herokuapp.com:443 "DELETE /users/me HTTP/11" 200 0
DEBUG    util.admin.admin_api:admin_api.py:83 User deleted
INFO     tests.conftest:conftest.py:60 Deleted registered user
DEBUG    util.admin.admin_api:admin_api.py:33 Creating user: {'firstName': 'John', 'lastName': 'Green', 'email': 'john.green@mail.com', 'password': '1234567890'}
DEBUG    urllib3.connectionpool:connectionpool.py:1051 Starting new HTTPS connection (1): thinking-tester-contact-list.herokuapp.com:443
DEBUG    urllib3.connectionpool:connectionpool.py:546 https://thinking-tester-contact-list.herokuapp.com:443 "POST /users HTTP/11" 201 279
DEBUG    util.admin.admin_api:admin_api.py:39 Created user and received token: eyJhbGciOiJIUzI1NiIsInR5cCI6IkpXVCJ9.eyJfaWQiOiI2NzI4MGNmZmQxMjg2YjAwMTMyMmNhNTUiLCJpYXQiOjE3MzA2NzgwMTV9.eeYQCM-Wxen2hI8F_qXJ1DpNDXpbMi_rdX6b5eZ4FBg
INFO     tests.conftest:conftest.py:56 Created registered user
DEBUG    util.admin.admin_api:admin_api.py:43 Logging in user with credentials: {email: john.green@mail.com, password: 1234567890}
DEBUG    urllib3.connectionpool:connectionpool.py:1051 Starting new HTTPS connection (1): thinking-tester-contact-list.herokuapp.com:443
DEBUG    urllib3.connectionpool:connectionpool.py:546 https://thinking-tester-contact-list.herokuapp.com:443 "POST /users/login HTTP/11" 200 279
DEBUG    util.admin.admin_api:admin_api.py:53 Logged in and received token: eyJhbGciOiJIUzI1NiIsInR5cCI6IkpXVCJ9.eyJfaWQiOiI2NzI4MGNmZmQxMjg2YjAwMTMyMmNhNTUiLCJpYXQiOjE3MzA2NzgwMTZ9.KSH2Sb46P2j6h1NvMSEWFoOxA9pWdhbOlX_3Gc7csMc
DEBUG    util.admin.admin_api:admin_api.py:86 Using token: eyJhbGciOiJIUzI1NiIsInR5cCI6IkpXVCJ9.eyJfaWQiOiI2NzI4MGNmZmQxMjg2YjAwMTMyMmNhNTUiLCJpYXQiOjE3MzA2NzgwMTZ9.KSH2Sb46P2j6h1NvMSEWFoOxA9pWdhbOlX_3Gc7csMc. Creating contact: {'firstName': 'Will', 'lastName': 'Smith', 'birthdate': '1968-09-25', 'email': 'will.smith@mail.com', 'phone': '1234567890', 'street1': '1 Main St.', 'street2': 'Apartment A', 'city': 'New York', 'stateProvince': 'NY', 'postalCode': '10118', 'country': 'USA'}
DEBUG    urllib3.connectionpool:connectionpool.py:1051 Starting new HTTPS connection (1): thinking-tester-contact-list.herokuapp.com:443
DEBUG    urllib3.connectionpool:connectionpool.py:546 https://thinking-tester-contact-list.herokuapp.com:443 "POST /contacts HTTP/11" 201 314
DEBUG    util.admin.admin_api:admin_api.py:93 Contact created: {'_id': '67280d01bed4db00135b11a4', 'firstName': 'Will', 'lastName': 'Smith', 'birthdate': '1968-09-25', 'email': 'will.smith@mail.com', 'phone': '1234567890', 'street1': '1 Main St.', 'street2': 'Apartment A', 'city': 'New York', 'stateProvince': 'NY', 'postalCode': '10118', 'country': 'USA', 'owner': '67280cffd1286b001322ca55', '__v': 0}
INFO     tests.api.contact.conftest:conftest.py:41 Created default contact
DEBUG    tests.api.contact.test_api_contact:test_api_contact.py:137 Patching contact with {'stateProvince': 'NYC'}
DEBUG    urllib3.connectionpool:connectionpool.py:1051 Starting new HTTPS connection (1): thinking-tester-contact-list.herokuapp.com:443
DEBUG    urllib3.connectionpool:connectionpool.py:546 https://thinking-tester-contact-list.herokuapp.com:443 "PATCH /contacts/67280d01bed4db00135b11a4 HTTP/11" 200 315
DEBUG    tests.api.contact.test_api_contact:test_api_contact.py:139 Received response text: {"_id":"67280d01bed4db00135b11a4","firstName":"Will","lastName":"Smith","birthdate":"1968-09-25","email":"will.smith@mail.com","phone":"1234567890","street1":"1 Main St.","street2":"Apartment A","city":"New York","stateProvince":"NYC","postalCode":"10118","country":"USA","owner":"67280cffd1286b001322ca55","__v":0}
INFO     tests.api.contact.test_api_contact:test_api_contact.py:142 Response status code and headers are correct
INFO     tests.api.contact.test_api_contact:test_api_contact.py:146 Response with patched contact is correct
DEBUG    util.admin.admin_api:admin_api.py:97 Getting contact with id: 67280d01bed4db00135b11a4 using token: eyJhbGciOiJIUzI1NiIsInR5cCI6IkpXVCJ9.eyJfaWQiOiI2NzI4MGNmZmQxMjg2YjAwMTMyMmNhNTUiLCJpYXQiOjE3MzA2NzgwMTZ9.KSH2Sb46P2j6h1NvMSEWFoOxA9pWdhbOlX_3Gc7csMc
DEBUG    urllib3.connectionpool:connectionpool.py:1051 Starting new HTTPS connection (1): thinking-tester-contact-list.herokuapp.com:443
DEBUG    urllib3.connectionpool:connectionpool.py:546 https://thinking-tester-contact-list.herokuapp.com:443 "GET /contacts/67280d01bed4db00135b11a4 HTTP/11" 200 315
DEBUG    util.admin.admin_api:admin_api.py:104 Received contact: {'_id': '67280d01bed4db00135b11a4', 'firstName': 'Will', 'lastName': 'Smith', 'birthdate': '1968-09-25', 'email': 'will.smith@mail.com', 'phone': '1234567890', 'street1': '1 Main St.', 'street2': 'Apartment A', 'city': 'New York', 'stateProvince': 'NYC', 'postalCode': '10118', 'country': 'USA', 'owner': '67280cffd1286b001322ca55', '__v': 0}
INFO     tests.api.contact.test_api_contact:test_api_contact.py:150 Successfully received contact with patched fields
DEBUG    util.admin.admin_api:admin_api.py:108 Deleting contact with id: 67280d01bed4db00135b11a4 using token: eyJhbGciOiJIUzI1NiIsInR5cCI6IkpXVCJ9.eyJfaWQiOiI2NzI4MGNmZmQxMjg2YjAwMTMyMmNhNTUiLCJpYXQiOjE3MzA2NzgwMTZ9.KSH2Sb46P2j6h1NvMSEWFoOxA9pWdhbOlX_3Gc7csMc
DEBUG    urllib3.connectionpool:connectionpool.py:1051 Starting new HTTPS connection (1): thinking-tester-contact-list.herokuapp.com:443
DEBUG    urllib3.connectionpool:connectionpool.py:546 https://thinking-tester-contact-list.herokuapp.com:443 "DELETE /contacts/67280d01bed4db00135b11a4 HTTP/11" 200 15
DEBUG    util.admin.admin_api:admin_api.py:114 Contact deleted
INFO     tests.api.contact.conftest:conftest.py:44 Deleted default contact
DEBUG    util.admin.admin_api:admin_api.py:77 Deleting user with token: eyJhbGciOiJIUzI1NiIsInR5cCI6IkpXVCJ9.eyJfaWQiOiI2NzI4MGNmZmQxMjg2YjAwMTMyMmNhNTUiLCJpYXQiOjE3MzA2NzgwMTV9.eeYQCM-Wxen2hI8F_qXJ1DpNDXpbMi_rdX6b5eZ4FBg
DEBUG    urllib3.connectionpool:connectionpool.py:1051 Starting new HTTPS connection (1): thinking-tester-contact-list.herokuapp.com:443
DEBUG    urllib3.connectionpool:connectionpool.py:546 https://thinking-tester-contact-list.herokuapp.com:443 "DELETE /users/me HTTP/11" 200 0
DEBUG    util.admin.admin_api:admin_api.py:83 User deleted
INFO     tests.conftest:conftest.py:60 Deleted registered user
DEBUG    util.admin.admin_api:admin_api.py:33 Creating user: {'firstName': 'John', 'lastName': 'Green', 'email': 'john.green@mail.com', 'password': '1234567890'}
DEBUG    urllib3.connectionpool:connectionpool.py:1051 Starting new HTTPS connection (1): thinking-tester-contact-list.herokuapp.com:443
DEBUG    urllib3.connectionpool:connectionpool.py:546 https://thinking-tester-contact-list.herokuapp.com:443 "POST /users HTTP/11" 201 279
DEBUG    util.admin.admin_api:admin_api.py:39 Created user and received token: eyJhbGciOiJIUzI1NiIsInR5cCI6IkpXVCJ9.eyJfaWQiOiI2NzI4MGQwOGJlZDRkYjAwMTM1YjExYTUiLCJpYXQiOjE3MzA2NzgwMjR9.rnn4K6hDZDds7tg83AvfaPdEelctqJBn5fYLlgvUaug
INFO     tests.conftest:conftest.py:56 Created registered user
DEBUG    util.admin.admin_api:admin_api.py:43 Logging in user with credentials: {email: john.green@mail.com, password: 1234567890}
DEBUG    urllib3.connectionpool:connectionpool.py:1051 Starting new HTTPS connection (1): thinking-tester-contact-list.herokuapp.com:443
DEBUG    urllib3.connectionpool:connectionpool.py:546 https://thinking-tester-contact-list.herokuapp.com:443 "POST /users/login HTTP/11" 200 279
DEBUG    util.admin.admin_api:admin_api.py:53 Logged in and received token: eyJhbGciOiJIUzI1NiIsInR5cCI6IkpXVCJ9.eyJfaWQiOiI2NzI4MGQwOGJlZDRkYjAwMTM1YjExYTUiLCJpYXQiOjE3MzA2NzgwMjV9.mGS2feb28IK-3GNdtGhhcNUTogsnt-7R7rdXjrmYmOE
DEBUG    util.admin.admin_api:admin_api.py:86 Using token: eyJhbGciOiJIUzI1NiIsInR5cCI6IkpXVCJ9.eyJfaWQiOiI2NzI4MGQwOGJlZDRkYjAwMTM1YjExYTUiLCJpYXQiOjE3MzA2NzgwMjV9.mGS2feb28IK-3GNdtGhhcNUTogsnt-7R7rdXjrmYmOE. Creating contact: {'firstName': 'Will', 'lastName': 'Smith', 'birthdate': '1968-09-25', 'email': 'will.smith@mail.com', 'phone': '1234567890', 'street1': '1 Main St.', 'street2': 'Apartment A', 'city': 'New York', 'stateProvince': 'NY', 'postalCode': '10118', 'country': 'USA'}
DEBUG    urllib3.connectionpool:connectionpool.py:1051 Starting new HTTPS connection (1): thinking-tester-contact-list.herokuapp.com:443
DEBUG    urllib3.connectionpool:connectionpool.py:546 https://thinking-tester-contact-list.herokuapp.com:443 "POST /contacts HTTP/11" 201 314
DEBUG    util.admin.admin_api:admin_api.py:93 Contact created: {'_id': '67280d0abed4db00135b11a7', 'firstName': 'Will', 'lastName': 'Smith', 'birthdate': '1968-09-25', 'email': 'will.smith@mail.com', 'phone': '1234567890', 'street1': '1 Main St.', 'street2': 'Apartment A', 'city': 'New York', 'stateProvince': 'NY', 'postalCode': '10118', 'country': 'USA', 'owner': '67280d08bed4db00135b11a5', '__v': 0}
INFO     tests.api.contact.conftest:conftest.py:41 Created default contact
DEBUG    tests.api.contact.test_api_contact:test_api_contact.py:137 Patching contact with {'postalCode': '22222'}
DEBUG    urllib3.connectionpool:connectionpool.py:1051 Starting new HTTPS connection (1): thinking-tester-contact-list.herokuapp.com:443
DEBUG    urllib3.connectionpool:connectionpool.py:546 https://thinking-tester-contact-list.herokuapp.com:443 "PATCH /contacts/67280d0abed4db00135b11a7 HTTP/11" 200 314
DEBUG    tests.api.contact.test_api_contact:test_api_contact.py:139 Received response text: {"_id":"67280d0abed4db00135b11a7","firstName":"Will","lastName":"Smith","birthdate":"1968-09-25","email":"will.smith@mail.com","phone":"1234567890","street1":"1 Main St.","street2":"Apartment A","city":"New York","stateProvince":"NY","postalCode":"22222","country":"USA","owner":"67280d08bed4db00135b11a5","__v":0}
INFO     tests.api.contact.test_api_contact:test_api_contact.py:142 Response status code and headers are correct
INFO     tests.api.contact.test_api_contact:test_api_contact.py:146 Response with patched contact is correct
DEBUG    util.admin.admin_api:admin_api.py:97 Getting contact with id: 67280d0abed4db00135b11a7 using token: eyJhbGciOiJIUzI1NiIsInR5cCI6IkpXVCJ9.eyJfaWQiOiI2NzI4MGQwOGJlZDRkYjAwMTM1YjExYTUiLCJpYXQiOjE3MzA2NzgwMjV9.mGS2feb28IK-3GNdtGhhcNUTogsnt-7R7rdXjrmYmOE
DEBUG    urllib3.connectionpool:connectionpool.py:1051 Starting new HTTPS connection (1): thinking-tester-contact-list.herokuapp.com:443
DEBUG    urllib3.connectionpool:connectionpool.py:546 https://thinking-tester-contact-list.herokuapp.com:443 "GET /contacts/67280d0abed4db00135b11a7 HTTP/11" 200 314
DEBUG    util.admin.admin_api:admin_api.py:104 Received contact: {'_id': '67280d0abed4db00135b11a7', 'firstName': 'Will', 'lastName': 'Smith', 'birthdate': '1968-09-25', 'email': 'will.smith@mail.com', 'phone': '1234567890', 'street1': '1 Main St.', 'street2': 'Apartment A', 'city': 'New York', 'stateProvince': 'NY', 'postalCode': '22222', 'country': 'USA', 'owner': '67280d08bed4db00135b11a5', '__v': 0}
INFO     tests.api.contact.test_api_contact:test_api_contact.py:150 Successfully received contact with patched fields
DEBUG    util.admin.admin_api:admin_api.py:108 Deleting contact with id: 67280d0abed4db00135b11a7 using token: eyJhbGciOiJIUzI1NiIsInR5cCI6IkpXVCJ9.eyJfaWQiOiI2NzI4MGQwOGJlZDRkYjAwMTM1YjExYTUiLCJpYXQiOjE3MzA2NzgwMjV9.mGS2feb28IK-3GNdtGhhcNUTogsnt-7R7rdXjrmYmOE
DEBUG    urllib3.connectionpool:connectionpool.py:1051 Starting new HTTPS connection (1): thinking-tester-contact-list.herokuapp.com:443
DEBUG    urllib3.connectionpool:connectionpool.py:546 https://thinking-tester-contact-list.herokuapp.com:443 "DELETE /contacts/67280d0abed4db00135b11a7 HTTP/11" 200 15
DEBUG    util.admin.admin_api:admin_api.py:114 Contact deleted
INFO     tests.api.contact.conftest:conftest.py:44 Deleted default contact
DEBUG    util.admin.admin_api:admin_api.py:77 Deleting user with token: eyJhbGciOiJIUzI1NiIsInR5cCI6IkpXVCJ9.eyJfaWQiOiI2NzI4MGQwOGJlZDRkYjAwMTM1YjExYTUiLCJpYXQiOjE3MzA2NzgwMjR9.rnn4K6hDZDds7tg83AvfaPdEelctqJBn5fYLlgvUaug
DEBUG    urllib3.connectionpool:connectionpool.py:1051 Starting new HTTPS connection (1): thinking-tester-contact-list.herokuapp.com:443
DEBUG    urllib3.connectionpool:connectionpool.py:546 https://thinking-tester-contact-list.herokuapp.com:443 "DELETE /users/me HTTP/11" 200 0
DEBUG    util.admin.admin_api:admin_api.py:83 User deleted
INFO     tests.conftest:conftest.py:60 Deleted registered user
DEBUG    util.admin.admin_api:admin_api.py:33 Creating user: {'firstName': 'John', 'lastName': 'Green', 'email': 'john.green@mail.com', 'password': '1234567890'}
DEBUG    urllib3.connectionpool:connectionpool.py:1051 Starting new HTTPS connection (1): thinking-tester-contact-list.herokuapp.com:443
DEBUG    urllib3.connectionpool:connectionpool.py:546 https://thinking-tester-contact-list.herokuapp.com:443 "POST /users HTTP/11" 201 279
DEBUG    util.admin.admin_api:admin_api.py:39 Created user and received token: eyJhbGciOiJIUzI1NiIsInR5cCI6IkpXVCJ9.eyJfaWQiOiI2NzI4MGQxMGQxMjg2YjAwMTMyMmNhNTkiLCJpYXQiOjE3MzA2NzgwMzJ9.nnie_R_CQPtoeeWJzByvxfD4HdxMswsnXIuN8pSDbSQ
INFO     tests.conftest:conftest.py:56 Created registered user
DEBUG    util.admin.admin_api:admin_api.py:43 Logging in user with credentials: {email: john.green@mail.com, password: 1234567890}
DEBUG    urllib3.connectionpool:connectionpool.py:1051 Starting new HTTPS connection (1): thinking-tester-contact-list.herokuapp.com:443
DEBUG    urllib3.connectionpool:connectionpool.py:546 https://thinking-tester-contact-list.herokuapp.com:443 "POST /users/login HTTP/11" 200 279
DEBUG    util.admin.admin_api:admin_api.py:53 Logged in and received token: eyJhbGciOiJIUzI1NiIsInR5cCI6IkpXVCJ9.eyJfaWQiOiI2NzI4MGQxMGQxMjg2YjAwMTMyMmNhNTkiLCJpYXQiOjE3MzA2NzgwMzR9.mWeDOS75mDXku15017EEexDy8OCFAVz7IK8bUoIM39g
DEBUG    util.admin.admin_api:admin_api.py:86 Using token: eyJhbGciOiJIUzI1NiIsInR5cCI6IkpXVCJ9.eyJfaWQiOiI2NzI4MGQxMGQxMjg2YjAwMTMyMmNhNTkiLCJpYXQiOjE3MzA2NzgwMzR9.mWeDOS75mDXku15017EEexDy8OCFAVz7IK8bUoIM39g. Creating contact: {'firstName': 'Will', 'lastName': 'Smith', 'birthdate': '1968-09-25', 'email': 'will.smith@mail.com', 'phone': '1234567890', 'street1': '1 Main St.', 'street2': 'Apartment A', 'city': 'New York', 'stateProvince': 'NY', 'postalCode': '10118', 'country': 'USA'}
DEBUG    urllib3.connectionpool:connectionpool.py:1051 Starting new HTTPS connection (1): thinking-tester-contact-list.herokuapp.com:443
DEBUG    urllib3.connectionpool:connectionpool.py:546 https://thinking-tester-contact-list.herokuapp.com:443 "POST /contacts HTTP/11" 201 314
DEBUG    util.admin.admin_api:admin_api.py:93 Contact created: {'_id': '67280d13d1286b001322ca5b', 'firstName': 'Will', 'lastName': 'Smith', 'birthdate': '1968-09-25', 'email': 'will.smith@mail.com', 'phone': '1234567890', 'street1': '1 Main St.', 'street2': 'Apartment A', 'city': 'New York', 'stateProvince': 'NY', 'postalCode': '10118', 'country': 'USA', 'owner': '67280d10d1286b001322ca59', '__v': 0}
INFO     tests.api.contact.conftest:conftest.py:41 Created default contact
DEBUG    tests.api.contact.test_api_contact:test_api_contact.py:137 Patching contact with {'country': 'USA_patched'}
DEBUG    urllib3.connectionpool:connectionpool.py:1051 Starting new HTTPS connection (1): thinking-tester-contact-list.herokuapp.com:443
DEBUG    urllib3.connectionpool:connectionpool.py:546 https://thinking-tester-contact-list.herokuapp.com:443 "PATCH /contacts/67280d13d1286b001322ca5b HTTP/11" 200 322
DEBUG    tests.api.contact.test_api_contact:test_api_contact.py:139 Received response text: {"_id":"67280d13d1286b001322ca5b","firstName":"Will","lastName":"Smith","birthdate":"1968-09-25","email":"will.smith@mail.com","phone":"1234567890","street1":"1 Main St.","street2":"Apartment A","city":"New York","stateProvince":"NY","postalCode":"10118","country":"USA_patched","owner":"67280d10d1286b001322ca59","__v":0}
INFO     tests.api.contact.test_api_contact:test_api_contact.py:142 Response status code and headers are correct
INFO     tests.api.contact.test_api_contact:test_api_contact.py:146 Response with patched contact is correct
DEBUG    util.admin.admin_api:admin_api.py:97 Getting contact with id: 67280d13d1286b001322ca5b using token: eyJhbGciOiJIUzI1NiIsInR5cCI6IkpXVCJ9.eyJfaWQiOiI2NzI4MGQxMGQxMjg2YjAwMTMyMmNhNTkiLCJpYXQiOjE3MzA2NzgwMzR9.mWeDOS75mDXku15017EEexDy8OCFAVz7IK8bUoIM39g
DEBUG    urllib3.connectionpool:connectionpool.py:1051 Starting new HTTPS connection (1): thinking-tester-contact-list.herokuapp.com:443
DEBUG    urllib3.connectionpool:connectionpool.py:546 https://thinking-tester-contact-list.herokuapp.com:443 "GET /contacts/67280d13d1286b001322ca5b HTTP/11" 200 322
DEBUG    util.admin.admin_api:admin_api.py:104 Received contact: {'_id': '67280d13d1286b001322ca5b', 'firstName': 'Will', 'lastName': 'Smith', 'birthdate': '1968-09-25', 'email': 'will.smith@mail.com', 'phone': '1234567890', 'street1': '1 Main St.', 'street2': 'Apartment A', 'city': 'New York', 'stateProvince': 'NY', 'postalCode': '10118', 'country': 'USA_patched', 'owner': '67280d10d1286b001322ca59', '__v': 0}
INFO     tests.api.contact.test_api_contact:test_api_contact.py:150 Successfully received contact with patched fields
DEBUG    util.admin.admin_api:admin_api.py:108 Deleting contact with id: 67280d13d1286b001322ca5b using token: eyJhbGciOiJIUzI1NiIsInR5cCI6IkpXVCJ9.eyJfaWQiOiI2NzI4MGQxMGQxMjg2YjAwMTMyMmNhNTkiLCJpYXQiOjE3MzA2NzgwMzR9.mWeDOS75mDXku15017EEexDy8OCFAVz7IK8bUoIM39g
DEBUG    urllib3.connectionpool:connectionpool.py:1051 Starting new HTTPS connection (1): thinking-tester-contact-list.herokuapp.com:443
DEBUG    urllib3.connectionpool:connectionpool.py:546 https://thinking-tester-contact-list.herokuapp.com:443 "DELETE /contacts/67280d13d1286b001322ca5b HTTP/11" 200 15
DEBUG    util.admin.admin_api:admin_api.py:114 Contact deleted
INFO     tests.api.contact.conftest:conftest.py:44 Deleted default contact
DEBUG    util.admin.admin_api:admin_api.py:77 Deleting user with token: eyJhbGciOiJIUzI1NiIsInR5cCI6IkpXVCJ9.eyJfaWQiOiI2NzI4MGQxMGQxMjg2YjAwMTMyMmNhNTkiLCJpYXQiOjE3MzA2NzgwMzJ9.nnie_R_CQPtoeeWJzByvxfD4HdxMswsnXIuN8pSDbSQ
DEBUG    urllib3.connectionpool:connectionpool.py:1051 Starting new HTTPS connection (1): thinking-tester-contact-list.herokuapp.com:443
DEBUG    urllib3.connectionpool:connectionpool.py:546 https://thinking-tester-contact-list.herokuapp.com:443 "DELETE /users/me HTTP/11" 200 0
DEBUG    util.admin.admin_api:admin_api.py:83 User deleted
INFO     tests.conftest:conftest.py:60 Deleted registered user
DEBUG    util.admin.admin_api:admin_api.py:33 Creating user: {'firstName': 'John', 'lastName': 'Green', 'email': 'john.green@mail.com', 'password': '1234567890'}
DEBUG    urllib3.connectionpool:connectionpool.py:1051 Starting new HTTPS connection (1): thinking-tester-contact-list.herokuapp.com:443
DEBUG    urllib3.connectionpool:connectionpool.py:546 https://thinking-tester-contact-list.herokuapp.com:443 "POST /users HTTP/11" 201 279
DEBUG    util.admin.admin_api:admin_api.py:39 Created user and received token: eyJhbGciOiJIUzI1NiIsInR5cCI6IkpXVCJ9.eyJfaWQiOiI2NzI4MGQxOWQxMjg2YjAwMTMyMmNhNWMiLCJpYXQiOjE3MzA2NzgwNDF9.ms3daK-Mb54k39FB7Pp5lHq8Lug39w6N_EBH95a2qNQ
INFO     tests.conftest:conftest.py:56 Created registered user
DEBUG    util.admin.admin_api:admin_api.py:43 Logging in user with credentials: {email: john.green@mail.com, password: 1234567890}
DEBUG    urllib3.connectionpool:connectionpool.py:1051 Starting new HTTPS connection (1): thinking-tester-contact-list.herokuapp.com:443
DEBUG    urllib3.connectionpool:connectionpool.py:546 https://thinking-tester-contact-list.herokuapp.com:443 "POST /users/login HTTP/11" 200 279
DEBUG    util.admin.admin_api:admin_api.py:53 Logged in and received token: eyJhbGciOiJIUzI1NiIsInR5cCI6IkpXVCJ9.eyJfaWQiOiI2NzI4MGQxOWQxMjg2YjAwMTMyMmNhNWMiLCJpYXQiOjE3MzA2NzgwNDJ9.EsNo7IAKAXeXcyLbC3qS16HaG8yeAqTy6_xkGrWOsrc
DEBUG    util.admin.admin_api:admin_api.py:86 Using token: eyJhbGciOiJIUzI1NiIsInR5cCI6IkpXVCJ9.eyJfaWQiOiI2NzI4MGQxOWQxMjg2YjAwMTMyMmNhNWMiLCJpYXQiOjE3MzA2NzgwNDJ9.EsNo7IAKAXeXcyLbC3qS16HaG8yeAqTy6_xkGrWOsrc. Creating contact: {'firstName': 'Will', 'lastName': 'Smith', 'birthdate': '1968-09-25', 'email': 'will.smith@mail.com', 'phone': '1234567890', 'street1': '1 Main St.', 'street2': 'Apartment A', 'city': 'New York', 'stateProvince': 'NY', 'postalCode': '10118', 'country': 'USA'}
DEBUG    urllib3.connectionpool:connectionpool.py:1051 Starting new HTTPS connection (1): thinking-tester-contact-list.herokuapp.com:443
DEBUG    urllib3.connectionpool:connectionpool.py:546 https://thinking-tester-contact-list.herokuapp.com:443 "POST /contacts HTTP/11" 201 314
DEBUG    util.admin.admin_api:admin_api.py:93 Contact created: {'_id': '67280d1bd1286b001322ca5e', 'firstName': 'Will', 'lastName': 'Smith', 'birthdate': '1968-09-25', 'email': 'will.smith@mail.com', 'phone': '1234567890', 'street1': '1 Main St.', 'street2': 'Apartment A', 'city': 'New York', 'stateProvince': 'NY', 'postalCode': '10118', 'country': 'USA', 'owner': '67280d19d1286b001322ca5c', '__v': 0}
INFO     tests.api.contact.conftest:conftest.py:41 Created default contact
DEBUG    tests.api.contact.test_api_contact:test_api_contact.py:137 Patching contact with {'firstName': 'Will_updated', 'lastName': 'Smith_updated', 'birthdate': '1970-10-25', 'email': 'will.smith_updated@mail.com', 'phone': '1234567890', 'street1': 'Eiffel Tower 35', 'street2': 'House 33', 'city': 'Paris', 'stateProvince': 'PR', 'postalCode': '333333', 'country': 'France'}
DEBUG    urllib3.connectionpool:connectionpool.py:1051 Starting new HTTPS connection (1): thinking-tester-contact-list.herokuapp.com:443
DEBUG    urllib3.connectionpool:connectionpool.py:546 https://thinking-tester-contact-list.herokuapp.com:443 "PATCH /contacts/67280d1bd1286b001322ca5e HTTP/11" 200 341
DEBUG    tests.api.contact.test_api_contact:test_api_contact.py:139 Received response text: {"_id":"67280d1bd1286b001322ca5e","firstName":"Will_updated","lastName":"Smith_updated","birthdate":"1970-10-25","email":"will.smith_updated@mail.com","phone":"1234567890","street1":"Eiffel Tower 35","street2":"House 33","city":"Paris","stateProvince":"PR","postalCode":"333333","country":"France","owner":"67280d19d1286b001322ca5c","__v":0}
INFO     tests.api.contact.test_api_contact:test_api_contact.py:142 Response status code and headers are correct
INFO     tests.api.contact.test_api_contact:test_api_contact.py:146 Response with patched contact is correct
DEBUG    util.admin.admin_api:admin_api.py:97 Getting contact with id: 67280d1bd1286b001322ca5e using token: eyJhbGciOiJIUzI1NiIsInR5cCI6IkpXVCJ9.eyJfaWQiOiI2NzI4MGQxOWQxMjg2YjAwMTMyMmNhNWMiLCJpYXQiOjE3MzA2NzgwNDJ9.EsNo7IAKAXeXcyLbC3qS16HaG8yeAqTy6_xkGrWOsrc
DEBUG    urllib3.connectionpool:connectionpool.py:1051 Starting new HTTPS connection (1): thinking-tester-contact-list.herokuapp.com:443
DEBUG    urllib3.connectionpool:connectionpool.py:546 https://thinking-tester-contact-list.herokuapp.com:443 "GET /contacts/67280d1bd1286b001322ca5e HTTP/11" 200 341
DEBUG    util.admin.admin_api:admin_api.py:104 Received contact: {'_id': '67280d1bd1286b001322ca5e', 'firstName': 'Will_updated', 'lastName': 'Smith_updated', 'birthdate': '1970-10-25', 'email': 'will.smith_updated@mail.com', 'phone': '1234567890', 'street1': 'Eiffel Tower 35', 'street2': 'House 33', 'city': 'Paris', 'stateProvince': 'PR', 'postalCode': '333333', 'country': 'France', 'owner': '67280d19d1286b001322ca5c', '__v': 0}
INFO     tests.api.contact.test_api_contact:test_api_contact.py:150 Successfully received contact with patched fields
DEBUG    util.admin.admin_api:admin_api.py:108 Deleting contact with id: 67280d1bd1286b001322ca5e using token: eyJhbGciOiJIUzI1NiIsInR5cCI6IkpXVCJ9.eyJfaWQiOiI2NzI4MGQxOWQxMjg2YjAwMTMyMmNhNWMiLCJpYXQiOjE3MzA2NzgwNDJ9.EsNo7IAKAXeXcyLbC3qS16HaG8yeAqTy6_xkGrWOsrc
DEBUG    urllib3.connectionpool:connectionpool.py:1051 Starting new HTTPS connection (1): thinking-tester-contact-list.herokuapp.com:443
DEBUG    urllib3.connectionpool:connectionpool.py:546 https://thinking-tester-contact-list.herokuapp.com:443 "DELETE /contacts/67280d1bd1286b001322ca5e HTTP/11" 200 15
DEBUG    util.admin.admin_api:admin_api.py:114 Contact deleted
INFO     tests.api.contact.conftest:conftest.py:44 Deleted default contact
DEBUG    util.admin.admin_api:admin_api.py:77 Deleting user with token: eyJhbGciOiJIUzI1NiIsInR5cCI6IkpXVCJ9.eyJfaWQiOiI2NzI4MGQxOWQxMjg2YjAwMTMyMmNhNWMiLCJpYXQiOjE3MzA2NzgwNDF9.ms3daK-Mb54k39FB7Pp5lHq8Lug39w6N_EBH95a2qNQ
DEBUG    urllib3.connectionpool:connectionpool.py:1051 Starting new HTTPS connection (1): thinking-tester-contact-list.herokuapp.com:443
DEBUG    urllib3.connectionpool:connectionpool.py:546 https://thinking-tester-contact-list.herokuapp.com:443 "DELETE /users/me HTTP/11" 200 0
DEBUG    util.admin.admin_api:admin_api.py:83 User deleted
INFO     tests.conftest:conftest.py:60 Deleted registered user
DEBUG    util.admin.admin_api:admin_api.py:33 Creating user: {'firstName': 'John', 'lastName': 'Green', 'email': 'john.green@mail.com', 'password': '1234567890'}
DEBUG    urllib3.connectionpool:connectionpool.py:1051 Starting new HTTPS connection (1): thinking-tester-contact-list.herokuapp.com:443
DEBUG    urllib3.connectionpool:connectionpool.py:546 https://thinking-tester-contact-list.herokuapp.com:443 "POST /users HTTP/11" 201 279
DEBUG    util.admin.admin_api:admin_api.py:39 Created user and received token: eyJhbGciOiJIUzI1NiIsInR5cCI6IkpXVCJ9.eyJfaWQiOiI2NzI4MGQyMWQxMjg2YjAwMTMyMmNhNWYiLCJpYXQiOjE3MzA2NzgwNTB9.nY6udQzC2Vu9e8MUutBuut76NS5TkgabDcWaej_nWw4
INFO     tests.conftest:conftest.py:56 Created registered user
DEBUG    util.admin.admin_api:admin_api.py:43 Logging in user with credentials: {email: john.green@mail.com, password: 1234567890}
DEBUG    urllib3.connectionpool:connectionpool.py:1051 Starting new HTTPS connection (1): thinking-tester-contact-list.herokuapp.com:443
DEBUG    urllib3.connectionpool:connectionpool.py:546 https://thinking-tester-contact-list.herokuapp.com:443 "POST /users/login HTTP/11" 200 279
DEBUG    util.admin.admin_api:admin_api.py:53 Logged in and received token: eyJhbGciOiJIUzI1NiIsInR5cCI6IkpXVCJ9.eyJfaWQiOiI2NzI4MGQyMWQxMjg2YjAwMTMyMmNhNWYiLCJpYXQiOjE3MzA2NzgwNTF9.WfFbR3hbUw7FkACyevMveGhgHbqRm8G0G9tuVSo8kxk
DEBUG    util.admin.admin_api:admin_api.py:86 Using token: eyJhbGciOiJIUzI1NiIsInR5cCI6IkpXVCJ9.eyJfaWQiOiI2NzI4MGQyMWQxMjg2YjAwMTMyMmNhNWYiLCJpYXQiOjE3MzA2NzgwNTF9.WfFbR3hbUw7FkACyevMveGhgHbqRm8G0G9tuVSo8kxk. Creating contact: {'firstName': 'Will', 'lastName': 'Smith', 'birthdate': '1968-09-25', 'email': 'will.smith@mail.com', 'phone': '1234567890', 'street1': '1 Main St.', 'street2': 'Apartment A', 'city': 'New York', 'stateProvince': 'NY', 'postalCode': '10118', 'country': 'USA'}
DEBUG    urllib3.connectionpool:connectionpool.py:1051 Starting new HTTPS connection (1): thinking-tester-contact-list.herokuapp.com:443
DEBUG    urllib3.connectionpool:connectionpool.py:546 https://thinking-tester-contact-list.herokuapp.com:443 "POST /contacts HTTP/11" 201 314
DEBUG    util.admin.admin_api:admin_api.py:93 Contact created: {'_id': '67280d24d1286b001322ca62', 'firstName': 'Will', 'lastName': 'Smith', 'birthdate': '1968-09-25', 'email': 'will.smith@mail.com', 'phone': '1234567890', 'street1': '1 Main St.', 'street2': 'Apartment A', 'city': 'New York', 'stateProvince': 'NY', 'postalCode': '10118', 'country': 'USA', 'owner': '67280d21d1286b001322ca5f', '__v': 0}
INFO     tests.api.contact.conftest:conftest.py:41 Created default contact
DEBUG    tests.api.contact.test_api_contact:test_api_contact.py:137 Patching contact with {'firstName': 'Will', 'lastName': 'Smith', 'birthdate': '1968-09-25', 'email': 'will.smith@mail.com', 'phone': '1234567890', 'street1': '1 Main St.', 'street2': 'Apartment A', 'city': 'New York', 'stateProvince': 'NY', 'postalCode': '10118', 'country': 'USA'}
DEBUG    urllib3.connectionpool:connectionpool.py:1051 Starting new HTTPS connection (1): thinking-tester-contact-list.herokuapp.com:443
DEBUG    urllib3.connectionpool:connectionpool.py:546 https://thinking-tester-contact-list.herokuapp.com:443 "PATCH /contacts/67280d24d1286b001322ca62 HTTP/11" 200 314
DEBUG    tests.api.contact.test_api_contact:test_api_contact.py:139 Received response text: {"_id":"67280d24d1286b001322ca62","firstName":"Will","lastName":"Smith","birthdate":"1968-09-25","email":"will.smith@mail.com","phone":"1234567890","street1":"1 Main St.","street2":"Apartment A","city":"New York","stateProvince":"NY","postalCode":"10118","country":"USA","owner":"67280d21d1286b001322ca5f","__v":0}
INFO     tests.api.contact.test_api_contact:test_api_contact.py:142 Response status code and headers are correct
INFO     tests.api.contact.test_api_contact:test_api_contact.py:146 Response with patched contact is correct
DEBUG    util.admin.admin_api:admin_api.py:97 Getting contact with id: 67280d24d1286b001322ca62 using token: eyJhbGciOiJIUzI1NiIsInR5cCI6IkpXVCJ9.eyJfaWQiOiI2NzI4MGQyMWQxMjg2YjAwMTMyMmNhNWYiLCJpYXQiOjE3MzA2NzgwNTF9.WfFbR3hbUw7FkACyevMveGhgHbqRm8G0G9tuVSo8kxk
DEBUG    urllib3.connectionpool:connectionpool.py:1051 Starting new HTTPS connection (1): thinking-tester-contact-list.herokuapp.com:443
DEBUG    urllib3.connectionpool:connectionpool.py:546 https://thinking-tester-contact-list.herokuapp.com:443 "GET /contacts/67280d24d1286b001322ca62 HTTP/11" 200 314
DEBUG    util.admin.admin_api:admin_api.py:104 Received contact: {'_id': '67280d24d1286b001322ca62', 'firstName': 'Will', 'lastName': 'Smith', 'birthdate': '1968-09-25', 'email': 'will.smith@mail.com', 'phone': '1234567890', 'street1': '1 Main St.', 'street2': 'Apartment A', 'city': 'New York', 'stateProvince': 'NY', 'postalCode': '10118', 'country': 'USA', 'owner': '67280d21d1286b001322ca5f', '__v': 0}
INFO     tests.api.contact.test_api_contact:test_api_contact.py:150 Successfully received contact with patched fields
DEBUG    util.admin.admin_api:admin_api.py:108 Deleting contact with id: 67280d24d1286b001322ca62 using token: eyJhbGciOiJIUzI1NiIsInR5cCI6IkpXVCJ9.eyJfaWQiOiI2NzI4MGQyMWQxMjg2YjAwMTMyMmNhNWYiLCJpYXQiOjE3MzA2NzgwNTF9.WfFbR3hbUw7FkACyevMveGhgHbqRm8G0G9tuVSo8kxk
DEBUG    urllib3.connectionpool:connectionpool.py:1051 Starting new HTTPS connection (1): thinking-tester-contact-list.herokuapp.com:443
DEBUG    urllib3.connectionpool:connectionpool.py:546 https://thinking-tester-contact-list.herokuapp.com:443 "DELETE /contacts/67280d24d1286b001322ca62 HTTP/11" 200 15
DEBUG    util.admin.admin_api:admin_api.py:114 Contact deleted
INFO     tests.api.contact.conftest:conftest.py:44 Deleted default contact
DEBUG    util.admin.admin_api:admin_api.py:77 Deleting user with token: eyJhbGciOiJIUzI1NiIsInR5cCI6IkpXVCJ9.eyJfaWQiOiI2NzI4MGQyMWQxMjg2YjAwMTMyMmNhNWYiLCJpYXQiOjE3MzA2NzgwNTB9.nY6udQzC2Vu9e8MUutBuut76NS5TkgabDcWaej_nWw4
DEBUG    urllib3.connectionpool:connectionpool.py:1051 Starting new HTTPS connection (1): thinking-tester-contact-list.herokuapp.com:443
DEBUG    urllib3.connectionpool:connectionpool.py:546 https://thinking-tester-contact-list.herokuapp.com:443 "DELETE /users/me HTTP/11" 200 0
DEBUG    util.admin.admin_api:admin_api.py:83 User deleted
INFO     tests.conftest:conftest.py:60 Deleted registered user
DEBUG    util.admin.admin_api:admin_api.py:33 Creating user: {'firstName': 'John', 'lastName': 'Green', 'email': 'john.green@mail.com', 'password': '1234567890'}
DEBUG    urllib3.connectionpool:connectionpool.py:1051 Starting new HTTPS connection (1): thinking-tester-contact-list.herokuapp.com:443
DEBUG    urllib3.connectionpool:connectionpool.py:546 https://thinking-tester-contact-list.herokuapp.com:443 "POST /users HTTP/11" 201 279
DEBUG    util.admin.admin_api:admin_api.py:39 Created user and received token: eyJhbGciOiJIUzI1NiIsInR5cCI6IkpXVCJ9.eyJfaWQiOiI2NzI4MGQyYWJlZDRkYjAwMTM1YjExYWEiLCJpYXQiOjE3MzA2NzgwNTh9.R9D7jyhEenlSxMzgVL6XH82D7Q4w-6NE4ED-0x6ZtOE
INFO     tests.conftest:conftest.py:56 Created registered user
DEBUG    util.admin.admin_api:admin_api.py:43 Logging in user with credentials: {email: john.green@mail.com, password: 1234567890}
DEBUG    urllib3.connectionpool:connectionpool.py:1051 Starting new HTTPS connection (1): thinking-tester-contact-list.herokuapp.com:443
DEBUG    urllib3.connectionpool:connectionpool.py:546 https://thinking-tester-contact-list.herokuapp.com:443 "POST /users/login HTTP/11" 200 279
DEBUG    util.admin.admin_api:admin_api.py:53 Logged in and received token: eyJhbGciOiJIUzI1NiIsInR5cCI6IkpXVCJ9.eyJfaWQiOiI2NzI4MGQyYWJlZDRkYjAwMTM1YjExYWEiLCJpYXQiOjE3MzA2NzgwNTl9.yxooWL6D_lbuQ7gxWq-6GEFLueoSlz_18vIxPfxy4xo
DEBUG    util.admin.admin_api:admin_api.py:86 Using token: eyJhbGciOiJIUzI1NiIsInR5cCI6IkpXVCJ9.eyJfaWQiOiI2NzI4MGQyYWJlZDRkYjAwMTM1YjExYWEiLCJpYXQiOjE3MzA2NzgwNTl9.yxooWL6D_lbuQ7gxWq-6GEFLueoSlz_18vIxPfxy4xo. Creating contact: {'firstName': 'Will', 'lastName': 'Smith', 'birthdate': '1968-09-25', 'email': 'will.smith@mail.com', 'phone': '1234567890', 'street1': '1 Main St.', 'street2': 'Apartment A', 'city': 'New York', 'stateProvince': 'NY', 'postalCode': '10118', 'country': 'USA'}
DEBUG    urllib3.connectionpool:connectionpool.py:1051 Starting new HTTPS connection (1): thinking-tester-contact-list.herokuapp.com:443
DEBUG    urllib3.connectionpool:connectionpool.py:546 https://thinking-tester-contact-list.herokuapp.com:443 "POST /contacts HTTP/11" 201 314
DEBUG    util.admin.admin_api:admin_api.py:93 Contact created: {'_id': '67280d2dbed4db00135b11ac', 'firstName': 'Will', 'lastName': 'Smith', 'birthdate': '1968-09-25', 'email': 'will.smith@mail.com', 'phone': '1234567890', 'street1': '1 Main St.', 'street2': 'Apartment A', 'city': 'New York', 'stateProvince': 'NY', 'postalCode': '10118', 'country': 'USA', 'owner': '67280d2abed4db00135b11aa', '__v': 0}
INFO     tests.api.contact.conftest:conftest.py:41 Created default contact
DEBUG    tests.api.contact.test_api_contact:test_api_contact.py:137 Patching contact with {}
DEBUG    urllib3.connectionpool:connectionpool.py:1051 Starting new HTTPS connection (1): thinking-tester-contact-list.herokuapp.com:443
DEBUG    urllib3.connectionpool:connectionpool.py:546 https://thinking-tester-contact-list.herokuapp.com:443 "PATCH /contacts/67280d2dbed4db00135b11ac HTTP/11" 200 314
DEBUG    tests.api.contact.test_api_contact:test_api_contact.py:139 Received response text: {"_id":"67280d2dbed4db00135b11ac","firstName":"Will","lastName":"Smith","birthdate":"1968-09-25","email":"will.smith@mail.com","phone":"1234567890","street1":"1 Main St.","street2":"Apartment A","city":"New York","stateProvince":"NY","postalCode":"10118","country":"USA","owner":"67280d2abed4db00135b11aa","__v":0}
INFO     tests.api.contact.test_api_contact:test_api_contact.py:142 Response status code and headers are correct
INFO     tests.api.contact.test_api_contact:test_api_contact.py:146 Response with patched contact is correct
DEBUG    util.admin.admin_api:admin_api.py:97 Getting contact with id: 67280d2dbed4db00135b11ac using token: eyJhbGciOiJIUzI1NiIsInR5cCI6IkpXVCJ9.eyJfaWQiOiI2NzI4MGQyYWJlZDRkYjAwMTM1YjExYWEiLCJpYXQiOjE3MzA2NzgwNTl9.yxooWL6D_lbuQ7gxWq-6GEFLueoSlz_18vIxPfxy4xo
DEBUG    urllib3.connectionpool:connectionpool.py:1051 Starting new HTTPS connection (1): thinking-tester-contact-list.herokuapp.com:443
DEBUG    urllib3.connectionpool:connectionpool.py:546 https://thinking-tester-contact-list.herokuapp.com:443 "GET /contacts/67280d2dbed4db00135b11ac HTTP/11" 200 314
DEBUG    util.admin.admin_api:admin_api.py:104 Received contact: {'_id': '67280d2dbed4db00135b11ac', 'firstName': 'Will', 'lastName': 'Smith', 'birthdate': '1968-09-25', 'email': 'will.smith@mail.com', 'phone': '1234567890', 'street1': '1 Main St.', 'street2': 'Apartment A', 'city': 'New York', 'stateProvince': 'NY', 'postalCode': '10118', 'country': 'USA', 'owner': '67280d2abed4db00135b11aa', '__v': 0}
INFO     tests.api.contact.test_api_contact:test_api_contact.py:150 Successfully received contact with patched fields
DEBUG    util.admin.admin_api:admin_api.py:108 Deleting contact with id: 67280d2dbed4db00135b11ac using token: eyJhbGciOiJIUzI1NiIsInR5cCI6IkpXVCJ9.eyJfaWQiOiI2NzI4MGQyYWJlZDRkYjAwMTM1YjExYWEiLCJpYXQiOjE3MzA2NzgwNTl9.yxooWL6D_lbuQ7gxWq-6GEFLueoSlz_18vIxPfxy4xo
DEBUG    urllib3.connectionpool:connectionpool.py:1051 Starting new HTTPS connection (1): thinking-tester-contact-list.herokuapp.com:443
DEBUG    urllib3.connectionpool:connectionpool.py:546 https://thinking-tester-contact-list.herokuapp.com:443 "DELETE /contacts/67280d2dbed4db00135b11ac HTTP/11" 200 15
DEBUG    util.admin.admin_api:admin_api.py:114 Contact deleted
INFO     tests.api.contact.conftest:conftest.py:44 Deleted default contact
DEBUG    util.admin.admin_api:admin_api.py:77 Deleting user with token: eyJhbGciOiJIUzI1NiIsInR5cCI6IkpXVCJ9.eyJfaWQiOiI2NzI4MGQyYWJlZDRkYjAwMTM1YjExYWEiLCJpYXQiOjE3MzA2NzgwNTh9.R9D7jyhEenlSxMzgVL6XH82D7Q4w-6NE4ED-0x6ZtOE
DEBUG    urllib3.connectionpool:connectionpool.py:1051 Starting new HTTPS connection (1): thinking-tester-contact-list.herokuapp.com:443
DEBUG    urllib3.connectionpool:connectionpool.py:546 https://thinking-tester-contact-list.herokuapp.com:443 "DELETE /users/me HTTP/11" 200 0
DEBUG    util.admin.admin_api:admin_api.py:83 User deleted
INFO     tests.conftest:conftest.py:60 Deleted registered user
DEBUG    util.admin.admin_api:admin_api.py:33 Creating user: {'firstName': 'John', 'lastName': 'Green', 'email': 'john.green@mail.com', 'password': '1234567890'}
DEBUG    urllib3.connectionpool:connectionpool.py:1051 Starting new HTTPS connection (1): thinking-tester-contact-list.herokuapp.com:443
DEBUG    urllib3.connectionpool:connectionpool.py:546 https://thinking-tester-contact-list.herokuapp.com:443 "POST /users HTTP/11" 201 279
DEBUG    util.admin.admin_api:admin_api.py:39 Created user and received token: eyJhbGciOiJIUzI1NiIsInR5cCI6IkpXVCJ9.eyJfaWQiOiI2NzI4MGQzMmJlZDRkYjAwMTM1YjExYWQiLCJpYXQiOjE3MzA2NzgwNjZ9.63SGASB0WlRfR-Uyx9eVgLuUuI939CK8tU3UK52y3pM
INFO     tests.conftest:conftest.py:56 Created registered user
DEBUG    util.admin.admin_api:admin_api.py:43 Logging in user with credentials: {email: john.green@mail.com, password: 1234567890}
DEBUG    urllib3.connectionpool:connectionpool.py:1051 Starting new HTTPS connection (1): thinking-tester-contact-list.herokuapp.com:443
DEBUG    urllib3.connectionpool:connectionpool.py:546 https://thinking-tester-contact-list.herokuapp.com:443 "POST /users/login HTTP/11" 200 279
DEBUG    util.admin.admin_api:admin_api.py:53 Logged in and received token: eyJhbGciOiJIUzI1NiIsInR5cCI6IkpXVCJ9.eyJfaWQiOiI2NzI4MGQzMmJlZDRkYjAwMTM1YjExYWQiLCJpYXQiOjE3MzA2NzgwNjd9.ecrGJMHdHBnomE7cCotrfJAtMJ06pwexqn4fCsVTkhM
DEBUG    util.admin.admin_api:admin_api.py:86 Using token: eyJhbGciOiJIUzI1NiIsInR5cCI6IkpXVCJ9.eyJfaWQiOiI2NzI4MGQzMmJlZDRkYjAwMTM1YjExYWQiLCJpYXQiOjE3MzA2NzgwNjd9.ecrGJMHdHBnomE7cCotrfJAtMJ06pwexqn4fCsVTkhM. Creating contact: {'firstName': 'Will', 'lastName': 'Smith', 'birthdate': '1968-09-25', 'email': 'will.smith@mail.com', 'phone': '1234567890', 'street1': '1 Main St.', 'street2': 'Apartment A', 'city': 'New York', 'stateProvince': 'NY', 'postalCode': '10118', 'country': 'USA'}
DEBUG    urllib3.connectionpool:connectionpool.py:1051 Starting new HTTPS connection (1): thinking-tester-contact-list.herokuapp.com:443
DEBUG    urllib3.connectionpool:connectionpool.py:546 https://thinking-tester-contact-list.herokuapp.com:443 "POST /contacts HTTP/11" 201 314
DEBUG    util.admin.admin_api:admin_api.py:93 Contact created: {'_id': '67280d34bed4db00135b11b0', 'firstName': 'Will', 'lastName': 'Smith', 'birthdate': '1968-09-25', 'email': 'will.smith@mail.com', 'phone': '1234567890', 'street1': '1 Main St.', 'street2': 'Apartment A', 'city': 'New York', 'stateProvince': 'NY', 'postalCode': '10118', 'country': 'USA', 'owner': '67280d32bed4db00135b11ad', '__v': 0}
INFO     tests.api.contact.conftest:conftest.py:41 Created default contact
DEBUG    tests.api.contact.test_api_contact:test_api_contact.py:156 Patching contact with {'lastName': 'Smith', 'birthdate': '1968-10-25', 'email': 'will.smith@mail.com', 'phone': '1234567890', 'street1': '1 Main St.', 'street2': 'Apartment A', 'city': 'New York', 'stateProvince': 'NY', 'postalCode': '10118', 'country': 'USA'}
DEBUG    urllib3.connectionpool:connectionpool.py:1051 Starting new HTTPS connection (1): thinking-tester-contact-list.herokuapp.com:443
DEBUG    urllib3.connectionpool:connectionpool.py:546 https://thinking-tester-contact-list.herokuapp.com:443 "PATCH /contacts/67280d34bed4db00135b11b0 HTTP/11" 200 314
DEBUG    tests.api.contact.test_api_contact:test_api_contact.py:158 Received response text: {"_id":"67280d34bed4db00135b11b0","firstName":"Will","lastName":"Smith","birthdate":"1968-10-25","email":"will.smith@mail.com","phone":"1234567890","street1":"1 Main St.","street2":"Apartment A","city":"New York","stateProvince":"NY","postalCode":"10118","country":"USA","owner":"67280d32bed4db00135b11ad","__v":0}
DEBUG    util.admin.admin_api:admin_api.py:108 Deleting contact with id: 67280d34bed4db00135b11b0 using token: eyJhbGciOiJIUzI1NiIsInR5cCI6IkpXVCJ9.eyJfaWQiOiI2NzI4MGQzMmJlZDRkYjAwMTM1YjExYWQiLCJpYXQiOjE3MzA2NzgwNjd9.ecrGJMHdHBnomE7cCotrfJAtMJ06pwexqn4fCsVTkhM
DEBUG    urllib3.connectionpool:connectionpool.py:1051 Starting new HTTPS connection (1): thinking-tester-contact-list.herokuapp.com:443
DEBUG    urllib3.connectionpool:connectionpool.py:546 https://thinking-tester-contact-list.herokuapp.com:443 "DELETE /contacts/67280d34bed4db00135b11b0 HTTP/11" 200 15
DEBUG    util.admin.admin_api:admin_api.py:114 Contact deleted
INFO     tests.api.contact.conftest:conftest.py:44 Deleted default contact
DEBUG    util.admin.admin_api:admin_api.py:77 Deleting user with token: eyJhbGciOiJIUzI1NiIsInR5cCI6IkpXVCJ9.eyJfaWQiOiI2NzI4MGQzMmJlZDRkYjAwMTM1YjExYWQiLCJpYXQiOjE3MzA2NzgwNjZ9.63SGASB0WlRfR-Uyx9eVgLuUuI939CK8tU3UK52y3pM
DEBUG    urllib3.connectionpool:connectionpool.py:1051 Starting new HTTPS connection (1): thinking-tester-contact-list.herokuapp.com:443
DEBUG    urllib3.connectionpool:connectionpool.py:546 https://thinking-tester-contact-list.herokuapp.com:443 "DELETE /users/me HTTP/11" 200 0
DEBUG    util.admin.admin_api:admin_api.py:83 User deleted
INFO     tests.conftest:conftest.py:60 Deleted registered user
DEBUG    util.admin.admin_api:admin_api.py:33 Creating user: {'firstName': 'John', 'lastName': 'Green', 'email': 'john.green@mail.com', 'password': '1234567890'}
DEBUG    urllib3.connectionpool:connectionpool.py:1051 Starting new HTTPS connection (1): thinking-tester-contact-list.herokuapp.com:443
DEBUG    urllib3.connectionpool:connectionpool.py:546 https://thinking-tester-contact-list.herokuapp.com:443 "POST /users HTTP/11" 201 279
DEBUG    util.admin.admin_api:admin_api.py:39 Created user and received token: eyJhbGciOiJIUzI1NiIsInR5cCI6IkpXVCJ9.eyJfaWQiOiI2NzI4MGQzOGQxMjg2YjAwMTMyMmNhNjQiLCJpYXQiOjE3MzA2NzgwNzJ9.GJIQuGKpqXsS_p2MrZk8AAtVAYs3KI2FkaQlvIPbZeg
INFO     tests.conftest:conftest.py:56 Created registered user
DEBUG    util.admin.admin_api:admin_api.py:43 Logging in user with credentials: {email: john.green@mail.com, password: 1234567890}
DEBUG    urllib3.connectionpool:connectionpool.py:1051 Starting new HTTPS connection (1): thinking-tester-contact-list.herokuapp.com:443
DEBUG    urllib3.connectionpool:connectionpool.py:546 https://thinking-tester-contact-list.herokuapp.com:443 "POST /users/login HTTP/11" 200 279
DEBUG    util.admin.admin_api:admin_api.py:53 Logged in and received token: eyJhbGciOiJIUzI1NiIsInR5cCI6IkpXVCJ9.eyJfaWQiOiI2NzI4MGQzOGQxMjg2YjAwMTMyMmNhNjQiLCJpYXQiOjE3MzA2NzgwNzN9.qxAO9IW0S68mF1LNX6YXgJ_hWrQspSaOj2TUDNlEEL8
DEBUG    util.admin.admin_api:admin_api.py:86 Using token: eyJhbGciOiJIUzI1NiIsInR5cCI6IkpXVCJ9.eyJfaWQiOiI2NzI4MGQzOGQxMjg2YjAwMTMyMmNhNjQiLCJpYXQiOjE3MzA2NzgwNzN9.qxAO9IW0S68mF1LNX6YXgJ_hWrQspSaOj2TUDNlEEL8. Creating contact: {'firstName': 'Will', 'lastName': 'Smith', 'birthdate': '1968-09-25', 'email': 'will.smith@mail.com', 'phone': '1234567890', 'street1': '1 Main St.', 'street2': 'Apartment A', 'city': 'New York', 'stateProvince': 'NY', 'postalCode': '10118', 'country': 'USA'}
DEBUG    urllib3.connectionpool:connectionpool.py:1051 Starting new HTTPS connection (1): thinking-tester-contact-list.herokuapp.com:443
DEBUG    urllib3.connectionpool:connectionpool.py:546 https://thinking-tester-contact-list.herokuapp.com:443 "POST /contacts HTTP/11" 201 314
DEBUG    util.admin.admin_api:admin_api.py:93 Contact created: {'_id': '67280d3abed4db00135b11b2', 'firstName': 'Will', 'lastName': 'Smith', 'birthdate': '1968-09-25', 'email': 'will.smith@mail.com', 'phone': '1234567890', 'street1': '1 Main St.', 'street2': 'Apartment A', 'city': 'New York', 'stateProvince': 'NY', 'postalCode': '10118', 'country': 'USA', 'owner': '67280d38d1286b001322ca64', '__v': 0}
INFO     tests.api.contact.conftest:conftest.py:41 Created default contact
DEBUG    tests.api.contact.test_api_contact:test_api_contact.py:156 Patching contact with {'firstName': 'Will', 'birthdate': '1968-10-25', 'email': 'will.smith@mail.com', 'phone': '1234567890', 'street1': '1 Main St.', 'street2': 'Apartment A', 'city': 'New York', 'stateProvince': 'NY', 'postalCode': '10118', 'country': 'USA'}
DEBUG    urllib3.connectionpool:connectionpool.py:1051 Starting new HTTPS connection (1): thinking-tester-contact-list.herokuapp.com:443
DEBUG    urllib3.connectionpool:connectionpool.py:546 https://thinking-tester-contact-list.herokuapp.com:443 "PATCH /contacts/67280d3abed4db00135b11b2 HTTP/11" 200 314
DEBUG    tests.api.contact.test_api_contact:test_api_contact.py:158 Received response text: {"_id":"67280d3abed4db00135b11b2","firstName":"Will","lastName":"Smith","birthdate":"1968-10-25","email":"will.smith@mail.com","phone":"1234567890","street1":"1 Main St.","street2":"Apartment A","city":"New York","stateProvince":"NY","postalCode":"10118","country":"USA","owner":"67280d38d1286b001322ca64","__v":0}
DEBUG    util.admin.admin_api:admin_api.py:108 Deleting contact with id: 67280d3abed4db00135b11b2 using token: eyJhbGciOiJIUzI1NiIsInR5cCI6IkpXVCJ9.eyJfaWQiOiI2NzI4MGQzOGQxMjg2YjAwMTMyMmNhNjQiLCJpYXQiOjE3MzA2NzgwNzN9.qxAO9IW0S68mF1LNX6YXgJ_hWrQspSaOj2TUDNlEEL8
DEBUG    urllib3.connectionpool:connectionpool.py:1051 Starting new HTTPS connection (1): thinking-tester-contact-list.herokuapp.com:443
DEBUG    urllib3.connectionpool:connectionpool.py:546 https://thinking-tester-contact-list.herokuapp.com:443 "DELETE /contacts/67280d3abed4db00135b11b2 HTTP/11" 200 15
DEBUG    util.admin.admin_api:admin_api.py:114 Contact deleted
INFO     tests.api.contact.conftest:conftest.py:44 Deleted default contact
DEBUG    util.admin.admin_api:admin_api.py:77 Deleting user with token: eyJhbGciOiJIUzI1NiIsInR5cCI6IkpXVCJ9.eyJfaWQiOiI2NzI4MGQzOGQxMjg2YjAwMTMyMmNhNjQiLCJpYXQiOjE3MzA2NzgwNzJ9.GJIQuGKpqXsS_p2MrZk8AAtVAYs3KI2FkaQlvIPbZeg
DEBUG    urllib3.connectionpool:connectionpool.py:1051 Starting new HTTPS connection (1): thinking-tester-contact-list.herokuapp.com:443
DEBUG    urllib3.connectionpool:connectionpool.py:546 https://thinking-tester-contact-list.herokuapp.com:443 "DELETE /users/me HTTP/11" 200 0
DEBUG    util.admin.admin_api:admin_api.py:83 User deleted
INFO     tests.conftest:conftest.py:60 Deleted registered user
DEBUG    util.admin.admin_api:admin_api.py:33 Creating user: {'firstName': 'John', 'lastName': 'Green', 'email': 'john.green@mail.com', 'password': '1234567890'}
DEBUG    urllib3.connectionpool:connectionpool.py:1051 Starting new HTTPS connection (1): thinking-tester-contact-list.herokuapp.com:443
DEBUG    urllib3.connectionpool:connectionpool.py:546 https://thinking-tester-contact-list.herokuapp.com:443 "POST /users HTTP/11" 201 279
DEBUG    util.admin.admin_api:admin_api.py:39 Created user and received token: eyJhbGciOiJIUzI1NiIsInR5cCI6IkpXVCJ9.eyJfaWQiOiI2NzI4MGQzZWJlZDRkYjAwMTM1YjExYjMiLCJpYXQiOjE3MzA2NzgwNzh9.n-KMNBnVV3T1-o793AJNCN2VijESGqwpJkb5yjdBoa0
INFO     tests.conftest:conftest.py:56 Created registered user
DEBUG    util.admin.admin_api:admin_api.py:43 Logging in user with credentials: {email: john.green@mail.com, password: 1234567890}
DEBUG    urllib3.connectionpool:connectionpool.py:1051 Starting new HTTPS connection (1): thinking-tester-contact-list.herokuapp.com:443
DEBUG    urllib3.connectionpool:connectionpool.py:546 https://thinking-tester-contact-list.herokuapp.com:443 "POST /users/login HTTP/11" 200 279
DEBUG    util.admin.admin_api:admin_api.py:53 Logged in and received token: eyJhbGciOiJIUzI1NiIsInR5cCI6IkpXVCJ9.eyJfaWQiOiI2NzI4MGQzZWJlZDRkYjAwMTM1YjExYjMiLCJpYXQiOjE3MzA2NzgwNzl9.Pb6JbdyNJ_0k3QGL4Az-UGjEWKiDMwr7Wu19mp7ARWI
DEBUG    util.admin.admin_api:admin_api.py:86 Using token: eyJhbGciOiJIUzI1NiIsInR5cCI6IkpXVCJ9.eyJfaWQiOiI2NzI4MGQzZWJlZDRkYjAwMTM1YjExYjMiLCJpYXQiOjE3MzA2NzgwNzl9.Pb6JbdyNJ_0k3QGL4Az-UGjEWKiDMwr7Wu19mp7ARWI. Creating contact: {'firstName': 'Will', 'lastName': 'Smith', 'birthdate': '1968-09-25', 'email': 'will.smith@mail.com', 'phone': '1234567890', 'street1': '1 Main St.', 'street2': 'Apartment A', 'city': 'New York', 'stateProvince': 'NY', 'postalCode': '10118', 'country': 'USA'}
DEBUG    urllib3.connectionpool:connectionpool.py:1051 Starting new HTTPS connection (1): thinking-tester-contact-list.herokuapp.com:443
DEBUG    urllib3.connectionpool:connectionpool.py:546 https://thinking-tester-contact-list.herokuapp.com:443 "POST /contacts HTTP/11" 201 314
DEBUG    util.admin.admin_api:admin_api.py:93 Contact created: {'_id': '67280d40bed4db00135b11b6', 'firstName': 'Will', 'lastName': 'Smith', 'birthdate': '1968-09-25', 'email': 'will.smith@mail.com', 'phone': '1234567890', 'street1': '1 Main St.', 'street2': 'Apartment A', 'city': 'New York', 'stateProvince': 'NY', 'postalCode': '10118', 'country': 'USA', 'owner': '67280d3ebed4db00135b11b3', '__v': 0}
INFO     tests.api.contact.conftest:conftest.py:41 Created default contact
DEBUG    tests.api.contact.test_api_contact:test_api_contact.py:156 Patching contact with {'birthdate': '1968-10-25', 'email': 'will.smith@mail.com', 'phone': '1234567890', 'street1': '1 Main St.', 'street2': 'Apartment A', 'city': 'New York', 'stateProvince': 'NY', 'postalCode': '10118', 'country': 'USA'}
DEBUG    urllib3.connectionpool:connectionpool.py:1051 Starting new HTTPS connection (1): thinking-tester-contact-list.herokuapp.com:443
DEBUG    urllib3.connectionpool:connectionpool.py:546 https://thinking-tester-contact-list.herokuapp.com:443 "PATCH /contacts/67280d40bed4db00135b11b6 HTTP/11" 200 314
DEBUG    tests.api.contact.test_api_contact:test_api_contact.py:158 Received response text: {"_id":"67280d40bed4db00135b11b6","firstName":"Will","lastName":"Smith","birthdate":"1968-10-25","email":"will.smith@mail.com","phone":"1234567890","street1":"1 Main St.","street2":"Apartment A","city":"New York","stateProvince":"NY","postalCode":"10118","country":"USA","owner":"67280d3ebed4db00135b11b3","__v":0}
DEBUG    util.admin.admin_api:admin_api.py:108 Deleting contact with id: 67280d40bed4db00135b11b6 using token: eyJhbGciOiJIUzI1NiIsInR5cCI6IkpXVCJ9.eyJfaWQiOiI2NzI4MGQzZWJlZDRkYjAwMTM1YjExYjMiLCJpYXQiOjE3MzA2NzgwNzl9.Pb6JbdyNJ_0k3QGL4Az-UGjEWKiDMwr7Wu19mp7ARWI
DEBUG    urllib3.connectionpool:connectionpool.py:1051 Starting new HTTPS connection (1): thinking-tester-contact-list.herokuapp.com:443
DEBUG    urllib3.connectionpool:connectionpool.py:546 https://thinking-tester-contact-list.herokuapp.com:443 "DELETE /contacts/67280d40bed4db00135b11b6 HTTP/11" 200 15
DEBUG    util.admin.admin_api:admin_api.py:114 Contact deleted
INFO     tests.api.contact.conftest:conftest.py:44 Deleted default contact
DEBUG    util.admin.admin_api:admin_api.py:77 Deleting user with token: eyJhbGciOiJIUzI1NiIsInR5cCI6IkpXVCJ9.eyJfaWQiOiI2NzI4MGQzZWJlZDRkYjAwMTM1YjExYjMiLCJpYXQiOjE3MzA2NzgwNzh9.n-KMNBnVV3T1-o793AJNCN2VijESGqwpJkb5yjdBoa0
DEBUG    urllib3.connectionpool:connectionpool.py:1051 Starting new HTTPS connection (1): thinking-tester-contact-list.herokuapp.com:443
DEBUG    urllib3.connectionpool:connectionpool.py:546 https://thinking-tester-contact-list.herokuapp.com:443 "DELETE /users/me HTTP/11" 200 0
DEBUG    util.admin.admin_api:admin_api.py:83 User deleted
INFO     tests.conftest:conftest.py:60 Deleted registered user
DEBUG    util.admin.admin_api:admin_api.py:33 Creating user: {'firstName': 'John', 'lastName': 'Green', 'email': 'john.green@mail.com', 'password': '1234567890'}
DEBUG    urllib3.connectionpool:connectionpool.py:1051 Starting new HTTPS connection (1): thinking-tester-contact-list.herokuapp.com:443
DEBUG    urllib3.connectionpool:connectionpool.py:546 https://thinking-tester-contact-list.herokuapp.com:443 "POST /users HTTP/11" 201 279
DEBUG    util.admin.admin_api:admin_api.py:39 Created user and received token: eyJhbGciOiJIUzI1NiIsInR5cCI6IkpXVCJ9.eyJfaWQiOiI2NzI4MGQ0NGQxMjg2YjAwMTMyMmNhNjYiLCJpYXQiOjE3MzA2NzgwODR9.tp9pv9vynk1Gl9bbDo4cxzlS5ixVNrEIIx6qoxwF4e0
INFO     tests.conftest:conftest.py:56 Created registered user
DEBUG    util.admin.admin_api:admin_api.py:43 Logging in user with credentials: {email: john.green@mail.com, password: 1234567890}
DEBUG    urllib3.connectionpool:connectionpool.py:1051 Starting new HTTPS connection (1): thinking-tester-contact-list.herokuapp.com:443
DEBUG    urllib3.connectionpool:connectionpool.py:546 https://thinking-tester-contact-list.herokuapp.com:443 "POST /users/login HTTP/11" 200 279
DEBUG    util.admin.admin_api:admin_api.py:53 Logged in and received token: eyJhbGciOiJIUzI1NiIsInR5cCI6IkpXVCJ9.eyJfaWQiOiI2NzI4MGQ0NGQxMjg2YjAwMTMyMmNhNjYiLCJpYXQiOjE3MzA2NzgwODV9.bC_HH-Ck4MX552D7xbx1LOOSPUdwfJToAaiDVnLok0g
DEBUG    util.admin.admin_api:admin_api.py:86 Using token: eyJhbGciOiJIUzI1NiIsInR5cCI6IkpXVCJ9.eyJfaWQiOiI2NzI4MGQ0NGQxMjg2YjAwMTMyMmNhNjYiLCJpYXQiOjE3MzA2NzgwODV9.bC_HH-Ck4MX552D7xbx1LOOSPUdwfJToAaiDVnLok0g. Creating contact: {'firstName': 'Will', 'lastName': 'Smith', 'birthdate': '1968-09-25', 'email': 'will.smith@mail.com', 'phone': '1234567890', 'street1': '1 Main St.', 'street2': 'Apartment A', 'city': 'New York', 'stateProvince': 'NY', 'postalCode': '10118', 'country': 'USA'}
DEBUG    urllib3.connectionpool:connectionpool.py:1051 Starting new HTTPS connection (1): thinking-tester-contact-list.herokuapp.com:443
DEBUG    urllib3.connectionpool:connectionpool.py:546 https://thinking-tester-contact-list.herokuapp.com:443 "POST /contacts HTTP/11" 201 314
DEBUG    util.admin.admin_api:admin_api.py:93 Contact created: {'_id': '67280d46bed4db00135b11b8', 'firstName': 'Will', 'lastName': 'Smith', 'birthdate': '1968-09-25', 'email': 'will.smith@mail.com', 'phone': '1234567890', 'street1': '1 Main St.', 'street2': 'Apartment A', 'city': 'New York', 'stateProvince': 'NY', 'postalCode': '10118', 'country': 'USA', 'owner': '67280d44d1286b001322ca66', '__v': 0}
INFO     tests.api.contact.conftest:conftest.py:41 Created default contact
DEBUG    util.admin.admin_api:admin_api.py:108 Deleting contact with id: 67280d46bed4db00135b11b8 using token: eyJhbGciOiJIUzI1NiIsInR5cCI6IkpXVCJ9.eyJfaWQiOiI2NzI4MGQ0NGQxMjg2YjAwMTMyMmNhNjYiLCJpYXQiOjE3MzA2NzgwODV9.bC_HH-Ck4MX552D7xbx1LOOSPUdwfJToAaiDVnLok0g
DEBUG    urllib3.connectionpool:connectionpool.py:1051 Starting new HTTPS connection (1): thinking-tester-contact-list.herokuapp.com:443
DEBUG    urllib3.connectionpool:connectionpool.py:546 https://thinking-tester-contact-list.herokuapp.com:443 "DELETE /contacts/67280d46bed4db00135b11b8 HTTP/11" 200 15
DEBUG    util.admin.admin_api:admin_api.py:114 Contact deleted
INFO     tests.api.contact.conftest:conftest.py:44 Deleted default contact
DEBUG    util.admin.admin_api:admin_api.py:77 Deleting user with token: eyJhbGciOiJIUzI1NiIsInR5cCI6IkpXVCJ9.eyJfaWQiOiI2NzI4MGQ0NGQxMjg2YjAwMTMyMmNhNjYiLCJpYXQiOjE3MzA2NzgwODR9.tp9pv9vynk1Gl9bbDo4cxzlS5ixVNrEIIx6qoxwF4e0
DEBUG    urllib3.connectionpool:connectionpool.py:1051 Starting new HTTPS connection (1): thinking-tester-contact-list.herokuapp.com:443
DEBUG    urllib3.connectionpool:connectionpool.py:546 https://thinking-tester-contact-list.herokuapp.com:443 "DELETE /users/me HTTP/11" 200 0
DEBUG    util.admin.admin_api:admin_api.py:83 User deleted
INFO     tests.conftest:conftest.py:60 Deleted registered user
DEBUG    util.admin.admin_api:admin_api.py:33 Creating user: {'firstName': 'John', 'lastName': 'Green', 'email': 'john.green@mail.com', 'password': '1234567890'}
DEBUG    urllib3.connectionpool:connectionpool.py:1051 Starting new HTTPS connection (1): thinking-tester-contact-list.herokuapp.com:443
DEBUG    urllib3.connectionpool:connectionpool.py:546 https://thinking-tester-contact-list.herokuapp.com:443 "POST /users HTTP/11" 201 279
DEBUG    util.admin.admin_api:admin_api.py:39 Created user and received token: eyJhbGciOiJIUzI1NiIsInR5cCI6IkpXVCJ9.eyJfaWQiOiI2NzI4MGQ0OGQxMjg2YjAwMTMyMmNhNjgiLCJpYXQiOjE3MzA2NzgwODl9.aM_DFyntMUSLgJOwMDkFSFdrPv9SeHIXugZ2Sxbe01A
INFO     tests.conftest:conftest.py:56 Created registered user
DEBUG    util.admin.admin_api:admin_api.py:43 Logging in user with credentials: {email: john.green@mail.com, password: 1234567890}
DEBUG    urllib3.connectionpool:connectionpool.py:1051 Starting new HTTPS connection (1): thinking-tester-contact-list.herokuapp.com:443
DEBUG    urllib3.connectionpool:connectionpool.py:546 https://thinking-tester-contact-list.herokuapp.com:443 "POST /users/login HTTP/11" 200 279
DEBUG    util.admin.admin_api:admin_api.py:53 Logged in and received token: eyJhbGciOiJIUzI1NiIsInR5cCI6IkpXVCJ9.eyJfaWQiOiI2NzI4MGQ0OGQxMjg2YjAwMTMyMmNhNjgiLCJpYXQiOjE3MzA2NzgwODl9.aM_DFyntMUSLgJOwMDkFSFdrPv9SeHIXugZ2Sxbe01A
DEBUG    util.admin.admin_api:admin_api.py:86 Using token: eyJhbGciOiJIUzI1NiIsInR5cCI6IkpXVCJ9.eyJfaWQiOiI2NzI4MGQ0OGQxMjg2YjAwMTMyMmNhNjgiLCJpYXQiOjE3MzA2NzgwODl9.aM_DFyntMUSLgJOwMDkFSFdrPv9SeHIXugZ2Sxbe01A. Creating contact: {'firstName': 'Will', 'lastName': 'Smith', 'birthdate': '1968-09-25', 'email': 'will.smith@mail.com', 'phone': '1234567890', 'street1': '1 Main St.', 'street2': 'Apartment A', 'city': 'New York', 'stateProvince': 'NY', 'postalCode': '10118', 'country': 'USA'}
DEBUG    urllib3.connectionpool:connectionpool.py:1051 Starting new HTTPS connection (1): thinking-tester-contact-list.herokuapp.com:443
DEBUG    urllib3.connectionpool:connectionpool.py:546 https://thinking-tester-contact-list.herokuapp.com:443 "POST /contacts HTTP/11" 201 314
DEBUG    util.admin.admin_api:admin_api.py:93 Contact created: {'_id': '67280d4ad1286b001322ca6a', 'firstName': 'Will', 'lastName': 'Smith', 'birthdate': '1968-09-25', 'email': 'will.smith@mail.com', 'phone': '1234567890', 'street1': '1 Main St.', 'street2': 'Apartment A', 'city': 'New York', 'stateProvince': 'NY', 'postalCode': '10118', 'country': 'USA', 'owner': '67280d48d1286b001322ca68', '__v': 0}
INFO     tests.api.contact.conftest:conftest.py:41 Created default contact
DEBUG    tests.api.contact.test_api_contact:test_api_contact.py:156 Patching contact with {'firstName': 'Will', 'lastName': 'Smith', 'birthdate': '', 'email': 'will.smith@mail.com', 'phone': '1234567890', 'street1': '1 Main St.', 'street2': 'Apartment A', 'city': 'New York', 'stateProvince': 'NY', 'postalCode': '10118', 'country': 'USA'}
DEBUG    urllib3.connectionpool:connectionpool.py:1051 Starting new HTTPS connection (1): thinking-tester-contact-list.herokuapp.com:443
DEBUG    urllib3.connectionpool:connectionpool.py:546 https://thinking-tester-contact-list.herokuapp.com:443 "PATCH /contacts/67280d4ad1286b001322ca6a HTTP/11" 400 369
DEBUG    tests.api.contact.test_api_contact:test_api_contact.py:158 Received response text: {"errors":{"birthdate":{"name":"ValidatorError","message":"Birthdate is invalid","properties":{"message":"Birthdate is invalid","type":"user defined","path":"birthdate","value":"","reason":{}},"kind":"user defined","path":"birthdate","value":"","reason":{}}},"_message":"Contact validation failed","message":"Contact validation failed: birthdate: Birthdate is invalid"}
INFO     tests.api.contact.test_api_contact:test_api_contact.py:160 Can't patch contact fields to invalid ones as it is intended
DEBUG    util.admin.admin_api:admin_api.py:97 Getting contact with id: 67280d4ad1286b001322ca6a using token: eyJhbGciOiJIUzI1NiIsInR5cCI6IkpXVCJ9.eyJfaWQiOiI2NzI4MGQ0OGQxMjg2YjAwMTMyMmNhNjgiLCJpYXQiOjE3MzA2NzgwODl9.aM_DFyntMUSLgJOwMDkFSFdrPv9SeHIXugZ2Sxbe01A
DEBUG    urllib3.connectionpool:connectionpool.py:1051 Starting new HTTPS connection (1): thinking-tester-contact-list.herokuapp.com:443
DEBUG    urllib3.connectionpool:connectionpool.py:546 https://thinking-tester-contact-list.herokuapp.com:443 "GET /contacts/67280d4ad1286b001322ca6a HTTP/11" 200 314
DEBUG    util.admin.admin_api:admin_api.py:104 Received contact: {'_id': '67280d4ad1286b001322ca6a', 'firstName': 'Will', 'lastName': 'Smith', 'birthdate': '1968-09-25', 'email': 'will.smith@mail.com', 'phone': '1234567890', 'street1': '1 Main St.', 'street2': 'Apartment A', 'city': 'New York', 'stateProvince': 'NY', 'postalCode': '10118', 'country': 'USA', 'owner': '67280d48d1286b001322ca68', '__v': 0}
INFO     tests.api.contact.test_api_contact:test_api_contact.py:164 Contact fields was not patched to invalid ones
DEBUG    util.admin.admin_api:admin_api.py:108 Deleting contact with id: 67280d4ad1286b001322ca6a using token: eyJhbGciOiJIUzI1NiIsInR5cCI6IkpXVCJ9.eyJfaWQiOiI2NzI4MGQ0OGQxMjg2YjAwMTMyMmNhNjgiLCJpYXQiOjE3MzA2NzgwODl9.aM_DFyntMUSLgJOwMDkFSFdrPv9SeHIXugZ2Sxbe01A
DEBUG    urllib3.connectionpool:connectionpool.py:1051 Starting new HTTPS connection (1): thinking-tester-contact-list.herokuapp.com:443
DEBUG    urllib3.connectionpool:connectionpool.py:546 https://thinking-tester-contact-list.herokuapp.com:443 "DELETE /contacts/67280d4ad1286b001322ca6a HTTP/11" 200 15
DEBUG    util.admin.admin_api:admin_api.py:114 Contact deleted
INFO     tests.api.contact.conftest:conftest.py:44 Deleted default contact
DEBUG    util.admin.admin_api:admin_api.py:77 Deleting user with token: eyJhbGciOiJIUzI1NiIsInR5cCI6IkpXVCJ9.eyJfaWQiOiI2NzI4MGQ0OGQxMjg2YjAwMTMyMmNhNjgiLCJpYXQiOjE3MzA2NzgwODl9.aM_DFyntMUSLgJOwMDkFSFdrPv9SeHIXugZ2Sxbe01A
DEBUG    urllib3.connectionpool:connectionpool.py:1051 Starting new HTTPS connection (1): thinking-tester-contact-list.herokuapp.com:443
DEBUG    urllib3.connectionpool:connectionpool.py:546 https://thinking-tester-contact-list.herokuapp.com:443 "DELETE /users/me HTTP/11" 200 0
DEBUG    util.admin.admin_api:admin_api.py:83 User deleted
INFO     tests.conftest:conftest.py:60 Deleted registered user
DEBUG    util.admin.admin_api:admin_api.py:33 Creating user: {'firstName': 'John', 'lastName': 'Green', 'email': 'john.green@mail.com', 'password': '1234567890'}
DEBUG    urllib3.connectionpool:connectionpool.py:1051 Starting new HTTPS connection (1): thinking-tester-contact-list.herokuapp.com:443
DEBUG    urllib3.connectionpool:connectionpool.py:546 https://thinking-tester-contact-list.herokuapp.com:443 "POST /users HTTP/11" 201 279
DEBUG    util.admin.admin_api:admin_api.py:39 Created user and received token: eyJhbGciOiJIUzI1NiIsInR5cCI6IkpXVCJ9.eyJfaWQiOiI2NzI4MGQ0ZmJlZDRkYjAwMTM1YjExYmEiLCJpYXQiOjE3MzA2NzgwOTV9.UYTAFSX6fcjpnUEA44xTCqF-Fy46G9lMsbAja9NKzOI
INFO     tests.conftest:conftest.py:56 Created registered user
DEBUG    util.admin.admin_api:admin_api.py:43 Logging in user with credentials: {email: john.green@mail.com, password: 1234567890}
DEBUG    urllib3.connectionpool:connectionpool.py:1051 Starting new HTTPS connection (1): thinking-tester-contact-list.herokuapp.com:443
DEBUG    urllib3.connectionpool:connectionpool.py:546 https://thinking-tester-contact-list.herokuapp.com:443 "POST /users/login HTTP/11" 200 279
DEBUG    util.admin.admin_api:admin_api.py:53 Logged in and received token: eyJhbGciOiJIUzI1NiIsInR5cCI6IkpXVCJ9.eyJfaWQiOiI2NzI4MGQ0ZmJlZDRkYjAwMTM1YjExYmEiLCJpYXQiOjE3MzA2NzgwOTZ9.K156vvrfVbrSecBE8PNoH7liwnM5Jamdts5i56nD4o0
DEBUG    util.admin.admin_api:admin_api.py:86 Using token: eyJhbGciOiJIUzI1NiIsInR5cCI6IkpXVCJ9.eyJfaWQiOiI2NzI4MGQ0ZmJlZDRkYjAwMTM1YjExYmEiLCJpYXQiOjE3MzA2NzgwOTZ9.K156vvrfVbrSecBE8PNoH7liwnM5Jamdts5i56nD4o0. Creating contact: {'firstName': 'Will', 'lastName': 'Smith', 'birthdate': '1968-09-25', 'email': 'will.smith@mail.com', 'phone': '1234567890', 'street1': '1 Main St.', 'street2': 'Apartment A', 'city': 'New York', 'stateProvince': 'NY', 'postalCode': '10118', 'country': 'USA'}
DEBUG    urllib3.connectionpool:connectionpool.py:1051 Starting new HTTPS connection (1): thinking-tester-contact-list.herokuapp.com:443
DEBUG    urllib3.connectionpool:connectionpool.py:546 https://thinking-tester-contact-list.herokuapp.com:443 "POST /contacts HTTP/11" 201 314
DEBUG    util.admin.admin_api:admin_api.py:93 Contact created: {'_id': '67280d51d1286b001322ca6b', 'firstName': 'Will', 'lastName': 'Smith', 'birthdate': '1968-09-25', 'email': 'will.smith@mail.com', 'phone': '1234567890', 'street1': '1 Main St.', 'street2': 'Apartment A', 'city': 'New York', 'stateProvince': 'NY', 'postalCode': '10118', 'country': 'USA', 'owner': '67280d4fbed4db00135b11ba', '__v': 0}
INFO     tests.api.contact.conftest:conftest.py:41 Created default contact
DEBUG    tests.api.contact.test_api_contact:test_api_contact.py:156 Patching contact with {'firstName': 'Future', 'lastName': 'Guy', 'birthdate': '3034-03-10', 'email': 'future.guy@mail.com', 'phone': '1234567890', 'street1': '1 Main St.', 'street2': 'Apartment A', 'city': 'New York', 'stateProvince': 'NY', 'postalCode': '10118', 'country': 'USA'}
DEBUG    urllib3.connectionpool:connectionpool.py:1051 Starting new HTTPS connection (1): thinking-tester-contact-list.herokuapp.com:443
DEBUG    urllib3.connectionpool:connectionpool.py:546 https://thinking-tester-contact-list.herokuapp.com:443 "PATCH /contacts/67280d51d1286b001322ca6b HTTP/11" 200 314
DEBUG    tests.api.contact.test_api_contact:test_api_contact.py:158 Received response text: {"_id":"67280d51d1286b001322ca6b","firstName":"Future","lastName":"Guy","birthdate":"3034-03-10","email":"future.guy@mail.com","phone":"1234567890","street1":"1 Main St.","street2":"Apartment A","city":"New York","stateProvince":"NY","postalCode":"10118","country":"USA","owner":"67280d4fbed4db00135b11ba","__v":0}
DEBUG    util.admin.admin_api:admin_api.py:108 Deleting contact with id: 67280d51d1286b001322ca6b using token: eyJhbGciOiJIUzI1NiIsInR5cCI6IkpXVCJ9.eyJfaWQiOiI2NzI4MGQ0ZmJlZDRkYjAwMTM1YjExYmEiLCJpYXQiOjE3MzA2NzgwOTZ9.K156vvrfVbrSecBE8PNoH7liwnM5Jamdts5i56nD4o0
DEBUG    urllib3.connectionpool:connectionpool.py:1051 Starting new HTTPS connection (1): thinking-tester-contact-list.herokuapp.com:443
DEBUG    urllib3.connectionpool:connectionpool.py:546 https://thinking-tester-contact-list.herokuapp.com:443 "DELETE /contacts/67280d51d1286b001322ca6b HTTP/11" 200 15
DEBUG    util.admin.admin_api:admin_api.py:114 Contact deleted
INFO     tests.api.contact.conftest:conftest.py:44 Deleted default contact
DEBUG    util.admin.admin_api:admin_api.py:77 Deleting user with token: eyJhbGciOiJIUzI1NiIsInR5cCI6IkpXVCJ9.eyJfaWQiOiI2NzI4MGQ0ZmJlZDRkYjAwMTM1YjExYmEiLCJpYXQiOjE3MzA2NzgwOTV9.UYTAFSX6fcjpnUEA44xTCqF-Fy46G9lMsbAja9NKzOI
DEBUG    urllib3.connectionpool:connectionpool.py:1051 Starting new HTTPS connection (1): thinking-tester-contact-list.herokuapp.com:443
DEBUG    urllib3.connectionpool:connectionpool.py:546 https://thinking-tester-contact-list.herokuapp.com:443 "DELETE /users/me HTTP/11" 200 0
DEBUG    util.admin.admin_api:admin_api.py:83 User deleted
INFO     tests.conftest:conftest.py:60 Deleted registered user
DEBUG    util.admin.admin_api:admin_api.py:33 Creating user: {'firstName': 'John', 'lastName': 'Green', 'email': 'john.green@mail.com', 'password': '1234567890'}
DEBUG    urllib3.connectionpool:connectionpool.py:1051 Starting new HTTPS connection (1): thinking-tester-contact-list.herokuapp.com:443
DEBUG    urllib3.connectionpool:connectionpool.py:546 https://thinking-tester-contact-list.herokuapp.com:443 "POST /users HTTP/11" 201 279
DEBUG    util.admin.admin_api:admin_api.py:39 Created user and received token: eyJhbGciOiJIUzI1NiIsInR5cCI6IkpXVCJ9.eyJfaWQiOiI2NzI4MGQ1NGJlZDRkYjAwMTM1YjExYmQiLCJpYXQiOjE3MzA2NzgxMDB9.q8TRmJFEPWZ9a3LxMT5oOuy0dndiv_WDv8RgwLg_3xo
INFO     tests.conftest:conftest.py:56 Created registered user
DEBUG    util.admin.admin_api:admin_api.py:43 Logging in user with credentials: {email: john.green@mail.com, password: 1234567890}
DEBUG    urllib3.connectionpool:connectionpool.py:1051 Starting new HTTPS connection (1): thinking-tester-contact-list.herokuapp.com:443
DEBUG    urllib3.connectionpool:connectionpool.py:546 https://thinking-tester-contact-list.herokuapp.com:443 "POST /users/login HTTP/11" 200 279
DEBUG    util.admin.admin_api:admin_api.py:53 Logged in and received token: eyJhbGciOiJIUzI1NiIsInR5cCI6IkpXVCJ9.eyJfaWQiOiI2NzI4MGQ1NGJlZDRkYjAwMTM1YjExYmQiLCJpYXQiOjE3MzA2NzgxMDF9.kzmUNI3JV7jsj3KrEr-AuZEuxO4uy4zznkGUCIvawoc
DEBUG    util.admin.admin_api:admin_api.py:86 Using token: eyJhbGciOiJIUzI1NiIsInR5cCI6IkpXVCJ9.eyJfaWQiOiI2NzI4MGQ1NGJlZDRkYjAwMTM1YjExYmQiLCJpYXQiOjE3MzA2NzgxMDF9.kzmUNI3JV7jsj3KrEr-AuZEuxO4uy4zznkGUCIvawoc. Creating contact: {'firstName': 'Will', 'lastName': 'Smith', 'birthdate': '1968-09-25', 'email': 'will.smith@mail.com', 'phone': '1234567890', 'street1': '1 Main St.', 'street2': 'Apartment A', 'city': 'New York', 'stateProvince': 'NY', 'postalCode': '10118', 'country': 'USA'}
DEBUG    urllib3.connectionpool:connectionpool.py:1051 Starting new HTTPS connection (1): thinking-tester-contact-list.herokuapp.com:443
DEBUG    urllib3.connectionpool:connectionpool.py:546 https://thinking-tester-contact-list.herokuapp.com:443 "POST /contacts HTTP/11" 201 314
DEBUG    util.admin.admin_api:admin_api.py:93 Contact created: {'_id': '67280d56d1286b001322ca6d', 'firstName': 'Will', 'lastName': 'Smith', 'birthdate': '1968-09-25', 'email': 'will.smith@mail.com', 'phone': '1234567890', 'street1': '1 Main St.', 'street2': 'Apartment A', 'city': 'New York', 'stateProvince': 'NY', 'postalCode': '10118', 'country': 'USA', 'owner': '67280d54bed4db00135b11bd', '__v': 0}
INFO     tests.api.contact.conftest:conftest.py:41 Created default contact
DEBUG    tests.api.contact.test_api_contact:test_api_contact.py:156 Patching contact with {'firstName': 'No Leap', 'lastName': 'Year', 'birthdate': '2001-02-29', 'email': 'noleap.year@mail.com', 'phone': '1234567890', 'street1': '1 Main St.', 'street2': 'Apartment A', 'city': 'New York', 'stateProvince': 'NY', 'postalCode': '10118', 'country': 'USA'}
DEBUG    urllib3.connectionpool:connectionpool.py:1051 Starting new HTTPS connection (1): thinking-tester-contact-list.herokuapp.com:443
DEBUG    urllib3.connectionpool:connectionpool.py:546 https://thinking-tester-contact-list.herokuapp.com:443 "PATCH /contacts/67280d56d1286b001322ca6d HTTP/11" 400 389
DEBUG    tests.api.contact.test_api_contact:test_api_contact.py:158 Received response text: {"errors":{"birthdate":{"name":"ValidatorError","message":"Birthdate is invalid","properties":{"message":"Birthdate is invalid","type":"user defined","path":"birthdate","value":"2001-02-29","reason":{}},"kind":"user defined","path":"birthdate","value":"2001-02-29","reason":{}}},"_message":"Contact validation failed","message":"Contact validation failed: birthdate: Birthdate is invalid"}
INFO     tests.api.contact.test_api_contact:test_api_contact.py:160 Can't patch contact fields to invalid ones as it is intended
DEBUG    util.admin.admin_api:admin_api.py:97 Getting contact with id: 67280d56d1286b001322ca6d using token: eyJhbGciOiJIUzI1NiIsInR5cCI6IkpXVCJ9.eyJfaWQiOiI2NzI4MGQ1NGJlZDRkYjAwMTM1YjExYmQiLCJpYXQiOjE3MzA2NzgxMDF9.kzmUNI3JV7jsj3KrEr-AuZEuxO4uy4zznkGUCIvawoc
DEBUG    urllib3.connectionpool:connectionpool.py:1051 Starting new HTTPS connection (1): thinking-tester-contact-list.herokuapp.com:443
DEBUG    urllib3.connectionpool:connectionpool.py:546 https://thinking-tester-contact-list.herokuapp.com:443 "GET /contacts/67280d56d1286b001322ca6d HTTP/11" 200 314
DEBUG    util.admin.admin_api:admin_api.py:104 Received contact: {'_id': '67280d56d1286b001322ca6d', 'firstName': 'Will', 'lastName': 'Smith', 'birthdate': '1968-09-25', 'email': 'will.smith@mail.com', 'phone': '1234567890', 'street1': '1 Main St.', 'street2': 'Apartment A', 'city': 'New York', 'stateProvince': 'NY', 'postalCode': '10118', 'country': 'USA', 'owner': '67280d54bed4db00135b11bd', '__v': 0}
INFO     tests.api.contact.test_api_contact:test_api_contact.py:164 Contact fields was not patched to invalid ones
DEBUG    util.admin.admin_api:admin_api.py:108 Deleting contact with id: 67280d56d1286b001322ca6d using token: eyJhbGciOiJIUzI1NiIsInR5cCI6IkpXVCJ9.eyJfaWQiOiI2NzI4MGQ1NGJlZDRkYjAwMTM1YjExYmQiLCJpYXQiOjE3MzA2NzgxMDF9.kzmUNI3JV7jsj3KrEr-AuZEuxO4uy4zznkGUCIvawoc
DEBUG    urllib3.connectionpool:connectionpool.py:1051 Starting new HTTPS connection (1): thinking-tester-contact-list.herokuapp.com:443
DEBUG    urllib3.connectionpool:connectionpool.py:546 https://thinking-tester-contact-list.herokuapp.com:443 "DELETE /contacts/67280d56d1286b001322ca6d HTTP/11" 200 15
DEBUG    util.admin.admin_api:admin_api.py:114 Contact deleted
INFO     tests.api.contact.conftest:conftest.py:44 Deleted default contact
DEBUG    util.admin.admin_api:admin_api.py:77 Deleting user with token: eyJhbGciOiJIUzI1NiIsInR5cCI6IkpXVCJ9.eyJfaWQiOiI2NzI4MGQ1NGJlZDRkYjAwMTM1YjExYmQiLCJpYXQiOjE3MzA2NzgxMDB9.q8TRmJFEPWZ9a3LxMT5oOuy0dndiv_WDv8RgwLg_3xo
DEBUG    urllib3.connectionpool:connectionpool.py:1051 Starting new HTTPS connection (1): thinking-tester-contact-list.herokuapp.com:443
DEBUG    urllib3.connectionpool:connectionpool.py:546 https://thinking-tester-contact-list.herokuapp.com:443 "DELETE /users/me HTTP/11" 200 0
DEBUG    util.admin.admin_api:admin_api.py:83 User deleted
INFO     tests.conftest:conftest.py:60 Deleted registered user
DEBUG    util.admin.admin_api:admin_api.py:33 Creating user: {'firstName': 'John', 'lastName': 'Green', 'email': 'john.green@mail.com', 'password': '1234567890'}
DEBUG    urllib3.connectionpool:connectionpool.py:1051 Starting new HTTPS connection (1): thinking-tester-contact-list.herokuapp.com:443
DEBUG    urllib3.connectionpool:connectionpool.py:546 https://thinking-tester-contact-list.herokuapp.com:443 "POST /users HTTP/11" 201 279
DEBUG    util.admin.admin_api:admin_api.py:39 Created user and received token: eyJhbGciOiJIUzI1NiIsInR5cCI6IkpXVCJ9.eyJfaWQiOiI2NzI4MGQ1YWJlZDRkYjAwMTM1YjExYmYiLCJpYXQiOjE3MzA2NzgxMDZ9.0imSFzE2IbB0SIeytg7SgZ2BnDYKPOum9XQrHETgAnA
INFO     tests.conftest:conftest.py:56 Created registered user
DEBUG    util.admin.admin_api:admin_api.py:43 Logging in user with credentials: {email: john.green@mail.com, password: 1234567890}
DEBUG    urllib3.connectionpool:connectionpool.py:1051 Starting new HTTPS connection (1): thinking-tester-contact-list.herokuapp.com:443
DEBUG    urllib3.connectionpool:connectionpool.py:546 https://thinking-tester-contact-list.herokuapp.com:443 "POST /users/login HTTP/11" 200 279
DEBUG    util.admin.admin_api:admin_api.py:53 Logged in and received token: eyJhbGciOiJIUzI1NiIsInR5cCI6IkpXVCJ9.eyJfaWQiOiI2NzI4MGQ1YWJlZDRkYjAwMTM1YjExYmYiLCJpYXQiOjE3MzA2NzgxMDd9.7V9dC2zTBt3TY2XAJcrHup1FZatwWA3XHrNCFpea2t4
DEBUG    util.admin.admin_api:admin_api.py:86 Using token: eyJhbGciOiJIUzI1NiIsInR5cCI6IkpXVCJ9.eyJfaWQiOiI2NzI4MGQ1YWJlZDRkYjAwMTM1YjExYmYiLCJpYXQiOjE3MzA2NzgxMDd9.7V9dC2zTBt3TY2XAJcrHup1FZatwWA3XHrNCFpea2t4. Creating contact: {'firstName': 'Will', 'lastName': 'Smith', 'birthdate': '1968-09-25', 'email': 'will.smith@mail.com', 'phone': '1234567890', 'street1': '1 Main St.', 'street2': 'Apartment A', 'city': 'New York', 'stateProvince': 'NY', 'postalCode': '10118', 'country': 'USA'}
DEBUG    urllib3.connectionpool:connectionpool.py:1051 Starting new HTTPS connection (1): thinking-tester-contact-list.herokuapp.com:443
DEBUG    urllib3.connectionpool:connectionpool.py:546 https://thinking-tester-contact-list.herokuapp.com:443 "POST /contacts HTTP/11" 201 314
DEBUG    util.admin.admin_api:admin_api.py:93 Contact created: {'_id': '67280d5cbed4db00135b11c1', 'firstName': 'Will', 'lastName': 'Smith', 'birthdate': '1968-09-25', 'email': 'will.smith@mail.com', 'phone': '1234567890', 'street1': '1 Main St.', 'street2': 'Apartment A', 'city': 'New York', 'stateProvince': 'NY', 'postalCode': '10118', 'country': 'USA', 'owner': '67280d5abed4db00135b11bf', '__v': 0}
INFO     tests.api.contact.conftest:conftest.py:41 Created default contact
DEBUG    tests.api.contact.test_api_contact:test_api_contact.py:156 Patching contact with {'firstName': 'Will', 'lastName': 'Smith', 'birthdate': '2024-08-32', 'email': 'will.smith@mail.com', 'phone': '1234567890', 'street1': '1 Main St.', 'street2': 'Apartment A', 'city': 'New York', 'stateProvince': 'NY', 'postalCode': '10118', 'country': 'USA'}
DEBUG    urllib3.connectionpool:connectionpool.py:1051 Starting new HTTPS connection (1): thinking-tester-contact-list.herokuapp.com:443
DEBUG    urllib3.connectionpool:connectionpool.py:546 https://thinking-tester-contact-list.herokuapp.com:443 "PATCH /contacts/67280d5cbed4db00135b11c1 HTTP/11" 400 389
DEBUG    tests.api.contact.test_api_contact:test_api_contact.py:158 Received response text: {"errors":{"birthdate":{"name":"ValidatorError","message":"Birthdate is invalid","properties":{"message":"Birthdate is invalid","type":"user defined","path":"birthdate","value":"2024-08-32","reason":{}},"kind":"user defined","path":"birthdate","value":"2024-08-32","reason":{}}},"_message":"Contact validation failed","message":"Contact validation failed: birthdate: Birthdate is invalid"}
INFO     tests.api.contact.test_api_contact:test_api_contact.py:160 Can't patch contact fields to invalid ones as it is intended
DEBUG    util.admin.admin_api:admin_api.py:97 Getting contact with id: 67280d5cbed4db00135b11c1 using token: eyJhbGciOiJIUzI1NiIsInR5cCI6IkpXVCJ9.eyJfaWQiOiI2NzI4MGQ1YWJlZDRkYjAwMTM1YjExYmYiLCJpYXQiOjE3MzA2NzgxMDd9.7V9dC2zTBt3TY2XAJcrHup1FZatwWA3XHrNCFpea2t4
DEBUG    urllib3.connectionpool:connectionpool.py:1051 Starting new HTTPS connection (1): thinking-tester-contact-list.herokuapp.com:443
DEBUG    urllib3.connectionpool:connectionpool.py:546 https://thinking-tester-contact-list.herokuapp.com:443 "GET /contacts/67280d5cbed4db00135b11c1 HTTP/11" 200 314
DEBUG    util.admin.admin_api:admin_api.py:104 Received contact: {'_id': '67280d5cbed4db00135b11c1', 'firstName': 'Will', 'lastName': 'Smith', 'birthdate': '1968-09-25', 'email': 'will.smith@mail.com', 'phone': '1234567890', 'street1': '1 Main St.', 'street2': 'Apartment A', 'city': 'New York', 'stateProvince': 'NY', 'postalCode': '10118', 'country': 'USA', 'owner': '67280d5abed4db00135b11bf', '__v': 0}
INFO     tests.api.contact.test_api_contact:test_api_contact.py:164 Contact fields was not patched to invalid ones
DEBUG    util.admin.admin_api:admin_api.py:108 Deleting contact with id: 67280d5cbed4db00135b11c1 using token: eyJhbGciOiJIUzI1NiIsInR5cCI6IkpXVCJ9.eyJfaWQiOiI2NzI4MGQ1YWJlZDRkYjAwMTM1YjExYmYiLCJpYXQiOjE3MzA2NzgxMDd9.7V9dC2zTBt3TY2XAJcrHup1FZatwWA3XHrNCFpea2t4
DEBUG    urllib3.connectionpool:connectionpool.py:1051 Starting new HTTPS connection (1): thinking-tester-contact-list.herokuapp.com:443
DEBUG    urllib3.connectionpool:connectionpool.py:546 https://thinking-tester-contact-list.herokuapp.com:443 "DELETE /contacts/67280d5cbed4db00135b11c1 HTTP/11" 200 15
DEBUG    util.admin.admin_api:admin_api.py:114 Contact deleted
INFO     tests.api.contact.conftest:conftest.py:44 Deleted default contact
DEBUG    util.admin.admin_api:admin_api.py:77 Deleting user with token: eyJhbGciOiJIUzI1NiIsInR5cCI6IkpXVCJ9.eyJfaWQiOiI2NzI4MGQ1YWJlZDRkYjAwMTM1YjExYmYiLCJpYXQiOjE3MzA2NzgxMDZ9.0imSFzE2IbB0SIeytg7SgZ2BnDYKPOum9XQrHETgAnA
DEBUG    urllib3.connectionpool:connectionpool.py:1051 Starting new HTTPS connection (1): thinking-tester-contact-list.herokuapp.com:443
DEBUG    urllib3.connectionpool:connectionpool.py:546 https://thinking-tester-contact-list.herokuapp.com:443 "DELETE /users/me HTTP/11" 200 0
DEBUG    util.admin.admin_api:admin_api.py:83 User deleted
INFO     tests.conftest:conftest.py:60 Deleted registered user
DEBUG    util.admin.admin_api:admin_api.py:33 Creating user: {'firstName': 'John', 'lastName': 'Green', 'email': 'john.green@mail.com', 'password': '1234567890'}
DEBUG    urllib3.connectionpool:connectionpool.py:1051 Starting new HTTPS connection (1): thinking-tester-contact-list.herokuapp.com:443
DEBUG    urllib3.connectionpool:connectionpool.py:546 https://thinking-tester-contact-list.herokuapp.com:443 "POST /users HTTP/11" 201 279
DEBUG    util.admin.admin_api:admin_api.py:39 Created user and received token: eyJhbGciOiJIUzI1NiIsInR5cCI6IkpXVCJ9.eyJfaWQiOiI2NzI4MGQ2MGQxMjg2YjAwMTMyMmNhNmYiLCJpYXQiOjE3MzA2NzgxMTJ9.XzcssLQOTgDLZ6hLRJFRWaJNcurwf4iowCDbcQU_AvQ
INFO     tests.conftest:conftest.py:56 Created registered user
DEBUG    util.admin.admin_api:admin_api.py:43 Logging in user with credentials: {email: john.green@mail.com, password: 1234567890}
DEBUG    urllib3.connectionpool:connectionpool.py:1051 Starting new HTTPS connection (1): thinking-tester-contact-list.herokuapp.com:443
DEBUG    urllib3.connectionpool:connectionpool.py:546 https://thinking-tester-contact-list.herokuapp.com:443 "POST /users/login HTTP/11" 200 279
DEBUG    util.admin.admin_api:admin_api.py:53 Logged in and received token: eyJhbGciOiJIUzI1NiIsInR5cCI6IkpXVCJ9.eyJfaWQiOiI2NzI4MGQ2MGQxMjg2YjAwMTMyMmNhNmYiLCJpYXQiOjE3MzA2NzgxMTN9.SwGcsAmTU3QaKKXAI5-WQSygwW5tMm9Ts9ryODvHRUk
DEBUG    util.admin.admin_api:admin_api.py:86 Using token: eyJhbGciOiJIUzI1NiIsInR5cCI6IkpXVCJ9.eyJfaWQiOiI2NzI4MGQ2MGQxMjg2YjAwMTMyMmNhNmYiLCJpYXQiOjE3MzA2NzgxMTN9.SwGcsAmTU3QaKKXAI5-WQSygwW5tMm9Ts9ryODvHRUk. Creating contact: {'firstName': 'Will', 'lastName': 'Smith', 'birthdate': '1968-09-25', 'email': 'will.smith@mail.com', 'phone': '1234567890', 'street1': '1 Main St.', 'street2': 'Apartment A', 'city': 'New York', 'stateProvince': 'NY', 'postalCode': '10118', 'country': 'USA'}
DEBUG    urllib3.connectionpool:connectionpool.py:1051 Starting new HTTPS connection (1): thinking-tester-contact-list.herokuapp.com:443
DEBUG    urllib3.connectionpool:connectionpool.py:546 https://thinking-tester-contact-list.herokuapp.com:443 "POST /contacts HTTP/11" 201 314
DEBUG    util.admin.admin_api:admin_api.py:93 Contact created: {'_id': '67280d62d1286b001322ca71', 'firstName': 'Will', 'lastName': 'Smith', 'birthdate': '1968-09-25', 'email': 'will.smith@mail.com', 'phone': '1234567890', 'street1': '1 Main St.', 'street2': 'Apartment A', 'city': 'New York', 'stateProvince': 'NY', 'postalCode': '10118', 'country': 'USA', 'owner': '67280d60d1286b001322ca6f', '__v': 0}
INFO     tests.api.contact.conftest:conftest.py:41 Created default contact
DEBUG    tests.api.contact.test_api_contact:test_api_contact.py:156 Patching contact with {'firstName': 'Will', 'lastName': 'Smith', 'birthdate': '2024-09-31', 'email': 'will.smith@mail.com', 'phone': '1234567890', 'street1': '1 Main St.', 'street2': 'Apartment A', 'city': 'New York', 'stateProvince': 'NY', 'postalCode': '10118', 'country': 'USA'}
DEBUG    urllib3.connectionpool:connectionpool.py:1051 Starting new HTTPS connection (1): thinking-tester-contact-list.herokuapp.com:443
DEBUG    urllib3.connectionpool:connectionpool.py:546 https://thinking-tester-contact-list.herokuapp.com:443 "PATCH /contacts/67280d62d1286b001322ca71 HTTP/11" 400 389
DEBUG    tests.api.contact.test_api_contact:test_api_contact.py:158 Received response text: {"errors":{"birthdate":{"name":"ValidatorError","message":"Birthdate is invalid","properties":{"message":"Birthdate is invalid","type":"user defined","path":"birthdate","value":"2024-09-31","reason":{}},"kind":"user defined","path":"birthdate","value":"2024-09-31","reason":{}}},"_message":"Contact validation failed","message":"Contact validation failed: birthdate: Birthdate is invalid"}
INFO     tests.api.contact.test_api_contact:test_api_contact.py:160 Can't patch contact fields to invalid ones as it is intended
DEBUG    util.admin.admin_api:admin_api.py:97 Getting contact with id: 67280d62d1286b001322ca71 using token: eyJhbGciOiJIUzI1NiIsInR5cCI6IkpXVCJ9.eyJfaWQiOiI2NzI4MGQ2MGQxMjg2YjAwMTMyMmNhNmYiLCJpYXQiOjE3MzA2NzgxMTN9.SwGcsAmTU3QaKKXAI5-WQSygwW5tMm9Ts9ryODvHRUk
DEBUG    urllib3.connectionpool:connectionpool.py:1051 Starting new HTTPS connection (1): thinking-tester-contact-list.herokuapp.com:443
DEBUG    urllib3.connectionpool:connectionpool.py:546 https://thinking-tester-contact-list.herokuapp.com:443 "GET /contacts/67280d62d1286b001322ca71 HTTP/11" 200 314
DEBUG    util.admin.admin_api:admin_api.py:104 Received contact: {'_id': '67280d62d1286b001322ca71', 'firstName': 'Will', 'lastName': 'Smith', 'birthdate': '1968-09-25', 'email': 'will.smith@mail.com', 'phone': '1234567890', 'street1': '1 Main St.', 'street2': 'Apartment A', 'city': 'New York', 'stateProvince': 'NY', 'postalCode': '10118', 'country': 'USA', 'owner': '67280d60d1286b001322ca6f', '__v': 0}
INFO     tests.api.contact.test_api_contact:test_api_contact.py:164 Contact fields was not patched to invalid ones
DEBUG    util.admin.admin_api:admin_api.py:108 Deleting contact with id: 67280d62d1286b001322ca71 using token: eyJhbGciOiJIUzI1NiIsInR5cCI6IkpXVCJ9.eyJfaWQiOiI2NzI4MGQ2MGQxMjg2YjAwMTMyMmNhNmYiLCJpYXQiOjE3MzA2NzgxMTN9.SwGcsAmTU3QaKKXAI5-WQSygwW5tMm9Ts9ryODvHRUk
DEBUG    urllib3.connectionpool:connectionpool.py:1051 Starting new HTTPS connection (1): thinking-tester-contact-list.herokuapp.com:443
DEBUG    urllib3.connectionpool:connectionpool.py:546 https://thinking-tester-contact-list.herokuapp.com:443 "DELETE /contacts/67280d62d1286b001322ca71 HTTP/11" 200 15
DEBUG    util.admin.admin_api:admin_api.py:114 Contact deleted
INFO     tests.api.contact.conftest:conftest.py:44 Deleted default contact
DEBUG    util.admin.admin_api:admin_api.py:77 Deleting user with token: eyJhbGciOiJIUzI1NiIsInR5cCI6IkpXVCJ9.eyJfaWQiOiI2NzI4MGQ2MGQxMjg2YjAwMTMyMmNhNmYiLCJpYXQiOjE3MzA2NzgxMTJ9.XzcssLQOTgDLZ6hLRJFRWaJNcurwf4iowCDbcQU_AvQ
DEBUG    urllib3.connectionpool:connectionpool.py:1051 Starting new HTTPS connection (1): thinking-tester-contact-list.herokuapp.com:443
DEBUG    urllib3.connectionpool:connectionpool.py:546 https://thinking-tester-contact-list.herokuapp.com:443 "DELETE /users/me HTTP/11" 200 0
DEBUG    util.admin.admin_api:admin_api.py:83 User deleted
INFO     tests.conftest:conftest.py:60 Deleted registered user
DEBUG    util.admin.admin_api:admin_api.py:33 Creating user: {'firstName': 'John', 'lastName': 'Green', 'email': 'john.green@mail.com', 'password': '1234567890'}
DEBUG    urllib3.connectionpool:connectionpool.py:1051 Starting new HTTPS connection (1): thinking-tester-contact-list.herokuapp.com:443
DEBUG    urllib3.connectionpool:connectionpool.py:546 https://thinking-tester-contact-list.herokuapp.com:443 "POST /users HTTP/11" 201 279
DEBUG    util.admin.admin_api:admin_api.py:39 Created user and received token: eyJhbGciOiJIUzI1NiIsInR5cCI6IkpXVCJ9.eyJfaWQiOiI2NzI4MGQ2N2QxMjg2YjAwMTMyMmNhNzIiLCJpYXQiOjE3MzA2NzgxMTl9.oywATxjcAJt2EMLh2-TGMMqK7W0TKx64vrhMZliZ3n0
INFO     tests.conftest:conftest.py:56 Created registered user
DEBUG    util.admin.admin_api:admin_api.py:43 Logging in user with credentials: {email: john.green@mail.com, password: 1234567890}
DEBUG    urllib3.connectionpool:connectionpool.py:1051 Starting new HTTPS connection (1): thinking-tester-contact-list.herokuapp.com:443
DEBUG    urllib3.connectionpool:connectionpool.py:546 https://thinking-tester-contact-list.herokuapp.com:443 "POST /users/login HTTP/11" 200 279
DEBUG    util.admin.admin_api:admin_api.py:53 Logged in and received token: eyJhbGciOiJIUzI1NiIsInR5cCI6IkpXVCJ9.eyJfaWQiOiI2NzI4MGQ2N2QxMjg2YjAwMTMyMmNhNzIiLCJpYXQiOjE3MzA2NzgxMjB9.627MZ5Ne-Uxw_fQSTQgvO6DVSiDkho8TzaBneFhnrow
DEBUG    util.admin.admin_api:admin_api.py:86 Using token: eyJhbGciOiJIUzI1NiIsInR5cCI6IkpXVCJ9.eyJfaWQiOiI2NzI4MGQ2N2QxMjg2YjAwMTMyMmNhNzIiLCJpYXQiOjE3MzA2NzgxMjB9.627MZ5Ne-Uxw_fQSTQgvO6DVSiDkho8TzaBneFhnrow. Creating contact: {'firstName': 'Will', 'lastName': 'Smith', 'birthdate': '1968-09-25', 'email': 'will.smith@mail.com', 'phone': '1234567890', 'street1': '1 Main St.', 'street2': 'Apartment A', 'city': 'New York', 'stateProvince': 'NY', 'postalCode': '10118', 'country': 'USA'}
DEBUG    urllib3.connectionpool:connectionpool.py:1051 Starting new HTTPS connection (1): thinking-tester-contact-list.herokuapp.com:443
DEBUG    urllib3.connectionpool:connectionpool.py:546 https://thinking-tester-contact-list.herokuapp.com:443 "POST /contacts HTTP/11" 201 314
DEBUG    util.admin.admin_api:admin_api.py:93 Contact created: {'_id': '67280d69bed4db00135b11c3', 'firstName': 'Will', 'lastName': 'Smith', 'birthdate': '1968-09-25', 'email': 'will.smith@mail.com', 'phone': '1234567890', 'street1': '1 Main St.', 'street2': 'Apartment A', 'city': 'New York', 'stateProvince': 'NY', 'postalCode': '10118', 'country': 'USA', 'owner': '67280d67d1286b001322ca72', '__v': 0}
INFO     tests.api.contact.conftest:conftest.py:41 Created default contact
DEBUG    tests.api.contact.test_api_contact:test_api_contact.py:156 Patching contact with {'firstName': 'Will', 'lastName': 'Smith', 'birthdate': '1968-13-25', 'email': 'will.smith@mail.com', 'phone': '1234567890', 'street1': '1 Main St.', 'street2': 'Apartment A', 'city': 'New York', 'stateProvince': 'NY', 'postalCode': '10118', 'country': 'USA'}
DEBUG    urllib3.connectionpool:connectionpool.py:1051 Starting new HTTPS connection (1): thinking-tester-contact-list.herokuapp.com:443
DEBUG    urllib3.connectionpool:connectionpool.py:546 https://thinking-tester-contact-list.herokuapp.com:443 "PATCH /contacts/67280d69bed4db00135b11c3 HTTP/11" 400 389
DEBUG    tests.api.contact.test_api_contact:test_api_contact.py:158 Received response text: {"errors":{"birthdate":{"name":"ValidatorError","message":"Birthdate is invalid","properties":{"message":"Birthdate is invalid","type":"user defined","path":"birthdate","value":"1968-13-25","reason":{}},"kind":"user defined","path":"birthdate","value":"1968-13-25","reason":{}}},"_message":"Contact validation failed","message":"Contact validation failed: birthdate: Birthdate is invalid"}
INFO     tests.api.contact.test_api_contact:test_api_contact.py:160 Can't patch contact fields to invalid ones as it is intended
DEBUG    util.admin.admin_api:admin_api.py:97 Getting contact with id: 67280d69bed4db00135b11c3 using token: eyJhbGciOiJIUzI1NiIsInR5cCI6IkpXVCJ9.eyJfaWQiOiI2NzI4MGQ2N2QxMjg2YjAwMTMyMmNhNzIiLCJpYXQiOjE3MzA2NzgxMjB9.627MZ5Ne-Uxw_fQSTQgvO6DVSiDkho8TzaBneFhnrow
DEBUG    urllib3.connectionpool:connectionpool.py:1051 Starting new HTTPS connection (1): thinking-tester-contact-list.herokuapp.com:443
DEBUG    urllib3.connectionpool:connectionpool.py:546 https://thinking-tester-contact-list.herokuapp.com:443 "GET /contacts/67280d69bed4db00135b11c3 HTTP/11" 200 314
DEBUG    util.admin.admin_api:admin_api.py:104 Received contact: {'_id': '67280d69bed4db00135b11c3', 'firstName': 'Will', 'lastName': 'Smith', 'birthdate': '1968-09-25', 'email': 'will.smith@mail.com', 'phone': '1234567890', 'street1': '1 Main St.', 'street2': 'Apartment A', 'city': 'New York', 'stateProvince': 'NY', 'postalCode': '10118', 'country': 'USA', 'owner': '67280d67d1286b001322ca72', '__v': 0}
INFO     tests.api.contact.test_api_contact:test_api_contact.py:164 Contact fields was not patched to invalid ones
DEBUG    util.admin.admin_api:admin_api.py:108 Deleting contact with id: 67280d69bed4db00135b11c3 using token: eyJhbGciOiJIUzI1NiIsInR5cCI6IkpXVCJ9.eyJfaWQiOiI2NzI4MGQ2N2QxMjg2YjAwMTMyMmNhNzIiLCJpYXQiOjE3MzA2NzgxMjB9.627MZ5Ne-Uxw_fQSTQgvO6DVSiDkho8TzaBneFhnrow
DEBUG    urllib3.connectionpool:connectionpool.py:1051 Starting new HTTPS connection (1): thinking-tester-contact-list.herokuapp.com:443
DEBUG    urllib3.connectionpool:connectionpool.py:546 https://thinking-tester-contact-list.herokuapp.com:443 "DELETE /contacts/67280d69bed4db00135b11c3 HTTP/11" 200 15
DEBUG    util.admin.admin_api:admin_api.py:114 Contact deleted
INFO     tests.api.contact.conftest:conftest.py:44 Deleted default contact
DEBUG    util.admin.admin_api:admin_api.py:77 Deleting user with token: eyJhbGciOiJIUzI1NiIsInR5cCI6IkpXVCJ9.eyJfaWQiOiI2NzI4MGQ2N2QxMjg2YjAwMTMyMmNhNzIiLCJpYXQiOjE3MzA2NzgxMTl9.oywATxjcAJt2EMLh2-TGMMqK7W0TKx64vrhMZliZ3n0
DEBUG    urllib3.connectionpool:connectionpool.py:1051 Starting new HTTPS connection (1): thinking-tester-contact-list.herokuapp.com:443
DEBUG    urllib3.connectionpool:connectionpool.py:546 https://thinking-tester-contact-list.herokuapp.com:443 "DELETE /users/me HTTP/11" 200 0
DEBUG    util.admin.admin_api:admin_api.py:83 User deleted
INFO     tests.conftest:conftest.py:60 Deleted registered user
DEBUG    util.admin.admin_api:admin_api.py:33 Creating user: {'firstName': 'John', 'lastName': 'Green', 'email': 'john.green@mail.com', 'password': '1234567890'}
DEBUG    urllib3.connectionpool:connectionpool.py:1051 Starting new HTTPS connection (1): thinking-tester-contact-list.herokuapp.com:443
DEBUG    urllib3.connectionpool:connectionpool.py:546 https://thinking-tester-contact-list.herokuapp.com:443 "POST /users HTTP/11" 201 279
DEBUG    util.admin.admin_api:admin_api.py:39 Created user and received token: eyJhbGciOiJIUzI1NiIsInR5cCI6IkpXVCJ9.eyJfaWQiOiI2NzI4MGQ2ZGJlZDRkYjAwMTM1YjExYzQiLCJpYXQiOjE3MzA2NzgxMjV9.xgqtr82PqQQ5NXYi3LlxKEsNwB8_51gS9M3MI7jPriE
INFO     tests.conftest:conftest.py:56 Created registered user
DEBUG    util.admin.admin_api:admin_api.py:43 Logging in user with credentials: {email: john.green@mail.com, password: 1234567890}
DEBUG    urllib3.connectionpool:connectionpool.py:1051 Starting new HTTPS connection (1): thinking-tester-contact-list.herokuapp.com:443
DEBUG    urllib3.connectionpool:connectionpool.py:546 https://thinking-tester-contact-list.herokuapp.com:443 "POST /users/login HTTP/11" 200 279
DEBUG    util.admin.admin_api:admin_api.py:53 Logged in and received token: eyJhbGciOiJIUzI1NiIsInR5cCI6IkpXVCJ9.eyJfaWQiOiI2NzI4MGQ2ZGJlZDRkYjAwMTM1YjExYzQiLCJpYXQiOjE3MzA2NzgxMjZ9.WkPeaTpc5-q1NhhMWzWoDuhJ5uxqXHc4Cl1CIc3VmtI
DEBUG    util.admin.admin_api:admin_api.py:86 Using token: eyJhbGciOiJIUzI1NiIsInR5cCI6IkpXVCJ9.eyJfaWQiOiI2NzI4MGQ2ZGJlZDRkYjAwMTM1YjExYzQiLCJpYXQiOjE3MzA2NzgxMjZ9.WkPeaTpc5-q1NhhMWzWoDuhJ5uxqXHc4Cl1CIc3VmtI. Creating contact: {'firstName': 'Will', 'lastName': 'Smith', 'birthdate': '1968-09-25', 'email': 'will.smith@mail.com', 'phone': '1234567890', 'street1': '1 Main St.', 'street2': 'Apartment A', 'city': 'New York', 'stateProvince': 'NY', 'postalCode': '10118', 'country': 'USA'}
DEBUG    urllib3.connectionpool:connectionpool.py:1051 Starting new HTTPS connection (1): thinking-tester-contact-list.herokuapp.com:443
DEBUG    urllib3.connectionpool:connectionpool.py:546 https://thinking-tester-contact-list.herokuapp.com:443 "POST /contacts HTTP/11" 201 314
DEBUG    util.admin.admin_api:admin_api.py:93 Contact created: {'_id': '67280d6fd1286b001322ca75', 'firstName': 'Will', 'lastName': 'Smith', 'birthdate': '1968-09-25', 'email': 'will.smith@mail.com', 'phone': '1234567890', 'street1': '1 Main St.', 'street2': 'Apartment A', 'city': 'New York', 'stateProvince': 'NY', 'postalCode': '10118', 'country': 'USA', 'owner': '67280d6dbed4db00135b11c4', '__v': 0}
INFO     tests.api.contact.conftest:conftest.py:41 Created default contact
DEBUG    tests.api.contact.test_api_contact:test_api_contact.py:156 Patching contact with {'firstName': 'Will', 'lastName': 'Smith', 'birthdate': '1968-00-25', 'email': 'will.smith@mail.com', 'phone': '1234567890', 'street1': '1 Main St.', 'street2': 'Apartment A', 'city': 'New York', 'stateProvince': 'NY', 'postalCode': '10118', 'country': 'USA'}
DEBUG    urllib3.connectionpool:connectionpool.py:1051 Starting new HTTPS connection (1): thinking-tester-contact-list.herokuapp.com:443
DEBUG    urllib3.connectionpool:connectionpool.py:546 https://thinking-tester-contact-list.herokuapp.com:443 "PATCH /contacts/67280d6fd1286b001322ca75 HTTP/11" 400 389
DEBUG    tests.api.contact.test_api_contact:test_api_contact.py:158 Received response text: {"errors":{"birthdate":{"name":"ValidatorError","message":"Birthdate is invalid","properties":{"message":"Birthdate is invalid","type":"user defined","path":"birthdate","value":"1968-00-25","reason":{}},"kind":"user defined","path":"birthdate","value":"1968-00-25","reason":{}}},"_message":"Contact validation failed","message":"Contact validation failed: birthdate: Birthdate is invalid"}
INFO     tests.api.contact.test_api_contact:test_api_contact.py:160 Can't patch contact fields to invalid ones as it is intended
DEBUG    util.admin.admin_api:admin_api.py:97 Getting contact with id: 67280d6fd1286b001322ca75 using token: eyJhbGciOiJIUzI1NiIsInR5cCI6IkpXVCJ9.eyJfaWQiOiI2NzI4MGQ2ZGJlZDRkYjAwMTM1YjExYzQiLCJpYXQiOjE3MzA2NzgxMjZ9.WkPeaTpc5-q1NhhMWzWoDuhJ5uxqXHc4Cl1CIc3VmtI
DEBUG    urllib3.connectionpool:connectionpool.py:1051 Starting new HTTPS connection (1): thinking-tester-contact-list.herokuapp.com:443
DEBUG    urllib3.connectionpool:connectionpool.py:546 https://thinking-tester-contact-list.herokuapp.com:443 "GET /contacts/67280d6fd1286b001322ca75 HTTP/11" 200 314
DEBUG    util.admin.admin_api:admin_api.py:104 Received contact: {'_id': '67280d6fd1286b001322ca75', 'firstName': 'Will', 'lastName': 'Smith', 'birthdate': '1968-09-25', 'email': 'will.smith@mail.com', 'phone': '1234567890', 'street1': '1 Main St.', 'street2': 'Apartment A', 'city': 'New York', 'stateProvince': 'NY', 'postalCode': '10118', 'country': 'USA', 'owner': '67280d6dbed4db00135b11c4', '__v': 0}
INFO     tests.api.contact.test_api_contact:test_api_contact.py:164 Contact fields was not patched to invalid ones
DEBUG    util.admin.admin_api:admin_api.py:108 Deleting contact with id: 67280d6fd1286b001322ca75 using token: eyJhbGciOiJIUzI1NiIsInR5cCI6IkpXVCJ9.eyJfaWQiOiI2NzI4MGQ2ZGJlZDRkYjAwMTM1YjExYzQiLCJpYXQiOjE3MzA2NzgxMjZ9.WkPeaTpc5-q1NhhMWzWoDuhJ5uxqXHc4Cl1CIc3VmtI
DEBUG    urllib3.connectionpool:connectionpool.py:1051 Starting new HTTPS connection (1): thinking-tester-contact-list.herokuapp.com:443
DEBUG    urllib3.connectionpool:connectionpool.py:546 https://thinking-tester-contact-list.herokuapp.com:443 "DELETE /contacts/67280d6fd1286b001322ca75 HTTP/11" 200 15
DEBUG    util.admin.admin_api:admin_api.py:114 Contact deleted
INFO     tests.api.contact.conftest:conftest.py:44 Deleted default contact
DEBUG    util.admin.admin_api:admin_api.py:77 Deleting user with token: eyJhbGciOiJIUzI1NiIsInR5cCI6IkpXVCJ9.eyJfaWQiOiI2NzI4MGQ2ZGJlZDRkYjAwMTM1YjExYzQiLCJpYXQiOjE3MzA2NzgxMjV9.xgqtr82PqQQ5NXYi3LlxKEsNwB8_51gS9M3MI7jPriE
DEBUG    urllib3.connectionpool:connectionpool.py:1051 Starting new HTTPS connection (1): thinking-tester-contact-list.herokuapp.com:443
DEBUG    urllib3.connectionpool:connectionpool.py:546 https://thinking-tester-contact-list.herokuapp.com:443 "DELETE /users/me HTTP/11" 200 0
DEBUG    util.admin.admin_api:admin_api.py:83 User deleted
INFO     tests.conftest:conftest.py:60 Deleted registered user
DEBUG    util.admin.admin_api:admin_api.py:33 Creating user: {'firstName': 'John', 'lastName': 'Green', 'email': 'john.green@mail.com', 'password': '1234567890'}
DEBUG    urllib3.connectionpool:connectionpool.py:1051 Starting new HTTPS connection (1): thinking-tester-contact-list.herokuapp.com:443
DEBUG    urllib3.connectionpool:connectionpool.py:546 https://thinking-tester-contact-list.herokuapp.com:443 "POST /users HTTP/11" 201 279
DEBUG    util.admin.admin_api:admin_api.py:39 Created user and received token: eyJhbGciOiJIUzI1NiIsInR5cCI6IkpXVCJ9.eyJfaWQiOiI2NzI4MGQ3M2QxMjg2YjAwMTMyMmNhNzYiLCJpYXQiOjE3MzA2NzgxMzF9.mpYmGUPod-e7AMaspfNwKh1HEYN-3CjRO7jgq9oPnmE
INFO     tests.conftest:conftest.py:56 Created registered user
DEBUG    util.admin.admin_api:admin_api.py:43 Logging in user with credentials: {email: john.green@mail.com, password: 1234567890}
DEBUG    urllib3.connectionpool:connectionpool.py:1051 Starting new HTTPS connection (1): thinking-tester-contact-list.herokuapp.com:443
DEBUG    urllib3.connectionpool:connectionpool.py:546 https://thinking-tester-contact-list.herokuapp.com:443 "POST /users/login HTTP/11" 200 279
DEBUG    util.admin.admin_api:admin_api.py:53 Logged in and received token: eyJhbGciOiJIUzI1NiIsInR5cCI6IkpXVCJ9.eyJfaWQiOiI2NzI4MGQ3M2QxMjg2YjAwMTMyMmNhNzYiLCJpYXQiOjE3MzA2NzgxMzJ9.OI4jwEGJ0d7-ZRB73IafmtpmS77aTsCvVLWN5LpzEkQ
DEBUG    util.admin.admin_api:admin_api.py:86 Using token: eyJhbGciOiJIUzI1NiIsInR5cCI6IkpXVCJ9.eyJfaWQiOiI2NzI4MGQ3M2QxMjg2YjAwMTMyMmNhNzYiLCJpYXQiOjE3MzA2NzgxMzJ9.OI4jwEGJ0d7-ZRB73IafmtpmS77aTsCvVLWN5LpzEkQ. Creating contact: {'firstName': 'Will', 'lastName': 'Smith', 'birthdate': '1968-09-25', 'email': 'will.smith@mail.com', 'phone': '1234567890', 'street1': '1 Main St.', 'street2': 'Apartment A', 'city': 'New York', 'stateProvince': 'NY', 'postalCode': '10118', 'country': 'USA'}
DEBUG    urllib3.connectionpool:connectionpool.py:1051 Starting new HTTPS connection (1): thinking-tester-contact-list.herokuapp.com:443
DEBUG    urllib3.connectionpool:connectionpool.py:546 https://thinking-tester-contact-list.herokuapp.com:443 "POST /contacts HTTP/11" 201 314
DEBUG    util.admin.admin_api:admin_api.py:93 Contact created: {'_id': '67280d75d1286b001322ca78', 'firstName': 'Will', 'lastName': 'Smith', 'birthdate': '1968-09-25', 'email': 'will.smith@mail.com', 'phone': '1234567890', 'street1': '1 Main St.', 'street2': 'Apartment A', 'city': 'New York', 'stateProvince': 'NY', 'postalCode': '10118', 'country': 'USA', 'owner': '67280d73d1286b001322ca76', '__v': 0}
INFO     tests.api.contact.conftest:conftest.py:41 Created default contact
DEBUG    tests.api.contact.test_api_contact:test_api_contact.py:156 Patching contact with {'firstName': 'Will', 'lastName': 'Smith', 'birthdate': '1899-10-25', 'email': 'will.smith@mail.com', 'phone': '1234567890', 'street1': '1 Main St.', 'street2': 'Apartment A', 'city': 'New York', 'stateProvince': 'NY', 'postalCode': '10118', 'country': 'USA'}
DEBUG    urllib3.connectionpool:connectionpool.py:1051 Starting new HTTPS connection (1): thinking-tester-contact-list.herokuapp.com:443
DEBUG    urllib3.connectionpool:connectionpool.py:546 https://thinking-tester-contact-list.herokuapp.com:443 "PATCH /contacts/67280d75d1286b001322ca78 HTTP/11" 200 314
DEBUG    tests.api.contact.test_api_contact:test_api_contact.py:158 Received response text: {"_id":"67280d75d1286b001322ca78","firstName":"Will","lastName":"Smith","birthdate":"1899-10-25","email":"will.smith@mail.com","phone":"1234567890","street1":"1 Main St.","street2":"Apartment A","city":"New York","stateProvince":"NY","postalCode":"10118","country":"USA","owner":"67280d73d1286b001322ca76","__v":0}
DEBUG    util.admin.admin_api:admin_api.py:108 Deleting contact with id: 67280d75d1286b001322ca78 using token: eyJhbGciOiJIUzI1NiIsInR5cCI6IkpXVCJ9.eyJfaWQiOiI2NzI4MGQ3M2QxMjg2YjAwMTMyMmNhNzYiLCJpYXQiOjE3MzA2NzgxMzJ9.OI4jwEGJ0d7-ZRB73IafmtpmS77aTsCvVLWN5LpzEkQ
DEBUG    urllib3.connectionpool:connectionpool.py:1051 Starting new HTTPS connection (1): thinking-tester-contact-list.herokuapp.com:443
DEBUG    urllib3.connectionpool:connectionpool.py:546 https://thinking-tester-contact-list.herokuapp.com:443 "DELETE /contacts/67280d75d1286b001322ca78 HTTP/11" 200 15
DEBUG    util.admin.admin_api:admin_api.py:114 Contact deleted
INFO     tests.api.contact.conftest:conftest.py:44 Deleted default contact
DEBUG    util.admin.admin_api:admin_api.py:77 Deleting user with token: eyJhbGciOiJIUzI1NiIsInR5cCI6IkpXVCJ9.eyJfaWQiOiI2NzI4MGQ3M2QxMjg2YjAwMTMyMmNhNzYiLCJpYXQiOjE3MzA2NzgxMzF9.mpYmGUPod-e7AMaspfNwKh1HEYN-3CjRO7jgq9oPnmE
DEBUG    urllib3.connectionpool:connectionpool.py:1051 Starting new HTTPS connection (1): thinking-tester-contact-list.herokuapp.com:443
DEBUG    urllib3.connectionpool:connectionpool.py:546 https://thinking-tester-contact-list.herokuapp.com:443 "DELETE /users/me HTTP/11" 200 0
DEBUG    util.admin.admin_api:admin_api.py:83 User deleted
INFO     tests.conftest:conftest.py:60 Deleted registered user
DEBUG    util.admin.admin_api:admin_api.py:33 Creating user: {'firstName': 'John', 'lastName': 'Green', 'email': 'john.green@mail.com', 'password': '1234567890'}
DEBUG    urllib3.connectionpool:connectionpool.py:1051 Starting new HTTPS connection (1): thinking-tester-contact-list.herokuapp.com:443
DEBUG    urllib3.connectionpool:connectionpool.py:546 https://thinking-tester-contact-list.herokuapp.com:443 "POST /users HTTP/11" 201 279
DEBUG    util.admin.admin_api:admin_api.py:39 Created user and received token: eyJhbGciOiJIUzI1NiIsInR5cCI6IkpXVCJ9.eyJfaWQiOiI2NzI4MGQ3OWJlZDRkYjAwMTM1YjExY2IiLCJpYXQiOjE3MzA2NzgxMzd9.WyXHlolv5ucPB9XW0WZjIWzTkrS3myTuRxbxZRaNODk
INFO     tests.conftest:conftest.py:56 Created registered user
DEBUG    util.admin.admin_api:admin_api.py:43 Logging in user with credentials: {email: john.green@mail.com, password: 1234567890}
DEBUG    urllib3.connectionpool:connectionpool.py:1051 Starting new HTTPS connection (1): thinking-tester-contact-list.herokuapp.com:443
DEBUG    urllib3.connectionpool:connectionpool.py:546 https://thinking-tester-contact-list.herokuapp.com:443 "POST /users/login HTTP/11" 200 279
DEBUG    util.admin.admin_api:admin_api.py:53 Logged in and received token: eyJhbGciOiJIUzI1NiIsInR5cCI6IkpXVCJ9.eyJfaWQiOiI2NzI4MGQ3OWJlZDRkYjAwMTM1YjExY2IiLCJpYXQiOjE3MzA2NzgxMzh9.6TVpaOZfot8MIIYeo9jKnvLF7hhD9dOJ1_Q4FbT7q6Y
DEBUG    util.admin.admin_api:admin_api.py:86 Using token: eyJhbGciOiJIUzI1NiIsInR5cCI6IkpXVCJ9.eyJfaWQiOiI2NzI4MGQ3OWJlZDRkYjAwMTM1YjExY2IiLCJpYXQiOjE3MzA2NzgxMzh9.6TVpaOZfot8MIIYeo9jKnvLF7hhD9dOJ1_Q4FbT7q6Y. Creating contact: {'firstName': 'Will', 'lastName': 'Smith', 'birthdate': '1968-09-25', 'email': 'will.smith@mail.com', 'phone': '1234567890', 'street1': '1 Main St.', 'street2': 'Apartment A', 'city': 'New York', 'stateProvince': 'NY', 'postalCode': '10118', 'country': 'USA'}
DEBUG    urllib3.connectionpool:connectionpool.py:1051 Starting new HTTPS connection (1): thinking-tester-contact-list.herokuapp.com:443
DEBUG    urllib3.connectionpool:connectionpool.py:546 https://thinking-tester-contact-list.herokuapp.com:443 "POST /contacts HTTP/11" 201 314
DEBUG    util.admin.admin_api:admin_api.py:93 Contact created: {'_id': '67280d7bd1286b001322ca7a', 'firstName': 'Will', 'lastName': 'Smith', 'birthdate': '1968-09-25', 'email': 'will.smith@mail.com', 'phone': '1234567890', 'street1': '1 Main St.', 'street2': 'Apartment A', 'city': 'New York', 'stateProvince': 'NY', 'postalCode': '10118', 'country': 'USA', 'owner': '67280d79bed4db00135b11cb', '__v': 0}
INFO     tests.api.contact.conftest:conftest.py:41 Created default contact
DEBUG    tests.api.contact.test_api_contact:test_api_contact.py:156 Patching contact with {'firstName': 'Will', 'lastName': 'Smith', 'birthdate': '1968-09-25', 'email': '', 'phone': '1234567890', 'street1': '1 Main St.', 'street2': 'Apartment A', 'city': 'New York', 'stateProvince': 'NY', 'postalCode': '10118', 'country': 'USA'}
DEBUG    urllib3.connectionpool:connectionpool.py:1051 Starting new HTTPS connection (1): thinking-tester-contact-list.herokuapp.com:443
DEBUG    urllib3.connectionpool:connectionpool.py:546 https://thinking-tester-contact-list.herokuapp.com:443 "PATCH /contacts/67280d7bd1286b001322ca7a HTTP/11" 400 341
DEBUG    tests.api.contact.test_api_contact:test_api_contact.py:158 Received response text: {"errors":{"email":{"name":"ValidatorError","message":"Email is invalid","properties":{"message":"Email is invalid","type":"user defined","path":"email","value":"","reason":{}},"kind":"user defined","path":"email","value":"","reason":{}}},"_message":"Contact validation failed","message":"Contact validation failed: email: Email is invalid"}
INFO     tests.api.contact.test_api_contact:test_api_contact.py:160 Can't patch contact fields to invalid ones as it is intended
DEBUG    util.admin.admin_api:admin_api.py:97 Getting contact with id: 67280d7bd1286b001322ca7a using token: eyJhbGciOiJIUzI1NiIsInR5cCI6IkpXVCJ9.eyJfaWQiOiI2NzI4MGQ3OWJlZDRkYjAwMTM1YjExY2IiLCJpYXQiOjE3MzA2NzgxMzh9.6TVpaOZfot8MIIYeo9jKnvLF7hhD9dOJ1_Q4FbT7q6Y
DEBUG    urllib3.connectionpool:connectionpool.py:1051 Starting new HTTPS connection (1): thinking-tester-contact-list.herokuapp.com:443
DEBUG    urllib3.connectionpool:connectionpool.py:546 https://thinking-tester-contact-list.herokuapp.com:443 "GET /contacts/67280d7bd1286b001322ca7a HTTP/11" 200 314
DEBUG    util.admin.admin_api:admin_api.py:104 Received contact: {'_id': '67280d7bd1286b001322ca7a', 'firstName': 'Will', 'lastName': 'Smith', 'birthdate': '1968-09-25', 'email': 'will.smith@mail.com', 'phone': '1234567890', 'street1': '1 Main St.', 'street2': 'Apartment A', 'city': 'New York', 'stateProvince': 'NY', 'postalCode': '10118', 'country': 'USA', 'owner': '67280d79bed4db00135b11cb', '__v': 0}
INFO     tests.api.contact.test_api_contact:test_api_contact.py:164 Contact fields was not patched to invalid ones
DEBUG    util.admin.admin_api:admin_api.py:108 Deleting contact with id: 67280d7bd1286b001322ca7a using token: eyJhbGciOiJIUzI1NiIsInR5cCI6IkpXVCJ9.eyJfaWQiOiI2NzI4MGQ3OWJlZDRkYjAwMTM1YjExY2IiLCJpYXQiOjE3MzA2NzgxMzh9.6TVpaOZfot8MIIYeo9jKnvLF7hhD9dOJ1_Q4FbT7q6Y
DEBUG    urllib3.connectionpool:connectionpool.py:1051 Starting new HTTPS connection (1): thinking-tester-contact-list.herokuapp.com:443
DEBUG    urllib3.connectionpool:connectionpool.py:546 https://thinking-tester-contact-list.herokuapp.com:443 "DELETE /contacts/67280d7bd1286b001322ca7a HTTP/11" 200 15
DEBUG    util.admin.admin_api:admin_api.py:114 Contact deleted
INFO     tests.api.contact.conftest:conftest.py:44 Deleted default contact
DEBUG    util.admin.admin_api:admin_api.py:77 Deleting user with token: eyJhbGciOiJIUzI1NiIsInR5cCI6IkpXVCJ9.eyJfaWQiOiI2NzI4MGQ3OWJlZDRkYjAwMTM1YjExY2IiLCJpYXQiOjE3MzA2NzgxMzd9.WyXHlolv5ucPB9XW0WZjIWzTkrS3myTuRxbxZRaNODk
DEBUG    urllib3.connectionpool:connectionpool.py:1051 Starting new HTTPS connection (1): thinking-tester-contact-list.herokuapp.com:443
DEBUG    urllib3.connectionpool:connectionpool.py:546 https://thinking-tester-contact-list.herokuapp.com:443 "DELETE /users/me HTTP/11" 200 0
DEBUG    util.admin.admin_api:admin_api.py:83 User deleted
INFO     tests.conftest:conftest.py:60 Deleted registered user
DEBUG    util.admin.admin_api:admin_api.py:33 Creating user: {'firstName': 'John', 'lastName': 'Green', 'email': 'john.green@mail.com', 'password': '1234567890'}
DEBUG    urllib3.connectionpool:connectionpool.py:1051 Starting new HTTPS connection (1): thinking-tester-contact-list.herokuapp.com:443
DEBUG    urllib3.connectionpool:connectionpool.py:546 https://thinking-tester-contact-list.herokuapp.com:443 "POST /users HTTP/11" 201 279
DEBUG    util.admin.admin_api:admin_api.py:39 Created user and received token: eyJhbGciOiJIUzI1NiIsInR5cCI6IkpXVCJ9.eyJfaWQiOiI2NzI4MGQ4MGJlZDRkYjAwMTM1YjExY2YiLCJpYXQiOjE3MzA2NzgxNDR9.EKEmGy9iAEtJgQNO_zrmTqy0P4em-ptuqGrJRnH4uD0
INFO     tests.conftest:conftest.py:56 Created registered user
DEBUG    util.admin.admin_api:admin_api.py:43 Logging in user with credentials: {email: john.green@mail.com, password: 1234567890}
DEBUG    urllib3.connectionpool:connectionpool.py:1051 Starting new HTTPS connection (1): thinking-tester-contact-list.herokuapp.com:443
DEBUG    urllib3.connectionpool:connectionpool.py:546 https://thinking-tester-contact-list.herokuapp.com:443 "POST /users/login HTTP/11" 200 279
DEBUG    util.admin.admin_api:admin_api.py:53 Logged in and received token: eyJhbGciOiJIUzI1NiIsInR5cCI6IkpXVCJ9.eyJfaWQiOiI2NzI4MGQ4MGJlZDRkYjAwMTM1YjExY2YiLCJpYXQiOjE3MzA2NzgxNDV9.ROGxhuL-YYXZyCQ3-NjLkApfTFPVTNY1zsjwZWTkYW8
DEBUG    util.admin.admin_api:admin_api.py:86 Using token: eyJhbGciOiJIUzI1NiIsInR5cCI6IkpXVCJ9.eyJfaWQiOiI2NzI4MGQ4MGJlZDRkYjAwMTM1YjExY2YiLCJpYXQiOjE3MzA2NzgxNDV9.ROGxhuL-YYXZyCQ3-NjLkApfTFPVTNY1zsjwZWTkYW8. Creating contact: {'firstName': 'Will', 'lastName': 'Smith', 'birthdate': '1968-09-25', 'email': 'will.smith@mail.com', 'phone': '1234567890', 'street1': '1 Main St.', 'street2': 'Apartment A', 'city': 'New York', 'stateProvince': 'NY', 'postalCode': '10118', 'country': 'USA'}
DEBUG    urllib3.connectionpool:connectionpool.py:1051 Starting new HTTPS connection (1): thinking-tester-contact-list.herokuapp.com:443
DEBUG    urllib3.connectionpool:connectionpool.py:546 https://thinking-tester-contact-list.herokuapp.com:443 "POST /contacts HTTP/11" 201 314
DEBUG    util.admin.admin_api:admin_api.py:93 Contact created: {'_id': '67280d81d1286b001322ca7c', 'firstName': 'Will', 'lastName': 'Smith', 'birthdate': '1968-09-25', 'email': 'will.smith@mail.com', 'phone': '1234567890', 'street1': '1 Main St.', 'street2': 'Apartment A', 'city': 'New York', 'stateProvince': 'NY', 'postalCode': '10118', 'country': 'USA', 'owner': '67280d80bed4db00135b11cf', '__v': 0}
INFO     tests.api.contact.conftest:conftest.py:41 Created default contact
DEBUG    tests.api.contact.test_api_contact:test_api_contact.py:156 Patching contact with {'firstName': 'Will', 'lastName': 'Smith', 'birthdate': '1968-10-25', 'email': 'will.smithmail.com', 'phone': '1234567890', 'street1': '1 Main St.', 'street2': 'Apartment A', 'city': 'New York', 'stateProvince': 'NY', 'postalCode': '10118', 'country': 'USA'}
DEBUG    urllib3.connectionpool:connectionpool.py:1051 Starting new HTTPS connection (1): thinking-tester-contact-list.herokuapp.com:443
DEBUG    urllib3.connectionpool:connectionpool.py:546 https://thinking-tester-contact-list.herokuapp.com:443 "PATCH /contacts/67280d81d1286b001322ca7c HTTP/11" 400 377
DEBUG    tests.api.contact.test_api_contact:test_api_contact.py:158 Received response text: {"errors":{"email":{"name":"ValidatorError","message":"Email is invalid","properties":{"message":"Email is invalid","type":"user defined","path":"email","value":"will.smithmail.com","reason":{}},"kind":"user defined","path":"email","value":"will.smithmail.com","reason":{}}},"_message":"Contact validation failed","message":"Contact validation failed: email: Email is invalid"}
INFO     tests.api.contact.test_api_contact:test_api_contact.py:160 Can't patch contact fields to invalid ones as it is intended
DEBUG    util.admin.admin_api:admin_api.py:97 Getting contact with id: 67280d81d1286b001322ca7c using token: eyJhbGciOiJIUzI1NiIsInR5cCI6IkpXVCJ9.eyJfaWQiOiI2NzI4MGQ4MGJlZDRkYjAwMTM1YjExY2YiLCJpYXQiOjE3MzA2NzgxNDV9.ROGxhuL-YYXZyCQ3-NjLkApfTFPVTNY1zsjwZWTkYW8
DEBUG    urllib3.connectionpool:connectionpool.py:1051 Starting new HTTPS connection (1): thinking-tester-contact-list.herokuapp.com:443
DEBUG    urllib3.connectionpool:connectionpool.py:546 https://thinking-tester-contact-list.herokuapp.com:443 "GET /contacts/67280d81d1286b001322ca7c HTTP/11" 200 314
DEBUG    util.admin.admin_api:admin_api.py:104 Received contact: {'_id': '67280d81d1286b001322ca7c', 'firstName': 'Will', 'lastName': 'Smith', 'birthdate': '1968-09-25', 'email': 'will.smith@mail.com', 'phone': '1234567890', 'street1': '1 Main St.', 'street2': 'Apartment A', 'city': 'New York', 'stateProvince': 'NY', 'postalCode': '10118', 'country': 'USA', 'owner': '67280d80bed4db00135b11cf', '__v': 0}
INFO     tests.api.contact.test_api_contact:test_api_contact.py:164 Contact fields was not patched to invalid ones
DEBUG    util.admin.admin_api:admin_api.py:108 Deleting contact with id: 67280d81d1286b001322ca7c using token: eyJhbGciOiJIUzI1NiIsInR5cCI6IkpXVCJ9.eyJfaWQiOiI2NzI4MGQ4MGJlZDRkYjAwMTM1YjExY2YiLCJpYXQiOjE3MzA2NzgxNDV9.ROGxhuL-YYXZyCQ3-NjLkApfTFPVTNY1zsjwZWTkYW8
DEBUG    urllib3.connectionpool:connectionpool.py:1051 Starting new HTTPS connection (1): thinking-tester-contact-list.herokuapp.com:443
DEBUG    urllib3.connectionpool:connectionpool.py:546 https://thinking-tester-contact-list.herokuapp.com:443 "DELETE /contacts/67280d81d1286b001322ca7c HTTP/11" 200 15
DEBUG    util.admin.admin_api:admin_api.py:114 Contact deleted
INFO     tests.api.contact.conftest:conftest.py:44 Deleted default contact
DEBUG    util.admin.admin_api:admin_api.py:77 Deleting user with token: eyJhbGciOiJIUzI1NiIsInR5cCI6IkpXVCJ9.eyJfaWQiOiI2NzI4MGQ4MGJlZDRkYjAwMTM1YjExY2YiLCJpYXQiOjE3MzA2NzgxNDR9.EKEmGy9iAEtJgQNO_zrmTqy0P4em-ptuqGrJRnH4uD0
DEBUG    urllib3.connectionpool:connectionpool.py:1051 Starting new HTTPS connection (1): thinking-tester-contact-list.herokuapp.com:443
DEBUG    urllib3.connectionpool:connectionpool.py:546 https://thinking-tester-contact-list.herokuapp.com:443 "DELETE /users/me HTTP/11" 200 0
DEBUG    util.admin.admin_api:admin_api.py:83 User deleted
INFO     tests.conftest:conftest.py:60 Deleted registered user
DEBUG    util.admin.admin_api:admin_api.py:33 Creating user: {'firstName': 'John', 'lastName': 'Green', 'email': 'john.green@mail.com', 'password': '1234567890'}
DEBUG    urllib3.connectionpool:connectionpool.py:1051 Starting new HTTPS connection (1): thinking-tester-contact-list.herokuapp.com:443
DEBUG    urllib3.connectionpool:connectionpool.py:546 https://thinking-tester-contact-list.herokuapp.com:443 "POST /users HTTP/11" 201 279
DEBUG    util.admin.admin_api:admin_api.py:39 Created user and received token: eyJhbGciOiJIUzI1NiIsInR5cCI6IkpXVCJ9.eyJfaWQiOiI2NzI4MGQ4NmQxMjg2YjAwMTMyMmNhN2QiLCJpYXQiOjE3MzA2NzgxNTB9.NFn4HvkIhFrP18vnlYHCRHbz_nu5EHDFwk2v9VArnn0
INFO     tests.conftest:conftest.py:56 Created registered user
DEBUG    util.admin.admin_api:admin_api.py:43 Logging in user with credentials: {email: john.green@mail.com, password: 1234567890}
DEBUG    urllib3.connectionpool:connectionpool.py:1051 Starting new HTTPS connection (1): thinking-tester-contact-list.herokuapp.com:443
DEBUG    urllib3.connectionpool:connectionpool.py:546 https://thinking-tester-contact-list.herokuapp.com:443 "POST /users/login HTTP/11" 200 279
DEBUG    util.admin.admin_api:admin_api.py:53 Logged in and received token: eyJhbGciOiJIUzI1NiIsInR5cCI6IkpXVCJ9.eyJfaWQiOiI2NzI4MGQ4NmQxMjg2YjAwMTMyMmNhN2QiLCJpYXQiOjE3MzA2NzgxNTF9.iJBO49FNqZeGTielAs7doxeRY-DA3rIjweAWiJXEHY8
DEBUG    util.admin.admin_api:admin_api.py:86 Using token: eyJhbGciOiJIUzI1NiIsInR5cCI6IkpXVCJ9.eyJfaWQiOiI2NzI4MGQ4NmQxMjg2YjAwMTMyMmNhN2QiLCJpYXQiOjE3MzA2NzgxNTF9.iJBO49FNqZeGTielAs7doxeRY-DA3rIjweAWiJXEHY8. Creating contact: {'firstName': 'Will', 'lastName': 'Smith', 'birthdate': '1968-09-25', 'email': 'will.smith@mail.com', 'phone': '1234567890', 'street1': '1 Main St.', 'street2': 'Apartment A', 'city': 'New York', 'stateProvince': 'NY', 'postalCode': '10118', 'country': 'USA'}
DEBUG    urllib3.connectionpool:connectionpool.py:1051 Starting new HTTPS connection (1): thinking-tester-contact-list.herokuapp.com:443
DEBUG    urllib3.connectionpool:connectionpool.py:546 https://thinking-tester-contact-list.herokuapp.com:443 "POST /contacts HTTP/11" 201 314
DEBUG    util.admin.admin_api:admin_api.py:93 Contact created: {'_id': '67280d88d1286b001322ca81', 'firstName': 'Will', 'lastName': 'Smith', 'birthdate': '1968-09-25', 'email': 'will.smith@mail.com', 'phone': '1234567890', 'street1': '1 Main St.', 'street2': 'Apartment A', 'city': 'New York', 'stateProvince': 'NY', 'postalCode': '10118', 'country': 'USA', 'owner': '67280d86d1286b001322ca7d', '__v': 0}
INFO     tests.api.contact.conftest:conftest.py:41 Created default contact
DEBUG    tests.api.contact.test_api_contact:test_api_contact.py:156 Patching contact with {'firstName': 'Will', 'lastName': 'Smith', 'birthdate': '1968-10-25', 'email': '@mail.com', 'phone': '1234567890', 'street1': '1 Main St.', 'street2': 'Apartment A', 'city': 'New York', 'stateProvince': 'NY', 'postalCode': '10118', 'country': 'USA'}
DEBUG    urllib3.connectionpool:connectionpool.py:1051 Starting new HTTPS connection (1): thinking-tester-contact-list.herokuapp.com:443
DEBUG    urllib3.connectionpool:connectionpool.py:546 https://thinking-tester-contact-list.herokuapp.com:443 "PATCH /contacts/67280d88d1286b001322ca81 HTTP/11" 400 359
DEBUG    tests.api.contact.test_api_contact:test_api_contact.py:158 Received response text: {"errors":{"email":{"name":"ValidatorError","message":"Email is invalid","properties":{"message":"Email is invalid","type":"user defined","path":"email","value":"@mail.com","reason":{}},"kind":"user defined","path":"email","value":"@mail.com","reason":{}}},"_message":"Contact validation failed","message":"Contact validation failed: email: Email is invalid"}
INFO     tests.api.contact.test_api_contact:test_api_contact.py:160 Can't patch contact fields to invalid ones as it is intended
DEBUG    util.admin.admin_api:admin_api.py:97 Getting contact with id: 67280d88d1286b001322ca81 using token: eyJhbGciOiJIUzI1NiIsInR5cCI6IkpXVCJ9.eyJfaWQiOiI2NzI4MGQ4NmQxMjg2YjAwMTMyMmNhN2QiLCJpYXQiOjE3MzA2NzgxNTF9.iJBO49FNqZeGTielAs7doxeRY-DA3rIjweAWiJXEHY8
DEBUG    urllib3.connectionpool:connectionpool.py:1051 Starting new HTTPS connection (1): thinking-tester-contact-list.herokuapp.com:443
DEBUG    urllib3.connectionpool:connectionpool.py:546 https://thinking-tester-contact-list.herokuapp.com:443 "GET /contacts/67280d88d1286b001322ca81 HTTP/11" 200 314
DEBUG    util.admin.admin_api:admin_api.py:104 Received contact: {'_id': '67280d88d1286b001322ca81', 'firstName': 'Will', 'lastName': 'Smith', 'birthdate': '1968-09-25', 'email': 'will.smith@mail.com', 'phone': '1234567890', 'street1': '1 Main St.', 'street2': 'Apartment A', 'city': 'New York', 'stateProvince': 'NY', 'postalCode': '10118', 'country': 'USA', 'owner': '67280d86d1286b001322ca7d', '__v': 0}
INFO     tests.api.contact.test_api_contact:test_api_contact.py:164 Contact fields was not patched to invalid ones
DEBUG    util.admin.admin_api:admin_api.py:108 Deleting contact with id: 67280d88d1286b001322ca81 using token: eyJhbGciOiJIUzI1NiIsInR5cCI6IkpXVCJ9.eyJfaWQiOiI2NzI4MGQ4NmQxMjg2YjAwMTMyMmNhN2QiLCJpYXQiOjE3MzA2NzgxNTF9.iJBO49FNqZeGTielAs7doxeRY-DA3rIjweAWiJXEHY8
DEBUG    urllib3.connectionpool:connectionpool.py:1051 Starting new HTTPS connection (1): thinking-tester-contact-list.herokuapp.com:443
DEBUG    urllib3.connectionpool:connectionpool.py:546 https://thinking-tester-contact-list.herokuapp.com:443 "DELETE /contacts/67280d88d1286b001322ca81 HTTP/11" 200 15
DEBUG    util.admin.admin_api:admin_api.py:114 Contact deleted
INFO     tests.api.contact.conftest:conftest.py:44 Deleted default contact
DEBUG    util.admin.admin_api:admin_api.py:77 Deleting user with token: eyJhbGciOiJIUzI1NiIsInR5cCI6IkpXVCJ9.eyJfaWQiOiI2NzI4MGQ4NmQxMjg2YjAwMTMyMmNhN2QiLCJpYXQiOjE3MzA2NzgxNTB9.NFn4HvkIhFrP18vnlYHCRHbz_nu5EHDFwk2v9VArnn0
DEBUG    urllib3.connectionpool:connectionpool.py:1051 Starting new HTTPS connection (1): thinking-tester-contact-list.herokuapp.com:443
DEBUG    urllib3.connectionpool:connectionpool.py:546 https://thinking-tester-contact-list.herokuapp.com:443 "DELETE /users/me HTTP/11" 200 0
DEBUG    util.admin.admin_api:admin_api.py:83 User deleted
INFO     tests.conftest:conftest.py:60 Deleted registered user
DEBUG    util.admin.admin_api:admin_api.py:33 Creating user: {'firstName': 'John', 'lastName': 'Green', 'email': 'john.green@mail.com', 'password': '1234567890'}
DEBUG    urllib3.connectionpool:connectionpool.py:1051 Starting new HTTPS connection (1): thinking-tester-contact-list.herokuapp.com:443
DEBUG    urllib3.connectionpool:connectionpool.py:546 https://thinking-tester-contact-list.herokuapp.com:443 "POST /users HTTP/11" 201 279
DEBUG    util.admin.admin_api:admin_api.py:39 Created user and received token: eyJhbGciOiJIUzI1NiIsInR5cCI6IkpXVCJ9.eyJfaWQiOiI2NzI4MGQ4Y2QxMjg2YjAwMTMyMmNhODIiLCJpYXQiOjE3MzA2NzgxNTZ9.WAXNnHn4qt9b6YRDruJjA8UIVkwRx0J4CAJ62rOi0dI
INFO     tests.conftest:conftest.py:56 Created registered user
DEBUG    util.admin.admin_api:admin_api.py:43 Logging in user with credentials: {email: john.green@mail.com, password: 1234567890}
DEBUG    urllib3.connectionpool:connectionpool.py:1051 Starting new HTTPS connection (1): thinking-tester-contact-list.herokuapp.com:443
DEBUG    urllib3.connectionpool:connectionpool.py:546 https://thinking-tester-contact-list.herokuapp.com:443 "POST /users/login HTTP/11" 200 279
DEBUG    util.admin.admin_api:admin_api.py:53 Logged in and received token: eyJhbGciOiJIUzI1NiIsInR5cCI6IkpXVCJ9.eyJfaWQiOiI2NzI4MGQ4Y2QxMjg2YjAwMTMyMmNhODIiLCJpYXQiOjE3MzA2NzgxNTd9.3Wvpp_h3hgib23iZPzhTIA979PrTjW1twJ6HcnNjTo0
DEBUG    util.admin.admin_api:admin_api.py:86 Using token: eyJhbGciOiJIUzI1NiIsInR5cCI6IkpXVCJ9.eyJfaWQiOiI2NzI4MGQ4Y2QxMjg2YjAwMTMyMmNhODIiLCJpYXQiOjE3MzA2NzgxNTd9.3Wvpp_h3hgib23iZPzhTIA979PrTjW1twJ6HcnNjTo0. Creating contact: {'firstName': 'Will', 'lastName': 'Smith', 'birthdate': '1968-09-25', 'email': 'will.smith@mail.com', 'phone': '1234567890', 'street1': '1 Main St.', 'street2': 'Apartment A', 'city': 'New York', 'stateProvince': 'NY', 'postalCode': '10118', 'country': 'USA'}
DEBUG    urllib3.connectionpool:connectionpool.py:1051 Starting new HTTPS connection (1): thinking-tester-contact-list.herokuapp.com:443
DEBUG    urllib3.connectionpool:connectionpool.py:546 https://thinking-tester-contact-list.herokuapp.com:443 "POST /contacts HTTP/11" 201 314
DEBUG    util.admin.admin_api:admin_api.py:93 Contact created: {'_id': '67280d8ebed4db00135b11d5', 'firstName': 'Will', 'lastName': 'Smith', 'birthdate': '1968-09-25', 'email': 'will.smith@mail.com', 'phone': '1234567890', 'street1': '1 Main St.', 'street2': 'Apartment A', 'city': 'New York', 'stateProvince': 'NY', 'postalCode': '10118', 'country': 'USA', 'owner': '67280d8cd1286b001322ca82', '__v': 0}
INFO     tests.api.contact.conftest:conftest.py:41 Created default contact
DEBUG    tests.api.contact.test_api_contact:test_api_contact.py:156 Patching contact with {'firstName': 'Will', 'lastName': 'Smith', 'birthdate': '1968-10-25', 'email': 'will.smith@', 'phone': '1234567890', 'street1': '1 Main St.', 'street2': 'Apartment A', 'city': 'New York', 'stateProvince': 'NY', 'postalCode': '10118', 'country': 'USA'}
DEBUG    urllib3.connectionpool:connectionpool.py:1051 Starting new HTTPS connection (1): thinking-tester-contact-list.herokuapp.com:443
DEBUG    urllib3.connectionpool:connectionpool.py:546 https://thinking-tester-contact-list.herokuapp.com:443 "PATCH /contacts/67280d8ebed4db00135b11d5 HTTP/11" 400 363
DEBUG    tests.api.contact.test_api_contact:test_api_contact.py:158 Received response text: {"errors":{"email":{"name":"ValidatorError","message":"Email is invalid","properties":{"message":"Email is invalid","type":"user defined","path":"email","value":"will.smith@","reason":{}},"kind":"user defined","path":"email","value":"will.smith@","reason":{}}},"_message":"Contact validation failed","message":"Contact validation failed: email: Email is invalid"}
INFO     tests.api.contact.test_api_contact:test_api_contact.py:160 Can't patch contact fields to invalid ones as it is intended
DEBUG    util.admin.admin_api:admin_api.py:97 Getting contact with id: 67280d8ebed4db00135b11d5 using token: eyJhbGciOiJIUzI1NiIsInR5cCI6IkpXVCJ9.eyJfaWQiOiI2NzI4MGQ4Y2QxMjg2YjAwMTMyMmNhODIiLCJpYXQiOjE3MzA2NzgxNTd9.3Wvpp_h3hgib23iZPzhTIA979PrTjW1twJ6HcnNjTo0
DEBUG    urllib3.connectionpool:connectionpool.py:1051 Starting new HTTPS connection (1): thinking-tester-contact-list.herokuapp.com:443
DEBUG    urllib3.connectionpool:connectionpool.py:546 https://thinking-tester-contact-list.herokuapp.com:443 "GET /contacts/67280d8ebed4db00135b11d5 HTTP/11" 200 314
DEBUG    util.admin.admin_api:admin_api.py:104 Received contact: {'_id': '67280d8ebed4db00135b11d5', 'firstName': 'Will', 'lastName': 'Smith', 'birthdate': '1968-09-25', 'email': 'will.smith@mail.com', 'phone': '1234567890', 'street1': '1 Main St.', 'street2': 'Apartment A', 'city': 'New York', 'stateProvince': 'NY', 'postalCode': '10118', 'country': 'USA', 'owner': '67280d8cd1286b001322ca82', '__v': 0}
INFO     tests.api.contact.test_api_contact:test_api_contact.py:164 Contact fields was not patched to invalid ones
DEBUG    util.admin.admin_api:admin_api.py:108 Deleting contact with id: 67280d8ebed4db00135b11d5 using token: eyJhbGciOiJIUzI1NiIsInR5cCI6IkpXVCJ9.eyJfaWQiOiI2NzI4MGQ4Y2QxMjg2YjAwMTMyMmNhODIiLCJpYXQiOjE3MzA2NzgxNTd9.3Wvpp_h3hgib23iZPzhTIA979PrTjW1twJ6HcnNjTo0
DEBUG    urllib3.connectionpool:connectionpool.py:1051 Starting new HTTPS connection (1): thinking-tester-contact-list.herokuapp.com:443
DEBUG    urllib3.connectionpool:connectionpool.py:546 https://thinking-tester-contact-list.herokuapp.com:443 "DELETE /contacts/67280d8ebed4db00135b11d5 HTTP/11" 200 15
DEBUG    util.admin.admin_api:admin_api.py:114 Contact deleted
INFO     tests.api.contact.conftest:conftest.py:44 Deleted default contact
DEBUG    util.admin.admin_api:admin_api.py:77 Deleting user with token: eyJhbGciOiJIUzI1NiIsInR5cCI6IkpXVCJ9.eyJfaWQiOiI2NzI4MGQ4Y2QxMjg2YjAwMTMyMmNhODIiLCJpYXQiOjE3MzA2NzgxNTZ9.WAXNnHn4qt9b6YRDruJjA8UIVkwRx0J4CAJ62rOi0dI
DEBUG    urllib3.connectionpool:connectionpool.py:1051 Starting new HTTPS connection (1): thinking-tester-contact-list.herokuapp.com:443
DEBUG    urllib3.connectionpool:connectionpool.py:546 https://thinking-tester-contact-list.herokuapp.com:443 "DELETE /users/me HTTP/11" 200 0
DEBUG    util.admin.admin_api:admin_api.py:83 User deleted
INFO     tests.conftest:conftest.py:60 Deleted registered user
DEBUG    util.admin.admin_api:admin_api.py:33 Creating user: {'firstName': 'John', 'lastName': 'Green', 'email': 'john.green@mail.com', 'password': '1234567890'}
DEBUG    urllib3.connectionpool:connectionpool.py:1051 Starting new HTTPS connection (1): thinking-tester-contact-list.herokuapp.com:443
DEBUG    urllib3.connectionpool:connectionpool.py:546 https://thinking-tester-contact-list.herokuapp.com:443 "POST /users HTTP/11" 201 279
DEBUG    util.admin.admin_api:admin_api.py:39 Created user and received token: eyJhbGciOiJIUzI1NiIsInR5cCI6IkpXVCJ9.eyJfaWQiOiI2NzI4MGQ5MmQxMjg2YjAwMTMyMmNhODYiLCJpYXQiOjE3MzA2NzgxNjJ9.sS0u_l29amyj5pvTvFBGxN4GrayVdMahkMDrXWuKkE0
INFO     tests.conftest:conftest.py:56 Created registered user
DEBUG    util.admin.admin_api:admin_api.py:43 Logging in user with credentials: {email: john.green@mail.com, password: 1234567890}
DEBUG    urllib3.connectionpool:connectionpool.py:1051 Starting new HTTPS connection (1): thinking-tester-contact-list.herokuapp.com:443
DEBUG    urllib3.connectionpool:connectionpool.py:546 https://thinking-tester-contact-list.herokuapp.com:443 "POST /users/login HTTP/11" 200 279
DEBUG    util.admin.admin_api:admin_api.py:53 Logged in and received token: eyJhbGciOiJIUzI1NiIsInR5cCI6IkpXVCJ9.eyJfaWQiOiI2NzI4MGQ5MmQxMjg2YjAwMTMyMmNhODYiLCJpYXQiOjE3MzA2NzgxNjN9.G2pI2VgkSi-Nt7ogPo-qXVEgHxxN8sWuiyDL_l8-U_g
DEBUG    util.admin.admin_api:admin_api.py:86 Using token: eyJhbGciOiJIUzI1NiIsInR5cCI6IkpXVCJ9.eyJfaWQiOiI2NzI4MGQ5MmQxMjg2YjAwMTMyMmNhODYiLCJpYXQiOjE3MzA2NzgxNjN9.G2pI2VgkSi-Nt7ogPo-qXVEgHxxN8sWuiyDL_l8-U_g. Creating contact: {'firstName': 'Will', 'lastName': 'Smith', 'birthdate': '1968-09-25', 'email': 'will.smith@mail.com', 'phone': '1234567890', 'street1': '1 Main St.', 'street2': 'Apartment A', 'city': 'New York', 'stateProvince': 'NY', 'postalCode': '10118', 'country': 'USA'}
DEBUG    urllib3.connectionpool:connectionpool.py:1051 Starting new HTTPS connection (1): thinking-tester-contact-list.herokuapp.com:443
DEBUG    urllib3.connectionpool:connectionpool.py:546 https://thinking-tester-contact-list.herokuapp.com:443 "POST /contacts HTTP/11" 201 314
DEBUG    util.admin.admin_api:admin_api.py:93 Contact created: {'_id': '67280d95bed4db00135b11d8', 'firstName': 'Will', 'lastName': 'Smith', 'birthdate': '1968-09-25', 'email': 'will.smith@mail.com', 'phone': '1234567890', 'street1': '1 Main St.', 'street2': 'Apartment A', 'city': 'New York', 'stateProvince': 'NY', 'postalCode': '10118', 'country': 'USA', 'owner': '67280d92d1286b001322ca86', '__v': 0}
INFO     tests.api.contact.conftest:conftest.py:41 Created default contact
DEBUG    tests.api.contact.test_api_contact:test_api_contact.py:156 Patching contact with {'firstName': 'Will', 'lastName': 'Smith', 'birthdate': '1968-10-25', 'email': 'will smith@mail.com', 'phone': '1234567890', 'street1': '1 Main St.', 'street2': 'Apartment A', 'city': 'New York', 'stateProvince': 'NY', 'postalCode': '10118', 'country': 'USA'}
DEBUG    urllib3.connectionpool:connectionpool.py:1051 Starting new HTTPS connection (1): thinking-tester-contact-list.herokuapp.com:443
DEBUG    urllib3.connectionpool:connectionpool.py:546 https://thinking-tester-contact-list.herokuapp.com:443 "PATCH /contacts/67280d95bed4db00135b11d8 HTTP/11" 400 379
DEBUG    tests.api.contact.test_api_contact:test_api_contact.py:158 Received response text: {"errors":{"email":{"name":"ValidatorError","message":"Email is invalid","properties":{"message":"Email is invalid","type":"user defined","path":"email","value":"will smith@mail.com","reason":{}},"kind":"user defined","path":"email","value":"will smith@mail.com","reason":{}}},"_message":"Contact validation failed","message":"Contact validation failed: email: Email is invalid"}
INFO     tests.api.contact.test_api_contact:test_api_contact.py:160 Can't patch contact fields to invalid ones as it is intended
DEBUG    util.admin.admin_api:admin_api.py:97 Getting contact with id: 67280d95bed4db00135b11d8 using token: eyJhbGciOiJIUzI1NiIsInR5cCI6IkpXVCJ9.eyJfaWQiOiI2NzI4MGQ5MmQxMjg2YjAwMTMyMmNhODYiLCJpYXQiOjE3MzA2NzgxNjN9.G2pI2VgkSi-Nt7ogPo-qXVEgHxxN8sWuiyDL_l8-U_g
DEBUG    urllib3.connectionpool:connectionpool.py:1051 Starting new HTTPS connection (1): thinking-tester-contact-list.herokuapp.com:443
DEBUG    urllib3.connectionpool:connectionpool.py:546 https://thinking-tester-contact-list.herokuapp.com:443 "GET /contacts/67280d95bed4db00135b11d8 HTTP/11" 200 314
DEBUG    util.admin.admin_api:admin_api.py:104 Received contact: {'_id': '67280d95bed4db00135b11d8', 'firstName': 'Will', 'lastName': 'Smith', 'birthdate': '1968-09-25', 'email': 'will.smith@mail.com', 'phone': '1234567890', 'street1': '1 Main St.', 'street2': 'Apartment A', 'city': 'New York', 'stateProvince': 'NY', 'postalCode': '10118', 'country': 'USA', 'owner': '67280d92d1286b001322ca86', '__v': 0}
INFO     tests.api.contact.test_api_contact:test_api_contact.py:164 Contact fields was not patched to invalid ones
DEBUG    util.admin.admin_api:admin_api.py:108 Deleting contact with id: 67280d95bed4db00135b11d8 using token: eyJhbGciOiJIUzI1NiIsInR5cCI6IkpXVCJ9.eyJfaWQiOiI2NzI4MGQ5MmQxMjg2YjAwMTMyMmNhODYiLCJpYXQiOjE3MzA2NzgxNjN9.G2pI2VgkSi-Nt7ogPo-qXVEgHxxN8sWuiyDL_l8-U_g
DEBUG    urllib3.connectionpool:connectionpool.py:1051 Starting new HTTPS connection (1): thinking-tester-contact-list.herokuapp.com:443
DEBUG    urllib3.connectionpool:connectionpool.py:546 https://thinking-tester-contact-list.herokuapp.com:443 "DELETE /contacts/67280d95bed4db00135b11d8 HTTP/11" 200 15
DEBUG    util.admin.admin_api:admin_api.py:114 Contact deleted
INFO     tests.api.contact.conftest:conftest.py:44 Deleted default contact
DEBUG    util.admin.admin_api:admin_api.py:77 Deleting user with token: eyJhbGciOiJIUzI1NiIsInR5cCI6IkpXVCJ9.eyJfaWQiOiI2NzI4MGQ5MmQxMjg2YjAwMTMyMmNhODYiLCJpYXQiOjE3MzA2NzgxNjJ9.sS0u_l29amyj5pvTvFBGxN4GrayVdMahkMDrXWuKkE0
DEBUG    urllib3.connectionpool:connectionpool.py:1051 Starting new HTTPS connection (1): thinking-tester-contact-list.herokuapp.com:443
DEBUG    urllib3.connectionpool:connectionpool.py:546 https://thinking-tester-contact-list.herokuapp.com:443 "DELETE /users/me HTTP/11" 200 0
DEBUG    util.admin.admin_api:admin_api.py:83 User deleted
INFO     tests.conftest:conftest.py:60 Deleted registered user
DEBUG    util.admin.admin_api:admin_api.py:33 Creating user: {'firstName': 'John', 'lastName': 'Green', 'email': 'john.green@mail.com', 'password': '1234567890'}
DEBUG    urllib3.connectionpool:connectionpool.py:1051 Starting new HTTPS connection (1): thinking-tester-contact-list.herokuapp.com:443
DEBUG    urllib3.connectionpool:connectionpool.py:546 https://thinking-tester-contact-list.herokuapp.com:443 "POST /users HTTP/11" 201 279
DEBUG    util.admin.admin_api:admin_api.py:39 Created user and received token: eyJhbGciOiJIUzI1NiIsInR5cCI6IkpXVCJ9.eyJfaWQiOiI2NzI4MGQ5YWJlZDRkYjAwMTM1YjExZDkiLCJpYXQiOjE3MzA2NzgxNzB9.Yh0qFezf7gQWY7Tq3WAnrhEA3Z3rwvohbm1T1pI3Ho4
INFO     tests.conftest:conftest.py:56 Created registered user
DEBUG    util.admin.admin_api:admin_api.py:43 Logging in user with credentials: {email: john.green@mail.com, password: 1234567890}
DEBUG    urllib3.connectionpool:connectionpool.py:1051 Starting new HTTPS connection (1): thinking-tester-contact-list.herokuapp.com:443
DEBUG    urllib3.connectionpool:connectionpool.py:546 https://thinking-tester-contact-list.herokuapp.com:443 "POST /users/login HTTP/11" 200 279
DEBUG    util.admin.admin_api:admin_api.py:53 Logged in and received token: eyJhbGciOiJIUzI1NiIsInR5cCI6IkpXVCJ9.eyJfaWQiOiI2NzI4MGQ5YWJlZDRkYjAwMTM1YjExZDkiLCJpYXQiOjE3MzA2NzgxNzF9.E9Pg72eU8SbEgsW4rZSwLsWzR5fACf50RFINsxNkvHU
DEBUG    util.admin.admin_api:admin_api.py:86 Using token: eyJhbGciOiJIUzI1NiIsInR5cCI6IkpXVCJ9.eyJfaWQiOiI2NzI4MGQ5YWJlZDRkYjAwMTM1YjExZDkiLCJpYXQiOjE3MzA2NzgxNzF9.E9Pg72eU8SbEgsW4rZSwLsWzR5fACf50RFINsxNkvHU. Creating contact: {'firstName': 'Will', 'lastName': 'Smith', 'birthdate': '1968-09-25', 'email': 'will.smith@mail.com', 'phone': '1234567890', 'street1': '1 Main St.', 'street2': 'Apartment A', 'city': 'New York', 'stateProvince': 'NY', 'postalCode': '10118', 'country': 'USA'}
DEBUG    urllib3.connectionpool:connectionpool.py:1051 Starting new HTTPS connection (1): thinking-tester-contact-list.herokuapp.com:443
DEBUG    urllib3.connectionpool:connectionpool.py:546 https://thinking-tester-contact-list.herokuapp.com:443 "POST /contacts HTTP/11" 201 314
DEBUG    util.admin.admin_api:admin_api.py:93 Contact created: {'_id': '67280d9cbed4db00135b11db', 'firstName': 'Will', 'lastName': 'Smith', 'birthdate': '1968-09-25', 'email': 'will.smith@mail.com', 'phone': '1234567890', 'street1': '1 Main St.', 'street2': 'Apartment A', 'city': 'New York', 'stateProvince': 'NY', 'postalCode': '10118', 'country': 'USA', 'owner': '67280d9abed4db00135b11d9', '__v': 0}
INFO     tests.api.contact.conftest:conftest.py:41 Created default contact
DEBUG    tests.api.contact.test_api_contact:test_api_contact.py:156 Patching contact with {'firstName': 'Will', 'lastName': 'Smith', 'birthdate': '1968-10-25', 'email': 'will.smith@mail', 'phone': '1234567890', 'street1': '1 Main St.', 'street2': 'Apartment A', 'city': 'New York', 'stateProvince': 'NY', 'postalCode': '10118', 'country': 'USA'}
DEBUG    urllib3.connectionpool:connectionpool.py:1051 Starting new HTTPS connection (1): thinking-tester-contact-list.herokuapp.com:443
DEBUG    urllib3.connectionpool:connectionpool.py:546 https://thinking-tester-contact-list.herokuapp.com:443 "PATCH /contacts/67280d9cbed4db00135b11db HTTP/11" 400 371
DEBUG    tests.api.contact.test_api_contact:test_api_contact.py:158 Received response text: {"errors":{"email":{"name":"ValidatorError","message":"Email is invalid","properties":{"message":"Email is invalid","type":"user defined","path":"email","value":"will.smith@mail","reason":{}},"kind":"user defined","path":"email","value":"will.smith@mail","reason":{}}},"_message":"Contact validation failed","message":"Contact validation failed: email: Email is invalid"}
INFO     tests.api.contact.test_api_contact:test_api_contact.py:160 Can't patch contact fields to invalid ones as it is intended
DEBUG    util.admin.admin_api:admin_api.py:97 Getting contact with id: 67280d9cbed4db00135b11db using token: eyJhbGciOiJIUzI1NiIsInR5cCI6IkpXVCJ9.eyJfaWQiOiI2NzI4MGQ5YWJlZDRkYjAwMTM1YjExZDkiLCJpYXQiOjE3MzA2NzgxNzF9.E9Pg72eU8SbEgsW4rZSwLsWzR5fACf50RFINsxNkvHU
DEBUG    urllib3.connectionpool:connectionpool.py:1051 Starting new HTTPS connection (1): thinking-tester-contact-list.herokuapp.com:443
DEBUG    urllib3.connectionpool:connectionpool.py:546 https://thinking-tester-contact-list.herokuapp.com:443 "GET /contacts/67280d9cbed4db00135b11db HTTP/11" 200 314
DEBUG    util.admin.admin_api:admin_api.py:104 Received contact: {'_id': '67280d9cbed4db00135b11db', 'firstName': 'Will', 'lastName': 'Smith', 'birthdate': '1968-09-25', 'email': 'will.smith@mail.com', 'phone': '1234567890', 'street1': '1 Main St.', 'street2': 'Apartment A', 'city': 'New York', 'stateProvince': 'NY', 'postalCode': '10118', 'country': 'USA', 'owner': '67280d9abed4db00135b11d9', '__v': 0}
INFO     tests.api.contact.test_api_contact:test_api_contact.py:164 Contact fields was not patched to invalid ones
DEBUG    util.admin.admin_api:admin_api.py:108 Deleting contact with id: 67280d9cbed4db00135b11db using token: eyJhbGciOiJIUzI1NiIsInR5cCI6IkpXVCJ9.eyJfaWQiOiI2NzI4MGQ5YWJlZDRkYjAwMTM1YjExZDkiLCJpYXQiOjE3MzA2NzgxNzF9.E9Pg72eU8SbEgsW4rZSwLsWzR5fACf50RFINsxNkvHU
DEBUG    urllib3.connectionpool:connectionpool.py:1051 Starting new HTTPS connection (1): thinking-tester-contact-list.herokuapp.com:443
DEBUG    urllib3.connectionpool:connectionpool.py:546 https://thinking-tester-contact-list.herokuapp.com:443 "DELETE /contacts/67280d9cbed4db00135b11db HTTP/11" 200 15
DEBUG    util.admin.admin_api:admin_api.py:114 Contact deleted
INFO     tests.api.contact.conftest:conftest.py:44 Deleted default contact
DEBUG    util.admin.admin_api:admin_api.py:77 Deleting user with token: eyJhbGciOiJIUzI1NiIsInR5cCI6IkpXVCJ9.eyJfaWQiOiI2NzI4MGQ5YWJlZDRkYjAwMTM1YjExZDkiLCJpYXQiOjE3MzA2NzgxNzB9.Yh0qFezf7gQWY7Tq3WAnrhEA3Z3rwvohbm1T1pI3Ho4
DEBUG    urllib3.connectionpool:connectionpool.py:1051 Starting new HTTPS connection (1): thinking-tester-contact-list.herokuapp.com:443
DEBUG    urllib3.connectionpool:connectionpool.py:546 https://thinking-tester-contact-list.herokuapp.com:443 "DELETE /users/me HTTP/11" 200 0
DEBUG    util.admin.admin_api:admin_api.py:83 User deleted
INFO     tests.conftest:conftest.py:60 Deleted registered user
DEBUG    util.admin.admin_api:admin_api.py:33 Creating user: {'firstName': 'John', 'lastName': 'Green', 'email': 'john.green@mail.com', 'password': '1234567890'}
DEBUG    urllib3.connectionpool:connectionpool.py:1051 Starting new HTTPS connection (1): thinking-tester-contact-list.herokuapp.com:443
DEBUG    urllib3.connectionpool:connectionpool.py:546 https://thinking-tester-contact-list.herokuapp.com:443 "POST /users HTTP/11" 201 279
DEBUG    util.admin.admin_api:admin_api.py:39 Created user and received token: eyJhbGciOiJIUzI1NiIsInR5cCI6IkpXVCJ9.eyJfaWQiOiI2NzI4MGRhMGQxMjg2YjAwMTMyMmNhOGMiLCJpYXQiOjE3MzA2NzgxNzZ9.U6zSFOt5KVNHPDohPXGY0BP7uJKmwziOOOau2d6433M
INFO     tests.conftest:conftest.py:56 Created registered user
DEBUG    util.admin.admin_api:admin_api.py:43 Logging in user with credentials: {email: john.green@mail.com, password: 1234567890}
DEBUG    urllib3.connectionpool:connectionpool.py:1051 Starting new HTTPS connection (1): thinking-tester-contact-list.herokuapp.com:443
DEBUG    urllib3.connectionpool:connectionpool.py:546 https://thinking-tester-contact-list.herokuapp.com:443 "POST /users/login HTTP/11" 200 279
DEBUG    util.admin.admin_api:admin_api.py:53 Logged in and received token: eyJhbGciOiJIUzI1NiIsInR5cCI6IkpXVCJ9.eyJfaWQiOiI2NzI4MGRhMGQxMjg2YjAwMTMyMmNhOGMiLCJpYXQiOjE3MzA2NzgxNzd9.wzO3VoaF1oGAmOPy06a9VcnYcLmfr6vRk7amQU3slh0
DEBUG    util.admin.admin_api:admin_api.py:86 Using token: eyJhbGciOiJIUzI1NiIsInR5cCI6IkpXVCJ9.eyJfaWQiOiI2NzI4MGRhMGQxMjg2YjAwMTMyMmNhOGMiLCJpYXQiOjE3MzA2NzgxNzd9.wzO3VoaF1oGAmOPy06a9VcnYcLmfr6vRk7amQU3slh0. Creating contact: {'firstName': 'Will', 'lastName': 'Smith', 'birthdate': '1968-09-25', 'email': 'will.smith@mail.com', 'phone': '1234567890', 'street1': '1 Main St.', 'street2': 'Apartment A', 'city': 'New York', 'stateProvince': 'NY', 'postalCode': '10118', 'country': 'USA'}
DEBUG    urllib3.connectionpool:connectionpool.py:1051 Starting new HTTPS connection (1): thinking-tester-contact-list.herokuapp.com:443
DEBUG    urllib3.connectionpool:connectionpool.py:546 https://thinking-tester-contact-list.herokuapp.com:443 "POST /contacts HTTP/11" 201 314
DEBUG    util.admin.admin_api:admin_api.py:93 Contact created: {'_id': '67280da2bed4db00135b11dc', 'firstName': 'Will', 'lastName': 'Smith', 'birthdate': '1968-09-25', 'email': 'will.smith@mail.com', 'phone': '1234567890', 'street1': '1 Main St.', 'street2': 'Apartment A', 'city': 'New York', 'stateProvince': 'NY', 'postalCode': '10118', 'country': 'USA', 'owner': '67280da0d1286b001322ca8c', '__v': 0}
INFO     tests.api.contact.conftest:conftest.py:41 Created default contact
DEBUG    tests.api.contact.test_api_contact:test_api_contact.py:156 Patching contact with {'firstName': 'Will', 'lastName': 'Smith', 'birthdate': '1968-10-25', 'email': 'w!ll.s#&?^@mail.com', 'phone': '1234567890', 'street1': '1 Main St.', 'street2': 'Apartment A', 'city': 'New York', 'stateProvince': 'NY', 'postalCode': '10118', 'country': 'USA'}
DEBUG    urllib3.connectionpool:connectionpool.py:1051 Starting new HTTPS connection (1): thinking-tester-contact-list.herokuapp.com:443
DEBUG    urllib3.connectionpool:connectionpool.py:546 https://thinking-tester-contact-list.herokuapp.com:443 "PATCH /contacts/67280da2bed4db00135b11dc HTTP/11" 200 314
DEBUG    tests.api.contact.test_api_contact:test_api_contact.py:158 Received response text: {"_id":"67280da2bed4db00135b11dc","firstName":"Will","lastName":"Smith","birthdate":"1968-10-25","email":"w!ll.s#&?^@mail.com","phone":"1234567890","street1":"1 Main St.","street2":"Apartment A","city":"New York","stateProvince":"NY","postalCode":"10118","country":"USA","owner":"67280da0d1286b001322ca8c","__v":0}
DEBUG    util.admin.admin_api:admin_api.py:108 Deleting contact with id: 67280da2bed4db00135b11dc using token: eyJhbGciOiJIUzI1NiIsInR5cCI6IkpXVCJ9.eyJfaWQiOiI2NzI4MGRhMGQxMjg2YjAwMTMyMmNhOGMiLCJpYXQiOjE3MzA2NzgxNzd9.wzO3VoaF1oGAmOPy06a9VcnYcLmfr6vRk7amQU3slh0
DEBUG    urllib3.connectionpool:connectionpool.py:1051 Starting new HTTPS connection (1): thinking-tester-contact-list.herokuapp.com:443
DEBUG    urllib3.connectionpool:connectionpool.py:546 https://thinking-tester-contact-list.herokuapp.com:443 "DELETE /contacts/67280da2bed4db00135b11dc HTTP/11" 200 15
DEBUG    util.admin.admin_api:admin_api.py:114 Contact deleted
INFO     tests.api.contact.conftest:conftest.py:44 Deleted default contact
DEBUG    util.admin.admin_api:admin_api.py:77 Deleting user with token: eyJhbGciOiJIUzI1NiIsInR5cCI6IkpXVCJ9.eyJfaWQiOiI2NzI4MGRhMGQxMjg2YjAwMTMyMmNhOGMiLCJpYXQiOjE3MzA2NzgxNzZ9.U6zSFOt5KVNHPDohPXGY0BP7uJKmwziOOOau2d6433M
DEBUG    urllib3.connectionpool:connectionpool.py:1051 Starting new HTTPS connection (1): thinking-tester-contact-list.herokuapp.com:443
DEBUG    urllib3.connectionpool:connectionpool.py:546 https://thinking-tester-contact-list.herokuapp.com:443 "DELETE /users/me HTTP/11" 200 0
DEBUG    util.admin.admin_api:admin_api.py:83 User deleted
INFO     tests.conftest:conftest.py:60 Deleted registered user
DEBUG    util.admin.admin_api:admin_api.py:33 Creating user: {'firstName': 'John', 'lastName': 'Green', 'email': 'john.green@mail.com', 'password': '1234567890'}
DEBUG    urllib3.connectionpool:connectionpool.py:1051 Starting new HTTPS connection (1): thinking-tester-contact-list.herokuapp.com:443
DEBUG    urllib3.connectionpool:connectionpool.py:546 https://thinking-tester-contact-list.herokuapp.com:443 "POST /users HTTP/11" 201 279
DEBUG    util.admin.admin_api:admin_api.py:39 Created user and received token: eyJhbGciOiJIUzI1NiIsInR5cCI6IkpXVCJ9.eyJfaWQiOiI2NzI4MGRhNmJlZDRkYjAwMTM1YjExZGQiLCJpYXQiOjE3MzA2NzgxODJ9.fCGag-DV8wwJi8-YpTH1ZrIRsMjuZ0WZxzLNXUuc9xA
INFO     tests.conftest:conftest.py:56 Created registered user
DEBUG    util.admin.admin_api:admin_api.py:43 Logging in user with credentials: {email: john.green@mail.com, password: 1234567890}
DEBUG    urllib3.connectionpool:connectionpool.py:1051 Starting new HTTPS connection (1): thinking-tester-contact-list.herokuapp.com:443
DEBUG    urllib3.connectionpool:connectionpool.py:546 https://thinking-tester-contact-list.herokuapp.com:443 "POST /users/login HTTP/11" 200 279
DEBUG    util.admin.admin_api:admin_api.py:53 Logged in and received token: eyJhbGciOiJIUzI1NiIsInR5cCI6IkpXVCJ9.eyJfaWQiOiI2NzI4MGRhNmJlZDRkYjAwMTM1YjExZGQiLCJpYXQiOjE3MzA2NzgxODN9.s2-oOZtsiS1BAQsELpw1m60QA4xA8IMhReGqQvqIuR4
DEBUG    util.admin.admin_api:admin_api.py:86 Using token: eyJhbGciOiJIUzI1NiIsInR5cCI6IkpXVCJ9.eyJfaWQiOiI2NzI4MGRhNmJlZDRkYjAwMTM1YjExZGQiLCJpYXQiOjE3MzA2NzgxODN9.s2-oOZtsiS1BAQsELpw1m60QA4xA8IMhReGqQvqIuR4. Creating contact: {'firstName': 'Will', 'lastName': 'Smith', 'birthdate': '1968-09-25', 'email': 'will.smith@mail.com', 'phone': '1234567890', 'street1': '1 Main St.', 'street2': 'Apartment A', 'city': 'New York', 'stateProvince': 'NY', 'postalCode': '10118', 'country': 'USA'}
DEBUG    urllib3.connectionpool:connectionpool.py:1051 Starting new HTTPS connection (1): thinking-tester-contact-list.herokuapp.com:443
DEBUG    urllib3.connectionpool:connectionpool.py:546 https://thinking-tester-contact-list.herokuapp.com:443 "POST /contacts HTTP/11" 201 314
DEBUG    util.admin.admin_api:admin_api.py:93 Contact created: {'_id': '67280da7bed4db00135b11e0', 'firstName': 'Will', 'lastName': 'Smith', 'birthdate': '1968-09-25', 'email': 'will.smith@mail.com', 'phone': '1234567890', 'street1': '1 Main St.', 'street2': 'Apartment A', 'city': 'New York', 'stateProvince': 'NY', 'postalCode': '10118', 'country': 'USA', 'owner': '67280da6bed4db00135b11dd', '__v': 0}
INFO     tests.api.contact.conftest:conftest.py:41 Created default contact
DEBUG    tests.api.contact.test_api_contact:test_api_contact.py:156 Patching contact with {'firstName': 'Will', 'lastName': 'Smith', 'birthdate': '1968-09-25', 'email': 'will.smith@mail.com', 'phone': '', 'street1': '1 Main St.', 'street2': 'Apartment A', 'city': 'New York', 'stateProvince': 'NY', 'postalCode': '10118', 'country': 'USA'}
DEBUG    urllib3.connectionpool:connectionpool.py:1051 Starting new HTTPS connection (1): thinking-tester-contact-list.herokuapp.com:443
DEBUG    urllib3.connectionpool:connectionpool.py:546 https://thinking-tester-contact-list.herokuapp.com:443 "PATCH /contacts/67280da7bed4db00135b11e0 HTTP/11" 400 362
DEBUG    tests.api.contact.test_api_contact:test_api_contact.py:158 Received response text: {"errors":{"phone":{"name":"ValidatorError","message":"Phone number is invalid","properties":{"message":"Phone number is invalid","type":"user defined","path":"phone","value":"","reason":{}},"kind":"user defined","path":"phone","value":"","reason":{}}},"_message":"Contact validation failed","message":"Contact validation failed: phone: Phone number is invalid"}
INFO     tests.api.contact.test_api_contact:test_api_contact.py:160 Can't patch contact fields to invalid ones as it is intended
DEBUG    util.admin.admin_api:admin_api.py:97 Getting contact with id: 67280da7bed4db00135b11e0 using token: eyJhbGciOiJIUzI1NiIsInR5cCI6IkpXVCJ9.eyJfaWQiOiI2NzI4MGRhNmJlZDRkYjAwMTM1YjExZGQiLCJpYXQiOjE3MzA2NzgxODN9.s2-oOZtsiS1BAQsELpw1m60QA4xA8IMhReGqQvqIuR4
DEBUG    urllib3.connectionpool:connectionpool.py:1051 Starting new HTTPS connection (1): thinking-tester-contact-list.herokuapp.com:443
DEBUG    urllib3.connectionpool:connectionpool.py:546 https://thinking-tester-contact-list.herokuapp.com:443 "GET /contacts/67280da7bed4db00135b11e0 HTTP/11" 200 314
DEBUG    util.admin.admin_api:admin_api.py:104 Received contact: {'_id': '67280da7bed4db00135b11e0', 'firstName': 'Will', 'lastName': 'Smith', 'birthdate': '1968-09-25', 'email': 'will.smith@mail.com', 'phone': '1234567890', 'street1': '1 Main St.', 'street2': 'Apartment A', 'city': 'New York', 'stateProvince': 'NY', 'postalCode': '10118', 'country': 'USA', 'owner': '67280da6bed4db00135b11dd', '__v': 0}
INFO     tests.api.contact.test_api_contact:test_api_contact.py:164 Contact fields was not patched to invalid ones
DEBUG    util.admin.admin_api:admin_api.py:108 Deleting contact with id: 67280da7bed4db00135b11e0 using token: eyJhbGciOiJIUzI1NiIsInR5cCI6IkpXVCJ9.eyJfaWQiOiI2NzI4MGRhNmJlZDRkYjAwMTM1YjExZGQiLCJpYXQiOjE3MzA2NzgxODN9.s2-oOZtsiS1BAQsELpw1m60QA4xA8IMhReGqQvqIuR4
DEBUG    urllib3.connectionpool:connectionpool.py:1051 Starting new HTTPS connection (1): thinking-tester-contact-list.herokuapp.com:443
DEBUG    urllib3.connectionpool:connectionpool.py:546 https://thinking-tester-contact-list.herokuapp.com:443 "DELETE /contacts/67280da7bed4db00135b11e0 HTTP/11" 200 15
DEBUG    util.admin.admin_api:admin_api.py:114 Contact deleted
INFO     tests.api.contact.conftest:conftest.py:44 Deleted default contact
DEBUG    util.admin.admin_api:admin_api.py:77 Deleting user with token: eyJhbGciOiJIUzI1NiIsInR5cCI6IkpXVCJ9.eyJfaWQiOiI2NzI4MGRhNmJlZDRkYjAwMTM1YjExZGQiLCJpYXQiOjE3MzA2NzgxODJ9.fCGag-DV8wwJi8-YpTH1ZrIRsMjuZ0WZxzLNXUuc9xA
DEBUG    urllib3.connectionpool:connectionpool.py:1051 Starting new HTTPS connection (1): thinking-tester-contact-list.herokuapp.com:443
DEBUG    urllib3.connectionpool:connectionpool.py:546 https://thinking-tester-contact-list.herokuapp.com:443 "DELETE /users/me HTTP/11" 200 0
DEBUG    util.admin.admin_api:admin_api.py:83 User deleted
INFO     tests.conftest:conftest.py:60 Deleted registered user
DEBUG    util.admin.admin_api:admin_api.py:33 Creating user: {'firstName': 'John', 'lastName': 'Green', 'email': 'john.green@mail.com', 'password': '1234567890'}
DEBUG    urllib3.connectionpool:connectionpool.py:1051 Starting new HTTPS connection (1): thinking-tester-contact-list.herokuapp.com:443
DEBUG    urllib3.connectionpool:connectionpool.py:546 https://thinking-tester-contact-list.herokuapp.com:443 "POST /users HTTP/11" 201 279
DEBUG    util.admin.admin_api:admin_api.py:39 Created user and received token: eyJhbGciOiJIUzI1NiIsInR5cCI6IkpXVCJ9.eyJfaWQiOiI2NzI4MGRhY2JlZDRkYjAwMTM1YjExZTIiLCJpYXQiOjE3MzA2NzgxODh9.wYZ3nZmxnuR6mW01_DCyDWUAaCi4RcvPTE6XUE6Eu6E
INFO     tests.conftest:conftest.py:56 Created registered user
DEBUG    util.admin.admin_api:admin_api.py:43 Logging in user with credentials: {email: john.green@mail.com, password: 1234567890}
DEBUG    urllib3.connectionpool:connectionpool.py:1051 Starting new HTTPS connection (1): thinking-tester-contact-list.herokuapp.com:443
DEBUG    urllib3.connectionpool:connectionpool.py:546 https://thinking-tester-contact-list.herokuapp.com:443 "POST /users/login HTTP/11" 200 279
DEBUG    util.admin.admin_api:admin_api.py:53 Logged in and received token: eyJhbGciOiJIUzI1NiIsInR5cCI6IkpXVCJ9.eyJfaWQiOiI2NzI4MGRhY2JlZDRkYjAwMTM1YjExZTIiLCJpYXQiOjE3MzA2NzgxODl9.P8GTr7m8JSha6Ka2VIOLKcI8uC3PoHkAHERe4Lo8El4
DEBUG    util.admin.admin_api:admin_api.py:86 Using token: eyJhbGciOiJIUzI1NiIsInR5cCI6IkpXVCJ9.eyJfaWQiOiI2NzI4MGRhY2JlZDRkYjAwMTM1YjExZTIiLCJpYXQiOjE3MzA2NzgxODl9.P8GTr7m8JSha6Ka2VIOLKcI8uC3PoHkAHERe4Lo8El4. Creating contact: {'firstName': 'Will', 'lastName': 'Smith', 'birthdate': '1968-09-25', 'email': 'will.smith@mail.com', 'phone': '1234567890', 'street1': '1 Main St.', 'street2': 'Apartment A', 'city': 'New York', 'stateProvince': 'NY', 'postalCode': '10118', 'country': 'USA'}
DEBUG    urllib3.connectionpool:connectionpool.py:1051 Starting new HTTPS connection (1): thinking-tester-contact-list.herokuapp.com:443
DEBUG    urllib3.connectionpool:connectionpool.py:546 https://thinking-tester-contact-list.herokuapp.com:443 "POST /contacts HTTP/11" 201 314
DEBUG    util.admin.admin_api:admin_api.py:93 Contact created: {'_id': '67280daebed4db00135b11e5', 'firstName': 'Will', 'lastName': 'Smith', 'birthdate': '1968-09-25', 'email': 'will.smith@mail.com', 'phone': '1234567890', 'street1': '1 Main St.', 'street2': 'Apartment A', 'city': 'New York', 'stateProvince': 'NY', 'postalCode': '10118', 'country': 'USA', 'owner': '67280dacbed4db00135b11e2', '__v': 0}
INFO     tests.api.contact.conftest:conftest.py:41 Created default contact
DEBUG    tests.api.contact.test_api_contact:test_api_contact.py:156 Patching contact with {'firstName': 'Will', 'lastName': 'Smith', 'birthdate': '1968-10-25', 'email': 'will.smith@mail.com', 'phone': '12a4567890', 'street1': '1 Main St.', 'street2': 'Apartment A', 'city': 'New York', 'stateProvince': 'NY', 'postalCode': '10118', 'country': 'USA'}
DEBUG    urllib3.connectionpool:connectionpool.py:1051 Starting new HTTPS connection (1): thinking-tester-contact-list.herokuapp.com:443
DEBUG    urllib3.connectionpool:connectionpool.py:546 https://thinking-tester-contact-list.herokuapp.com:443 "PATCH /contacts/67280daebed4db00135b11e5 HTTP/11" 400 382
DEBUG    tests.api.contact.test_api_contact:test_api_contact.py:158 Received response text: {"errors":{"phone":{"name":"ValidatorError","message":"Phone number is invalid","properties":{"message":"Phone number is invalid","type":"user defined","path":"phone","value":"12a4567890","reason":{}},"kind":"user defined","path":"phone","value":"12a4567890","reason":{}}},"_message":"Contact validation failed","message":"Contact validation failed: phone: Phone number is invalid"}
INFO     tests.api.contact.test_api_contact:test_api_contact.py:160 Can't patch contact fields to invalid ones as it is intended
DEBUG    util.admin.admin_api:admin_api.py:97 Getting contact with id: 67280daebed4db00135b11e5 using token: eyJhbGciOiJIUzI1NiIsInR5cCI6IkpXVCJ9.eyJfaWQiOiI2NzI4MGRhY2JlZDRkYjAwMTM1YjExZTIiLCJpYXQiOjE3MzA2NzgxODl9.P8GTr7m8JSha6Ka2VIOLKcI8uC3PoHkAHERe4Lo8El4
DEBUG    urllib3.connectionpool:connectionpool.py:1051 Starting new HTTPS connection (1): thinking-tester-contact-list.herokuapp.com:443
DEBUG    urllib3.connectionpool:connectionpool.py:546 https://thinking-tester-contact-list.herokuapp.com:443 "GET /contacts/67280daebed4db00135b11e5 HTTP/11" 200 314
DEBUG    util.admin.admin_api:admin_api.py:104 Received contact: {'_id': '67280daebed4db00135b11e5', 'firstName': 'Will', 'lastName': 'Smith', 'birthdate': '1968-09-25', 'email': 'will.smith@mail.com', 'phone': '1234567890', 'street1': '1 Main St.', 'street2': 'Apartment A', 'city': 'New York', 'stateProvince': 'NY', 'postalCode': '10118', 'country': 'USA', 'owner': '67280dacbed4db00135b11e2', '__v': 0}
INFO     tests.api.contact.test_api_contact:test_api_contact.py:164 Contact fields was not patched to invalid ones
DEBUG    util.admin.admin_api:admin_api.py:108 Deleting contact with id: 67280daebed4db00135b11e5 using token: eyJhbGciOiJIUzI1NiIsInR5cCI6IkpXVCJ9.eyJfaWQiOiI2NzI4MGRhY2JlZDRkYjAwMTM1YjExZTIiLCJpYXQiOjE3MzA2NzgxODl9.P8GTr7m8JSha6Ka2VIOLKcI8uC3PoHkAHERe4Lo8El4
DEBUG    urllib3.connectionpool:connectionpool.py:1051 Starting new HTTPS connection (1): thinking-tester-contact-list.herokuapp.com:443
DEBUG    urllib3.connectionpool:connectionpool.py:546 https://thinking-tester-contact-list.herokuapp.com:443 "DELETE /contacts/67280daebed4db00135b11e5 HTTP/11" 200 15
DEBUG    util.admin.admin_api:admin_api.py:114 Contact deleted
INFO     tests.api.contact.conftest:conftest.py:44 Deleted default contact
DEBUG    util.admin.admin_api:admin_api.py:77 Deleting user with token: eyJhbGciOiJIUzI1NiIsInR5cCI6IkpXVCJ9.eyJfaWQiOiI2NzI4MGRhY2JlZDRkYjAwMTM1YjExZTIiLCJpYXQiOjE3MzA2NzgxODh9.wYZ3nZmxnuR6mW01_DCyDWUAaCi4RcvPTE6XUE6Eu6E
DEBUG    urllib3.connectionpool:connectionpool.py:1051 Starting new HTTPS connection (1): thinking-tester-contact-list.herokuapp.com:443
DEBUG    urllib3.connectionpool:connectionpool.py:546 https://thinking-tester-contact-list.herokuapp.com:443 "DELETE /users/me HTTP/11" 200 0
DEBUG    util.admin.admin_api:admin_api.py:83 User deleted
INFO     tests.conftest:conftest.py:60 Deleted registered user
DEBUG    util.admin.admin_api:admin_api.py:33 Creating user: {'firstName': 'John', 'lastName': 'Green', 'email': 'john.green@mail.com', 'password': '1234567890'}
DEBUG    urllib3.connectionpool:connectionpool.py:1051 Starting new HTTPS connection (1): thinking-tester-contact-list.herokuapp.com:443
DEBUG    urllib3.connectionpool:connectionpool.py:546 https://thinking-tester-contact-list.herokuapp.com:443 "POST /users HTTP/11" 201 279
DEBUG    util.admin.admin_api:admin_api.py:39 Created user and received token: eyJhbGciOiJIUzI1NiIsInR5cCI6IkpXVCJ9.eyJfaWQiOiI2NzI4MGRiMmQxMjg2YjAwMTMyMmNhOTAiLCJpYXQiOjE3MzA2NzgxOTR9.mOd0vFFscOPoAErKHl1z7mpJsNQYsE0JP5OIih78YTY
INFO     tests.conftest:conftest.py:56 Created registered user
DEBUG    util.admin.admin_api:admin_api.py:43 Logging in user with credentials: {email: john.green@mail.com, password: 1234567890}
DEBUG    urllib3.connectionpool:connectionpool.py:1051 Starting new HTTPS connection (1): thinking-tester-contact-list.herokuapp.com:443
DEBUG    urllib3.connectionpool:connectionpool.py:546 https://thinking-tester-contact-list.herokuapp.com:443 "POST /users/login HTTP/11" 200 279
DEBUG    util.admin.admin_api:admin_api.py:53 Logged in and received token: eyJhbGciOiJIUzI1NiIsInR5cCI6IkpXVCJ9.eyJfaWQiOiI2NzI4MGRiMmQxMjg2YjAwMTMyMmNhOTAiLCJpYXQiOjE3MzA2NzgxOTV9.cA6ep-P-pC3ruwjQAlRaMjhg2eE9L_qo7I-0iWdObuQ
DEBUG    util.admin.admin_api:admin_api.py:86 Using token: eyJhbGciOiJIUzI1NiIsInR5cCI6IkpXVCJ9.eyJfaWQiOiI2NzI4MGRiMmQxMjg2YjAwMTMyMmNhOTAiLCJpYXQiOjE3MzA2NzgxOTV9.cA6ep-P-pC3ruwjQAlRaMjhg2eE9L_qo7I-0iWdObuQ. Creating contact: {'firstName': 'Will', 'lastName': 'Smith', 'birthdate': '1968-09-25', 'email': 'will.smith@mail.com', 'phone': '1234567890', 'street1': '1 Main St.', 'street2': 'Apartment A', 'city': 'New York', 'stateProvince': 'NY', 'postalCode': '10118', 'country': 'USA'}
DEBUG    urllib3.connectionpool:connectionpool.py:1051 Starting new HTTPS connection (1): thinking-tester-contact-list.herokuapp.com:443
DEBUG    urllib3.connectionpool:connectionpool.py:546 https://thinking-tester-contact-list.herokuapp.com:443 "POST /contacts HTTP/11" 201 314
DEBUG    util.admin.admin_api:admin_api.py:93 Contact created: {'_id': '67280db5bed4db00135b11e7', 'firstName': 'Will', 'lastName': 'Smith', 'birthdate': '1968-09-25', 'email': 'will.smith@mail.com', 'phone': '1234567890', 'street1': '1 Main St.', 'street2': 'Apartment A', 'city': 'New York', 'stateProvince': 'NY', 'postalCode': '10118', 'country': 'USA', 'owner': '67280db2d1286b001322ca90', '__v': 0}
INFO     tests.api.contact.conftest:conftest.py:41 Created default contact
DEBUG    tests.api.contact.test_api_contact:test_api_contact.py:156 Patching contact with {'firstName': 'Will', 'lastName': 'Smith', 'birthdate': '1968-10-25', 'email': 'will.smith@mail.com', 'phone': '1234567890', 'street1': 'aaaaaaaaaabbbbbbbbbbccccccccccdddddddddde', 'street2': 'Apartment A', 'city': 'New York', 'stateProvince': 'NY', 'postalCode': '10118', 'country': 'USA'}
DEBUG    urllib3.connectionpool:connectionpool.py:1051 Starting new HTTPS connection (1): thinking-tester-contact-list.herokuapp.com:443
DEBUG    urllib3.connectionpool:connectionpool.py:546 https://thinking-tester-contact-list.herokuapp.com:443 "PATCH /contacts/67280db5bed4db00135b11e7 HTTP/11" 400 692
DEBUG    tests.api.contact.test_api_contact:test_api_contact.py:158 Received response text: {"errors":{"street1":{"name":"ValidatorError","message":"Path `street1` (`aaaaaaaaaabbbbbbbbbbccccccccccdddddddddde`) is longer than the maximum allowed length (40).","properties":{"message":"Path `street1` (`aaaaaaaaaabbbbbbbbbbccccccccccdddddddddde`) is longer than the maximum allowed length (40).","type":"maxlength","maxlength":40,"path":"street1","value":"aaaaaaaaaabbbbbbbbbbccccccccccdddddddddde"},"kind":"maxlength","path":"street1","value":"aaaaaaaaaabbbbbbbbbbccccccccccdddddddddde"}},"_message":"Contact validation failed","message":"Contact validation failed: street1: Path `street1` (`aaaaaaaaaabbbbbbbbbbccccccccccdddddddddde`) is longer than the maximum allowed length (40)."}
INFO     tests.api.contact.test_api_contact:test_api_contact.py:160 Can't patch contact fields to invalid ones as it is intended
DEBUG    util.admin.admin_api:admin_api.py:97 Getting contact with id: 67280db5bed4db00135b11e7 using token: eyJhbGciOiJIUzI1NiIsInR5cCI6IkpXVCJ9.eyJfaWQiOiI2NzI4MGRiMmQxMjg2YjAwMTMyMmNhOTAiLCJpYXQiOjE3MzA2NzgxOTV9.cA6ep-P-pC3ruwjQAlRaMjhg2eE9L_qo7I-0iWdObuQ
DEBUG    urllib3.connectionpool:connectionpool.py:1051 Starting new HTTPS connection (1): thinking-tester-contact-list.herokuapp.com:443
DEBUG    urllib3.connectionpool:connectionpool.py:546 https://thinking-tester-contact-list.herokuapp.com:443 "GET /contacts/67280db5bed4db00135b11e7 HTTP/11" 200 314
DEBUG    util.admin.admin_api:admin_api.py:104 Received contact: {'_id': '67280db5bed4db00135b11e7', 'firstName': 'Will', 'lastName': 'Smith', 'birthdate': '1968-09-25', 'email': 'will.smith@mail.com', 'phone': '1234567890', 'street1': '1 Main St.', 'street2': 'Apartment A', 'city': 'New York', 'stateProvince': 'NY', 'postalCode': '10118', 'country': 'USA', 'owner': '67280db2d1286b001322ca90', '__v': 0}
INFO     tests.api.contact.test_api_contact:test_api_contact.py:164 Contact fields was not patched to invalid ones
DEBUG    util.admin.admin_api:admin_api.py:108 Deleting contact with id: 67280db5bed4db00135b11e7 using token: eyJhbGciOiJIUzI1NiIsInR5cCI6IkpXVCJ9.eyJfaWQiOiI2NzI4MGRiMmQxMjg2YjAwMTMyMmNhOTAiLCJpYXQiOjE3MzA2NzgxOTV9.cA6ep-P-pC3ruwjQAlRaMjhg2eE9L_qo7I-0iWdObuQ
DEBUG    urllib3.connectionpool:connectionpool.py:1051 Starting new HTTPS connection (1): thinking-tester-contact-list.herokuapp.com:443
DEBUG    urllib3.connectionpool:connectionpool.py:546 https://thinking-tester-contact-list.herokuapp.com:443 "DELETE /contacts/67280db5bed4db00135b11e7 HTTP/11" 200 15
DEBUG    util.admin.admin_api:admin_api.py:114 Contact deleted
INFO     tests.api.contact.conftest:conftest.py:44 Deleted default contact
DEBUG    util.admin.admin_api:admin_api.py:77 Deleting user with token: eyJhbGciOiJIUzI1NiIsInR5cCI6IkpXVCJ9.eyJfaWQiOiI2NzI4MGRiMmQxMjg2YjAwMTMyMmNhOTAiLCJpYXQiOjE3MzA2NzgxOTR9.mOd0vFFscOPoAErKHl1z7mpJsNQYsE0JP5OIih78YTY
DEBUG    urllib3.connectionpool:connectionpool.py:1051 Starting new HTTPS connection (1): thinking-tester-contact-list.herokuapp.com:443
DEBUG    urllib3.connectionpool:connectionpool.py:546 https://thinking-tester-contact-list.herokuapp.com:443 "DELETE /users/me HTTP/11" 200 0
DEBUG    util.admin.admin_api:admin_api.py:83 User deleted
INFO     tests.conftest:conftest.py:60 Deleted registered user
DEBUG    util.admin.admin_api:admin_api.py:33 Creating user: {'firstName': 'John', 'lastName': 'Green', 'email': 'john.green@mail.com', 'password': '1234567890'}
DEBUG    urllib3.connectionpool:connectionpool.py:1051 Starting new HTTPS connection (1): thinking-tester-contact-list.herokuapp.com:443
DEBUG    urllib3.connectionpool:connectionpool.py:546 https://thinking-tester-contact-list.herokuapp.com:443 "POST /users HTTP/11" 201 279
DEBUG    util.admin.admin_api:admin_api.py:39 Created user and received token: eyJhbGciOiJIUzI1NiIsInR5cCI6IkpXVCJ9.eyJfaWQiOiI2NzI4MGRiOWJlZDRkYjAwMTM1YjExZTgiLCJpYXQiOjE3MzA2NzgyMDF9.iVSil8-Tz5dp9N4IeRkG9Z7J43r72PnMGGDwi5DiJ58
INFO     tests.conftest:conftest.py:56 Created registered user
DEBUG    util.admin.admin_api:admin_api.py:43 Logging in user with credentials: {email: john.green@mail.com, password: 1234567890}
DEBUG    urllib3.connectionpool:connectionpool.py:1051 Starting new HTTPS connection (1): thinking-tester-contact-list.herokuapp.com:443
DEBUG    urllib3.connectionpool:connectionpool.py:546 https://thinking-tester-contact-list.herokuapp.com:443 "POST /users/login HTTP/11" 200 279
DEBUG    util.admin.admin_api:admin_api.py:53 Logged in and received token: eyJhbGciOiJIUzI1NiIsInR5cCI6IkpXVCJ9.eyJfaWQiOiI2NzI4MGRiOWJlZDRkYjAwMTM1YjExZTgiLCJpYXQiOjE3MzA2NzgyMDJ9.6oEp7lX8WZkWm9SVB02m4pEM84Lixijk9-NvUEjMhFw
DEBUG    util.admin.admin_api:admin_api.py:86 Using token: eyJhbGciOiJIUzI1NiIsInR5cCI6IkpXVCJ9.eyJfaWQiOiI2NzI4MGRiOWJlZDRkYjAwMTM1YjExZTgiLCJpYXQiOjE3MzA2NzgyMDJ9.6oEp7lX8WZkWm9SVB02m4pEM84Lixijk9-NvUEjMhFw. Creating contact: {'firstName': 'Will', 'lastName': 'Smith', 'birthdate': '1968-09-25', 'email': 'will.smith@mail.com', 'phone': '1234567890', 'street1': '1 Main St.', 'street2': 'Apartment A', 'city': 'New York', 'stateProvince': 'NY', 'postalCode': '10118', 'country': 'USA'}
DEBUG    urllib3.connectionpool:connectionpool.py:1051 Starting new HTTPS connection (1): thinking-tester-contact-list.herokuapp.com:443
DEBUG    urllib3.connectionpool:connectionpool.py:546 https://thinking-tester-contact-list.herokuapp.com:443 "POST /contacts HTTP/11" 201 314
DEBUG    util.admin.admin_api:admin_api.py:93 Contact created: {'_id': '67280dbbbed4db00135b11eb', 'firstName': 'Will', 'lastName': 'Smith', 'birthdate': '1968-09-25', 'email': 'will.smith@mail.com', 'phone': '1234567890', 'street1': '1 Main St.', 'street2': 'Apartment A', 'city': 'New York', 'stateProvince': 'NY', 'postalCode': '10118', 'country': 'USA', 'owner': '67280db9bed4db00135b11e8', '__v': 0}
INFO     tests.api.contact.conftest:conftest.py:41 Created default contact
DEBUG    tests.api.contact.test_api_contact:test_api_contact.py:156 Patching contact with {'firstName': 'Will', 'lastName': 'Smith', 'birthdate': '1968-10-25', 'email': 'will.smith@mail.com', 'phone': '1234567890', 'street1': '1 Main St.', 'street2': 'aaaaaaaaaabbbbbbbbbbccccccccccdddddddddde', 'city': 'New York', 'stateProvince': 'NY', 'postalCode': '10118', 'country': 'USA'}
DEBUG    urllib3.connectionpool:connectionpool.py:1051 Starting new HTTPS connection (1): thinking-tester-contact-list.herokuapp.com:443
DEBUG    urllib3.connectionpool:connectionpool.py:546 https://thinking-tester-contact-list.herokuapp.com:443 "PATCH /contacts/67280dbbbed4db00135b11eb HTTP/11" 400 692
DEBUG    tests.api.contact.test_api_contact:test_api_contact.py:158 Received response text: {"errors":{"street2":{"name":"ValidatorError","message":"Path `street2` (`aaaaaaaaaabbbbbbbbbbccccccccccdddddddddde`) is longer than the maximum allowed length (40).","properties":{"message":"Path `street2` (`aaaaaaaaaabbbbbbbbbbccccccccccdddddddddde`) is longer than the maximum allowed length (40).","type":"maxlength","maxlength":40,"path":"street2","value":"aaaaaaaaaabbbbbbbbbbccccccccccdddddddddde"},"kind":"maxlength","path":"street2","value":"aaaaaaaaaabbbbbbbbbbccccccccccdddddddddde"}},"_message":"Contact validation failed","message":"Contact validation failed: street2: Path `street2` (`aaaaaaaaaabbbbbbbbbbccccccccccdddddddddde`) is longer than the maximum allowed length (40)."}
INFO     tests.api.contact.test_api_contact:test_api_contact.py:160 Can't patch contact fields to invalid ones as it is intended
DEBUG    util.admin.admin_api:admin_api.py:97 Getting contact with id: 67280dbbbed4db00135b11eb using token: eyJhbGciOiJIUzI1NiIsInR5cCI6IkpXVCJ9.eyJfaWQiOiI2NzI4MGRiOWJlZDRkYjAwMTM1YjExZTgiLCJpYXQiOjE3MzA2NzgyMDJ9.6oEp7lX8WZkWm9SVB02m4pEM84Lixijk9-NvUEjMhFw
DEBUG    urllib3.connectionpool:connectionpool.py:1051 Starting new HTTPS connection (1): thinking-tester-contact-list.herokuapp.com:443
DEBUG    urllib3.connectionpool:connectionpool.py:546 https://thinking-tester-contact-list.herokuapp.com:443 "GET /contacts/67280dbbbed4db00135b11eb HTTP/11" 200 314
DEBUG    util.admin.admin_api:admin_api.py:104 Received contact: {'_id': '67280dbbbed4db00135b11eb', 'firstName': 'Will', 'lastName': 'Smith', 'birthdate': '1968-09-25', 'email': 'will.smith@mail.com', 'phone': '1234567890', 'street1': '1 Main St.', 'street2': 'Apartment A', 'city': 'New York', 'stateProvince': 'NY', 'postalCode': '10118', 'country': 'USA', 'owner': '67280db9bed4db00135b11e8', '__v': 0}
INFO     tests.api.contact.test_api_contact:test_api_contact.py:164 Contact fields was not patched to invalid ones
DEBUG    util.admin.admin_api:admin_api.py:108 Deleting contact with id: 67280dbbbed4db00135b11eb using token: eyJhbGciOiJIUzI1NiIsInR5cCI6IkpXVCJ9.eyJfaWQiOiI2NzI4MGRiOWJlZDRkYjAwMTM1YjExZTgiLCJpYXQiOjE3MzA2NzgyMDJ9.6oEp7lX8WZkWm9SVB02m4pEM84Lixijk9-NvUEjMhFw
DEBUG    urllib3.connectionpool:connectionpool.py:1051 Starting new HTTPS connection (1): thinking-tester-contact-list.herokuapp.com:443
DEBUG    urllib3.connectionpool:connectionpool.py:546 https://thinking-tester-contact-list.herokuapp.com:443 "DELETE /contacts/67280dbbbed4db00135b11eb HTTP/11" 200 15
DEBUG    util.admin.admin_api:admin_api.py:114 Contact deleted
INFO     tests.api.contact.conftest:conftest.py:44 Deleted default contact
DEBUG    util.admin.admin_api:admin_api.py:77 Deleting user with token: eyJhbGciOiJIUzI1NiIsInR5cCI6IkpXVCJ9.eyJfaWQiOiI2NzI4MGRiOWJlZDRkYjAwMTM1YjExZTgiLCJpYXQiOjE3MzA2NzgyMDF9.iVSil8-Tz5dp9N4IeRkG9Z7J43r72PnMGGDwi5DiJ58
DEBUG    urllib3.connectionpool:connectionpool.py:1051 Starting new HTTPS connection (1): thinking-tester-contact-list.herokuapp.com:443
DEBUG    urllib3.connectionpool:connectionpool.py:546 https://thinking-tester-contact-list.herokuapp.com:443 "DELETE /users/me HTTP/11" 200 0
DEBUG    util.admin.admin_api:admin_api.py:83 User deleted
INFO     tests.conftest:conftest.py:60 Deleted registered user
DEBUG    util.admin.admin_api:admin_api.py:33 Creating user: {'firstName': 'John', 'lastName': 'Green', 'email': 'john.green@mail.com', 'password': '1234567890'}
DEBUG    urllib3.connectionpool:connectionpool.py:1051 Starting new HTTPS connection (1): thinking-tester-contact-list.herokuapp.com:443
DEBUG    urllib3.connectionpool:connectionpool.py:546 https://thinking-tester-contact-list.herokuapp.com:443 "POST /users HTTP/11" 201 279
DEBUG    util.admin.admin_api:admin_api.py:39 Created user and received token: eyJhbGciOiJIUzI1NiIsInR5cCI6IkpXVCJ9.eyJfaWQiOiI2NzI4MGRiZmJlZDRkYjAwMTM1YjExZWMiLCJpYXQiOjE3MzA2NzgyMDd9.2HEFg8fY9DTXmEMbMooN-BRZpV5Oh4IkTg3ezYSuoqs
INFO     tests.conftest:conftest.py:56 Created registered user
DEBUG    util.admin.admin_api:admin_api.py:43 Logging in user with credentials: {email: john.green@mail.com, password: 1234567890}
DEBUG    urllib3.connectionpool:connectionpool.py:1051 Starting new HTTPS connection (1): thinking-tester-contact-list.herokuapp.com:443
DEBUG    urllib3.connectionpool:connectionpool.py:546 https://thinking-tester-contact-list.herokuapp.com:443 "POST /users/login HTTP/11" 200 279
DEBUG    util.admin.admin_api:admin_api.py:53 Logged in and received token: eyJhbGciOiJIUzI1NiIsInR5cCI6IkpXVCJ9.eyJfaWQiOiI2NzI4MGRiZmJlZDRkYjAwMTM1YjExZWMiLCJpYXQiOjE3MzA2NzgyMDh9.j_PAXMZLrpi-Ie2fvone3ZpHwMp6IBJQc9DpzY3trLM
DEBUG    util.admin.admin_api:admin_api.py:86 Using token: eyJhbGciOiJIUzI1NiIsInR5cCI6IkpXVCJ9.eyJfaWQiOiI2NzI4MGRiZmJlZDRkYjAwMTM1YjExZWMiLCJpYXQiOjE3MzA2NzgyMDh9.j_PAXMZLrpi-Ie2fvone3ZpHwMp6IBJQc9DpzY3trLM. Creating contact: {'firstName': 'Will', 'lastName': 'Smith', 'birthdate': '1968-09-25', 'email': 'will.smith@mail.com', 'phone': '1234567890', 'street1': '1 Main St.', 'street2': 'Apartment A', 'city': 'New York', 'stateProvince': 'NY', 'postalCode': '10118', 'country': 'USA'}
DEBUG    urllib3.connectionpool:connectionpool.py:1051 Starting new HTTPS connection (1): thinking-tester-contact-list.herokuapp.com:443
DEBUG    urllib3.connectionpool:connectionpool.py:546 https://thinking-tester-contact-list.herokuapp.com:443 "POST /contacts HTTP/11" 201 314
DEBUG    util.admin.admin_api:admin_api.py:93 Contact created: {'_id': '67280dc1d1286b001322ca96', 'firstName': 'Will', 'lastName': 'Smith', 'birthdate': '1968-09-25', 'email': 'will.smith@mail.com', 'phone': '1234567890', 'street1': '1 Main St.', 'street2': 'Apartment A', 'city': 'New York', 'stateProvince': 'NY', 'postalCode': '10118', 'country': 'USA', 'owner': '67280dbfbed4db00135b11ec', '__v': 0}
INFO     tests.api.contact.conftest:conftest.py:41 Created default contact
DEBUG    tests.api.contact.test_api_contact:test_api_contact.py:156 Patching contact with {'firstName': 'Will', 'lastName': 'Smith', 'birthdate': '1968-10-25', 'email': 'will.smith@mail.com', 'phone': '1234567890', 'street1': '1 Main St.', 'street2': 'Apartment A', 'city': 'aaaaaaaaaabbbbbbbbbbccccccccccdddddddddde', 'stateProvince': 'NY', 'postalCode': '10118', 'country': 'USA'}
DEBUG    urllib3.connectionpool:connectionpool.py:1051 Starting new HTTPS connection (1): thinking-tester-contact-list.herokuapp.com:443
DEBUG    urllib3.connectionpool:connectionpool.py:546 https://thinking-tester-contact-list.herokuapp.com:443 "PATCH /contacts/67280dc1d1286b001322ca96 HTTP/11" 400 671
DEBUG    tests.api.contact.test_api_contact:test_api_contact.py:158 Received response text: {"errors":{"city":{"name":"ValidatorError","message":"Path `city` (`aaaaaaaaaabbbbbbbbbbccccccccccdddddddddde`) is longer than the maximum allowed length (40).","properties":{"message":"Path `city` (`aaaaaaaaaabbbbbbbbbbccccccccccdddddddddde`) is longer than the maximum allowed length (40).","type":"maxlength","maxlength":40,"path":"city","value":"aaaaaaaaaabbbbbbbbbbccccccccccdddddddddde"},"kind":"maxlength","path":"city","value":"aaaaaaaaaabbbbbbbbbbccccccccccdddddddddde"}},"_message":"Contact validation failed","message":"Contact validation failed: city: Path `city` (`aaaaaaaaaabbbbbbbbbbccccccccccdddddddddde`) is longer than the maximum allowed length (40)."}
INFO     tests.api.contact.test_api_contact:test_api_contact.py:160 Can't patch contact fields to invalid ones as it is intended
DEBUG    util.admin.admin_api:admin_api.py:97 Getting contact with id: 67280dc1d1286b001322ca96 using token: eyJhbGciOiJIUzI1NiIsInR5cCI6IkpXVCJ9.eyJfaWQiOiI2NzI4MGRiZmJlZDRkYjAwMTM1YjExZWMiLCJpYXQiOjE3MzA2NzgyMDh9.j_PAXMZLrpi-Ie2fvone3ZpHwMp6IBJQc9DpzY3trLM
DEBUG    urllib3.connectionpool:connectionpool.py:1051 Starting new HTTPS connection (1): thinking-tester-contact-list.herokuapp.com:443
DEBUG    urllib3.connectionpool:connectionpool.py:546 https://thinking-tester-contact-list.herokuapp.com:443 "GET /contacts/67280dc1d1286b001322ca96 HTTP/11" 200 314
DEBUG    util.admin.admin_api:admin_api.py:104 Received contact: {'_id': '67280dc1d1286b001322ca96', 'firstName': 'Will', 'lastName': 'Smith', 'birthdate': '1968-09-25', 'email': 'will.smith@mail.com', 'phone': '1234567890', 'street1': '1 Main St.', 'street2': 'Apartment A', 'city': 'New York', 'stateProvince': 'NY', 'postalCode': '10118', 'country': 'USA', 'owner': '67280dbfbed4db00135b11ec', '__v': 0}
INFO     tests.api.contact.test_api_contact:test_api_contact.py:164 Contact fields was not patched to invalid ones
DEBUG    util.admin.admin_api:admin_api.py:108 Deleting contact with id: 67280dc1d1286b001322ca96 using token: eyJhbGciOiJIUzI1NiIsInR5cCI6IkpXVCJ9.eyJfaWQiOiI2NzI4MGRiZmJlZDRkYjAwMTM1YjExZWMiLCJpYXQiOjE3MzA2NzgyMDh9.j_PAXMZLrpi-Ie2fvone3ZpHwMp6IBJQc9DpzY3trLM
DEBUG    urllib3.connectionpool:connectionpool.py:1051 Starting new HTTPS connection (1): thinking-tester-contact-list.herokuapp.com:443
DEBUG    urllib3.connectionpool:connectionpool.py:546 https://thinking-tester-contact-list.herokuapp.com:443 "DELETE /contacts/67280dc1d1286b001322ca96 HTTP/11" 200 15
DEBUG    util.admin.admin_api:admin_api.py:114 Contact deleted
INFO     tests.api.contact.conftest:conftest.py:44 Deleted default contact
DEBUG    util.admin.admin_api:admin_api.py:77 Deleting user with token: eyJhbGciOiJIUzI1NiIsInR5cCI6IkpXVCJ9.eyJfaWQiOiI2NzI4MGRiZmJlZDRkYjAwMTM1YjExZWMiLCJpYXQiOjE3MzA2NzgyMDd9.2HEFg8fY9DTXmEMbMooN-BRZpV5Oh4IkTg3ezYSuoqs
DEBUG    urllib3.connectionpool:connectionpool.py:1051 Starting new HTTPS connection (1): thinking-tester-contact-list.herokuapp.com:443
DEBUG    urllib3.connectionpool:connectionpool.py:546 https://thinking-tester-contact-list.herokuapp.com:443 "DELETE /users/me HTTP/11" 200 0
DEBUG    util.admin.admin_api:admin_api.py:83 User deleted
INFO     tests.conftest:conftest.py:60 Deleted registered user
DEBUG    util.admin.admin_api:admin_api.py:33 Creating user: {'firstName': 'John', 'lastName': 'Green', 'email': 'john.green@mail.com', 'password': '1234567890'}
DEBUG    urllib3.connectionpool:connectionpool.py:1051 Starting new HTTPS connection (1): thinking-tester-contact-list.herokuapp.com:443
DEBUG    urllib3.connectionpool:connectionpool.py:546 https://thinking-tester-contact-list.herokuapp.com:443 "POST /users HTTP/11" 201 279
DEBUG    util.admin.admin_api:admin_api.py:39 Created user and received token: eyJhbGciOiJIUzI1NiIsInR5cCI6IkpXVCJ9.eyJfaWQiOiI2NzI4MGRjNmJlZDRkYjAwMTM1YjExZWUiLCJpYXQiOjE3MzA2NzgyMTR9.YFUfRMqtyG1CLshZIbMexw-NaVHmCqM5WKln_4NgfrE
INFO     tests.conftest:conftest.py:56 Created registered user
DEBUG    util.admin.admin_api:admin_api.py:43 Logging in user with credentials: {email: john.green@mail.com, password: 1234567890}
DEBUG    urllib3.connectionpool:connectionpool.py:1051 Starting new HTTPS connection (1): thinking-tester-contact-list.herokuapp.com:443
DEBUG    urllib3.connectionpool:connectionpool.py:546 https://thinking-tester-contact-list.herokuapp.com:443 "POST /users/login HTTP/11" 200 279
DEBUG    util.admin.admin_api:admin_api.py:53 Logged in and received token: eyJhbGciOiJIUzI1NiIsInR5cCI6IkpXVCJ9.eyJfaWQiOiI2NzI4MGRjNmJlZDRkYjAwMTM1YjExZWUiLCJpYXQiOjE3MzA2NzgyMTV9.vRoyFMxGExxVo4GiEC88i6YyEY5oH71SSbvuSUsh1v0
DEBUG    util.admin.admin_api:admin_api.py:86 Using token: eyJhbGciOiJIUzI1NiIsInR5cCI6IkpXVCJ9.eyJfaWQiOiI2NzI4MGRjNmJlZDRkYjAwMTM1YjExZWUiLCJpYXQiOjE3MzA2NzgyMTV9.vRoyFMxGExxVo4GiEC88i6YyEY5oH71SSbvuSUsh1v0. Creating contact: {'firstName': 'Will', 'lastName': 'Smith', 'birthdate': '1968-09-25', 'email': 'will.smith@mail.com', 'phone': '1234567890', 'street1': '1 Main St.', 'street2': 'Apartment A', 'city': 'New York', 'stateProvince': 'NY', 'postalCode': '10118', 'country': 'USA'}
DEBUG    urllib3.connectionpool:connectionpool.py:1051 Starting new HTTPS connection (1): thinking-tester-contact-list.herokuapp.com:443
DEBUG    urllib3.connectionpool:connectionpool.py:546 https://thinking-tester-contact-list.herokuapp.com:443 "POST /contacts HTTP/11" 201 314
DEBUG    util.admin.admin_api:admin_api.py:93 Contact created: {'_id': '67280dc8d1286b001322ca98', 'firstName': 'Will', 'lastName': 'Smith', 'birthdate': '1968-09-25', 'email': 'will.smith@mail.com', 'phone': '1234567890', 'street1': '1 Main St.', 'street2': 'Apartment A', 'city': 'New York', 'stateProvince': 'NY', 'postalCode': '10118', 'country': 'USA', 'owner': '67280dc6bed4db00135b11ee', '__v': 0}
INFO     tests.api.contact.conftest:conftest.py:41 Created default contact
DEBUG    tests.api.contact.test_api_contact:test_api_contact.py:156 Patching contact with {'firstName': 'Will', 'lastName': 'Smith', 'birthdate': '1968-10-25', 'email': 'will.smith@mail.com', 'phone': '1234567890', 'street1': '1 Main St.', 'street2': 'Apartment A', 'city': 'New York', 'stateProvince': 'aaaaaaaaaabbbbbbbbbbc', 'postalCode': '10118', 'country': 'USA'}
DEBUG    urllib3.connectionpool:connectionpool.py:1051 Starting new HTTPS connection (1): thinking-tester-contact-list.herokuapp.com:443
DEBUG    urllib3.connectionpool:connectionpool.py:546 https://thinking-tester-contact-list.herokuapp.com:443 "PATCH /contacts/67280dc8d1286b001322ca98 HTTP/11" 400 634
DEBUG    tests.api.contact.test_api_contact:test_api_contact.py:158 Received response text: {"errors":{"stateProvince":{"name":"ValidatorError","message":"Path `stateProvince` (`aaaaaaaaaabbbbbbbbbbc`) is longer than the maximum allowed length (20).","properties":{"message":"Path `stateProvince` (`aaaaaaaaaabbbbbbbbbbc`) is longer than the maximum allowed length (20).","type":"maxlength","maxlength":20,"path":"stateProvince","value":"aaaaaaaaaabbbbbbbbbbc"},"kind":"maxlength","path":"stateProvince","value":"aaaaaaaaaabbbbbbbbbbc"}},"_message":"Contact validation failed","message":"Contact validation failed: stateProvince: Path `stateProvince` (`aaaaaaaaaabbbbbbbbbbc`) is longer than the maximum allowed length (20)."}
INFO     tests.api.contact.test_api_contact:test_api_contact.py:160 Can't patch contact fields to invalid ones as it is intended
DEBUG    util.admin.admin_api:admin_api.py:97 Getting contact with id: 67280dc8d1286b001322ca98 using token: eyJhbGciOiJIUzI1NiIsInR5cCI6IkpXVCJ9.eyJfaWQiOiI2NzI4MGRjNmJlZDRkYjAwMTM1YjExZWUiLCJpYXQiOjE3MzA2NzgyMTV9.vRoyFMxGExxVo4GiEC88i6YyEY5oH71SSbvuSUsh1v0
DEBUG    urllib3.connectionpool:connectionpool.py:1051 Starting new HTTPS connection (1): thinking-tester-contact-list.herokuapp.com:443
DEBUG    urllib3.connectionpool:connectionpool.py:546 https://thinking-tester-contact-list.herokuapp.com:443 "GET /contacts/67280dc8d1286b001322ca98 HTTP/11" 200 314
DEBUG    util.admin.admin_api:admin_api.py:104 Received contact: {'_id': '67280dc8d1286b001322ca98', 'firstName': 'Will', 'lastName': 'Smith', 'birthdate': '1968-09-25', 'email': 'will.smith@mail.com', 'phone': '1234567890', 'street1': '1 Main St.', 'street2': 'Apartment A', 'city': 'New York', 'stateProvince': 'NY', 'postalCode': '10118', 'country': 'USA', 'owner': '67280dc6bed4db00135b11ee', '__v': 0}
INFO     tests.api.contact.test_api_contact:test_api_contact.py:164 Contact fields was not patched to invalid ones
DEBUG    util.admin.admin_api:admin_api.py:108 Deleting contact with id: 67280dc8d1286b001322ca98 using token: eyJhbGciOiJIUzI1NiIsInR5cCI6IkpXVCJ9.eyJfaWQiOiI2NzI4MGRjNmJlZDRkYjAwMTM1YjExZWUiLCJpYXQiOjE3MzA2NzgyMTV9.vRoyFMxGExxVo4GiEC88i6YyEY5oH71SSbvuSUsh1v0
DEBUG    urllib3.connectionpool:connectionpool.py:1051 Starting new HTTPS connection (1): thinking-tester-contact-list.herokuapp.com:443
DEBUG    urllib3.connectionpool:connectionpool.py:546 https://thinking-tester-contact-list.herokuapp.com:443 "DELETE /contacts/67280dc8d1286b001322ca98 HTTP/11" 200 15
DEBUG    util.admin.admin_api:admin_api.py:114 Contact deleted
INFO     tests.api.contact.conftest:conftest.py:44 Deleted default contact
DEBUG    util.admin.admin_api:admin_api.py:77 Deleting user with token: eyJhbGciOiJIUzI1NiIsInR5cCI6IkpXVCJ9.eyJfaWQiOiI2NzI4MGRjNmJlZDRkYjAwMTM1YjExZWUiLCJpYXQiOjE3MzA2NzgyMTR9.YFUfRMqtyG1CLshZIbMexw-NaVHmCqM5WKln_4NgfrE
DEBUG    urllib3.connectionpool:connectionpool.py:1051 Starting new HTTPS connection (1): thinking-tester-contact-list.herokuapp.com:443
DEBUG    urllib3.connectionpool:connectionpool.py:546 https://thinking-tester-contact-list.herokuapp.com:443 "DELETE /users/me HTTP/11" 200 0
DEBUG    util.admin.admin_api:admin_api.py:83 User deleted
INFO     tests.conftest:conftest.py:60 Deleted registered user
DEBUG    util.admin.admin_api:admin_api.py:33 Creating user: {'firstName': 'John', 'lastName': 'Green', 'email': 'john.green@mail.com', 'password': '1234567890'}
DEBUG    urllib3.connectionpool:connectionpool.py:1051 Starting new HTTPS connection (1): thinking-tester-contact-list.herokuapp.com:443
DEBUG    urllib3.connectionpool:connectionpool.py:546 https://thinking-tester-contact-list.herokuapp.com:443 "POST /users HTTP/11" 201 279
DEBUG    util.admin.admin_api:admin_api.py:39 Created user and received token: eyJhbGciOiJIUzI1NiIsInR5cCI6IkpXVCJ9.eyJfaWQiOiI2NzI4MGRjZGJlZDRkYjAwMTM1YjExZjAiLCJpYXQiOjE3MzA2NzgyMjF9.roqUvuXeEZQ10Xun_bjpVpqPWepYqB6B21dwFdJKzTc
INFO     tests.conftest:conftest.py:56 Created registered user
DEBUG    util.admin.admin_api:admin_api.py:43 Logging in user with credentials: {email: john.green@mail.com, password: 1234567890}
DEBUG    urllib3.connectionpool:connectionpool.py:1051 Starting new HTTPS connection (1): thinking-tester-contact-list.herokuapp.com:443
DEBUG    urllib3.connectionpool:connectionpool.py:546 https://thinking-tester-contact-list.herokuapp.com:443 "POST /users/login HTTP/11" 200 279
DEBUG    util.admin.admin_api:admin_api.py:53 Logged in and received token: eyJhbGciOiJIUzI1NiIsInR5cCI6IkpXVCJ9.eyJfaWQiOiI2NzI4MGRjZGJlZDRkYjAwMTM1YjExZjAiLCJpYXQiOjE3MzA2NzgyMjJ9.OX2UfpellxlM7tBbmpzRyfCtuXJMEAX3DsIaEQAffFA
DEBUG    util.admin.admin_api:admin_api.py:86 Using token: eyJhbGciOiJIUzI1NiIsInR5cCI6IkpXVCJ9.eyJfaWQiOiI2NzI4MGRjZGJlZDRkYjAwMTM1YjExZjAiLCJpYXQiOjE3MzA2NzgyMjJ9.OX2UfpellxlM7tBbmpzRyfCtuXJMEAX3DsIaEQAffFA. Creating contact: {'firstName': 'Will', 'lastName': 'Smith', 'birthdate': '1968-09-25', 'email': 'will.smith@mail.com', 'phone': '1234567890', 'street1': '1 Main St.', 'street2': 'Apartment A', 'city': 'New York', 'stateProvince': 'NY', 'postalCode': '10118', 'country': 'USA'}
DEBUG    urllib3.connectionpool:connectionpool.py:1051 Starting new HTTPS connection (1): thinking-tester-contact-list.herokuapp.com:443
DEBUG    urllib3.connectionpool:connectionpool.py:546 https://thinking-tester-contact-list.herokuapp.com:443 "POST /contacts HTTP/11" 201 314
DEBUG    util.admin.admin_api:admin_api.py:93 Contact created: {'_id': '67280dcebed4db00135b11f3', 'firstName': 'Will', 'lastName': 'Smith', 'birthdate': '1968-09-25', 'email': 'will.smith@mail.com', 'phone': '1234567890', 'street1': '1 Main St.', 'street2': 'Apartment A', 'city': 'New York', 'stateProvince': 'NY', 'postalCode': '10118', 'country': 'USA', 'owner': '67280dcdbed4db00135b11f0', '__v': 0}
INFO     tests.api.contact.conftest:conftest.py:41 Created default contact
DEBUG    tests.api.contact.test_api_contact:test_api_contact.py:156 Patching contact with {'firstName': 'Will', 'lastName': 'Smith', 'birthdate': '1968-10-25', 'email': 'will.smith@mail.com', 'phone': '1234567890', 'street1': '1 Main St.', 'street2': 'Apartment A', 'city': 'New York', 'stateProvince': 'NY', 'postalCode': '11', 'country': 'USA'}
DEBUG    urllib3.connectionpool:connectionpool.py:1051 Starting new HTTPS connection (1): thinking-tester-contact-list.herokuapp.com:443
DEBUG    urllib3.connectionpool:connectionpool.py:546 https://thinking-tester-contact-list.herokuapp.com:443 "PATCH /contacts/67280dcebed4db00135b11f3 HTTP/11" 400 383
DEBUG    tests.api.contact.test_api_contact:test_api_contact.py:158 Received response text: {"errors":{"postalCode":{"name":"ValidatorError","message":"Postal code is invalid","properties":{"message":"Postal code is invalid","type":"user defined","path":"postalCode","value":"11","reason":{}},"kind":"user defined","path":"postalCode","value":"11","reason":{}}},"_message":"Contact validation failed","message":"Contact validation failed: postalCode: Postal code is invalid"}
INFO     tests.api.contact.test_api_contact:test_api_contact.py:160 Can't patch contact fields to invalid ones as it is intended
DEBUG    util.admin.admin_api:admin_api.py:97 Getting contact with id: 67280dcebed4db00135b11f3 using token: eyJhbGciOiJIUzI1NiIsInR5cCI6IkpXVCJ9.eyJfaWQiOiI2NzI4MGRjZGJlZDRkYjAwMTM1YjExZjAiLCJpYXQiOjE3MzA2NzgyMjJ9.OX2UfpellxlM7tBbmpzRyfCtuXJMEAX3DsIaEQAffFA
DEBUG    urllib3.connectionpool:connectionpool.py:1051 Starting new HTTPS connection (1): thinking-tester-contact-list.herokuapp.com:443
DEBUG    urllib3.connectionpool:connectionpool.py:546 https://thinking-tester-contact-list.herokuapp.com:443 "GET /contacts/67280dcebed4db00135b11f3 HTTP/11" 200 314
DEBUG    util.admin.admin_api:admin_api.py:104 Received contact: {'_id': '67280dcebed4db00135b11f3', 'firstName': 'Will', 'lastName': 'Smith', 'birthdate': '1968-09-25', 'email': 'will.smith@mail.com', 'phone': '1234567890', 'street1': '1 Main St.', 'street2': 'Apartment A', 'city': 'New York', 'stateProvince': 'NY', 'postalCode': '10118', 'country': 'USA', 'owner': '67280dcdbed4db00135b11f0', '__v': 0}
INFO     tests.api.contact.test_api_contact:test_api_contact.py:164 Contact fields was not patched to invalid ones
DEBUG    util.admin.admin_api:admin_api.py:108 Deleting contact with id: 67280dcebed4db00135b11f3 using token: eyJhbGciOiJIUzI1NiIsInR5cCI6IkpXVCJ9.eyJfaWQiOiI2NzI4MGRjZGJlZDRkYjAwMTM1YjExZjAiLCJpYXQiOjE3MzA2NzgyMjJ9.OX2UfpellxlM7tBbmpzRyfCtuXJMEAX3DsIaEQAffFA
DEBUG    urllib3.connectionpool:connectionpool.py:1051 Starting new HTTPS connection (1): thinking-tester-contact-list.herokuapp.com:443
DEBUG    urllib3.connectionpool:connectionpool.py:546 https://thinking-tester-contact-list.herokuapp.com:443 "DELETE /contacts/67280dcebed4db00135b11f3 HTTP/11" 200 15
DEBUG    util.admin.admin_api:admin_api.py:114 Contact deleted
INFO     tests.api.contact.conftest:conftest.py:44 Deleted default contact
DEBUG    util.admin.admin_api:admin_api.py:77 Deleting user with token: eyJhbGciOiJIUzI1NiIsInR5cCI6IkpXVCJ9.eyJfaWQiOiI2NzI4MGRjZGJlZDRkYjAwMTM1YjExZjAiLCJpYXQiOjE3MzA2NzgyMjF9.roqUvuXeEZQ10Xun_bjpVpqPWepYqB6B21dwFdJKzTc
DEBUG    urllib3.connectionpool:connectionpool.py:1051 Starting new HTTPS connection (1): thinking-tester-contact-list.herokuapp.com:443
DEBUG    urllib3.connectionpool:connectionpool.py:546 https://thinking-tester-contact-list.herokuapp.com:443 "DELETE /users/me HTTP/11" 200 0
DEBUG    util.admin.admin_api:admin_api.py:83 User deleted
INFO     tests.conftest:conftest.py:60 Deleted registered user
DEBUG    util.admin.admin_api:admin_api.py:33 Creating user: {'firstName': 'John', 'lastName': 'Green', 'email': 'john.green@mail.com', 'password': '1234567890'}
DEBUG    urllib3.connectionpool:connectionpool.py:1051 Starting new HTTPS connection (1): thinking-tester-contact-list.herokuapp.com:443
DEBUG    urllib3.connectionpool:connectionpool.py:546 https://thinking-tester-contact-list.herokuapp.com:443 "POST /users HTTP/11" 201 279
DEBUG    util.admin.admin_api:admin_api.py:39 Created user and received token: eyJhbGciOiJIUzI1NiIsInR5cCI6IkpXVCJ9.eyJfaWQiOiI2NzI4MGRkM2QxMjg2YjAwMTMyMmNhOTkiLCJpYXQiOjE3MzA2NzgyMjd9.JRW-6zqv_OKyxFo562bXzt6OAevEemBRPs_nM1F6WGs
INFO     tests.conftest:conftest.py:56 Created registered user
DEBUG    util.admin.admin_api:admin_api.py:43 Logging in user with credentials: {email: john.green@mail.com, password: 1234567890}
DEBUG    urllib3.connectionpool:connectionpool.py:1051 Starting new HTTPS connection (1): thinking-tester-contact-list.herokuapp.com:443
DEBUG    urllib3.connectionpool:connectionpool.py:546 https://thinking-tester-contact-list.herokuapp.com:443 "POST /users/login HTTP/11" 200 279
DEBUG    util.admin.admin_api:admin_api.py:53 Logged in and received token: eyJhbGciOiJIUzI1NiIsInR5cCI6IkpXVCJ9.eyJfaWQiOiI2NzI4MGRkM2QxMjg2YjAwMTMyMmNhOTkiLCJpYXQiOjE3MzA2NzgyMjh9.B6xyPfUhsUllvnahr8nw4vlR3XysXhxlP3MYke9D2zM
DEBUG    util.admin.admin_api:admin_api.py:86 Using token: eyJhbGciOiJIUzI1NiIsInR5cCI6IkpXVCJ9.eyJfaWQiOiI2NzI4MGRkM2QxMjg2YjAwMTMyMmNhOTkiLCJpYXQiOjE3MzA2NzgyMjh9.B6xyPfUhsUllvnahr8nw4vlR3XysXhxlP3MYke9D2zM. Creating contact: {'firstName': 'Will', 'lastName': 'Smith', 'birthdate': '1968-09-25', 'email': 'will.smith@mail.com', 'phone': '1234567890', 'street1': '1 Main St.', 'street2': 'Apartment A', 'city': 'New York', 'stateProvince': 'NY', 'postalCode': '10118', 'country': 'USA'}
DEBUG    urllib3.connectionpool:connectionpool.py:1051 Starting new HTTPS connection (1): thinking-tester-contact-list.herokuapp.com:443
DEBUG    urllib3.connectionpool:connectionpool.py:546 https://thinking-tester-contact-list.herokuapp.com:443 "POST /contacts HTTP/11" 201 314
DEBUG    util.admin.admin_api:admin_api.py:93 Contact created: {'_id': '67280dd4bed4db00135b11f5', 'firstName': 'Will', 'lastName': 'Smith', 'birthdate': '1968-09-25', 'email': 'will.smith@mail.com', 'phone': '1234567890', 'street1': '1 Main St.', 'street2': 'Apartment A', 'city': 'New York', 'stateProvince': 'NY', 'postalCode': '10118', 'country': 'USA', 'owner': '67280dd3d1286b001322ca99', '__v': 0}
INFO     tests.api.contact.conftest:conftest.py:41 Created default contact
DEBUG    tests.api.contact.test_api_contact:test_api_contact.py:156 Patching contact with {'firstName': 'Will', 'lastName': 'Smith', 'birthdate': '1968-10-25', 'email': 'will.smith@mail.com', 'phone': '1234567890', 'street1': '1 Main St.', 'street2': 'Apartment A', 'city': 'New York', 'stateProvince': 'NY', 'postalCode': '11111111', 'country': 'USA'}
DEBUG    urllib3.connectionpool:connectionpool.py:1051 Starting new HTTPS connection (1): thinking-tester-contact-list.herokuapp.com:443
DEBUG    urllib3.connectionpool:connectionpool.py:546 https://thinking-tester-contact-list.herokuapp.com:443 "PATCH /contacts/67280dd4bed4db00135b11f5 HTTP/11" 400 395
DEBUG    tests.api.contact.test_api_contact:test_api_contact.py:158 Received response text: {"errors":{"postalCode":{"name":"ValidatorError","message":"Postal code is invalid","properties":{"message":"Postal code is invalid","type":"user defined","path":"postalCode","value":"11111111","reason":{}},"kind":"user defined","path":"postalCode","value":"11111111","reason":{}}},"_message":"Contact validation failed","message":"Contact validation failed: postalCode: Postal code is invalid"}
INFO     tests.api.contact.test_api_contact:test_api_contact.py:160 Can't patch contact fields to invalid ones as it is intended
DEBUG    util.admin.admin_api:admin_api.py:97 Getting contact with id: 67280dd4bed4db00135b11f5 using token: eyJhbGciOiJIUzI1NiIsInR5cCI6IkpXVCJ9.eyJfaWQiOiI2NzI4MGRkM2QxMjg2YjAwMTMyMmNhOTkiLCJpYXQiOjE3MzA2NzgyMjh9.B6xyPfUhsUllvnahr8nw4vlR3XysXhxlP3MYke9D2zM
DEBUG    urllib3.connectionpool:connectionpool.py:1051 Starting new HTTPS connection (1): thinking-tester-contact-list.herokuapp.com:443
DEBUG    urllib3.connectionpool:connectionpool.py:546 https://thinking-tester-contact-list.herokuapp.com:443 "GET /contacts/67280dd4bed4db00135b11f5 HTTP/11" 200 314
DEBUG    util.admin.admin_api:admin_api.py:104 Received contact: {'_id': '67280dd4bed4db00135b11f5', 'firstName': 'Will', 'lastName': 'Smith', 'birthdate': '1968-09-25', 'email': 'will.smith@mail.com', 'phone': '1234567890', 'street1': '1 Main St.', 'street2': 'Apartment A', 'city': 'New York', 'stateProvince': 'NY', 'postalCode': '10118', 'country': 'USA', 'owner': '67280dd3d1286b001322ca99', '__v': 0}
INFO     tests.api.contact.test_api_contact:test_api_contact.py:164 Contact fields was not patched to invalid ones
DEBUG    util.admin.admin_api:admin_api.py:108 Deleting contact with id: 67280dd4bed4db00135b11f5 using token: eyJhbGciOiJIUzI1NiIsInR5cCI6IkpXVCJ9.eyJfaWQiOiI2NzI4MGRkM2QxMjg2YjAwMTMyMmNhOTkiLCJpYXQiOjE3MzA2NzgyMjh9.B6xyPfUhsUllvnahr8nw4vlR3XysXhxlP3MYke9D2zM
DEBUG    urllib3.connectionpool:connectionpool.py:1051 Starting new HTTPS connection (1): thinking-tester-contact-list.herokuapp.com:443
DEBUG    urllib3.connectionpool:connectionpool.py:546 https://thinking-tester-contact-list.herokuapp.com:443 "DELETE /contacts/67280dd4bed4db00135b11f5 HTTP/11" 200 15
DEBUG    util.admin.admin_api:admin_api.py:114 Contact deleted
INFO     tests.api.contact.conftest:conftest.py:44 Deleted default contact
DEBUG    util.admin.admin_api:admin_api.py:77 Deleting user with token: eyJhbGciOiJIUzI1NiIsInR5cCI6IkpXVCJ9.eyJfaWQiOiI2NzI4MGRkM2QxMjg2YjAwMTMyMmNhOTkiLCJpYXQiOjE3MzA2NzgyMjd9.JRW-6zqv_OKyxFo562bXzt6OAevEemBRPs_nM1F6WGs
DEBUG    urllib3.connectionpool:connectionpool.py:1051 Starting new HTTPS connection (1): thinking-tester-contact-list.herokuapp.com:443
DEBUG    urllib3.connectionpool:connectionpool.py:546 https://thinking-tester-contact-list.herokuapp.com:443 "DELETE /users/me HTTP/11" 200 0
DEBUG    util.admin.admin_api:admin_api.py:83 User deleted
INFO     tests.conftest:conftest.py:60 Deleted registered user
DEBUG    util.admin.admin_api:admin_api.py:33 Creating user: {'firstName': 'John', 'lastName': 'Green', 'email': 'john.green@mail.com', 'password': '1234567890'}
DEBUG    urllib3.connectionpool:connectionpool.py:1051 Starting new HTTPS connection (1): thinking-tester-contact-list.herokuapp.com:443
DEBUG    urllib3.connectionpool:connectionpool.py:546 https://thinking-tester-contact-list.herokuapp.com:443 "POST /users HTTP/11" 201 279
DEBUG    util.admin.admin_api:admin_api.py:39 Created user and received token: eyJhbGciOiJIUzI1NiIsInR5cCI6IkpXVCJ9.eyJfaWQiOiI2NzI4MGRkOGQxMjg2YjAwMTMyMmNhOWIiLCJpYXQiOjE3MzA2NzgyMzJ9.VGsmKs_pM0OpP66Bb-2tv0gAQ4X5vtFv9XBwnpad8Xw
INFO     tests.conftest:conftest.py:56 Created registered user
DEBUG    util.admin.admin_api:admin_api.py:43 Logging in user with credentials: {email: john.green@mail.com, password: 1234567890}
DEBUG    urllib3.connectionpool:connectionpool.py:1051 Starting new HTTPS connection (1): thinking-tester-contact-list.herokuapp.com:443
DEBUG    urllib3.connectionpool:connectionpool.py:546 https://thinking-tester-contact-list.herokuapp.com:443 "POST /users/login HTTP/11" 200 279
DEBUG    util.admin.admin_api:admin_api.py:53 Logged in and received token: eyJhbGciOiJIUzI1NiIsInR5cCI6IkpXVCJ9.eyJfaWQiOiI2NzI4MGRkOGQxMjg2YjAwMTMyMmNhOWIiLCJpYXQiOjE3MzA2NzgyMzR9.teOa2UIu61Ksep1AsqOoi6ufLpHZLeAqq45vI0TKgWw
DEBUG    util.admin.admin_api:admin_api.py:86 Using token: eyJhbGciOiJIUzI1NiIsInR5cCI6IkpXVCJ9.eyJfaWQiOiI2NzI4MGRkOGQxMjg2YjAwMTMyMmNhOWIiLCJpYXQiOjE3MzA2NzgyMzR9.teOa2UIu61Ksep1AsqOoi6ufLpHZLeAqq45vI0TKgWw. Creating contact: {'firstName': 'Will', 'lastName': 'Smith', 'birthdate': '1968-09-25', 'email': 'will.smith@mail.com', 'phone': '1234567890', 'street1': '1 Main St.', 'street2': 'Apartment A', 'city': 'New York', 'stateProvince': 'NY', 'postalCode': '10118', 'country': 'USA'}
DEBUG    urllib3.connectionpool:connectionpool.py:1051 Starting new HTTPS connection (1): thinking-tester-contact-list.herokuapp.com:443
DEBUG    urllib3.connectionpool:connectionpool.py:546 https://thinking-tester-contact-list.herokuapp.com:443 "POST /contacts HTTP/11" 201 314
DEBUG    util.admin.admin_api:admin_api.py:93 Contact created: {'_id': '67280ddabed4db00135b11f7', 'firstName': 'Will', 'lastName': 'Smith', 'birthdate': '1968-09-25', 'email': 'will.smith@mail.com', 'phone': '1234567890', 'street1': '1 Main St.', 'street2': 'Apartment A', 'city': 'New York', 'stateProvince': 'NY', 'postalCode': '10118', 'country': 'USA', 'owner': '67280dd8d1286b001322ca9b', '__v': 0}
INFO     tests.api.contact.conftest:conftest.py:41 Created default contact
DEBUG    tests.api.contact.test_api_contact:test_api_contact.py:156 Patching contact with {'firstName': 'Will', 'lastName': 'Smith', 'birthdate': '1968-10-25', 'email': 'will.smith@mail.com', 'phone': '1234567890', 'street1': '1 Main St.', 'street2': 'Apartment A', 'city': 'New York', 'stateProvince': 'NY', 'postalCode': '10118', 'country': 'aaaaaaaaaabbbbbbbbbbccccccccccdddddddddde'}
DEBUG    urllib3.connectionpool:connectionpool.py:1051 Starting new HTTPS connection (1): thinking-tester-contact-list.herokuapp.com:443
DEBUG    urllib3.connectionpool:connectionpool.py:546 https://thinking-tester-contact-list.herokuapp.com:443 "PATCH /contacts/67280ddabed4db00135b11f7 HTTP/11" 400 692
DEBUG    tests.api.contact.test_api_contact:test_api_contact.py:158 Received response text: {"errors":{"country":{"name":"ValidatorError","message":"Path `country` (`aaaaaaaaaabbbbbbbbbbccccccccccdddddddddde`) is longer than the maximum allowed length (40).","properties":{"message":"Path `country` (`aaaaaaaaaabbbbbbbbbbccccccccccdddddddddde`) is longer than the maximum allowed length (40).","type":"maxlength","maxlength":40,"path":"country","value":"aaaaaaaaaabbbbbbbbbbccccccccccdddddddddde"},"kind":"maxlength","path":"country","value":"aaaaaaaaaabbbbbbbbbbccccccccccdddddddddde"}},"_message":"Contact validation failed","message":"Contact validation failed: country: Path `country` (`aaaaaaaaaabbbbbbbbbbccccccccccdddddddddde`) is longer than the maximum allowed length (40)."}
INFO     tests.api.contact.test_api_contact:test_api_contact.py:160 Can't patch contact fields to invalid ones as it is intended
DEBUG    util.admin.admin_api:admin_api.py:97 Getting contact with id: 67280ddabed4db00135b11f7 using token: eyJhbGciOiJIUzI1NiIsInR5cCI6IkpXVCJ9.eyJfaWQiOiI2NzI4MGRkOGQxMjg2YjAwMTMyMmNhOWIiLCJpYXQiOjE3MzA2NzgyMzR9.teOa2UIu61Ksep1AsqOoi6ufLpHZLeAqq45vI0TKgWw
DEBUG    urllib3.connectionpool:connectionpool.py:1051 Starting new HTTPS connection (1): thinking-tester-contact-list.herokuapp.com:443
DEBUG    urllib3.connectionpool:connectionpool.py:546 https://thinking-tester-contact-list.herokuapp.com:443 "GET /contacts/67280ddabed4db00135b11f7 HTTP/11" 200 314
DEBUG    util.admin.admin_api:admin_api.py:104 Received contact: {'_id': '67280ddabed4db00135b11f7', 'firstName': 'Will', 'lastName': 'Smith', 'birthdate': '1968-09-25', 'email': 'will.smith@mail.com', 'phone': '1234567890', 'street1': '1 Main St.', 'street2': 'Apartment A', 'city': 'New York', 'stateProvince': 'NY', 'postalCode': '10118', 'country': 'USA', 'owner': '67280dd8d1286b001322ca9b', '__v': 0}
INFO     tests.api.contact.test_api_contact:test_api_contact.py:164 Contact fields was not patched to invalid ones
DEBUG    util.admin.admin_api:admin_api.py:108 Deleting contact with id: 67280ddabed4db00135b11f7 using token: eyJhbGciOiJIUzI1NiIsInR5cCI6IkpXVCJ9.eyJfaWQiOiI2NzI4MGRkOGQxMjg2YjAwMTMyMmNhOWIiLCJpYXQiOjE3MzA2NzgyMzR9.teOa2UIu61Ksep1AsqOoi6ufLpHZLeAqq45vI0TKgWw
DEBUG    urllib3.connectionpool:connectionpool.py:1051 Starting new HTTPS connection (1): thinking-tester-contact-list.herokuapp.com:443
DEBUG    urllib3.connectionpool:connectionpool.py:546 https://thinking-tester-contact-list.herokuapp.com:443 "DELETE /contacts/67280ddabed4db00135b11f7 HTTP/11" 200 15
DEBUG    util.admin.admin_api:admin_api.py:114 Contact deleted
INFO     tests.api.contact.conftest:conftest.py:44 Deleted default contact
DEBUG    util.admin.admin_api:admin_api.py:77 Deleting user with token: eyJhbGciOiJIUzI1NiIsInR5cCI6IkpXVCJ9.eyJfaWQiOiI2NzI4MGRkOGQxMjg2YjAwMTMyMmNhOWIiLCJpYXQiOjE3MzA2NzgyMzJ9.VGsmKs_pM0OpP66Bb-2tv0gAQ4X5vtFv9XBwnpad8Xw
DEBUG    urllib3.connectionpool:connectionpool.py:1051 Starting new HTTPS connection (1): thinking-tester-contact-list.herokuapp.com:443
DEBUG    urllib3.connectionpool:connectionpool.py:546 https://thinking-tester-contact-list.herokuapp.com:443 "DELETE /users/me HTTP/11" 200 0
DEBUG    util.admin.admin_api:admin_api.py:83 User deleted
INFO     tests.conftest:conftest.py:60 Deleted registered user
DEBUG    util.admin.admin_api:admin_api.py:33 Creating user: {'firstName': 'John', 'lastName': 'Green', 'email': 'john.green@mail.com', 'password': '1234567890'}
DEBUG    urllib3.connectionpool:connectionpool.py:1051 Starting new HTTPS connection (1): thinking-tester-contact-list.herokuapp.com:443
DEBUG    urllib3.connectionpool:connectionpool.py:546 https://thinking-tester-contact-list.herokuapp.com:443 "POST /users HTTP/11" 201 279
DEBUG    util.admin.admin_api:admin_api.py:39 Created user and received token: eyJhbGciOiJIUzI1NiIsInR5cCI6IkpXVCJ9.eyJfaWQiOiI2NzI4MGRkZmQxMjg2YjAwMTMyMmNhOWQiLCJpYXQiOjE3MzA2NzgyMzl9.8wt0vPniseai6qe4pg6_dSdjUQO7dPcuZoh0eOElWmE
INFO     tests.conftest:conftest.py:56 Created registered user
DEBUG    util.admin.admin_api:admin_api.py:43 Logging in user with credentials: {email: john.green@mail.com, password: 1234567890}
DEBUG    urllib3.connectionpool:connectionpool.py:1051 Starting new HTTPS connection (1): thinking-tester-contact-list.herokuapp.com:443
DEBUG    urllib3.connectionpool:connectionpool.py:546 https://thinking-tester-contact-list.herokuapp.com:443 "POST /users/login HTTP/11" 200 279
DEBUG    util.admin.admin_api:admin_api.py:53 Logged in and received token: eyJhbGciOiJIUzI1NiIsInR5cCI6IkpXVCJ9.eyJfaWQiOiI2NzI4MGRkZmQxMjg2YjAwMTMyMmNhOWQiLCJpYXQiOjE3MzA2NzgyMzl9.8wt0vPniseai6qe4pg6_dSdjUQO7dPcuZoh0eOElWmE
DEBUG    util.admin.admin_api:admin_api.py:86 Using token: eyJhbGciOiJIUzI1NiIsInR5cCI6IkpXVCJ9.eyJfaWQiOiI2NzI4MGRkZmQxMjg2YjAwMTMyMmNhOWQiLCJpYXQiOjE3MzA2NzgyMzl9.8wt0vPniseai6qe4pg6_dSdjUQO7dPcuZoh0eOElWmE. Creating contact: {'firstName': 'Will', 'lastName': 'Smith', 'birthdate': '1968-09-25', 'email': 'will.smith@mail.com', 'phone': '1234567890', 'street1': '1 Main St.', 'street2': 'Apartment A', 'city': 'New York', 'stateProvince': 'NY', 'postalCode': '10118', 'country': 'USA'}
DEBUG    urllib3.connectionpool:connectionpool.py:1051 Starting new HTTPS connection (1): thinking-tester-contact-list.herokuapp.com:443
DEBUG    urllib3.connectionpool:connectionpool.py:546 https://thinking-tester-contact-list.herokuapp.com:443 "POST /contacts HTTP/11" 201 314
DEBUG    util.admin.admin_api:admin_api.py:93 Contact created: {'_id': '67280de0bed4db00135b11f9', 'firstName': 'Will', 'lastName': 'Smith', 'birthdate': '1968-09-25', 'email': 'will.smith@mail.com', 'phone': '1234567890', 'street1': '1 Main St.', 'street2': 'Apartment A', 'city': 'New York', 'stateProvince': 'NY', 'postalCode': '10118', 'country': 'USA', 'owner': '67280ddfd1286b001322ca9d', '__v': 0}
DEBUG    tests.api.contact.test_api_contact:test_api_contact.py:170 Deleting contact {'_id': '67280de0bed4db00135b11f9', 'firstName': 'Will', 'lastName': 'Smith', 'birthdate': '1968-09-25', 'email': 'will.smith@mail.com', 'phone': '1234567890', 'street1': '1 Main St.', 'street2': 'Apartment A', 'city': 'New York', 'stateProvince': 'NY', 'postalCode': '10118', 'country': 'USA', 'owner': '67280ddfd1286b001322ca9d', '__v': 0} with token eyJhbGciOiJIUzI1NiIsInR5cCI6IkpXVCJ9.eyJfaWQiOiI2NzI4MGRkZmQxMjg2YjAwMTMyMmNhOWQiLCJpYXQiOjE3MzA2NzgyMzl9.8wt0vPniseai6qe4pg6_dSdjUQO7dPcuZoh0eOElWmE
DEBUG    urllib3.connectionpool:connectionpool.py:1051 Starting new HTTPS connection (1): thinking-tester-contact-list.herokuapp.com:443
DEBUG    urllib3.connectionpool:connectionpool.py:546 https://thinking-tester-contact-list.herokuapp.com:443 "DELETE /contacts/67280de0bed4db00135b11f9 HTTP/11" 200 15
DEBUG    tests.api.contact.test_api_contact:test_api_contact.py:172 Received response text: Contact deleted
INFO     tests.api.contact.test_api_contact:test_api_contact.py:174 Response status code is correct
DEBUG    util.admin.admin_api:admin_api.py:97 Getting contact with id: 67280de0bed4db00135b11f9 using token: eyJhbGciOiJIUzI1NiIsInR5cCI6IkpXVCJ9.eyJfaWQiOiI2NzI4MGRkZmQxMjg2YjAwMTMyMmNhOWQiLCJpYXQiOjE3MzA2NzgyMzl9.8wt0vPniseai6qe4pg6_dSdjUQO7dPcuZoh0eOElWmE
DEBUG    urllib3.connectionpool:connectionpool.py:1051 Starting new HTTPS connection (1): thinking-tester-contact-list.herokuapp.com:443
DEBUG    urllib3.connectionpool:connectionpool.py:546 https://thinking-tester-contact-list.herokuapp.com:443 "GET /contacts/67280de0bed4db00135b11f9 HTTP/11" 404 0
INFO     tests.api.contact.test_api_contact:test_api_contact.py:178 Can't get contact that was deleted
DEBUG    util.admin.admin_api:admin_api.py:77 Deleting user with token: eyJhbGciOiJIUzI1NiIsInR5cCI6IkpXVCJ9.eyJfaWQiOiI2NzI4MGRkZmQxMjg2YjAwMTMyMmNhOWQiLCJpYXQiOjE3MzA2NzgyMzl9.8wt0vPniseai6qe4pg6_dSdjUQO7dPcuZoh0eOElWmE
DEBUG    urllib3.connectionpool:connectionpool.py:1051 Starting new HTTPS connection (1): thinking-tester-contact-list.herokuapp.com:443
DEBUG    urllib3.connectionpool:connectionpool.py:546 https://thinking-tester-contact-list.herokuapp.com:443 "DELETE /users/me HTTP/11" 200 0
DEBUG    util.admin.admin_api:admin_api.py:83 User deleted
INFO     tests.conftest:conftest.py:60 Deleted registered user
DEBUG    util.admin.admin_api:admin_api.py:33 Creating user: {'firstName': 'John', 'lastName': 'Green', 'email': 'john.green@mail.com', 'password': '1234567890'}
DEBUG    urllib3.connectionpool:connectionpool.py:1051 Starting new HTTPS connection (1): thinking-tester-contact-list.herokuapp.com:443
DEBUG    urllib3.connectionpool:connectionpool.py:546 https://thinking-tester-contact-list.herokuapp.com:443 "POST /users HTTP/11" 201 279
DEBUG    util.admin.admin_api:admin_api.py:39 Created user and received token: eyJhbGciOiJIUzI1NiIsInR5cCI6IkpXVCJ9.eyJfaWQiOiI2NzI4MGRlNGJlZDRkYjAwMTM1YjExZmEiLCJpYXQiOjE3MzA2NzgyNDR9._N3FdHXCdmwmUJUhnrLjCBB4RMeI8NFVP_fCak85lnY
INFO     tests.conftest:conftest.py:56 Created registered user
DEBUG    util.admin.admin_api:admin_api.py:43 Logging in user with credentials: {email: john.green@mail.com, password: 1234567890}
DEBUG    urllib3.connectionpool:connectionpool.py:1051 Starting new HTTPS connection (1): thinking-tester-contact-list.herokuapp.com:443
DEBUG    urllib3.connectionpool:connectionpool.py:546 https://thinking-tester-contact-list.herokuapp.com:443 "POST /users/login HTTP/11" 200 279
DEBUG    util.admin.admin_api:admin_api.py:53 Logged in and received token: eyJhbGciOiJIUzI1NiIsInR5cCI6IkpXVCJ9.eyJfaWQiOiI2NzI4MGRlNGJlZDRkYjAwMTM1YjExZmEiLCJpYXQiOjE3MzA2NzgyNDV9.qNepm8yFV_DUKPZna2vm1ToOy-hsogCgvoRDMeJm-LA
DEBUG    util.admin.admin_api:admin_api.py:86 Using token: eyJhbGciOiJIUzI1NiIsInR5cCI6IkpXVCJ9.eyJfaWQiOiI2NzI4MGRlNGJlZDRkYjAwMTM1YjExZmEiLCJpYXQiOjE3MzA2NzgyNDV9.qNepm8yFV_DUKPZna2vm1ToOy-hsogCgvoRDMeJm-LA. Creating contact: {'firstName': 'Will', 'lastName': 'Smith', 'birthdate': '1968-09-25', 'email': 'will.smith@mail.com', 'phone': '1234567890', 'street1': '1 Main St.', 'street2': 'Apartment A', 'city': 'New York', 'stateProvince': 'NY', 'postalCode': '10118', 'country': 'USA'}
DEBUG    urllib3.connectionpool:connectionpool.py:1051 Starting new HTTPS connection (1): thinking-tester-contact-list.herokuapp.com:443
DEBUG    urllib3.connectionpool:connectionpool.py:546 https://thinking-tester-contact-list.herokuapp.com:443 "POST /contacts HTTP/11" 201 314
DEBUG    util.admin.admin_api:admin_api.py:93 Contact created: {'_id': '67280de6d1286b001322ca9f', 'firstName': 'Will', 'lastName': 'Smith', 'birthdate': '1968-09-25', 'email': 'will.smith@mail.com', 'phone': '1234567890', 'street1': '1 Main St.', 'street2': 'Apartment A', 'city': 'New York', 'stateProvince': 'NY', 'postalCode': '10118', 'country': 'USA', 'owner': '67280de4bed4db00135b11fa', '__v': 0}
INFO     tests.api.contact.conftest:conftest.py:41 Created default contact
DEBUG    tests.api.contact.test_api_contact:test_api_contact.py:181 Deleting contact: {'_id': '67280de6d1286b001322ca9f', 'firstName': 'Will', 'lastName': 'Smith', 'birthdate': '1968-09-25', 'email': 'will.smith@mail.com', 'phone': '1234567890', 'street1': '1 Main St.', 'street2': 'Apartment A', 'city': 'New York', 'stateProvince': 'NY', 'postalCode': '10118', 'country': 'USA', 'owner': '67280de4bed4db00135b11fa', '__v': 0}
DEBUG    urllib3.connectionpool:connectionpool.py:1051 Starting new HTTPS connection (1): thinking-tester-contact-list.herokuapp.com:443
DEBUG    urllib3.connectionpool:connectionpool.py:546 https://thinking-tester-contact-list.herokuapp.com:443 "DELETE /contacts/67280de6d1286b001322ca9f HTTP/11" 401 32
DEBUG    tests.api.contact.test_api_contact:test_api_contact.py:183 Received response text: {"error":"Please authenticate."}
INFO     tests.api.contact.test_api_contact:test_api_contact.py:185 Can't delete contact without authorization as it is intended
DEBUG    util.admin.admin_api:admin_api.py:108 Deleting contact with id: 67280de6d1286b001322ca9f using token: eyJhbGciOiJIUzI1NiIsInR5cCI6IkpXVCJ9.eyJfaWQiOiI2NzI4MGRlNGJlZDRkYjAwMTM1YjExZmEiLCJpYXQiOjE3MzA2NzgyNDV9.qNepm8yFV_DUKPZna2vm1ToOy-hsogCgvoRDMeJm-LA
DEBUG    urllib3.connectionpool:connectionpool.py:1051 Starting new HTTPS connection (1): thinking-tester-contact-list.herokuapp.com:443
DEBUG    urllib3.connectionpool:connectionpool.py:546 https://thinking-tester-contact-list.herokuapp.com:443 "DELETE /contacts/67280de6d1286b001322ca9f HTTP/11" 200 15
DEBUG    util.admin.admin_api:admin_api.py:114 Contact deleted
INFO     tests.api.contact.conftest:conftest.py:44 Deleted default contact
DEBUG    util.admin.admin_api:admin_api.py:77 Deleting user with token: eyJhbGciOiJIUzI1NiIsInR5cCI6IkpXVCJ9.eyJfaWQiOiI2NzI4MGRlNGJlZDRkYjAwMTM1YjExZmEiLCJpYXQiOjE3MzA2NzgyNDR9._N3FdHXCdmwmUJUhnrLjCBB4RMeI8NFVP_fCak85lnY
DEBUG    urllib3.connectionpool:connectionpool.py:1051 Starting new HTTPS connection (1): thinking-tester-contact-list.herokuapp.com:443
DEBUG    urllib3.connectionpool:connectionpool.py:546 https://thinking-tester-contact-list.herokuapp.com:443 "DELETE /users/me HTTP/11" 200 0
DEBUG    util.admin.admin_api:admin_api.py:83 User deleted
INFO     tests.conftest:conftest.py:60 Deleted registered user
DEBUG    util.admin.admin_api:admin_api.py:33 Creating user: {'firstName': 'John', 'lastName': 'Green', 'email': 'john.green@mail.com', 'password': '1234567890'}
DEBUG    urllib3.connectionpool:connectionpool.py:1051 Starting new HTTPS connection (1): thinking-tester-contact-list.herokuapp.com:443
DEBUG    urllib3.connectionpool:connectionpool.py:546 https://thinking-tester-contact-list.herokuapp.com:443 "POST /users HTTP/11" 201 279
DEBUG    util.admin.admin_api:admin_api.py:39 Created user and received token: eyJhbGciOiJIUzI1NiIsInR5cCI6IkpXVCJ9.eyJfaWQiOiI2NzI4MGRlYmQxMjg2YjAwMTMyMmNhYTAiLCJpYXQiOjE3MzA2NzgyNTF9.lE2m0OZCc--lI4AcxxHIG6xNSjnJ9a28az0pNtWc2wM
INFO     tests.conftest:conftest.py:56 Created registered user
DEBUG    util.admin.admin_api:admin_api.py:43 Logging in user with credentials: {email: john.green@mail.com, password: 1234567890}
DEBUG    urllib3.connectionpool:connectionpool.py:1051 Starting new HTTPS connection (1): thinking-tester-contact-list.herokuapp.com:443
DEBUG    urllib3.connectionpool:connectionpool.py:546 https://thinking-tester-contact-list.herokuapp.com:443 "POST /users/login HTTP/11" 200 279
DEBUG    util.admin.admin_api:admin_api.py:53 Logged in and received token: eyJhbGciOiJIUzI1NiIsInR5cCI6IkpXVCJ9.eyJfaWQiOiI2NzI4MGRlYmQxMjg2YjAwMTMyMmNhYTAiLCJpYXQiOjE3MzA2NzgyNTN9.fZqvG5h_BF04yEOqYKGCsSoEW5iTAvpzmd8xWl59ul0
DEBUG    util.admin.admin_api:admin_api.py:86 Using token: eyJhbGciOiJIUzI1NiIsInR5cCI6IkpXVCJ9.eyJfaWQiOiI2NzI4MGRlYmQxMjg2YjAwMTMyMmNhYTAiLCJpYXQiOjE3MzA2NzgyNTN9.fZqvG5h_BF04yEOqYKGCsSoEW5iTAvpzmd8xWl59ul0. Creating contact: {'firstName': 'Will', 'lastName': 'Smith', 'birthdate': '1968-09-25', 'email': 'will.smith@mail.com', 'phone': '1234567890', 'street1': '1 Main St.', 'street2': 'Apartment A', 'city': 'New York', 'stateProvince': 'NY', 'postalCode': '10118', 'country': 'USA'}
DEBUG    urllib3.connectionpool:connectionpool.py:1051 Starting new HTTPS connection (1): thinking-tester-contact-list.herokuapp.com:443
DEBUG    urllib3.connectionpool:connectionpool.py:546 https://thinking-tester-contact-list.herokuapp.com:443 "POST /contacts HTTP/11" 201 314
DEBUG    util.admin.admin_api:admin_api.py:93 Contact created: {'_id': '67280deed1286b001322caa2', 'firstName': 'Will', 'lastName': 'Smith', 'birthdate': '1968-09-25', 'email': 'will.smith@mail.com', 'phone': '1234567890', 'street1': '1 Main St.', 'street2': 'Apartment A', 'city': 'New York', 'stateProvince': 'NY', 'postalCode': '10118', 'country': 'USA', 'owner': '67280debd1286b001322caa0', '__v': 0}
DEBUG    util.admin.admin_api:admin_api.py:86 Using token: eyJhbGciOiJIUzI1NiIsInR5cCI6IkpXVCJ9.eyJfaWQiOiI2NzI4MGRlYmQxMjg2YjAwMTMyMmNhYTAiLCJpYXQiOjE3MzA2NzgyNTN9.fZqvG5h_BF04yEOqYKGCsSoEW5iTAvpzmd8xWl59ul0. Creating contact: {'firstName': 'Bob', 'lastName': 'Ross', 'birthdate': '1942-10-29', 'email': 'bob.ross@mail.com', 'phone': '1234567890', 'street1': 'Kingston Ave, 706', 'city': 'Daytona Beach', 'stateProvince': 'FL', 'postalCode': '22222', 'country': 'USA'}
DEBUG    urllib3.connectionpool:connectionpool.py:1051 Starting new HTTPS connection (1): thinking-tester-contact-list.herokuapp.com:443
DEBUG    urllib3.connectionpool:connectionpool.py:546 https://thinking-tester-contact-list.herokuapp.com:443 "POST /contacts HTTP/11" 201 298
DEBUG    util.admin.admin_api:admin_api.py:93 Contact created: {'_id': '67280defbed4db00135b11fe', 'firstName': 'Bob', 'lastName': 'Ross', 'birthdate': '1942-10-29', 'email': 'bob.ross@mail.com', 'phone': '1234567890', 'street1': 'Kingston Ave, 706', 'city': 'Daytona Beach', 'stateProvince': 'FL', 'postalCode': '22222', 'country': 'USA', 'owner': '67280debd1286b001322caa0', '__v': 0}
DEBUG    util.admin.admin_api:admin_api.py:86 Using token: eyJhbGciOiJIUzI1NiIsInR5cCI6IkpXVCJ9.eyJfaWQiOiI2NzI4MGRlYmQxMjg2YjAwMTMyMmNhYTAiLCJpYXQiOjE3MzA2NzgyNTN9.fZqvG5h_BF04yEOqYKGCsSoEW5iTAvpzmd8xWl59ul0. Creating contact: {'firstName': 'Bob', 'lastName': 'Dylan'}
DEBUG    urllib3.connectionpool:connectionpool.py:1051 Starting new HTTPS connection (1): thinking-tester-contact-list.herokuapp.com:443
DEBUG    urllib3.connectionpool:connectionpool.py:546 https://thinking-tester-contact-list.herokuapp.com:443 "POST /contacts HTTP/11" 201 114
DEBUG    util.admin.admin_api:admin_api.py:93 Contact created: {'_id': '67280df0d1286b001322caa3', 'firstName': 'Bob', 'lastName': 'Dylan', 'owner': '67280debd1286b001322caa0', '__v': 0}
DEBUG    tests.api.contact.test_api_contact:test_api_contact.py:192 Deleting contact list with token: eyJhbGciOiJIUzI1NiIsInR5cCI6IkpXVCJ9.eyJfaWQiOiI2NzI4MGRlYmQxMjg2YjAwMTMyMmNhYTAiLCJpYXQiOjE3MzA2NzgyNTN9.fZqvG5h_BF04yEOqYKGCsSoEW5iTAvpzmd8xWl59ul0
DEBUG    urllib3.connectionpool:connectionpool.py:1051 Starting new HTTPS connection (1): thinking-tester-contact-list.herokuapp.com:443
DEBUG    urllib3.connectionpool:connectionpool.py:546 https://thinking-tester-contact-list.herokuapp.com:443 "DELETE /contacts/ HTTP/11" 503 506
DEBUG    tests.api.contact.test_api_contact:test_api_contact.py:194 Received response text: <!DOCTYPE html>
	<html>
	  <head>
		<meta name="viewport" content="width=device-width, initial-scale=1">
		<meta charset="utf-8">
		<title>Application Error</title>
		<style media="screen">
		  html,body,iframe {
			margin: 0;
			padding: 0;
		  }
		  html,body {
			height: 100%;
			overflow: hidden;
		  }
		  iframe {
			width: 100%;
			height: 100%;
			border: 0;
		  }
		</style>
	  </head>
	  <body>
		<iframe src="//www.herokucdn.com/error-pages/application-error.html"></iframe>
	  </body>
	</html>
DEBUG    util.admin.admin_api:admin_api.py:77 Deleting user with token: eyJhbGciOiJIUzI1NiIsInR5cCI6IkpXVCJ9.eyJfaWQiOiI2NzI4MGRlYmQxMjg2YjAwMTMyMmNhYTAiLCJpYXQiOjE3MzA2NzgyNTF9.lE2m0OZCc--lI4AcxxHIG6xNSjnJ9a28az0pNtWc2wM
DEBUG    urllib3.connectionpool:connectionpool.py:1051 Starting new HTTPS connection (1): thinking-tester-contact-list.herokuapp.com:443
DEBUG    urllib3.connectionpool:connectionpool.py:546 https://thinking-tester-contact-list.herokuapp.com:443 "DELETE /users/me HTTP/11" 200 0
DEBUG    util.admin.admin_api:admin_api.py:83 User deleted
INFO     tests.conftest:conftest.py:60 Deleted registered user
DEBUG    tests.api.user.test_api_user:test_api_user.py:33 Creating user: {'firstName': 'John', 'lastName': 'Green', 'email': 'john.green@mail.com', 'password': '1234567890'}
DEBUG    urllib3.connectionpool:connectionpool.py:1051 Starting new HTTPS connection (1): thinking-tester-contact-list.herokuapp.com:443
DEBUG    urllib3.connectionpool:connectionpool.py:546 https://thinking-tester-contact-list.herokuapp.com:443 "POST /users/ HTTP/11" 201 279
DEBUG    tests.api.user.test_api_user:test_api_user.py:35 Received response text: {"user":{"_id":"67280e10bed4db00135b1201","firstName":"John","lastName":"Green","email":"john.green@mail.com","__v":1},"token":"eyJhbGciOiJIUzI1NiIsInR5cCI6IkpXVCJ9.eyJfaWQiOiI2NzI4MGUxMGJlZDRkYjAwMTM1YjEyMDEiLCJpYXQiOjE3MzA2NzgyODl9.xX7AdVmrVxUxIn9PMP4umeuyiUnnRrnafn9z3HKFDqg"}
INFO     tests.api.user.test_api_user:test_api_user.py:38 Response status code and headers are correct
INFO     tests.api.user.test_api_user:test_api_user.py:24 User JSON schema is correct
INFO     tests.api.user.test_api_user:test_api_user.py:45 Created user response JSON is correct
DEBUG    util.admin.admin_api:admin_api.py:66 Getting user with token: eyJhbGciOiJIUzI1NiIsInR5cCI6IkpXVCJ9.eyJfaWQiOiI2NzI4MGUxMGJlZDRkYjAwMTM1YjEyMDEiLCJpYXQiOjE3MzA2NzgyODl9.xX7AdVmrVxUxIn9PMP4umeuyiUnnRrnafn9z3HKFDqg
DEBUG    urllib3.connectionpool:connectionpool.py:1051 Starting new HTTPS connection (1): thinking-tester-contact-list.herokuapp.com:443
DEBUG    urllib3.connectionpool:connectionpool.py:546 https://thinking-tester-contact-list.herokuapp.com:443 "GET /users/me HTTP/11" 200 110
DEBUG    util.admin.admin_api:admin_api.py:73 Received user: {'_id': '67280e10bed4db00135b1201', 'firstName': 'John', 'lastName': 'Green', 'email': 'john.green@mail.com', '__v': 1}
INFO     tests.api.user.test_api_user:test_api_user.py:24 User JSON schema is correct
INFO     tests.api.user.test_api_user:test_api_user.py:50 Successfully received same registered user
DEBUG    util.admin.admin_api:admin_api.py:77 Deleting user with token: eyJhbGciOiJIUzI1NiIsInR5cCI6IkpXVCJ9.eyJfaWQiOiI2NzI4MGUxMGJlZDRkYjAwMTM1YjEyMDEiLCJpYXQiOjE3MzA2NzgyODl9.xX7AdVmrVxUxIn9PMP4umeuyiUnnRrnafn9z3HKFDqg
DEBUG    urllib3.connectionpool:connectionpool.py:1051 Starting new HTTPS connection (1): thinking-tester-contact-list.herokuapp.com:443
DEBUG    urllib3.connectionpool:connectionpool.py:546 https://thinking-tester-contact-list.herokuapp.com:443 "DELETE /users/me HTTP/11" 200 0
DEBUG    util.admin.admin_api:admin_api.py:83 User deleted
DEBUG    tests.api.user.test_api_user:test_api_user.py:33 Creating user: {'firstName': 'John', 'lastName': 'Green', 'email': 'john.green@mail.com', 'password': '`!@#$%^&*()_+\'"№;:?-=[]/\\あいうえお'}
DEBUG    urllib3.connectionpool:connectionpool.py:1051 Starting new HTTPS connection (1): thinking-tester-contact-list.herokuapp.com:443
DEBUG    urllib3.connectionpool:connectionpool.py:546 https://thinking-tester-contact-list.herokuapp.com:443 "POST /users/ HTTP/11" 201 279
DEBUG    tests.api.user.test_api_user:test_api_user.py:35 Received response text: {"user":{"_id":"67280e13d1286b001322caa5","firstName":"John","lastName":"Green","email":"john.green@mail.com","__v":1},"token":"eyJhbGciOiJIUzI1NiIsInR5cCI6IkpXVCJ9.eyJfaWQiOiI2NzI4MGUxM2QxMjg2YjAwMTMyMmNhYTUiLCJpYXQiOjE3MzA2NzgyOTF9.q3FBgY_vvkoE9VVpG-vrMmYZmF4An2tr_nZ7WHCsq4o"}
INFO     tests.api.user.test_api_user:test_api_user.py:38 Response status code and headers are correct
INFO     tests.api.user.test_api_user:test_api_user.py:24 User JSON schema is correct
INFO     tests.api.user.test_api_user:test_api_user.py:45 Created user response JSON is correct
DEBUG    util.admin.admin_api:admin_api.py:66 Getting user with token: eyJhbGciOiJIUzI1NiIsInR5cCI6IkpXVCJ9.eyJfaWQiOiI2NzI4MGUxM2QxMjg2YjAwMTMyMmNhYTUiLCJpYXQiOjE3MzA2NzgyOTF9.q3FBgY_vvkoE9VVpG-vrMmYZmF4An2tr_nZ7WHCsq4o
DEBUG    urllib3.connectionpool:connectionpool.py:1051 Starting new HTTPS connection (1): thinking-tester-contact-list.herokuapp.com:443
DEBUG    urllib3.connectionpool:connectionpool.py:546 https://thinking-tester-contact-list.herokuapp.com:443 "GET /users/me HTTP/11" 200 110
DEBUG    util.admin.admin_api:admin_api.py:73 Received user: {'_id': '67280e13d1286b001322caa5', 'firstName': 'John', 'lastName': 'Green', 'email': 'john.green@mail.com', '__v': 1}
INFO     tests.api.user.test_api_user:test_api_user.py:24 User JSON schema is correct
INFO     tests.api.user.test_api_user:test_api_user.py:50 Successfully received same registered user
DEBUG    util.admin.admin_api:admin_api.py:77 Deleting user with token: eyJhbGciOiJIUzI1NiIsInR5cCI6IkpXVCJ9.eyJfaWQiOiI2NzI4MGUxM2QxMjg2YjAwMTMyMmNhYTUiLCJpYXQiOjE3MzA2NzgyOTF9.q3FBgY_vvkoE9VVpG-vrMmYZmF4An2tr_nZ7WHCsq4o
DEBUG    urllib3.connectionpool:connectionpool.py:1051 Starting new HTTPS connection (1): thinking-tester-contact-list.herokuapp.com:443
DEBUG    urllib3.connectionpool:connectionpool.py:546 https://thinking-tester-contact-list.herokuapp.com:443 "DELETE /users/me HTTP/11" 200 0
DEBUG    util.admin.admin_api:admin_api.py:83 User deleted
DEBUG    tests.api.user.test_api_user:test_api_user.py:33 Creating user: {'firstName': 'John', 'lastName': 'Green', 'email': 'john.green@mail.com', 'password': '1111111'}
DEBUG    urllib3.connectionpool:connectionpool.py:1051 Starting new HTTPS connection (1): thinking-tester-contact-list.herokuapp.com:443
DEBUG    urllib3.connectionpool:connectionpool.py:546 https://thinking-tester-contact-list.herokuapp.com:443 "POST /users/ HTTP/11" 201 279
DEBUG    tests.api.user.test_api_user:test_api_user.py:35 Received response text: {"user":{"_id":"67280e16bed4db00135b1203","firstName":"John","lastName":"Green","email":"john.green@mail.com","__v":1},"token":"eyJhbGciOiJIUzI1NiIsInR5cCI6IkpXVCJ9.eyJfaWQiOiI2NzI4MGUxNmJlZDRkYjAwMTM1YjEyMDMiLCJpYXQiOjE3MzA2NzgyOTR9.eVe25h1sBvkt0ZPmvFnta9xZbBvY4IKzZjDOTA2atvU"}
INFO     tests.api.user.test_api_user:test_api_user.py:38 Response status code and headers are correct
INFO     tests.api.user.test_api_user:test_api_user.py:24 User JSON schema is correct
INFO     tests.api.user.test_api_user:test_api_user.py:45 Created user response JSON is correct
DEBUG    util.admin.admin_api:admin_api.py:66 Getting user with token: eyJhbGciOiJIUzI1NiIsInR5cCI6IkpXVCJ9.eyJfaWQiOiI2NzI4MGUxNmJlZDRkYjAwMTM1YjEyMDMiLCJpYXQiOjE3MzA2NzgyOTR9.eVe25h1sBvkt0ZPmvFnta9xZbBvY4IKzZjDOTA2atvU
DEBUG    urllib3.connectionpool:connectionpool.py:1051 Starting new HTTPS connection (1): thinking-tester-contact-list.herokuapp.com:443
DEBUG    urllib3.connectionpool:connectionpool.py:546 https://thinking-tester-contact-list.herokuapp.com:443 "GET /users/me HTTP/11" 200 110
DEBUG    util.admin.admin_api:admin_api.py:73 Received user: {'_id': '67280e16bed4db00135b1203', 'firstName': 'John', 'lastName': 'Green', 'email': 'john.green@mail.com', '__v': 1}
INFO     tests.api.user.test_api_user:test_api_user.py:24 User JSON schema is correct
INFO     tests.api.user.test_api_user:test_api_user.py:50 Successfully received same registered user
DEBUG    util.admin.admin_api:admin_api.py:77 Deleting user with token: eyJhbGciOiJIUzI1NiIsInR5cCI6IkpXVCJ9.eyJfaWQiOiI2NzI4MGUxNmJlZDRkYjAwMTM1YjEyMDMiLCJpYXQiOjE3MzA2NzgyOTR9.eVe25h1sBvkt0ZPmvFnta9xZbBvY4IKzZjDOTA2atvU
DEBUG    urllib3.connectionpool:connectionpool.py:1051 Starting new HTTPS connection (1): thinking-tester-contact-list.herokuapp.com:443
DEBUG    urllib3.connectionpool:connectionpool.py:546 https://thinking-tester-contact-list.herokuapp.com:443 "DELETE /users/me HTTP/11" 200 0
DEBUG    util.admin.admin_api:admin_api.py:83 User deleted
DEBUG    tests.api.user.test_api_user:test_api_user.py:33 Creating user: {'firstName': 'John', 'lastName': 'Green', 'email': 'john.green@mail.com', 'password': '1111111111111111111111111111111111111111111111111111111111111111111111111111111111111111111111111111'}
DEBUG    urllib3.connectionpool:connectionpool.py:1051 Starting new HTTPS connection (1): thinking-tester-contact-list.herokuapp.com:443
DEBUG    urllib3.connectionpool:connectionpool.py:546 https://thinking-tester-contact-list.herokuapp.com:443 "POST /users/ HTTP/11" 201 279
DEBUG    tests.api.user.test_api_user:test_api_user.py:35 Received response text: {"user":{"_id":"67280e19d1286b001322caa9","firstName":"John","lastName":"Green","email":"john.green@mail.com","__v":1},"token":"eyJhbGciOiJIUzI1NiIsInR5cCI6IkpXVCJ9.eyJfaWQiOiI2NzI4MGUxOWQxMjg2YjAwMTMyMmNhYTkiLCJpYXQiOjE3MzA2NzgyOTd9.iFXXRKQ8IieRJfpbnX9gEO_6PCjURTd9XtMSUJPVKyM"}
INFO     tests.api.user.test_api_user:test_api_user.py:38 Response status code and headers are correct
INFO     tests.api.user.test_api_user:test_api_user.py:24 User JSON schema is correct
INFO     tests.api.user.test_api_user:test_api_user.py:45 Created user response JSON is correct
DEBUG    util.admin.admin_api:admin_api.py:66 Getting user with token: eyJhbGciOiJIUzI1NiIsInR5cCI6IkpXVCJ9.eyJfaWQiOiI2NzI4MGUxOWQxMjg2YjAwMTMyMmNhYTkiLCJpYXQiOjE3MzA2NzgyOTd9.iFXXRKQ8IieRJfpbnX9gEO_6PCjURTd9XtMSUJPVKyM
DEBUG    urllib3.connectionpool:connectionpool.py:1051 Starting new HTTPS connection (1): thinking-tester-contact-list.herokuapp.com:443
DEBUG    urllib3.connectionpool:connectionpool.py:546 https://thinking-tester-contact-list.herokuapp.com:443 "GET /users/me HTTP/11" 200 110
DEBUG    util.admin.admin_api:admin_api.py:73 Received user: {'_id': '67280e19d1286b001322caa9', 'firstName': 'John', 'lastName': 'Green', 'email': 'john.green@mail.com', '__v': 1}
INFO     tests.api.user.test_api_user:test_api_user.py:24 User JSON schema is correct
INFO     tests.api.user.test_api_user:test_api_user.py:50 Successfully received same registered user
DEBUG    util.admin.admin_api:admin_api.py:77 Deleting user with token: eyJhbGciOiJIUzI1NiIsInR5cCI6IkpXVCJ9.eyJfaWQiOiI2NzI4MGUxOWQxMjg2YjAwMTMyMmNhYTkiLCJpYXQiOjE3MzA2NzgyOTd9.iFXXRKQ8IieRJfpbnX9gEO_6PCjURTd9XtMSUJPVKyM
DEBUG    urllib3.connectionpool:connectionpool.py:1051 Starting new HTTPS connection (1): thinking-tester-contact-list.herokuapp.com:443
DEBUG    urllib3.connectionpool:connectionpool.py:546 https://thinking-tester-contact-list.herokuapp.com:443 "DELETE /users/me HTTP/11" 200 0
DEBUG    util.admin.admin_api:admin_api.py:83 User deleted
DEBUG    tests.api.user.test_api_user:test_api_user.py:56 Creating invalid user: {'firstName': '', 'lastName': 'Green', 'email': 'john.green@mail.com', 'password': '1234567890'}
DEBUG    urllib3.connectionpool:connectionpool.py:1051 Starting new HTTPS connection (1): thinking-tester-contact-list.herokuapp.com:443
DEBUG    urllib3.connectionpool:connectionpool.py:546 https://thinking-tester-contact-list.herokuapp.com:443 "POST /users/ HTTP/11" 400 358
DEBUG    tests.api.user.test_api_user:test_api_user.py:58 Received response text: {"errors":{"firstName":{"name":"ValidatorError","message":"Path `firstName` is required.","properties":{"message":"Path `firstName` is required.","type":"required","path":"firstName","value":""},"kind":"required","path":"firstName","value":""}},"_message":"User validation failed","message":"User validation failed: firstName: Path `firstName` is required."}
INFO     tests.api.user.test_api_user:test_api_user.py:61 Invalid user was not created
DEBUG    tests.api.user.test_api_user:test_api_user.py:56 Creating invalid user: {'firstName': 'John', 'lastName': '', 'email': 'john.green@mail.com', 'password': '1234567890'}
DEBUG    urllib3.connectionpool:connectionpool.py:1051 Starting new HTTPS connection (1): thinking-tester-contact-list.herokuapp.com:443
DEBUG    urllib3.connectionpool:connectionpool.py:546 https://thinking-tester-contact-list.herokuapp.com:443 "POST /users/ HTTP/11" 400 351
DEBUG    tests.api.user.test_api_user:test_api_user.py:58 Received response text: {"errors":{"lastName":{"name":"ValidatorError","message":"Path `lastName` is required.","properties":{"message":"Path `lastName` is required.","type":"required","path":"lastName","value":""},"kind":"required","path":"lastName","value":""}},"_message":"User validation failed","message":"User validation failed: lastName: Path `lastName` is required."}
INFO     tests.api.user.test_api_user:test_api_user.py:61 Invalid user was not created
DEBUG    tests.api.user.test_api_user:test_api_user.py:56 Creating invalid user: {'firstName': 'John', 'lastName': 'Green', 'email': '', 'password': '1234567890'}
DEBUG    urllib3.connectionpool:connectionpool.py:1051 Starting new HTTPS connection (1): thinking-tester-contact-list.herokuapp.com:443
DEBUG    urllib3.connectionpool:connectionpool.py:546 https://thinking-tester-contact-list.herokuapp.com:443 "POST /users/ HTTP/11" 400 335
DEBUG    tests.api.user.test_api_user:test_api_user.py:58 Received response text: {"errors":{"email":{"name":"ValidatorError","message":"Email is invalid","properties":{"message":"Email is invalid","type":"user defined","path":"email","value":"","reason":{}},"kind":"user defined","path":"email","value":"","reason":{}}},"_message":"User validation failed","message":"User validation failed: email: Email is invalid"}
INFO     tests.api.user.test_api_user:test_api_user.py:61 Invalid user was not created
DEBUG    tests.api.user.test_api_user:test_api_user.py:56 Creating invalid user: {'firstName': 'John', 'lastName': 'Green', 'email': 'john.green@mail.com', 'password': ''}
DEBUG    urllib3.connectionpool:connectionpool.py:1051 Starting new HTTPS connection (1): thinking-tester-contact-list.herokuapp.com:443
DEBUG    urllib3.connectionpool:connectionpool.py:546 https://thinking-tester-contact-list.herokuapp.com:443 "POST /users/ HTTP/11" 400 351
DEBUG    tests.api.user.test_api_user:test_api_user.py:58 Received response text: {"errors":{"password":{"name":"ValidatorError","message":"Path `password` is required.","properties":{"message":"Path `password` is required.","type":"required","path":"password","value":""},"kind":"required","path":"password","value":""}},"_message":"User validation failed","message":"User validation failed: password: Path `password` is required."}
INFO     tests.api.user.test_api_user:test_api_user.py:61 Invalid user was not created
DEBUG    tests.api.user.test_api_user:test_api_user.py:56 Creating invalid user: {'firstName': '', 'lastName': '', 'email': '', 'password': ''}
DEBUG    urllib3.connectionpool:connectionpool.py:1051 Starting new HTTPS connection (1): thinking-tester-contact-list.herokuapp.com:443
DEBUG    urllib3.connectionpool:connectionpool.py:546 https://thinking-tester-contact-list.herokuapp.com:443 "POST /users/ HTTP/11" 400 1146
DEBUG    tests.api.user.test_api_user:test_api_user.py:58 Received response text: {"errors":{"firstName":{"name":"ValidatorError","message":"Path `firstName` is required.","properties":{"message":"Path `firstName` is required.","type":"required","path":"firstName","value":""},"kind":"required","path":"firstName","value":""},"lastName":{"name":"ValidatorError","message":"Path `lastName` is required.","properties":{"message":"Path `lastName` is required.","type":"required","path":"lastName","value":""},"kind":"required","path":"lastName","value":""},"email":{"name":"ValidatorError","message":"Email is invalid","properties":{"message":"Email is invalid","type":"user defined","path":"email","value":"","reason":{}},"kind":"user defined","path":"email","value":"","reason":{}},"password":{"name":"ValidatorError","message":"Path `password` is required.","properties":{"message":"Path `password` is required.","type":"required","path":"password","value":""},"kind":"required","path":"password","value":""}},"_message":"User validation failed","message":"User validation failed: firstName: Path `firstName` is required., lastName: Path `lastName` is required., email: Email is invalid, password: Path `password` is required."}
INFO     tests.api.user.test_api_user:test_api_user.py:61 Invalid user was not created
DEBUG    tests.api.user.test_api_user:test_api_user.py:56 Creating invalid user: {'lastName': 'Green', 'email': 'john.green@mail.com', 'password': '1234567890'}
DEBUG    urllib3.connectionpool:connectionpool.py:1051 Starting new HTTPS connection (1): thinking-tester-contact-list.herokuapp.com:443
DEBUG    urllib3.connectionpool:connectionpool.py:546 https://thinking-tester-contact-list.herokuapp.com:443 "POST /users/ HTTP/11" 400 336
DEBUG    tests.api.user.test_api_user:test_api_user.py:58 Received response text: {"errors":{"firstName":{"name":"ValidatorError","message":"Path `firstName` is required.","properties":{"message":"Path `firstName` is required.","type":"required","path":"firstName"},"kind":"required","path":"firstName"}},"_message":"User validation failed","message":"User validation failed: firstName: Path `firstName` is required."}
INFO     tests.api.user.test_api_user:test_api_user.py:61 Invalid user was not created
DEBUG    tests.api.user.test_api_user:test_api_user.py:56 Creating invalid user: {'firstName': 'John', 'email': 'john.green@mail.com', 'password': '1234567890'}
DEBUG    urllib3.connectionpool:connectionpool.py:1051 Starting new HTTPS connection (1): thinking-tester-contact-list.herokuapp.com:443
DEBUG    urllib3.connectionpool:connectionpool.py:546 https://thinking-tester-contact-list.herokuapp.com:443 "POST /users/ HTTP/11" 400 329
DEBUG    tests.api.user.test_api_user:test_api_user.py:58 Received response text: {"errors":{"lastName":{"name":"ValidatorError","message":"Path `lastName` is required.","properties":{"message":"Path `lastName` is required.","type":"required","path":"lastName"},"kind":"required","path":"lastName"}},"_message":"User validation failed","message":"User validation failed: lastName: Path `lastName` is required."}
INFO     tests.api.user.test_api_user:test_api_user.py:61 Invalid user was not created
DEBUG    tests.api.user.test_api_user:test_api_user.py:56 Creating invalid user: {'firstName': 'John', 'lastName': 'Green', 'password': '1234567890'}
DEBUG    urllib3.connectionpool:connectionpool.py:1051 Starting new HTTPS connection (1): thinking-tester-contact-list.herokuapp.com:443
DEBUG    urllib3.connectionpool:connectionpool.py:546 https://thinking-tester-contact-list.herokuapp.com:443 "POST /users/ HTTP/11" 400 45
DEBUG    tests.api.user.test_api_user:test_api_user.py:58 Received response text: {"message":"Email address is already in use"}
INFO     tests.api.user.test_api_user:test_api_user.py:61 Invalid user was not created
DEBUG    tests.api.user.test_api_user:test_api_user.py:56 Creating invalid user: {'firstName': 'John', 'lastName': 'Green', 'email': 'john.green@mail.com'}
DEBUG    urllib3.connectionpool:connectionpool.py:1051 Starting new HTTPS connection (1): thinking-tester-contact-list.herokuapp.com:443
DEBUG    urllib3.connectionpool:connectionpool.py:546 https://thinking-tester-contact-list.herokuapp.com:443 "POST /users/ HTTP/11" 400 329
DEBUG    tests.api.user.test_api_user:test_api_user.py:58 Received response text: {"errors":{"password":{"name":"ValidatorError","message":"Path `password` is required.","properties":{"message":"Path `password` is required.","type":"required","path":"password"},"kind":"required","path":"password"}},"_message":"User validation failed","message":"User validation failed: password: Path `password` is required."}
INFO     tests.api.user.test_api_user:test_api_user.py:61 Invalid user was not created
DEBUG    tests.api.user.test_api_user:test_api_user.py:56 Creating invalid user: {}
DEBUG    urllib3.connectionpool:connectionpool.py:1051 Starting new HTTPS connection (1): thinking-tester-contact-list.herokuapp.com:443
DEBUG    urllib3.connectionpool:connectionpool.py:546 https://thinking-tester-contact-list.herokuapp.com:443 "POST /users/ HTTP/11" 400 828
DEBUG    tests.api.user.test_api_user:test_api_user.py:58 Received response text: {"errors":{"password":{"name":"ValidatorError","message":"Path `password` is required.","properties":{"message":"Path `password` is required.","type":"required","path":"password"},"kind":"required","path":"password"},"lastName":{"name":"ValidatorError","message":"Path `lastName` is required.","properties":{"message":"Path `lastName` is required.","type":"required","path":"lastName"},"kind":"required","path":"lastName"},"firstName":{"name":"ValidatorError","message":"Path `firstName` is required.","properties":{"message":"Path `firstName` is required.","type":"required","path":"firstName"},"kind":"required","path":"firstName"}},"_message":"User validation failed","message":"User validation failed: password: Path `password` is required., lastName: Path `lastName` is required., firstName: Path `firstName` is required."}
INFO     tests.api.user.test_api_user:test_api_user.py:61 Invalid user was not created
DEBUG    tests.api.user.test_api_user:test_api_user.py:56 Creating invalid user: {'firstName': 'John', 'lastName': 'Green', 'email': 'john.green@mail.com', 'password': '111111'}
DEBUG    urllib3.connectionpool:connectionpool.py:1051 Starting new HTTPS connection (1): thinking-tester-contact-list.herokuapp.com:443
DEBUG    urllib3.connectionpool:connectionpool.py:546 https://thinking-tester-contact-list.herokuapp.com:443 "POST /users/ HTTP/11" 400 517
DEBUG    tests.api.user.test_api_user:test_api_user.py:58 Received response text: {"errors":{"password":{"name":"ValidatorError","message":"Path `password` (`111111`) is shorter than the minimum allowed length (7).","properties":{"message":"Path `password` (`111111`) is shorter than the minimum allowed length (7).","type":"minlength","minlength":7,"path":"password","value":"111111"},"kind":"minlength","path":"password","value":"111111"}},"_message":"User validation failed","message":"User validation failed: password: Path `password` (`111111`) is shorter than the minimum allowed length (7)."}
INFO     tests.api.user.test_api_user:test_api_user.py:61 Invalid user was not created
DEBUG    tests.api.user.test_api_user:test_api_user.py:56 Creating invalid user: {'firstName': 'John', 'lastName': 'Green', 'email': 'john.green@mail.com', 'password': '11111111111111111111111111111111111111111111111111111111111111111111111111111111111111111111111111111'}
DEBUG    urllib3.connectionpool:connectionpool.py:1051 Starting new HTTPS connection (1): thinking-tester-contact-list.herokuapp.com:443
DEBUG    urllib3.connectionpool:connectionpool.py:546 https://thinking-tester-contact-list.herokuapp.com:443 "POST /users/ HTTP/11" 400 997
DEBUG    tests.api.user.test_api_user:test_api_user.py:58 Received response text: {"errors":{"password":{"name":"ValidatorError","message":"Path `password` (`11111111111111111111111111111111111111111111111111111111111111111111111111111111111111111111111111111`) is longer than the maximum allowed length (100).","properties":{"message":"Path `password` (`11111111111111111111111111111111111111111111111111111111111111111111111111111111111111111111111111111`) is longer than the maximum allowed length (100).","type":"maxlength","maxlength":100,"path":"password","value":"11111111111111111111111111111111111111111111111111111111111111111111111111111111111111111111111111111"},"kind":"maxlength","path":"password","value":"11111111111111111111111111111111111111111111111111111111111111111111111111111111111111111111111111111"}},"_message":"User validation failed","message":"User validation failed: password: Path `password` (`11111111111111111111111111111111111111111111111111111111111111111111111111111111111111111111111111111`) is longer than the maximum allowed length (100)."}
INFO     tests.api.user.test_api_user:test_api_user.py:61 Invalid user was not created
DEBUG    tests.api.user.test_api_user:test_api_user.py:56 Creating invalid user: {'firstName': 'John', 'lastName': 'Green', 'email': 'john.greenmail.com', 'password': '1234567890'}
DEBUG    urllib3.connectionpool:connectionpool.py:1051 Starting new HTTPS connection (1): thinking-tester-contact-list.herokuapp.com:443
DEBUG    urllib3.connectionpool:connectionpool.py:546 https://thinking-tester-contact-list.herokuapp.com:443 "POST /users/ HTTP/11" 400 371
DEBUG    tests.api.user.test_api_user:test_api_user.py:58 Received response text: {"errors":{"email":{"name":"ValidatorError","message":"Email is invalid","properties":{"message":"Email is invalid","type":"user defined","path":"email","value":"john.greenmail.com","reason":{}},"kind":"user defined","path":"email","value":"john.greenmail.com","reason":{}}},"_message":"User validation failed","message":"User validation failed: email: Email is invalid"}
INFO     tests.api.user.test_api_user:test_api_user.py:61 Invalid user was not created
DEBUG    tests.api.user.test_api_user:test_api_user.py:56 Creating invalid user: {'firstName': 'John', 'lastName': 'Green', 'email': '@mail.com', 'password': '1234567890'}
DEBUG    urllib3.connectionpool:connectionpool.py:1051 Starting new HTTPS connection (1): thinking-tester-contact-list.herokuapp.com:443
DEBUG    urllib3.connectionpool:connectionpool.py:546 https://thinking-tester-contact-list.herokuapp.com:443 "POST /users/ HTTP/11" 400 353
DEBUG    tests.api.user.test_api_user:test_api_user.py:58 Received response text: {"errors":{"email":{"name":"ValidatorError","message":"Email is invalid","properties":{"message":"Email is invalid","type":"user defined","path":"email","value":"@mail.com","reason":{}},"kind":"user defined","path":"email","value":"@mail.com","reason":{}}},"_message":"User validation failed","message":"User validation failed: email: Email is invalid"}
INFO     tests.api.user.test_api_user:test_api_user.py:61 Invalid user was not created
DEBUG    tests.api.user.test_api_user:test_api_user.py:56 Creating invalid user: {'firstName': 'John', 'lastName': 'Green', 'email': 'john.green@', 'password': '1234567890'}
DEBUG    urllib3.connectionpool:connectionpool.py:1051 Starting new HTTPS connection (1): thinking-tester-contact-list.herokuapp.com:443
DEBUG    urllib3.connectionpool:connectionpool.py:546 https://thinking-tester-contact-list.herokuapp.com:443 "POST /users/ HTTP/11" 400 357
DEBUG    tests.api.user.test_api_user:test_api_user.py:58 Received response text: {"errors":{"email":{"name":"ValidatorError","message":"Email is invalid","properties":{"message":"Email is invalid","type":"user defined","path":"email","value":"john.green@","reason":{}},"kind":"user defined","path":"email","value":"john.green@","reason":{}}},"_message":"User validation failed","message":"User validation failed: email: Email is invalid"}
INFO     tests.api.user.test_api_user:test_api_user.py:61 Invalid user was not created
DEBUG    tests.api.user.test_api_user:test_api_user.py:56 Creating invalid user: {'firstName': 'John', 'lastName': 'Green', 'email': 'john green@mail.com', 'password': '1234567890'}
DEBUG    urllib3.connectionpool:connectionpool.py:1051 Starting new HTTPS connection (1): thinking-tester-contact-list.herokuapp.com:443
DEBUG    urllib3.connectionpool:connectionpool.py:546 https://thinking-tester-contact-list.herokuapp.com:443 "POST /users/ HTTP/11" 400 373
DEBUG    tests.api.user.test_api_user:test_api_user.py:58 Received response text: {"errors":{"email":{"name":"ValidatorError","message":"Email is invalid","properties":{"message":"Email is invalid","type":"user defined","path":"email","value":"john green@mail.com","reason":{}},"kind":"user defined","path":"email","value":"john green@mail.com","reason":{}}},"_message":"User validation failed","message":"User validation failed: email: Email is invalid"}
INFO     tests.api.user.test_api_user:test_api_user.py:61 Invalid user was not created
DEBUG    tests.api.user.test_api_user:test_api_user.py:56 Creating invalid user: {'firstName': 'John', 'lastName': 'Green', 'email': 'john.green@mail', 'password': '1234567890'}
DEBUG    urllib3.connectionpool:connectionpool.py:1051 Starting new HTTPS connection (1): thinking-tester-contact-list.herokuapp.com:443
DEBUG    urllib3.connectionpool:connectionpool.py:546 https://thinking-tester-contact-list.herokuapp.com:443 "POST /users/ HTTP/11" 400 365
DEBUG    tests.api.user.test_api_user:test_api_user.py:58 Received response text: {"errors":{"email":{"name":"ValidatorError","message":"Email is invalid","properties":{"message":"Email is invalid","type":"user defined","path":"email","value":"john.green@mail","reason":{}},"kind":"user defined","path":"email","value":"john.green@mail","reason":{}}},"_message":"User validation failed","message":"User validation failed: email: Email is invalid"}
INFO     tests.api.user.test_api_user:test_api_user.py:61 Invalid user was not created
DEBUG    tests.api.user.test_api_user:test_api_user.py:56 Creating invalid user: {'firstName': 'John', 'lastName': 'Green', 'email': 'jo#n.green@mail.com', 'password': '1234567890'}
DEBUG    urllib3.connectionpool:connectionpool.py:1051 Starting new HTTPS connection (1): thinking-tester-contact-list.herokuapp.com:443
DEBUG    urllib3.connectionpool:connectionpool.py:546 https://thinking-tester-contact-list.herokuapp.com:443 "POST /users/ HTTP/11" 201 279
DEBUG    tests.api.user.test_api_user:test_api_user.py:58 Received response text: {"user":{"_id":"67280e2bd1286b001322cab6","firstName":"John","lastName":"Green","email":"jo#n.green@mail.com","__v":1},"token":"eyJhbGciOiJIUzI1NiIsInR5cCI6IkpXVCJ9.eyJfaWQiOiI2NzI4MGUyYmQxMjg2YjAwMTMyMmNhYjYiLCJpYXQiOjE3MzA2NzgzMTV9.A6u2sQg6YLF4WBbQzjCIaSFhY6CygAGSIriYI5qKTS0"}
DEBUG    util.admin.admin_api:admin_api.py:77 Deleting user with token: eyJhbGciOiJIUzI1NiIsInR5cCI6IkpXVCJ9.eyJfaWQiOiI2NzI4MGUyYmQxMjg2YjAwMTMyMmNhYjYiLCJpYXQiOjE3MzA2NzgzMTV9.A6u2sQg6YLF4WBbQzjCIaSFhY6CygAGSIriYI5qKTS0
DEBUG    urllib3.connectionpool:connectionpool.py:1051 Starting new HTTPS connection (1): thinking-tester-contact-list.herokuapp.com:443
DEBUG    urllib3.connectionpool:connectionpool.py:546 https://thinking-tester-contact-list.herokuapp.com:443 "DELETE /users/me HTTP/11" 200 0
DEBUG    util.admin.admin_api:admin_api.py:83 User deleted
DEBUG    tests.api.user.test_api_user:test_api_user.py:56 Creating invalid user: {'_id': '111111111111111111111111', 'firstName': 'John', 'lastName': 'Green', 'email': 'john.green@mail.com', 'password': '1234567890'}
DEBUG    urllib3.connectionpool:connectionpool.py:1051 Starting new HTTPS connection (1): thinking-tester-contact-list.herokuapp.com:443
DEBUG    urllib3.connectionpool:connectionpool.py:546 https://thinking-tester-contact-list.herokuapp.com:443 "POST /users/ HTTP/11" 201 279
DEBUG    tests.api.user.test_api_user:test_api_user.py:58 Received response text: {"user":{"_id":"111111111111111111111111","firstName":"John","lastName":"Green","email":"john.green@mail.com","__v":1},"token":"eyJhbGciOiJIUzI1NiIsInR5cCI6IkpXVCJ9.eyJfaWQiOiIxMTExMTExMTExMTExMTExMTExMTExMTEiLCJpYXQiOjE3MzA2NzgzMTd9.5UmXaGDvYAMV59ks8Vp9PJmikSLDVDMcSdq5TV1QhaY"}
DEBUG    util.admin.admin_api:admin_api.py:77 Deleting user with token: eyJhbGciOiJIUzI1NiIsInR5cCI6IkpXVCJ9.eyJfaWQiOiIxMTExMTExMTExMTExMTExMTExMTExMTEiLCJpYXQiOjE3MzA2NzgzMTd9.5UmXaGDvYAMV59ks8Vp9PJmikSLDVDMcSdq5TV1QhaY
DEBUG    urllib3.connectionpool:connectionpool.py:1051 Starting new HTTPS connection (1): thinking-tester-contact-list.herokuapp.com:443
DEBUG    urllib3.connectionpool:connectionpool.py:546 https://thinking-tester-contact-list.herokuapp.com:443 "DELETE /users/me HTTP/11" 200 0
DEBUG    util.admin.admin_api:admin_api.py:83 User deleted
DEBUG    util.admin.admin_api:admin_api.py:33 Creating user: {'firstName': 'John', 'lastName': 'Green', 'email': 'john.green@mail.com', 'password': '1234567890'}
DEBUG    urllib3.connectionpool:connectionpool.py:1051 Starting new HTTPS connection (1): thinking-tester-contact-list.herokuapp.com:443
DEBUG    urllib3.connectionpool:connectionpool.py:546 https://thinking-tester-contact-list.herokuapp.com:443 "POST /users HTTP/11" 201 279
DEBUG    util.admin.admin_api:admin_api.py:39 Created user and received token: eyJhbGciOiJIUzI1NiIsInR5cCI6IkpXVCJ9.eyJfaWQiOiI2NzI4MGUyZmQxMjg2YjAwMTMyMmNhYjgiLCJpYXQiOjE3MzA2NzgzMTl9.EZxbhdeYLcgKLGjhLjXs9ZN9qGxJSNzwiYEM9lgpVdw
INFO     tests.conftest:conftest.py:56 Created registered user
DEBUG    util.admin.admin_api:admin_api.py:43 Logging in user with credentials: {email: john.green@mail.com, password: 1234567890}
DEBUG    urllib3.connectionpool:connectionpool.py:1051 Starting new HTTPS connection (1): thinking-tester-contact-list.herokuapp.com:443
DEBUG    urllib3.connectionpool:connectionpool.py:546 https://thinking-tester-contact-list.herokuapp.com:443 "POST /users/login HTTP/11" 200 279
DEBUG    util.admin.admin_api:admin_api.py:53 Logged in and received token: eyJhbGciOiJIUzI1NiIsInR5cCI6IkpXVCJ9.eyJfaWQiOiI2NzI4MGUyZmQxMjg2YjAwMTMyMmNhYjgiLCJpYXQiOjE3MzA2NzgzMjB9.UJAoB88w76XPhY1wHv4v5Yer5teifSUraSSLOtCFN7s
DEBUG    tests.api.user.test_api_user:test_api_user.py:70 Getting user {'firstName': 'John', 'lastName': 'Green', 'email': 'john.green@mail.com', 'password': '1234567890'} with token eyJhbGciOiJIUzI1NiIsInR5cCI6IkpXVCJ9.eyJfaWQiOiI2NzI4MGUyZmQxMjg2YjAwMTMyMmNhYjgiLCJpYXQiOjE3MzA2NzgzMjB9.UJAoB88w76XPhY1wHv4v5Yer5teifSUraSSLOtCFN7s
DEBUG    urllib3.connectionpool:connectionpool.py:1051 Starting new HTTPS connection (1): thinking-tester-contact-list.herokuapp.com:443
DEBUG    urllib3.connectionpool:connectionpool.py:546 https://thinking-tester-contact-list.herokuapp.com:443 "GET /users/me HTTP/11" 200 110
DEBUG    tests.api.user.test_api_user:test_api_user.py:72 Received response text: {"_id":"67280e2fd1286b001322cab8","firstName":"John","lastName":"Green","email":"john.green@mail.com","__v":2}
INFO     tests.api.user.test_api_user:test_api_user.py:75 Response status code and headers are correct
INFO     tests.api.user.test_api_user:test_api_user.py:24 User JSON schema is correct
INFO     tests.api.user.test_api_user:test_api_user.py:80 Successfully received user
DEBUG    util.admin.admin_api:admin_api.py:77 Deleting user with token: eyJhbGciOiJIUzI1NiIsInR5cCI6IkpXVCJ9.eyJfaWQiOiI2NzI4MGUyZmQxMjg2YjAwMTMyMmNhYjgiLCJpYXQiOjE3MzA2NzgzMTl9.EZxbhdeYLcgKLGjhLjXs9ZN9qGxJSNzwiYEM9lgpVdw
DEBUG    urllib3.connectionpool:connectionpool.py:1051 Starting new HTTPS connection (1): thinking-tester-contact-list.herokuapp.com:443
DEBUG    urllib3.connectionpool:connectionpool.py:546 https://thinking-tester-contact-list.herokuapp.com:443 "DELETE /users/me HTTP/11" 200 0
DEBUG    util.admin.admin_api:admin_api.py:83 User deleted
INFO     tests.conftest:conftest.py:60 Deleted registered user
DEBUG    util.admin.admin_api:admin_api.py:33 Creating user: {'firstName': 'John', 'lastName': 'Green', 'email': 'john.green@mail.com', 'password': '1234567890'}
DEBUG    urllib3.connectionpool:connectionpool.py:1051 Starting new HTTPS connection (1): thinking-tester-contact-list.herokuapp.com:443
DEBUG    urllib3.connectionpool:connectionpool.py:546 https://thinking-tester-contact-list.herokuapp.com:443 "POST /users HTTP/11" 201 279
DEBUG    util.admin.admin_api:admin_api.py:39 Created user and received token: eyJhbGciOiJIUzI1NiIsInR5cCI6IkpXVCJ9.eyJfaWQiOiI2NzI4MGUzMmJlZDRkYjAwMTM1YjEyMTQiLCJpYXQiOjE3MzA2NzgzMjJ9.nJynL1WuGuPXEZmutiMUtqFoah2dRsETC0iryOwo4i0
INFO     tests.conftest:conftest.py:56 Created registered user
DEBUG    tests.api.user.test_api_user:test_api_user.py:83 Getting user: {'firstName': 'John', 'lastName': 'Green', 'email': 'john.green@mail.com', 'password': '1234567890'}
DEBUG    urllib3.connectionpool:connectionpool.py:1051 Starting new HTTPS connection (1): thinking-tester-contact-list.herokuapp.com:443
DEBUG    urllib3.connectionpool:connectionpool.py:546 https://thinking-tester-contact-list.herokuapp.com:443 "GET /users/me HTTP/11" 401 32
DEBUG    tests.api.user.test_api_user:test_api_user.py:85 Received response text: {"error":"Please authenticate."}
INFO     tests.api.user.test_api_user:test_api_user.py:87 Can't get user without authorization as it is intended
DEBUG    util.admin.admin_api:admin_api.py:77 Deleting user with token: eyJhbGciOiJIUzI1NiIsInR5cCI6IkpXVCJ9.eyJfaWQiOiI2NzI4MGUzMmJlZDRkYjAwMTM1YjEyMTQiLCJpYXQiOjE3MzA2NzgzMjJ9.nJynL1WuGuPXEZmutiMUtqFoah2dRsETC0iryOwo4i0
DEBUG    urllib3.connectionpool:connectionpool.py:1051 Starting new HTTPS connection (1): thinking-tester-contact-list.herokuapp.com:443
DEBUG    urllib3.connectionpool:connectionpool.py:546 https://thinking-tester-contact-list.herokuapp.com:443 "DELETE /users/me HTTP/11" 200 0
DEBUG    util.admin.admin_api:admin_api.py:83 User deleted
INFO     tests.conftest:conftest.py:60 Deleted registered user
DEBUG    util.admin.admin_api:admin_api.py:33 Creating user: {'firstName': 'John', 'lastName': 'Green', 'email': 'john.green@mail.com', 'password': '1234567890'}
DEBUG    urllib3.connectionpool:connectionpool.py:1051 Starting new HTTPS connection (1): thinking-tester-contact-list.herokuapp.com:443
DEBUG    urllib3.connectionpool:connectionpool.py:546 https://thinking-tester-contact-list.herokuapp.com:443 "POST /users HTTP/11" 201 279
DEBUG    util.admin.admin_api:admin_api.py:39 Created user and received token: eyJhbGciOiJIUzI1NiIsInR5cCI6IkpXVCJ9.eyJfaWQiOiI2NzI4MGUzNWJlZDRkYjAwMTM1YjEyMTYiLCJpYXQiOjE3MzA2NzgzMjV9.1EUylNA_rqNJnim49PvTFFSPfxT93FY6j4KTLbZpwpc
INFO     tests.conftest:conftest.py:56 Created registered user
DEBUG    util.admin.admin_api:admin_api.py:43 Logging in user with credentials: {email: john.green@mail.com, password: 1234567890}
DEBUG    urllib3.connectionpool:connectionpool.py:1051 Starting new HTTPS connection (1): thinking-tester-contact-list.herokuapp.com:443
DEBUG    urllib3.connectionpool:connectionpool.py:546 https://thinking-tester-contact-list.herokuapp.com:443 "POST /users/login HTTP/11" 200 279
DEBUG    util.admin.admin_api:admin_api.py:53 Logged in and received token: eyJhbGciOiJIUzI1NiIsInR5cCI6IkpXVCJ9.eyJfaWQiOiI2NzI4MGUzNWJlZDRkYjAwMTM1YjEyMTYiLCJpYXQiOjE3MzA2NzgzMjZ9.c_B3u1Re1bSZvBAMqqQHu3_LyD6EbSfuidv6P3qIxUk
DEBUG    tests.api.user.test_api_user:test_api_user.py:91 Updating user with {'firstName': 'John_updated', 'lastName': 'Green_updated', 'email': 'john.green_updated@mail.com', 'password': '1234567890_updated'}
DEBUG    urllib3.connectionpool:connectionpool.py:1051 Starting new HTTPS connection (1): thinking-tester-contact-list.herokuapp.com:443
DEBUG    urllib3.connectionpool:connectionpool.py:546 https://thinking-tester-contact-list.herokuapp.com:443 "PATCH /users/me HTTP/11" 200 134
DEBUG    tests.api.user.test_api_user:test_api_user.py:93 Received response text: {"_id":"67280e35bed4db00135b1216","firstName":"John_updated","lastName":"Green_updated","email":"john.green_updated@mail.com","__v":2}
INFO     tests.api.user.test_api_user:test_api_user.py:96 Response status code and headers are correct
INFO     tests.api.user.test_api_user:test_api_user.py:24 User JSON schema is correct
INFO     tests.api.user.test_api_user:test_api_user.py:101 Response with updated user JSON is correct
DEBUG    util.admin.admin_api:admin_api.py:66 Getting user with token: eyJhbGciOiJIUzI1NiIsInR5cCI6IkpXVCJ9.eyJfaWQiOiI2NzI4MGUzNWJlZDRkYjAwMTM1YjEyMTYiLCJpYXQiOjE3MzA2NzgzMjZ9.c_B3u1Re1bSZvBAMqqQHu3_LyD6EbSfuidv6P3qIxUk
DEBUG    urllib3.connectionpool:connectionpool.py:1051 Starting new HTTPS connection (1): thinking-tester-contact-list.herokuapp.com:443
DEBUG    urllib3.connectionpool:connectionpool.py:546 https://thinking-tester-contact-list.herokuapp.com:443 "GET /users/me HTTP/11" 200 134
DEBUG    util.admin.admin_api:admin_api.py:73 Received user: {'_id': '67280e35bed4db00135b1216', 'firstName': 'John_updated', 'lastName': 'Green_updated', 'email': 'john.green_updated@mail.com', '__v': 2}
INFO     tests.api.user.test_api_user:test_api_user.py:24 User JSON schema is correct
INFO     tests.api.user.test_api_user:test_api_user.py:106 Successfully received user with updated fields
DEBUG    util.admin.admin_api:admin_api.py:77 Deleting user with token: eyJhbGciOiJIUzI1NiIsInR5cCI6IkpXVCJ9.eyJfaWQiOiI2NzI4MGUzNWJlZDRkYjAwMTM1YjEyMTYiLCJpYXQiOjE3MzA2NzgzMjV9.1EUylNA_rqNJnim49PvTFFSPfxT93FY6j4KTLbZpwpc
DEBUG    urllib3.connectionpool:connectionpool.py:1051 Starting new HTTPS connection (1): thinking-tester-contact-list.herokuapp.com:443
DEBUG    urllib3.connectionpool:connectionpool.py:546 https://thinking-tester-contact-list.herokuapp.com:443 "DELETE /users/me HTTP/11" 200 0
DEBUG    util.admin.admin_api:admin_api.py:83 User deleted
INFO     tests.conftest:conftest.py:60 Deleted registered user
DEBUG    util.admin.admin_api:admin_api.py:33 Creating user: {'firstName': 'John', 'lastName': 'Green', 'email': 'john.green@mail.com', 'password': '1234567890'}
DEBUG    urllib3.connectionpool:connectionpool.py:1051 Starting new HTTPS connection (1): thinking-tester-contact-list.herokuapp.com:443
DEBUG    urllib3.connectionpool:connectionpool.py:546 https://thinking-tester-contact-list.herokuapp.com:443 "POST /users HTTP/11" 201 279
DEBUG    util.admin.admin_api:admin_api.py:39 Created user and received token: eyJhbGciOiJIUzI1NiIsInR5cCI6IkpXVCJ9.eyJfaWQiOiI2NzI4MGUzYWQxMjg2YjAwMTMyMmNhYmIiLCJpYXQiOjE3MzA2NzgzMzB9.lIbfCsRqqWmpZSFEXaWTC3KI9lTLzyRr6v7HwAxRGdQ
INFO     tests.conftest:conftest.py:56 Created registered user
DEBUG    util.admin.admin_api:admin_api.py:43 Logging in user with credentials: {email: john.green@mail.com, password: 1234567890}
DEBUG    urllib3.connectionpool:connectionpool.py:1051 Starting new HTTPS connection (1): thinking-tester-contact-list.herokuapp.com:443
DEBUG    urllib3.connectionpool:connectionpool.py:546 https://thinking-tester-contact-list.herokuapp.com:443 "POST /users/login HTTP/11" 200 279
DEBUG    util.admin.admin_api:admin_api.py:53 Logged in and received token: eyJhbGciOiJIUzI1NiIsInR5cCI6IkpXVCJ9.eyJfaWQiOiI2NzI4MGUzYWQxMjg2YjAwMTMyMmNhYmIiLCJpYXQiOjE3MzA2NzgzMzF9.gkiSKuKGylVsYy8nVxoWuCgZvKHR5S-XHjt4I0EI9B0
DEBUG    tests.api.user.test_api_user:test_api_user.py:91 Updating user with {'firstName': 'John', 'lastName': 'Green', 'email': 'john.green@mail.com', 'password': '1234567890'}
DEBUG    urllib3.connectionpool:connectionpool.py:1051 Starting new HTTPS connection (1): thinking-tester-contact-list.herokuapp.com:443
DEBUG    urllib3.connectionpool:connectionpool.py:546 https://thinking-tester-contact-list.herokuapp.com:443 "PATCH /users/me HTTP/11" 200 110
DEBUG    tests.api.user.test_api_user:test_api_user.py:93 Received response text: {"_id":"67280e3ad1286b001322cabb","firstName":"John","lastName":"Green","email":"john.green@mail.com","__v":2}
INFO     tests.api.user.test_api_user:test_api_user.py:96 Response status code and headers are correct
INFO     tests.api.user.test_api_user:test_api_user.py:24 User JSON schema is correct
INFO     tests.api.user.test_api_user:test_api_user.py:101 Response with updated user JSON is correct
DEBUG    util.admin.admin_api:admin_api.py:66 Getting user with token: eyJhbGciOiJIUzI1NiIsInR5cCI6IkpXVCJ9.eyJfaWQiOiI2NzI4MGUzYWQxMjg2YjAwMTMyMmNhYmIiLCJpYXQiOjE3MzA2NzgzMzF9.gkiSKuKGylVsYy8nVxoWuCgZvKHR5S-XHjt4I0EI9B0
DEBUG    urllib3.connectionpool:connectionpool.py:1051 Starting new HTTPS connection (1): thinking-tester-contact-list.herokuapp.com:443
DEBUG    urllib3.connectionpool:connectionpool.py:546 https://thinking-tester-contact-list.herokuapp.com:443 "GET /users/me HTTP/11" 200 110
DEBUG    util.admin.admin_api:admin_api.py:73 Received user: {'_id': '67280e3ad1286b001322cabb', 'firstName': 'John', 'lastName': 'Green', 'email': 'john.green@mail.com', '__v': 2}
INFO     tests.api.user.test_api_user:test_api_user.py:24 User JSON schema is correct
INFO     tests.api.user.test_api_user:test_api_user.py:106 Successfully received user with updated fields
DEBUG    util.admin.admin_api:admin_api.py:77 Deleting user with token: eyJhbGciOiJIUzI1NiIsInR5cCI6IkpXVCJ9.eyJfaWQiOiI2NzI4MGUzYWQxMjg2YjAwMTMyMmNhYmIiLCJpYXQiOjE3MzA2NzgzMzB9.lIbfCsRqqWmpZSFEXaWTC3KI9lTLzyRr6v7HwAxRGdQ
DEBUG    urllib3.connectionpool:connectionpool.py:1051 Starting new HTTPS connection (1): thinking-tester-contact-list.herokuapp.com:443
DEBUG    urllib3.connectionpool:connectionpool.py:546 https://thinking-tester-contact-list.herokuapp.com:443 "DELETE /users/me HTTP/11" 200 0
DEBUG    util.admin.admin_api:admin_api.py:83 User deleted
INFO     tests.conftest:conftest.py:60 Deleted registered user
DEBUG    util.admin.admin_api:admin_api.py:33 Creating user: {'firstName': 'John', 'lastName': 'Green', 'email': 'john.green@mail.com', 'password': '1234567890'}
DEBUG    urllib3.connectionpool:connectionpool.py:1051 Starting new HTTPS connection (1): thinking-tester-contact-list.herokuapp.com:443
DEBUG    urllib3.connectionpool:connectionpool.py:546 https://thinking-tester-contact-list.herokuapp.com:443 "POST /users HTTP/11" 201 279
DEBUG    util.admin.admin_api:admin_api.py:39 Created user and received token: eyJhbGciOiJIUzI1NiIsInR5cCI6IkpXVCJ9.eyJfaWQiOiI2NzI4MGUzZmJlZDRkYjAwMTM1YjEyMTkiLCJpYXQiOjE3MzA2NzgzMzV9.FvCPz-e7gAs5kt0unTZvsmNuPiPhXDbWDsMP-cPY5_A
INFO     tests.conftest:conftest.py:56 Created registered user
DEBUG    util.admin.admin_api:admin_api.py:43 Logging in user with credentials: {email: john.green@mail.com, password: 1234567890}
DEBUG    urllib3.connectionpool:connectionpool.py:1051 Starting new HTTPS connection (1): thinking-tester-contact-list.herokuapp.com:443
DEBUG    urllib3.connectionpool:connectionpool.py:546 https://thinking-tester-contact-list.herokuapp.com:443 "POST /users/login HTTP/11" 200 279
DEBUG    util.admin.admin_api:admin_api.py:53 Logged in and received token: eyJhbGciOiJIUzI1NiIsInR5cCI6IkpXVCJ9.eyJfaWQiOiI2NzI4MGUzZmJlZDRkYjAwMTM1YjEyMTkiLCJpYXQiOjE3MzA2NzgzMzZ9.860F7ubmJAWRPUS4PPLzElBDGQ3fc0etXwP03wroE0A
DEBUG    tests.api.user.test_api_user:test_api_user.py:91 Updating user with {}
DEBUG    urllib3.connectionpool:connectionpool.py:1051 Starting new HTTPS connection (1): thinking-tester-contact-list.herokuapp.com:443
DEBUG    urllib3.connectionpool:connectionpool.py:546 https://thinking-tester-contact-list.herokuapp.com:443 "PATCH /users/me HTTP/11" 200 110
DEBUG    tests.api.user.test_api_user:test_api_user.py:93 Received response text: {"_id":"67280e3fbed4db00135b1219","firstName":"John","lastName":"Green","email":"john.green@mail.com","__v":2}
INFO     tests.api.user.test_api_user:test_api_user.py:96 Response status code and headers are correct
INFO     tests.api.user.test_api_user:test_api_user.py:24 User JSON schema is correct
INFO     tests.api.user.test_api_user:test_api_user.py:101 Response with updated user JSON is correct
DEBUG    util.admin.admin_api:admin_api.py:66 Getting user with token: eyJhbGciOiJIUzI1NiIsInR5cCI6IkpXVCJ9.eyJfaWQiOiI2NzI4MGUzZmJlZDRkYjAwMTM1YjEyMTkiLCJpYXQiOjE3MzA2NzgzMzZ9.860F7ubmJAWRPUS4PPLzElBDGQ3fc0etXwP03wroE0A
DEBUG    urllib3.connectionpool:connectionpool.py:1051 Starting new HTTPS connection (1): thinking-tester-contact-list.herokuapp.com:443
DEBUG    urllib3.connectionpool:connectionpool.py:546 https://thinking-tester-contact-list.herokuapp.com:443 "GET /users/me HTTP/11" 200 110
DEBUG    util.admin.admin_api:admin_api.py:73 Received user: {'_id': '67280e3fbed4db00135b1219', 'firstName': 'John', 'lastName': 'Green', 'email': 'john.green@mail.com', '__v': 2}
INFO     tests.api.user.test_api_user:test_api_user.py:24 User JSON schema is correct
INFO     tests.api.user.test_api_user:test_api_user.py:106 Successfully received user with updated fields
DEBUG    util.admin.admin_api:admin_api.py:77 Deleting user with token: eyJhbGciOiJIUzI1NiIsInR5cCI6IkpXVCJ9.eyJfaWQiOiI2NzI4MGUzZmJlZDRkYjAwMTM1YjEyMTkiLCJpYXQiOjE3MzA2NzgzMzV9.FvCPz-e7gAs5kt0unTZvsmNuPiPhXDbWDsMP-cPY5_A
DEBUG    urllib3.connectionpool:connectionpool.py:1051 Starting new HTTPS connection (1): thinking-tester-contact-list.herokuapp.com:443
DEBUG    urllib3.connectionpool:connectionpool.py:546 https://thinking-tester-contact-list.herokuapp.com:443 "DELETE /users/me HTTP/11" 200 0
DEBUG    util.admin.admin_api:admin_api.py:83 User deleted
INFO     tests.conftest:conftest.py:60 Deleted registered user
DEBUG    util.admin.admin_api:admin_api.py:33 Creating user: {'firstName': 'John', 'lastName': 'Green', 'email': 'john.green@mail.com', 'password': '1234567890'}
DEBUG    urllib3.connectionpool:connectionpool.py:1051 Starting new HTTPS connection (1): thinking-tester-contact-list.herokuapp.com:443
DEBUG    urllib3.connectionpool:connectionpool.py:546 https://thinking-tester-contact-list.herokuapp.com:443 "POST /users HTTP/11" 201 279
DEBUG    util.admin.admin_api:admin_api.py:39 Created user and received token: eyJhbGciOiJIUzI1NiIsInR5cCI6IkpXVCJ9.eyJfaWQiOiI2NzI4MGU0M2JlZDRkYjAwMTM1YjEyMWIiLCJpYXQiOjE3MzA2NzgzMzl9.Iu44xkUQMoEpsBR0zRdjoi6H9dTYb7NItrcq2E3Q1a8
INFO     tests.conftest:conftest.py:56 Created registered user
DEBUG    util.admin.admin_api:admin_api.py:43 Logging in user with credentials: {email: john.green@mail.com, password: 1234567890}
DEBUG    urllib3.connectionpool:connectionpool.py:1051 Starting new HTTPS connection (1): thinking-tester-contact-list.herokuapp.com:443
DEBUG    urllib3.connectionpool:connectionpool.py:546 https://thinking-tester-contact-list.herokuapp.com:443 "POST /users/login HTTP/11" 200 279
DEBUG    util.admin.admin_api:admin_api.py:53 Logged in and received token: eyJhbGciOiJIUzI1NiIsInR5cCI6IkpXVCJ9.eyJfaWQiOiI2NzI4MGU0M2JlZDRkYjAwMTM1YjEyMWIiLCJpYXQiOjE3MzA2NzgzNDB9._FQ54vCcbSC99Y7vqEZ-YBELrQyTSFh0E0fO5Z1ang4
DEBUG    tests.api.user.test_api_user:test_api_user.py:109 Updating user with {'firstName': '', 'lastName': 'Green', 'email': 'john.green@mail.com', 'password': '1234567890'}
DEBUG    urllib3.connectionpool:connectionpool.py:1051 Starting new HTTPS connection (1): thinking-tester-contact-list.herokuapp.com:443
DEBUG    urllib3.connectionpool:connectionpool.py:546 https://thinking-tester-contact-list.herokuapp.com:443 "PATCH /users/me HTTP/11" 400 358
DEBUG    tests.api.user.test_api_user:test_api_user.py:111 Received response text: {"errors":{"firstName":{"name":"ValidatorError","message":"Path `firstName` is required.","properties":{"message":"Path `firstName` is required.","type":"required","path":"firstName","value":""},"kind":"required","path":"firstName","value":""}},"_message":"User validation failed","message":"User validation failed: firstName: Path `firstName` is required."}
INFO     tests.api.user.test_api_user:test_api_user.py:113 Can't update user fields to invalid ones as it is intended
DEBUG    util.admin.admin_api:admin_api.py:66 Getting user with token: eyJhbGciOiJIUzI1NiIsInR5cCI6IkpXVCJ9.eyJfaWQiOiI2NzI4MGU0M2JlZDRkYjAwMTM1YjEyMWIiLCJpYXQiOjE3MzA2NzgzNDB9._FQ54vCcbSC99Y7vqEZ-YBELrQyTSFh0E0fO5Z1ang4
DEBUG    urllib3.connectionpool:connectionpool.py:1051 Starting new HTTPS connection (1): thinking-tester-contact-list.herokuapp.com:443
DEBUG    urllib3.connectionpool:connectionpool.py:546 https://thinking-tester-contact-list.herokuapp.com:443 "GET /users/me HTTP/11" 200 110
DEBUG    util.admin.admin_api:admin_api.py:73 Received user: {'_id': '67280e43bed4db00135b121b', 'firstName': 'John', 'lastName': 'Green', 'email': 'john.green@mail.com', '__v': 2}
INFO     tests.api.user.test_api_user:test_api_user.py:24 User JSON schema is correct
INFO     tests.api.user.test_api_user:test_api_user.py:118 User fields was not updated to invalid ones
DEBUG    util.admin.admin_api:admin_api.py:77 Deleting user with token: eyJhbGciOiJIUzI1NiIsInR5cCI6IkpXVCJ9.eyJfaWQiOiI2NzI4MGU0M2JlZDRkYjAwMTM1YjEyMWIiLCJpYXQiOjE3MzA2NzgzMzl9.Iu44xkUQMoEpsBR0zRdjoi6H9dTYb7NItrcq2E3Q1a8
DEBUG    urllib3.connectionpool:connectionpool.py:1051 Starting new HTTPS connection (1): thinking-tester-contact-list.herokuapp.com:443
DEBUG    urllib3.connectionpool:connectionpool.py:546 https://thinking-tester-contact-list.herokuapp.com:443 "DELETE /users/me HTTP/11" 200 0
DEBUG    util.admin.admin_api:admin_api.py:83 User deleted
INFO     tests.conftest:conftest.py:60 Deleted registered user
DEBUG    util.admin.admin_api:admin_api.py:33 Creating user: {'firstName': 'John', 'lastName': 'Green', 'email': 'john.green@mail.com', 'password': '1234567890'}
DEBUG    urllib3.connectionpool:connectionpool.py:1051 Starting new HTTPS connection (1): thinking-tester-contact-list.herokuapp.com:443
DEBUG    urllib3.connectionpool:connectionpool.py:546 https://thinking-tester-contact-list.herokuapp.com:443 "POST /users HTTP/11" 201 279
DEBUG    util.admin.admin_api:admin_api.py:39 Created user and received token: eyJhbGciOiJIUzI1NiIsInR5cCI6IkpXVCJ9.eyJfaWQiOiI2NzI4MGU0OGJlZDRkYjAwMTM1YjEyMWQiLCJpYXQiOjE3MzA2NzgzNDR9.43R_EzVv4eVrEgvp3Z78IU_DFdGR1ggH_wwFcCQCTik
INFO     tests.conftest:conftest.py:56 Created registered user
DEBUG    util.admin.admin_api:admin_api.py:43 Logging in user with credentials: {email: john.green@mail.com, password: 1234567890}
DEBUG    urllib3.connectionpool:connectionpool.py:1051 Starting new HTTPS connection (1): thinking-tester-contact-list.herokuapp.com:443
DEBUG    urllib3.connectionpool:connectionpool.py:546 https://thinking-tester-contact-list.herokuapp.com:443 "POST /users/login HTTP/11" 200 279
DEBUG    util.admin.admin_api:admin_api.py:53 Logged in and received token: eyJhbGciOiJIUzI1NiIsInR5cCI6IkpXVCJ9.eyJfaWQiOiI2NzI4MGU0OGJlZDRkYjAwMTM1YjEyMWQiLCJpYXQiOjE3MzA2NzgzNDV9.4fjUb1jXuoNsBgsftHxPT-fSleAZsvTaeyIBFGyJ0ws
DEBUG    tests.api.user.test_api_user:test_api_user.py:109 Updating user with {'firstName': 'John', 'lastName': '', 'email': 'john.green@mail.com', 'password': '1234567890'}
DEBUG    urllib3.connectionpool:connectionpool.py:1051 Starting new HTTPS connection (1): thinking-tester-contact-list.herokuapp.com:443
DEBUG    urllib3.connectionpool:connectionpool.py:546 https://thinking-tester-contact-list.herokuapp.com:443 "PATCH /users/me HTTP/11" 400 351
DEBUG    tests.api.user.test_api_user:test_api_user.py:111 Received response text: {"errors":{"lastName":{"name":"ValidatorError","message":"Path `lastName` is required.","properties":{"message":"Path `lastName` is required.","type":"required","path":"lastName","value":""},"kind":"required","path":"lastName","value":""}},"_message":"User validation failed","message":"User validation failed: lastName: Path `lastName` is required."}
INFO     tests.api.user.test_api_user:test_api_user.py:113 Can't update user fields to invalid ones as it is intended
DEBUG    util.admin.admin_api:admin_api.py:66 Getting user with token: eyJhbGciOiJIUzI1NiIsInR5cCI6IkpXVCJ9.eyJfaWQiOiI2NzI4MGU0OGJlZDRkYjAwMTM1YjEyMWQiLCJpYXQiOjE3MzA2NzgzNDV9.4fjUb1jXuoNsBgsftHxPT-fSleAZsvTaeyIBFGyJ0ws
DEBUG    urllib3.connectionpool:connectionpool.py:1051 Starting new HTTPS connection (1): thinking-tester-contact-list.herokuapp.com:443
DEBUG    urllib3.connectionpool:connectionpool.py:546 https://thinking-tester-contact-list.herokuapp.com:443 "GET /users/me HTTP/11" 200 110
DEBUG    util.admin.admin_api:admin_api.py:73 Received user: {'_id': '67280e48bed4db00135b121d', 'firstName': 'John', 'lastName': 'Green', 'email': 'john.green@mail.com', '__v': 2}
INFO     tests.api.user.test_api_user:test_api_user.py:24 User JSON schema is correct
INFO     tests.api.user.test_api_user:test_api_user.py:118 User fields was not updated to invalid ones
DEBUG    util.admin.admin_api:admin_api.py:77 Deleting user with token: eyJhbGciOiJIUzI1NiIsInR5cCI6IkpXVCJ9.eyJfaWQiOiI2NzI4MGU0OGJlZDRkYjAwMTM1YjEyMWQiLCJpYXQiOjE3MzA2NzgzNDR9.43R_EzVv4eVrEgvp3Z78IU_DFdGR1ggH_wwFcCQCTik
DEBUG    urllib3.connectionpool:connectionpool.py:1051 Starting new HTTPS connection (1): thinking-tester-contact-list.herokuapp.com:443
DEBUG    urllib3.connectionpool:connectionpool.py:546 https://thinking-tester-contact-list.herokuapp.com:443 "DELETE /users/me HTTP/11" 200 0
DEBUG    util.admin.admin_api:admin_api.py:83 User deleted
INFO     tests.conftest:conftest.py:60 Deleted registered user
DEBUG    util.admin.admin_api:admin_api.py:33 Creating user: {'firstName': 'John', 'lastName': 'Green', 'email': 'john.green@mail.com', 'password': '1234567890'}
DEBUG    urllib3.connectionpool:connectionpool.py:1051 Starting new HTTPS connection (1): thinking-tester-contact-list.herokuapp.com:443
DEBUG    urllib3.connectionpool:connectionpool.py:546 https://thinking-tester-contact-list.herokuapp.com:443 "POST /users HTTP/11" 201 279
DEBUG    util.admin.admin_api:admin_api.py:39 Created user and received token: eyJhbGciOiJIUzI1NiIsInR5cCI6IkpXVCJ9.eyJfaWQiOiI2NzI4MGU0Y2JlZDRkYjAwMTM1YjEyMWYiLCJpYXQiOjE3MzA2NzgzNDh9.uymcQ6BRkZl_esZ8MZ2D1pIwjtaS4DINiVuYrBWqK5U
INFO     tests.conftest:conftest.py:56 Created registered user
DEBUG    util.admin.admin_api:admin_api.py:43 Logging in user with credentials: {email: john.green@mail.com, password: 1234567890}
DEBUG    urllib3.connectionpool:connectionpool.py:1051 Starting new HTTPS connection (1): thinking-tester-contact-list.herokuapp.com:443
DEBUG    urllib3.connectionpool:connectionpool.py:546 https://thinking-tester-contact-list.herokuapp.com:443 "POST /users/login HTTP/11" 200 279
DEBUG    util.admin.admin_api:admin_api.py:53 Logged in and received token: eyJhbGciOiJIUzI1NiIsInR5cCI6IkpXVCJ9.eyJfaWQiOiI2NzI4MGU0Y2JlZDRkYjAwMTM1YjEyMWYiLCJpYXQiOjE3MzA2NzgzNDl9._EPf9uiO1fnKsCczQJFPv6cBHLIU91RBZPfLiikjmgY
DEBUG    tests.api.user.test_api_user:test_api_user.py:109 Updating user with {'firstName': 'John', 'lastName': 'Green', 'email': '', 'password': '1234567890'}
DEBUG    urllib3.connectionpool:connectionpool.py:1051 Starting new HTTPS connection (1): thinking-tester-contact-list.herokuapp.com:443
DEBUG    urllib3.connectionpool:connectionpool.py:546 https://thinking-tester-contact-list.herokuapp.com:443 "PATCH /users/me HTTP/11" 400 335
DEBUG    tests.api.user.test_api_user:test_api_user.py:111 Received response text: {"errors":{"email":{"name":"ValidatorError","message":"Email is invalid","properties":{"message":"Email is invalid","type":"user defined","path":"email","value":"","reason":{}},"kind":"user defined","path":"email","value":"","reason":{}}},"_message":"User validation failed","message":"User validation failed: email: Email is invalid"}
INFO     tests.api.user.test_api_user:test_api_user.py:113 Can't update user fields to invalid ones as it is intended
DEBUG    util.admin.admin_api:admin_api.py:66 Getting user with token: eyJhbGciOiJIUzI1NiIsInR5cCI6IkpXVCJ9.eyJfaWQiOiI2NzI4MGU0Y2JlZDRkYjAwMTM1YjEyMWYiLCJpYXQiOjE3MzA2NzgzNDl9._EPf9uiO1fnKsCczQJFPv6cBHLIU91RBZPfLiikjmgY
DEBUG    urllib3.connectionpool:connectionpool.py:1051 Starting new HTTPS connection (1): thinking-tester-contact-list.herokuapp.com:443
DEBUG    urllib3.connectionpool:connectionpool.py:546 https://thinking-tester-contact-list.herokuapp.com:443 "GET /users/me HTTP/11" 200 110
DEBUG    util.admin.admin_api:admin_api.py:73 Received user: {'_id': '67280e4cbed4db00135b121f', 'firstName': 'John', 'lastName': 'Green', 'email': 'john.green@mail.com', '__v': 2}
INFO     tests.api.user.test_api_user:test_api_user.py:24 User JSON schema is correct
INFO     tests.api.user.test_api_user:test_api_user.py:118 User fields was not updated to invalid ones
DEBUG    util.admin.admin_api:admin_api.py:77 Deleting user with token: eyJhbGciOiJIUzI1NiIsInR5cCI6IkpXVCJ9.eyJfaWQiOiI2NzI4MGU0Y2JlZDRkYjAwMTM1YjEyMWYiLCJpYXQiOjE3MzA2NzgzNDh9.uymcQ6BRkZl_esZ8MZ2D1pIwjtaS4DINiVuYrBWqK5U
DEBUG    urllib3.connectionpool:connectionpool.py:1051 Starting new HTTPS connection (1): thinking-tester-contact-list.herokuapp.com:443
DEBUG    urllib3.connectionpool:connectionpool.py:546 https://thinking-tester-contact-list.herokuapp.com:443 "DELETE /users/me HTTP/11" 200 0
DEBUG    util.admin.admin_api:admin_api.py:83 User deleted
INFO     tests.conftest:conftest.py:60 Deleted registered user
DEBUG    util.admin.admin_api:admin_api.py:33 Creating user: {'firstName': 'John', 'lastName': 'Green', 'email': 'john.green@mail.com', 'password': '1234567890'}
DEBUG    urllib3.connectionpool:connectionpool.py:1051 Starting new HTTPS connection (1): thinking-tester-contact-list.herokuapp.com:443
DEBUG    urllib3.connectionpool:connectionpool.py:546 https://thinking-tester-contact-list.herokuapp.com:443 "POST /users HTTP/11" 201 279
DEBUG    util.admin.admin_api:admin_api.py:39 Created user and received token: eyJhbGciOiJIUzI1NiIsInR5cCI6IkpXVCJ9.eyJfaWQiOiI2NzI4MGU1MGQxMjg2YjAwMTMyMmNhYzEiLCJpYXQiOjE3MzA2NzgzNTN9.zQNjZJ_cZTfwIdR4RHe-zAQOTQ8kTJLXTpfYctHPCyw
INFO     tests.conftest:conftest.py:56 Created registered user
DEBUG    util.admin.admin_api:admin_api.py:43 Logging in user with credentials: {email: john.green@mail.com, password: 1234567890}
DEBUG    urllib3.connectionpool:connectionpool.py:1051 Starting new HTTPS connection (1): thinking-tester-contact-list.herokuapp.com:443
DEBUG    urllib3.connectionpool:connectionpool.py:546 https://thinking-tester-contact-list.herokuapp.com:443 "POST /users/login HTTP/11" 200 279
DEBUG    util.admin.admin_api:admin_api.py:53 Logged in and received token: eyJhbGciOiJIUzI1NiIsInR5cCI6IkpXVCJ9.eyJfaWQiOiI2NzI4MGU1MGQxMjg2YjAwMTMyMmNhYzEiLCJpYXQiOjE3MzA2NzgzNTN9.zQNjZJ_cZTfwIdR4RHe-zAQOTQ8kTJLXTpfYctHPCyw
DEBUG    tests.api.user.test_api_user:test_api_user.py:109 Updating user with {'firstName': 'John', 'lastName': 'Green', 'email': 'john.green@mail.com', 'password': ''}
DEBUG    urllib3.connectionpool:connectionpool.py:1051 Starting new HTTPS connection (1): thinking-tester-contact-list.herokuapp.com:443
DEBUG    urllib3.connectionpool:connectionpool.py:546 https://thinking-tester-contact-list.herokuapp.com:443 "PATCH /users/me HTTP/11" 400 351
DEBUG    tests.api.user.test_api_user:test_api_user.py:111 Received response text: {"errors":{"password":{"name":"ValidatorError","message":"Path `password` is required.","properties":{"message":"Path `password` is required.","type":"required","path":"password","value":""},"kind":"required","path":"password","value":""}},"_message":"User validation failed","message":"User validation failed: password: Path `password` is required."}
INFO     tests.api.user.test_api_user:test_api_user.py:113 Can't update user fields to invalid ones as it is intended
DEBUG    util.admin.admin_api:admin_api.py:66 Getting user with token: eyJhbGciOiJIUzI1NiIsInR5cCI6IkpXVCJ9.eyJfaWQiOiI2NzI4MGU1MGQxMjg2YjAwMTMyMmNhYzEiLCJpYXQiOjE3MzA2NzgzNTN9.zQNjZJ_cZTfwIdR4RHe-zAQOTQ8kTJLXTpfYctHPCyw
DEBUG    urllib3.connectionpool:connectionpool.py:1051 Starting new HTTPS connection (1): thinking-tester-contact-list.herokuapp.com:443
DEBUG    urllib3.connectionpool:connectionpool.py:546 https://thinking-tester-contact-list.herokuapp.com:443 "GET /users/me HTTP/11" 200 110
DEBUG    util.admin.admin_api:admin_api.py:73 Received user: {'_id': '67280e50d1286b001322cac1', 'firstName': 'John', 'lastName': 'Green', 'email': 'john.green@mail.com', '__v': 2}
INFO     tests.api.user.test_api_user:test_api_user.py:24 User JSON schema is correct
INFO     tests.api.user.test_api_user:test_api_user.py:118 User fields was not updated to invalid ones
DEBUG    util.admin.admin_api:admin_api.py:77 Deleting user with token: eyJhbGciOiJIUzI1NiIsInR5cCI6IkpXVCJ9.eyJfaWQiOiI2NzI4MGU1MGQxMjg2YjAwMTMyMmNhYzEiLCJpYXQiOjE3MzA2NzgzNTN9.zQNjZJ_cZTfwIdR4RHe-zAQOTQ8kTJLXTpfYctHPCyw
DEBUG    urllib3.connectionpool:connectionpool.py:1051 Starting new HTTPS connection (1): thinking-tester-contact-list.herokuapp.com:443
DEBUG    urllib3.connectionpool:connectionpool.py:546 https://thinking-tester-contact-list.herokuapp.com:443 "DELETE /users/me HTTP/11" 200 0
DEBUG    util.admin.admin_api:admin_api.py:83 User deleted
INFO     tests.conftest:conftest.py:60 Deleted registered user
DEBUG    util.admin.admin_api:admin_api.py:33 Creating user: {'firstName': 'John', 'lastName': 'Green', 'email': 'john.green@mail.com', 'password': '1234567890'}
DEBUG    urllib3.connectionpool:connectionpool.py:1051 Starting new HTTPS connection (1): thinking-tester-contact-list.herokuapp.com:443
DEBUG    urllib3.connectionpool:connectionpool.py:546 https://thinking-tester-contact-list.herokuapp.com:443 "POST /users HTTP/11" 201 279
DEBUG    util.admin.admin_api:admin_api.py:39 Created user and received token: eyJhbGciOiJIUzI1NiIsInR5cCI6IkpXVCJ9.eyJfaWQiOiI2NzI4MGU1NWQxMjg2YjAwMTMyMmNhYzMiLCJpYXQiOjE3MzA2NzgzNTd9.2rM5jRMNbhHIl144YBjSvuQQNHf0oK3wGyknwKtR-tA
INFO     tests.conftest:conftest.py:56 Created registered user
DEBUG    util.admin.admin_api:admin_api.py:43 Logging in user with credentials: {email: john.green@mail.com, password: 1234567890}
DEBUG    urllib3.connectionpool:connectionpool.py:1051 Starting new HTTPS connection (1): thinking-tester-contact-list.herokuapp.com:443
DEBUG    urllib3.connectionpool:connectionpool.py:546 https://thinking-tester-contact-list.herokuapp.com:443 "POST /users/login HTTP/11" 200 279
DEBUG    util.admin.admin_api:admin_api.py:53 Logged in and received token: eyJhbGciOiJIUzI1NiIsInR5cCI6IkpXVCJ9.eyJfaWQiOiI2NzI4MGU1NWQxMjg2YjAwMTMyMmNhYzMiLCJpYXQiOjE3MzA2NzgzNTh9.w7fNDKApNzjtiB2TsTl8lE9B4xtzOBdZY1S9MjIK49U
DEBUG    tests.api.user.test_api_user:test_api_user.py:109 Updating user with {'firstName': '', 'lastName': '', 'email': '', 'password': ''}
DEBUG    urllib3.connectionpool:connectionpool.py:1051 Starting new HTTPS connection (1): thinking-tester-contact-list.herokuapp.com:443
DEBUG    urllib3.connectionpool:connectionpool.py:546 https://thinking-tester-contact-list.herokuapp.com:443 "PATCH /users/me HTTP/11" 400 1146
DEBUG    tests.api.user.test_api_user:test_api_user.py:111 Received response text: {"errors":{"firstName":{"name":"ValidatorError","message":"Path `firstName` is required.","properties":{"message":"Path `firstName` is required.","type":"required","path":"firstName","value":""},"kind":"required","path":"firstName","value":""},"lastName":{"name":"ValidatorError","message":"Path `lastName` is required.","properties":{"message":"Path `lastName` is required.","type":"required","path":"lastName","value":""},"kind":"required","path":"lastName","value":""},"email":{"name":"ValidatorError","message":"Email is invalid","properties":{"message":"Email is invalid","type":"user defined","path":"email","value":"","reason":{}},"kind":"user defined","path":"email","value":"","reason":{}},"password":{"name":"ValidatorError","message":"Path `password` is required.","properties":{"message":"Path `password` is required.","type":"required","path":"password","value":""},"kind":"required","path":"password","value":""}},"_message":"User validation failed","message":"User validation failed: firstName: Path `firstName` is required., lastName: Path `lastName` is required., email: Email is invalid, password: Path `password` is required."}
INFO     tests.api.user.test_api_user:test_api_user.py:113 Can't update user fields to invalid ones as it is intended
DEBUG    util.admin.admin_api:admin_api.py:66 Getting user with token: eyJhbGciOiJIUzI1NiIsInR5cCI6IkpXVCJ9.eyJfaWQiOiI2NzI4MGU1NWQxMjg2YjAwMTMyMmNhYzMiLCJpYXQiOjE3MzA2NzgzNTh9.w7fNDKApNzjtiB2TsTl8lE9B4xtzOBdZY1S9MjIK49U
DEBUG    urllib3.connectionpool:connectionpool.py:1051 Starting new HTTPS connection (1): thinking-tester-contact-list.herokuapp.com:443
DEBUG    urllib3.connectionpool:connectionpool.py:546 https://thinking-tester-contact-list.herokuapp.com:443 "GET /users/me HTTP/11" 200 110
DEBUG    util.admin.admin_api:admin_api.py:73 Received user: {'_id': '67280e55d1286b001322cac3', 'firstName': 'John', 'lastName': 'Green', 'email': 'john.green@mail.com', '__v': 2}
INFO     tests.api.user.test_api_user:test_api_user.py:24 User JSON schema is correct
INFO     tests.api.user.test_api_user:test_api_user.py:118 User fields was not updated to invalid ones
DEBUG    util.admin.admin_api:admin_api.py:77 Deleting user with token: eyJhbGciOiJIUzI1NiIsInR5cCI6IkpXVCJ9.eyJfaWQiOiI2NzI4MGU1NWQxMjg2YjAwMTMyMmNhYzMiLCJpYXQiOjE3MzA2NzgzNTd9.2rM5jRMNbhHIl144YBjSvuQQNHf0oK3wGyknwKtR-tA
DEBUG    urllib3.connectionpool:connectionpool.py:1051 Starting new HTTPS connection (1): thinking-tester-contact-list.herokuapp.com:443
DEBUG    urllib3.connectionpool:connectionpool.py:546 https://thinking-tester-contact-list.herokuapp.com:443 "DELETE /users/me HTTP/11" 200 0
DEBUG    util.admin.admin_api:admin_api.py:83 User deleted
INFO     tests.conftest:conftest.py:60 Deleted registered user
DEBUG    util.admin.admin_api:admin_api.py:33 Creating user: {'firstName': 'John', 'lastName': 'Green', 'email': 'john.green@mail.com', 'password': '1234567890'}
DEBUG    urllib3.connectionpool:connectionpool.py:1051 Starting new HTTPS connection (1): thinking-tester-contact-list.herokuapp.com:443
DEBUG    urllib3.connectionpool:connectionpool.py:546 https://thinking-tester-contact-list.herokuapp.com:443 "POST /users HTTP/11" 201 279
DEBUG    util.admin.admin_api:admin_api.py:39 Created user and received token: eyJhbGciOiJIUzI1NiIsInR5cCI6IkpXVCJ9.eyJfaWQiOiI2NzI4MGU1OWQxMjg2YjAwMTMyMmNhYzYiLCJpYXQiOjE3MzA2NzgzNjJ9.ybuSkluGq07Xppl41x4PK5pPNvMS4tyx5Z80UuAFYGU
INFO     tests.conftest:conftest.py:56 Created registered user
DEBUG    util.admin.admin_api:admin_api.py:43 Logging in user with credentials: {email: john.green@mail.com, password: 1234567890}
DEBUG    urllib3.connectionpool:connectionpool.py:1051 Starting new HTTPS connection (1): thinking-tester-contact-list.herokuapp.com:443
DEBUG    urllib3.connectionpool:connectionpool.py:546 https://thinking-tester-contact-list.herokuapp.com:443 "POST /users/login HTTP/11" 200 279
DEBUG    util.admin.admin_api:admin_api.py:53 Logged in and received token: eyJhbGciOiJIUzI1NiIsInR5cCI6IkpXVCJ9.eyJfaWQiOiI2NzI4MGU1OWQxMjg2YjAwMTMyMmNhYzYiLCJpYXQiOjE3MzA2NzgzNjN9.qGpN-BruIwOCxpvvKqFgRMqriR7T61-dWa_oMMADWNI
DEBUG    tests.api.user.test_api_user:test_api_user.py:109 Updating user with {'firstName': 'John', 'lastName': 'Green', 'email': 'john.green@mail.com', 'password': '111111'}
DEBUG    urllib3.connectionpool:connectionpool.py:1051 Starting new HTTPS connection (1): thinking-tester-contact-list.herokuapp.com:443
DEBUG    urllib3.connectionpool:connectionpool.py:546 https://thinking-tester-contact-list.herokuapp.com:443 "PATCH /users/me HTTP/11" 400 517
DEBUG    tests.api.user.test_api_user:test_api_user.py:111 Received response text: {"errors":{"password":{"name":"ValidatorError","message":"Path `password` (`111111`) is shorter than the minimum allowed length (7).","properties":{"message":"Path `password` (`111111`) is shorter than the minimum allowed length (7).","type":"minlength","minlength":7,"path":"password","value":"111111"},"kind":"minlength","path":"password","value":"111111"}},"_message":"User validation failed","message":"User validation failed: password: Path `password` (`111111`) is shorter than the minimum allowed length (7)."}
INFO     tests.api.user.test_api_user:test_api_user.py:113 Can't update user fields to invalid ones as it is intended
DEBUG    util.admin.admin_api:admin_api.py:66 Getting user with token: eyJhbGciOiJIUzI1NiIsInR5cCI6IkpXVCJ9.eyJfaWQiOiI2NzI4MGU1OWQxMjg2YjAwMTMyMmNhYzYiLCJpYXQiOjE3MzA2NzgzNjN9.qGpN-BruIwOCxpvvKqFgRMqriR7T61-dWa_oMMADWNI
DEBUG    urllib3.connectionpool:connectionpool.py:1051 Starting new HTTPS connection (1): thinking-tester-contact-list.herokuapp.com:443
DEBUG    urllib3.connectionpool:connectionpool.py:546 https://thinking-tester-contact-list.herokuapp.com:443 "GET /users/me HTTP/11" 200 110
DEBUG    util.admin.admin_api:admin_api.py:73 Received user: {'_id': '67280e59d1286b001322cac6', 'firstName': 'John', 'lastName': 'Green', 'email': 'john.green@mail.com', '__v': 2}
INFO     tests.api.user.test_api_user:test_api_user.py:24 User JSON schema is correct
INFO     tests.api.user.test_api_user:test_api_user.py:118 User fields was not updated to invalid ones
DEBUG    util.admin.admin_api:admin_api.py:77 Deleting user with token: eyJhbGciOiJIUzI1NiIsInR5cCI6IkpXVCJ9.eyJfaWQiOiI2NzI4MGU1OWQxMjg2YjAwMTMyMmNhYzYiLCJpYXQiOjE3MzA2NzgzNjJ9.ybuSkluGq07Xppl41x4PK5pPNvMS4tyx5Z80UuAFYGU
DEBUG    urllib3.connectionpool:connectionpool.py:1051 Starting new HTTPS connection (1): thinking-tester-contact-list.herokuapp.com:443
DEBUG    urllib3.connectionpool:connectionpool.py:546 https://thinking-tester-contact-list.herokuapp.com:443 "DELETE /users/me HTTP/11" 200 0
DEBUG    util.admin.admin_api:admin_api.py:83 User deleted
INFO     tests.conftest:conftest.py:60 Deleted registered user
DEBUG    util.admin.admin_api:admin_api.py:33 Creating user: {'firstName': 'John', 'lastName': 'Green', 'email': 'john.green@mail.com', 'password': '1234567890'}
DEBUG    urllib3.connectionpool:connectionpool.py:1051 Starting new HTTPS connection (1): thinking-tester-contact-list.herokuapp.com:443
DEBUG    urllib3.connectionpool:connectionpool.py:546 https://thinking-tester-contact-list.herokuapp.com:443 "POST /users HTTP/11" 201 279
DEBUG    util.admin.admin_api:admin_api.py:39 Created user and received token: eyJhbGciOiJIUzI1NiIsInR5cCI6IkpXVCJ9.eyJfaWQiOiI2NzI4MGU1ZWQxMjg2YjAwMTMyMmNhYzkiLCJpYXQiOjE3MzA2NzgzNjZ9.FS99QE6UuZk5zGK67EUh3QKePhkF17GZVUoGicqS3fk
INFO     tests.conftest:conftest.py:56 Created registered user
DEBUG    util.admin.admin_api:admin_api.py:43 Logging in user with credentials: {email: john.green@mail.com, password: 1234567890}
DEBUG    urllib3.connectionpool:connectionpool.py:1051 Starting new HTTPS connection (1): thinking-tester-contact-list.herokuapp.com:443
DEBUG    urllib3.connectionpool:connectionpool.py:546 https://thinking-tester-contact-list.herokuapp.com:443 "POST /users/login HTTP/11" 200 279
DEBUG    util.admin.admin_api:admin_api.py:53 Logged in and received token: eyJhbGciOiJIUzI1NiIsInR5cCI6IkpXVCJ9.eyJfaWQiOiI2NzI4MGU1ZWQxMjg2YjAwMTMyMmNhYzkiLCJpYXQiOjE3MzA2NzgzNjd9.XsTiaFiGwFzPTPRN1w00MJszgheREq-35sdMkKLftqA
DEBUG    tests.api.user.test_api_user:test_api_user.py:109 Updating user with {'firstName': 'John', 'lastName': 'Green', 'email': 'john.green@mail.com', 'password': '11111111111111111111111111111111111111111111111111111111111111111111111111111111111111111111111111111'}
DEBUG    urllib3.connectionpool:connectionpool.py:1051 Starting new HTTPS connection (1): thinking-tester-contact-list.herokuapp.com:443
DEBUG    urllib3.connectionpool:connectionpool.py:546 https://thinking-tester-contact-list.herokuapp.com:443 "PATCH /users/me HTTP/11" 400 997
DEBUG    tests.api.user.test_api_user:test_api_user.py:111 Received response text: {"errors":{"password":{"name":"ValidatorError","message":"Path `password` (`11111111111111111111111111111111111111111111111111111111111111111111111111111111111111111111111111111`) is longer than the maximum allowed length (100).","properties":{"message":"Path `password` (`11111111111111111111111111111111111111111111111111111111111111111111111111111111111111111111111111111`) is longer than the maximum allowed length (100).","type":"maxlength","maxlength":100,"path":"password","value":"11111111111111111111111111111111111111111111111111111111111111111111111111111111111111111111111111111"},"kind":"maxlength","path":"password","value":"11111111111111111111111111111111111111111111111111111111111111111111111111111111111111111111111111111"}},"_message":"User validation failed","message":"User validation failed: password: Path `password` (`11111111111111111111111111111111111111111111111111111111111111111111111111111111111111111111111111111`) is longer than the maximum allowed length (100)."}
INFO     tests.api.user.test_api_user:test_api_user.py:113 Can't update user fields to invalid ones as it is intended
DEBUG    util.admin.admin_api:admin_api.py:66 Getting user with token: eyJhbGciOiJIUzI1NiIsInR5cCI6IkpXVCJ9.eyJfaWQiOiI2NzI4MGU1ZWQxMjg2YjAwMTMyMmNhYzkiLCJpYXQiOjE3MzA2NzgzNjd9.XsTiaFiGwFzPTPRN1w00MJszgheREq-35sdMkKLftqA
DEBUG    urllib3.connectionpool:connectionpool.py:1051 Starting new HTTPS connection (1): thinking-tester-contact-list.herokuapp.com:443
DEBUG    urllib3.connectionpool:connectionpool.py:546 https://thinking-tester-contact-list.herokuapp.com:443 "GET /users/me HTTP/11" 200 110
DEBUG    util.admin.admin_api:admin_api.py:73 Received user: {'_id': '67280e5ed1286b001322cac9', 'firstName': 'John', 'lastName': 'Green', 'email': 'john.green@mail.com', '__v': 2}
INFO     tests.api.user.test_api_user:test_api_user.py:24 User JSON schema is correct
INFO     tests.api.user.test_api_user:test_api_user.py:118 User fields was not updated to invalid ones
DEBUG    util.admin.admin_api:admin_api.py:77 Deleting user with token: eyJhbGciOiJIUzI1NiIsInR5cCI6IkpXVCJ9.eyJfaWQiOiI2NzI4MGU1ZWQxMjg2YjAwMTMyMmNhYzkiLCJpYXQiOjE3MzA2NzgzNjZ9.FS99QE6UuZk5zGK67EUh3QKePhkF17GZVUoGicqS3fk
DEBUG    urllib3.connectionpool:connectionpool.py:1051 Starting new HTTPS connection (1): thinking-tester-contact-list.herokuapp.com:443
DEBUG    urllib3.connectionpool:connectionpool.py:546 https://thinking-tester-contact-list.herokuapp.com:443 "DELETE /users/me HTTP/11" 200 0
DEBUG    util.admin.admin_api:admin_api.py:83 User deleted
INFO     tests.conftest:conftest.py:60 Deleted registered user
DEBUG    util.admin.admin_api:admin_api.py:33 Creating user: {'firstName': 'John', 'lastName': 'Green', 'email': 'john.green@mail.com', 'password': '1234567890'}
DEBUG    urllib3.connectionpool:connectionpool.py:1051 Starting new HTTPS connection (1): thinking-tester-contact-list.herokuapp.com:443
DEBUG    urllib3.connectionpool:connectionpool.py:546 https://thinking-tester-contact-list.herokuapp.com:443 "POST /users HTTP/11" 201 279
DEBUG    util.admin.admin_api:admin_api.py:39 Created user and received token: eyJhbGciOiJIUzI1NiIsInR5cCI6IkpXVCJ9.eyJfaWQiOiI2NzI4MGU2MmJlZDRkYjAwMTM1YjEyMjMiLCJpYXQiOjE3MzA2NzgzNzB9.qCN-YxRnzvwHYky5IzfyEFA7hpXSZGju8CdN_7HYutg
INFO     tests.conftest:conftest.py:56 Created registered user
DEBUG    util.admin.admin_api:admin_api.py:43 Logging in user with credentials: {email: john.green@mail.com, password: 1234567890}
DEBUG    urllib3.connectionpool:connectionpool.py:1051 Starting new HTTPS connection (1): thinking-tester-contact-list.herokuapp.com:443
DEBUG    urllib3.connectionpool:connectionpool.py:546 https://thinking-tester-contact-list.herokuapp.com:443 "POST /users/login HTTP/11" 200 279
DEBUG    util.admin.admin_api:admin_api.py:53 Logged in and received token: eyJhbGciOiJIUzI1NiIsInR5cCI6IkpXVCJ9.eyJfaWQiOiI2NzI4MGU2MmJlZDRkYjAwMTM1YjEyMjMiLCJpYXQiOjE3MzA2NzgzNzF9.-zntl_YGcRjzc7AjuFBRIfhgXL_g4whiqzAPVruaxFI
DEBUG    tests.api.user.test_api_user:test_api_user.py:109 Updating user with {'_id': '111111111111111111111111', 'firstName': 'John', 'lastName': 'Green', 'email': 'john.green@mail.com', 'password': '1234567890'}
DEBUG    urllib3.connectionpool:connectionpool.py:1051 Starting new HTTPS connection (1): thinking-tester-contact-list.herokuapp.com:443
DEBUG    urllib3.connectionpool:connectionpool.py:546 https://thinking-tester-contact-list.herokuapp.com:443 "PATCH /users/me HTTP/11" 400 1062
DEBUG    tests.api.user.test_api_user:test_api_user.py:111 Received response text: {"result":{"result":{"n":0,"electionId":"7fffffff0000000000000352","opTime":{"ts":"7433207007634522129","t":850},"nModified":0,"ok":1,"$clusterTime":{"clusterTime":"7433207007634522129","signature":{"hash":"npZ7PWoHwjUD8VsoR9mxE0Lgl1k=","keyId":"7385634502460047373"}},"operationTime":"7433207007634522129"},"connection":{"_events":{},"_eventsCount":4,"id":2,"address":"18.210.64.216:27017","bson":{},"socketTimeout":0,"host":"cluster0-shard-00-02.49oul.mongodb.net","port":27017,"monitorCommands":false,"closed":false,"destroyed":false,"lastIsMasterMS":1},"modifiedCount":0,"upsertedId":null,"upsertedCount":0,"matchedCount":0,"$where":{"_id":"111111111111111111111111"},"n":0,"electionId":"7fffffff0000000000000352","opTime":{"ts":"7433207007634522129","t":850},"nModified":0,"ok":1,"$clusterTime":{"clusterTime":"7433207007634522129","signature":{"hash":"npZ7PWoHwjUD8VsoR9mxE0Lgl1k=","keyId":"7385634502460047373"}},"operationTime":"7433207007634522129"},"numAffected":0,"filter":{"_id":"111111111111111111111111"},"query":{"_id":"111111111111111111111111"}}
INFO     tests.api.user.test_api_user:test_api_user.py:113 Can't update user fields to invalid ones as it is intended
DEBUG    util.admin.admin_api:admin_api.py:66 Getting user with token: eyJhbGciOiJIUzI1NiIsInR5cCI6IkpXVCJ9.eyJfaWQiOiI2NzI4MGU2MmJlZDRkYjAwMTM1YjEyMjMiLCJpYXQiOjE3MzA2NzgzNzF9.-zntl_YGcRjzc7AjuFBRIfhgXL_g4whiqzAPVruaxFI
DEBUG    urllib3.connectionpool:connectionpool.py:1051 Starting new HTTPS connection (1): thinking-tester-contact-list.herokuapp.com:443
DEBUG    urllib3.connectionpool:connectionpool.py:546 https://thinking-tester-contact-list.herokuapp.com:443 "GET /users/me HTTP/11" 200 110
DEBUG    util.admin.admin_api:admin_api.py:73 Received user: {'_id': '67280e62bed4db00135b1223', 'firstName': 'John', 'lastName': 'Green', 'email': 'john.green@mail.com', '__v': 2}
INFO     tests.api.user.test_api_user:test_api_user.py:24 User JSON schema is correct
INFO     tests.api.user.test_api_user:test_api_user.py:118 User fields was not updated to invalid ones
DEBUG    util.admin.admin_api:admin_api.py:77 Deleting user with token: eyJhbGciOiJIUzI1NiIsInR5cCI6IkpXVCJ9.eyJfaWQiOiI2NzI4MGU2MmJlZDRkYjAwMTM1YjEyMjMiLCJpYXQiOjE3MzA2NzgzNzB9.qCN-YxRnzvwHYky5IzfyEFA7hpXSZGju8CdN_7HYutg
DEBUG    urllib3.connectionpool:connectionpool.py:1051 Starting new HTTPS connection (1): thinking-tester-contact-list.herokuapp.com:443
DEBUG    urllib3.connectionpool:connectionpool.py:546 https://thinking-tester-contact-list.herokuapp.com:443 "DELETE /users/me HTTP/11" 200 0
DEBUG    util.admin.admin_api:admin_api.py:83 User deleted
INFO     tests.conftest:conftest.py:60 Deleted registered user
DEBUG    util.admin.admin_api:admin_api.py:33 Creating user: {'firstName': 'John', 'lastName': 'Green', 'email': 'john.green@mail.com', 'password': '1234567890'}
DEBUG    urllib3.connectionpool:connectionpool.py:1051 Starting new HTTPS connection (1): thinking-tester-contact-list.herokuapp.com:443
DEBUG    urllib3.connectionpool:connectionpool.py:546 https://thinking-tester-contact-list.herokuapp.com:443 "POST /users HTTP/11" 201 279
DEBUG    util.admin.admin_api:admin_api.py:39 Created user and received token: eyJhbGciOiJIUzI1NiIsInR5cCI6IkpXVCJ9.eyJfaWQiOiI2NzI4MGU2N2JlZDRkYjAwMTM1YjEyMjYiLCJpYXQiOjE3MzA2NzgzNzV9.6gr8BMW9vIkl7NkLE86X6ZR67TGfj7ycjncSO48-o2k
DEBUG    tests.api.user.test_api_user:test_api_user.py:125 Deleting user: {'firstName': 'John', 'lastName': 'Green', 'email': 'john.green@mail.com', 'password': '1234567890'}
DEBUG    urllib3.connectionpool:connectionpool.py:1051 Starting new HTTPS connection (1): thinking-tester-contact-list.herokuapp.com:443
DEBUG    urllib3.connectionpool:connectionpool.py:546 https://thinking-tester-contact-list.herokuapp.com:443 "DELETE /users/me HTTP/11" 200 0
DEBUG    tests.api.user.test_api_user:test_api_user.py:127 Received response text: 
INFO     tests.api.user.test_api_user:test_api_user.py:129 Deleted existing user
DEBUG    util.admin.admin_api:admin_api.py:66 Getting user with token: eyJhbGciOiJIUzI1NiIsInR5cCI6IkpXVCJ9.eyJfaWQiOiI2NzI4MGU2N2JlZDRkYjAwMTM1YjEyMjYiLCJpYXQiOjE3MzA2NzgzNzV9.6gr8BMW9vIkl7NkLE86X6ZR67TGfj7ycjncSO48-o2k
DEBUG    urllib3.connectionpool:connectionpool.py:1051 Starting new HTTPS connection (1): thinking-tester-contact-list.herokuapp.com:443
DEBUG    urllib3.connectionpool:connectionpool.py:546 https://thinking-tester-contact-list.herokuapp.com:443 "GET /users/me HTTP/11" 401 32
INFO     tests.api.user.test_api_user:test_api_user.py:133 Can't receive user that was deleted
DEBUG    util.admin.admin_api:admin_api.py:43 Logging in user with credentials: {email: john.green@mail.com, password: 1234567890}
DEBUG    urllib3.connectionpool:connectionpool.py:1051 Starting new HTTPS connection (1): thinking-tester-contact-list.herokuapp.com:443
DEBUG    urllib3.connectionpool:connectionpool.py:546 https://thinking-tester-contact-list.herokuapp.com:443 "POST /users/login HTTP/11" 401 0
INFO     tests.api.user.test_api_user:test_api_user.py:136 Can't log in user that was deleted
DEBUG    util.admin.admin_api:admin_api.py:33 Creating user: {'firstName': 'John', 'lastName': 'Green', 'email': 'john.green@mail.com', 'password': '1234567890'}
DEBUG    urllib3.connectionpool:connectionpool.py:1051 Starting new HTTPS connection (1): thinking-tester-contact-list.herokuapp.com:443
DEBUG    urllib3.connectionpool:connectionpool.py:546 https://thinking-tester-contact-list.herokuapp.com:443 "POST /users HTTP/11" 201 279
DEBUG    util.admin.admin_api:admin_api.py:39 Created user and received token: eyJhbGciOiJIUzI1NiIsInR5cCI6IkpXVCJ9.eyJfaWQiOiI2NzI4MGU2YWJlZDRkYjAwMTM1YjEyMjgiLCJpYXQiOjE3MzA2NzgzNzh9.BEaHUeghNu1jwTvjY2drJjT9GMNqkHvM70cA5M7chs0
INFO     tests.conftest:conftest.py:56 Created registered user
DEBUG    urllib3.connectionpool:connectionpool.py:1051 Starting new HTTPS connection (1): thinking-tester-contact-list.herokuapp.com:443
DEBUG    urllib3.connectionpool:connectionpool.py:546 https://thinking-tester-contact-list.herokuapp.com:443 "POST /users/login HTTP/11" 200 279
INFO     tests.api.user.test_api_user:test_api_user.py:147 Response status code and headers are correct
INFO     tests.api.user.test_api_user:test_api_user.py:24 User JSON schema is correct
INFO     tests.api.user.test_api_user:test_api_user.py:154 Successfully logged in to intended user account and received token
DEBUG    util.admin.admin_api:admin_api.py:66 Getting user with token: eyJhbGciOiJIUzI1NiIsInR5cCI6IkpXVCJ9.eyJfaWQiOiI2NzI4MGU2YWJlZDRkYjAwMTM1YjEyMjgiLCJpYXQiOjE3MzA2NzgzNzl9.mmRTZAPDhLokx9fJyB1FysazAyBJj2IOFI39J6-4xwE
DEBUG    urllib3.connectionpool:connectionpool.py:1051 Starting new HTTPS connection (1): thinking-tester-contact-list.herokuapp.com:443
DEBUG    urllib3.connectionpool:connectionpool.py:546 https://thinking-tester-contact-list.herokuapp.com:443 "GET /users/me HTTP/11" 200 110
DEBUG    util.admin.admin_api:admin_api.py:73 Received user: {'_id': '67280e6abed4db00135b1228', 'firstName': 'John', 'lastName': 'Green', 'email': 'john.green@mail.com', '__v': 2}
INFO     tests.api.user.test_api_user:test_api_user.py:24 User JSON schema is correct
INFO     tests.api.user.test_api_user:test_api_user.py:159 Can use received token and use it to get user
DEBUG    util.admin.admin_api:admin_api.py:77 Deleting user with token: eyJhbGciOiJIUzI1NiIsInR5cCI6IkpXVCJ9.eyJfaWQiOiI2NzI4MGU2YWJlZDRkYjAwMTM1YjEyMjgiLCJpYXQiOjE3MzA2NzgzNzh9.BEaHUeghNu1jwTvjY2drJjT9GMNqkHvM70cA5M7chs0
DEBUG    urllib3.connectionpool:connectionpool.py:1051 Starting new HTTPS connection (1): thinking-tester-contact-list.herokuapp.com:443
DEBUG    urllib3.connectionpool:connectionpool.py:546 https://thinking-tester-contact-list.herokuapp.com:443 "DELETE /users/me HTTP/11" 200 0
DEBUG    util.admin.admin_api:admin_api.py:83 User deleted
INFO     tests.conftest:conftest.py:60 Deleted registered user
DEBUG    util.admin.admin_api:admin_api.py:33 Creating user: {'firstName': 'John', 'lastName': 'Green', 'email': 'john.green@mail.com', 'password': '1234567890'}
DEBUG    urllib3.connectionpool:connectionpool.py:1051 Starting new HTTPS connection (1): thinking-tester-contact-list.herokuapp.com:443
DEBUG    urllib3.connectionpool:connectionpool.py:546 https://thinking-tester-contact-list.herokuapp.com:443 "POST /users HTTP/11" 201 279
DEBUG    util.admin.admin_api:admin_api.py:39 Created user and received token: eyJhbGciOiJIUzI1NiIsInR5cCI6IkpXVCJ9.eyJfaWQiOiI2NzI4MGU2ZWQxMjg2YjAwMTMyMmNhY2MiLCJpYXQiOjE3MzA2NzgzODJ9.MFCzxDL0_6QVlBVBIGO9SurpoTemxTD9Xibjl5TzfJM
INFO     tests.conftest:conftest.py:56 Created registered user
DEBUG    util.admin.admin_api:admin_api.py:43 Logging in user with credentials: {email: john.green@mail.com, password: 1234567890}
DEBUG    urllib3.connectionpool:connectionpool.py:1051 Starting new HTTPS connection (1): thinking-tester-contact-list.herokuapp.com:443
DEBUG    urllib3.connectionpool:connectionpool.py:546 https://thinking-tester-contact-list.herokuapp.com:443 "POST /users/login HTTP/11" 200 279
DEBUG    util.admin.admin_api:admin_api.py:53 Logged in and received token: eyJhbGciOiJIUzI1NiIsInR5cCI6IkpXVCJ9.eyJfaWQiOiI2NzI4MGU2ZWQxMjg2YjAwMTMyMmNhY2MiLCJpYXQiOjE3MzA2NzgzODN9.zjAIGA0zvK0bmrPliNrcES1UgXKCHeJVSC00ziYKpfI
DEBUG    urllib3.connectionpool:connectionpool.py:1051 Starting new HTTPS connection (1): thinking-tester-contact-list.herokuapp.com:443
DEBUG    urllib3.connectionpool:connectionpool.py:546 https://thinking-tester-contact-list.herokuapp.com:443 "POST /users/logout HTTP/11" 200 0
INFO     tests.api.user.test_api_user:test_api_user.py:167 Logged out from user account
DEBUG    util.admin.admin_api:admin_api.py:66 Getting user with token: eyJhbGciOiJIUzI1NiIsInR5cCI6IkpXVCJ9.eyJfaWQiOiI2NzI4MGU2ZWQxMjg2YjAwMTMyMmNhY2MiLCJpYXQiOjE3MzA2NzgzODN9.zjAIGA0zvK0bmrPliNrcES1UgXKCHeJVSC00ziYKpfI
DEBUG    urllib3.connectionpool:connectionpool.py:1051 Starting new HTTPS connection (1): thinking-tester-contact-list.herokuapp.com:443
DEBUG    urllib3.connectionpool:connectionpool.py:546 https://thinking-tester-contact-list.herokuapp.com:443 "GET /users/me HTTP/11" 401 32
INFO     tests.api.user.test_api_user:test_api_user.py:171 Can't use the same token after logging out with it
DEBUG    util.admin.admin_api:admin_api.py:77 Deleting user with token: eyJhbGciOiJIUzI1NiIsInR5cCI6IkpXVCJ9.eyJfaWQiOiI2NzI4MGU2ZWQxMjg2YjAwMTMyMmNhY2MiLCJpYXQiOjE3MzA2NzgzODJ9.MFCzxDL0_6QVlBVBIGO9SurpoTemxTD9Xibjl5TzfJM
DEBUG    urllib3.connectionpool:connectionpool.py:1051 Starting new HTTPS connection (1): thinking-tester-contact-list.herokuapp.com:443
DEBUG    urllib3.connectionpool:connectionpool.py:546 https://thinking-tester-contact-list.herokuapp.com:443 "DELETE /users/me HTTP/11" 401 32
WARNING  tests.conftest:conftest.py:62 Registered user was not deleted from the first try
WARNING  tests.conftest:conftest.py:64 For some reason original token was invalidated. Couldn't delete user required for test from the first attempt
INFO     tests.conftest:conftest.py:66 Logging in to receive new token
DEBUG    util.admin.admin_api:admin_api.py:43 Logging in user with credentials: {email: john.green@mail.com, password: 1234567890}
DEBUG    urllib3.connectionpool:connectionpool.py:1051 Starting new HTTPS connection (1): thinking-tester-contact-list.herokuapp.com:443
DEBUG    urllib3.connectionpool:connectionpool.py:546 https://thinking-tester-contact-list.herokuapp.com:443 "POST /users/login HTTP/11" 200 279
DEBUG    util.admin.admin_api:admin_api.py:53 Logged in and received token: eyJhbGciOiJIUzI1NiIsInR5cCI6IkpXVCJ9.eyJfaWQiOiI2NzI4MGU2ZWQxMjg2YjAwMTMyMmNhY2MiLCJpYXQiOjE3MzA2NzgzODZ9.7LdeUmN6cjCRZG0tCo5FKeGsqywFkmig5zKO1VgtA1E
DEBUG    util.admin.admin_api:admin_api.py:77 Deleting user with token: eyJhbGciOiJIUzI1NiIsInR5cCI6IkpXVCJ9.eyJfaWQiOiI2NzI4MGU2ZWQxMjg2YjAwMTMyMmNhY2MiLCJpYXQiOjE3MzA2NzgzODZ9.7LdeUmN6cjCRZG0tCo5FKeGsqywFkmig5zKO1VgtA1E
DEBUG    urllib3.connectionpool:connectionpool.py:1051 Starting new HTTPS connection (1): thinking-tester-contact-list.herokuapp.com:443
DEBUG    urllib3.connectionpool:connectionpool.py:546 https://thinking-tester-contact-list.herokuapp.com:443 "DELETE /users/me HTTP/11" 200 0
DEBUG    util.admin.admin_api:admin_api.py:83 User deleted
INFO     tests.conftest:conftest.py:69 Registered user was deleted from the second try
DEBUG    selenium.webdriver.common.selenium_manager:selenium_manager.py:101 Selenium Manager binary found at: /home/stinger/Development/itspl-task/.venv/lib/python3.12/site-packages/selenium/webdriver/common/linux/selenium-manager
DEBUG    selenium.webdriver.common.selenium_manager:selenium_manager.py:114 Executing process: /home/stinger/Development/itspl-task/.venv/lib/python3.12/site-packages/selenium/webdriver/common/linux/selenium-manager --browser chrome --debug --language-binding python --output json
DEBUG    selenium.webdriver.common.selenium_manager:selenium_manager.py:140 Found chromedriver 130.0.6723.91 in PATH: /usr/bin/chromedriver
DEBUG    selenium.webdriver.common.selenium_manager:selenium_manager.py:140 Found chromium in PATH: /usr/bin/chromium
DEBUG    selenium.webdriver.common.selenium_manager:selenium_manager.py:140 Running command: /usr/bin/chromium --version
DEBUG    selenium.webdriver.common.selenium_manager:selenium_manager.py:140 Output: "Chromium 130.0.6723.91 Arch Linux"
DEBUG    selenium.webdriver.common.selenium_manager:selenium_manager.py:140 Detected browser: chrome 130.0.6723.91
DEBUG    selenium.webdriver.common.selenium_manager:selenium_manager.py:140 Required driver: chromedriver 130.0.6723.91
DEBUG    selenium.webdriver.common.selenium_manager:selenium_manager.py:140 Driver path: /usr/bin/chromedriver
DEBUG    selenium.webdriver.common.selenium_manager:selenium_manager.py:140 Browser path: /usr/bin/chromium
DEBUG    selenium.webdriver.common.service:service.py:225 Started executable: `/usr/bin/chromedriver` in a child process with pid: 530028 using 0 to output -3
DEBUG    selenium.webdriver.remote.remote_connection:remote_connection.py:375 POST http://localhost:33069/session {'capabilities': {'firstMatch': [{}], 'alwaysMatch': {'browserName': 'chrome', 'pageLoadStrategy': <PageLoadStrategy.normal: 'normal'>, 'browserVersion': None, 'goog:chromeOptions': {'extensions': [], 'binary': '/usr/bin/chromium', 'args': []}}}}
DEBUG    urllib3.connectionpool:connectionpool.py:243 Starting new HTTP connection (1): localhost:33069
DEBUG    urllib3.connectionpool:connectionpool.py:546 http://localhost:33069 "POST /session HTTP/11" 200 0
DEBUG    selenium.webdriver.remote.remote_connection:remote_connection.py:408 Remote response: status=200 | data={"value":{"capabilities":{"acceptInsecureCerts":false,"browserName":"chrome","browserVersion":"130.0.6723.91","chrome":{"chromedriverVersion":"130.0.6723.91 (53ac076783696778ecc8f360ea31765c29c240ad-refs/branch-heads/6723@{#1517})","userDataDir":"/tmp/.org.chromium.Chromium.po6fRI"},"fedcm:accounts":true,"goog:chromeOptions":{"debuggerAddress":"localhost:44529"},"networkConnectionEnabled":false,"pageLoadStrategy":"normal","platformName":"linux","proxy":{},"setWindowRect":true,"strictFileInteractability":false,"timeouts":{"implicit":0,"pageLoad":300000,"script":30000},"unhandledPromptBehavior":"dismiss and notify","webauthn:extension:credBlob":true,"webauthn:extension:largeBlob":true,"webauthn:extension:minPinLength":true,"webauthn:extension:prf":true,"webauthn:virtualAuthenticators":true},"sessionId":"80156dfaf2e72d656a22f638e1488cb6"}} | headers=HTTPHeaderDict({'Content-Length': '848', 'Content-Type': 'application/json; charset=utf-8', 'cache-control': 'no-cache'})
DEBUG    selenium.webdriver.remote.remote_connection:remote_connection.py:437 Finished Request
DEBUG    selenium.webdriver.remote.remote_connection:remote_connection.py:375 POST http://localhost:33069/session/80156dfaf2e72d656a22f638e1488cb6/timeouts {'implicit': 10000}
DEBUG    urllib3.connectionpool:connectionpool.py:546 http://localhost:33069 "POST /session/80156dfaf2e72d656a22f638e1488cb6/timeouts HTTP/11" 200 0
DEBUG    selenium.webdriver.remote.remote_connection:remote_connection.py:408 Remote response: status=200 | data={"value":null} | headers=HTTPHeaderDict({'Content-Length': '14', 'Content-Type': 'application/json; charset=utf-8', 'cache-control': 'no-cache'})
DEBUG    selenium.webdriver.remote.remote_connection:remote_connection.py:437 Finished Request
INFO     tests.ui.pages:pages.py:58 Created POM: LogInPage
DEBUG    util.admin.admin_api:admin_api.py:33 Creating user: {'firstName': 'John', 'lastName': 'Green', 'email': 'john.green@mail.com', 'password': '1234567890'}
DEBUG    urllib3.connectionpool:connectionpool.py:1051 Starting new HTTPS connection (1): thinking-tester-contact-list.herokuapp.com:443
DEBUG    urllib3.connectionpool:connectionpool.py:546 https://thinking-tester-contact-list.herokuapp.com:443 "POST /users HTTP/11" 201 279
DEBUG    util.admin.admin_api:admin_api.py:39 Created user and received token: eyJhbGciOiJIUzI1NiIsInR5cCI6IkpXVCJ9.eyJfaWQiOiI2NzI4MGU3NWJlZDRkYjAwMTM1YjEyMmIiLCJpYXQiOjE3MzA2NzgzODl9.uFh2nCcszUZYbLUdrX4npbTnPiDqi9MxDYKtKH0EYpU
INFO     tests.conftest:conftest.py:56 Created registered user
DEBUG    selenium.webdriver.remote.remote_connection:remote_connection.py:375 POST http://localhost:33069/session/80156dfaf2e72d656a22f638e1488cb6/url {'url': 'https://thinking-tester-contact-list.herokuapp.com/login'}
DEBUG    urllib3.connectionpool:connectionpool.py:546 http://localhost:33069 "POST /session/80156dfaf2e72d656a22f638e1488cb6/url HTTP/11" 200 0
DEBUG    selenium.webdriver.remote.remote_connection:remote_connection.py:408 Remote response: status=200 | data={"value":null} | headers=HTTPHeaderDict({'Content-Length': '14', 'Content-Type': 'application/json; charset=utf-8', 'cache-control': 'no-cache'})
DEBUG    selenium.webdriver.remote.remote_connection:remote_connection.py:437 Finished Request
INFO     tests.ui.pages:pages.py:27 Opened page
DEBUG    selenium.webdriver.remote.remote_connection:remote_connection.py:375 POST http://localhost:33069/session/80156dfaf2e72d656a22f638e1488cb6/element {'using': 'css selector', 'value': '[id="email"]'}
DEBUG    urllib3.connectionpool:connectionpool.py:546 http://localhost:33069 "POST /session/80156dfaf2e72d656a22f638e1488cb6/element HTTP/11" 200 0
DEBUG    selenium.webdriver.remote.remote_connection:remote_connection.py:408 Remote response: status=200 | data={"value":{"element-6066-11e4-a52e-4f735466cecf":"f.8471E34315B68616D412F95566A423FA.d.B15E9589EE299EEAAD6B72FBAC9F0A4F.e.4"}} | headers=HTTPHeaderDict({'Content-Length': '125', 'Content-Type': 'application/json; charset=utf-8', 'cache-control': 'no-cache'})
DEBUG    selenium.webdriver.remote.remote_connection:remote_connection.py:437 Finished Request
DEBUG    selenium.webdriver.remote.remote_connection:remote_connection.py:375 POST http://localhost:33069/session/80156dfaf2e72d656a22f638e1488cb6/element/f.8471E34315B68616D412F95566A423FA.d.B15E9589EE299EEAAD6B72FBAC9F0A4F.e.4/value {'text': 'john.green@mail.com', 'value': ['j', 'o', 'h', 'n', '.', 'g', 'r', 'e', 'e', 'n', '@', 'm', 'a', 'i', 'l', '.', 'c', 'o', 'm']}
DEBUG    urllib3.connectionpool:connectionpool.py:546 http://localhost:33069 "POST /session/80156dfaf2e72d656a22f638e1488cb6/element/f.8471E34315B68616D412F95566A423FA.d.B15E9589EE299EEAAD6B72FBAC9F0A4F.e.4/value HTTP/11" 200 0
DEBUG    selenium.webdriver.remote.remote_connection:remote_connection.py:408 Remote response: status=200 | data={"value":null} | headers=HTTPHeaderDict({'Content-Length': '14', 'Content-Type': 'application/json; charset=utf-8', 'cache-control': 'no-cache'})
DEBUG    selenium.webdriver.remote.remote_connection:remote_connection.py:437 Finished Request
INFO     tests.ui.pages:pages.py:62 Entered email
DEBUG    selenium.webdriver.remote.remote_connection:remote_connection.py:375 POST http://localhost:33069/session/80156dfaf2e72d656a22f638e1488cb6/element {'using': 'css selector', 'value': '[id="password"]'}
DEBUG    urllib3.connectionpool:connectionpool.py:546 http://localhost:33069 "POST /session/80156dfaf2e72d656a22f638e1488cb6/element HTTP/11" 200 0
DEBUG    selenium.webdriver.remote.remote_connection:remote_connection.py:408 Remote response: status=200 | data={"value":{"element-6066-11e4-a52e-4f735466cecf":"f.8471E34315B68616D412F95566A423FA.d.B15E9589EE299EEAAD6B72FBAC9F0A4F.e.6"}} | headers=HTTPHeaderDict({'Content-Length': '125', 'Content-Type': 'application/json; charset=utf-8', 'cache-control': 'no-cache'})
DEBUG    selenium.webdriver.remote.remote_connection:remote_connection.py:437 Finished Request
DEBUG    selenium.webdriver.remote.remote_connection:remote_connection.py:375 POST http://localhost:33069/session/80156dfaf2e72d656a22f638e1488cb6/element/f.8471E34315B68616D412F95566A423FA.d.B15E9589EE299EEAAD6B72FBAC9F0A4F.e.6/value {'text': '1234567890', 'value': ['1', '2', '3', '4', '5', '6', '7', '8', '9', '0']}
DEBUG    urllib3.connectionpool:connectionpool.py:546 http://localhost:33069 "POST /session/80156dfaf2e72d656a22f638e1488cb6/element/f.8471E34315B68616D412F95566A423FA.d.B15E9589EE299EEAAD6B72FBAC9F0A4F.e.6/value HTTP/11" 200 0
DEBUG    selenium.webdriver.remote.remote_connection:remote_connection.py:408 Remote response: status=200 | data={"value":null} | headers=HTTPHeaderDict({'Content-Length': '14', 'Content-Type': 'application/json; charset=utf-8', 'cache-control': 'no-cache'})
DEBUG    selenium.webdriver.remote.remote_connection:remote_connection.py:437 Finished Request
INFO     tests.ui.pages:pages.py:66 Entered password
DEBUG    selenium.webdriver.remote.remote_connection:remote_connection.py:375 POST http://localhost:33069/session/80156dfaf2e72d656a22f638e1488cb6/element {'using': 'css selector', 'value': '[id="submit"]'}
DEBUG    urllib3.connectionpool:connectionpool.py:546 http://localhost:33069 "POST /session/80156dfaf2e72d656a22f638e1488cb6/element HTTP/11" 200 0
DEBUG    selenium.webdriver.remote.remote_connection:remote_connection.py:408 Remote response: status=200 | data={"value":{"element-6066-11e4-a52e-4f735466cecf":"f.8471E34315B68616D412F95566A423FA.d.B15E9589EE299EEAAD6B72FBAC9F0A4F.e.7"}} | headers=HTTPHeaderDict({'Content-Length': '125', 'Content-Type': 'application/json; charset=utf-8', 'cache-control': 'no-cache'})
DEBUG    selenium.webdriver.remote.remote_connection:remote_connection.py:437 Finished Request
DEBUG    selenium.webdriver.remote.remote_connection:remote_connection.py:375 POST http://localhost:33069/session/80156dfaf2e72d656a22f638e1488cb6/element/f.8471E34315B68616D412F95566A423FA.d.B15E9589EE299EEAAD6B72FBAC9F0A4F.e.7/click {}
DEBUG    urllib3.connectionpool:connectionpool.py:546 http://localhost:33069 "POST /session/80156dfaf2e72d656a22f638e1488cb6/element/f.8471E34315B68616D412F95566A423FA.d.B15E9589EE299EEAAD6B72FBAC9F0A4F.e.7/click HTTP/11" 200 0
DEBUG    selenium.webdriver.remote.remote_connection:remote_connection.py:408 Remote response: status=200 | data={"value":null} | headers=HTTPHeaderDict({'Content-Length': '14', 'Content-Type': 'application/json; charset=utf-8', 'cache-control': 'no-cache'})
DEBUG    selenium.webdriver.remote.remote_connection:remote_connection.py:437 Finished Request
INFO     tests.ui.pages:pages.py:70 Clicked on Log In button
INFO     tests.ui.pages:pages.py:124 Created POM: ContactListPage
DEBUG    selenium.webdriver.remote.remote_connection:remote_connection.py:375 POST http://localhost:33069/session/80156dfaf2e72d656a22f638e1488cb6/element {'using': 'css selector', 'value': '[id="add-contact"]'}
DEBUG    urllib3.connectionpool:connectionpool.py:546 http://localhost:33069 "POST /session/80156dfaf2e72d656a22f638e1488cb6/element HTTP/11" 200 0
DEBUG    selenium.webdriver.remote.remote_connection:remote_connection.py:408 Remote response: status=200 | data={"value":{"element-6066-11e4-a52e-4f735466cecf":"f.8471E34315B68616D412F95566A423FA.d.6D30F602FE9722BB5AB06F0A06479221.e.12"}} | headers=HTTPHeaderDict({'Content-Length': '126', 'Content-Type': 'application/json; charset=utf-8', 'cache-control': 'no-cache'})
DEBUG    selenium.webdriver.remote.remote_connection:remote_connection.py:437 Finished Request
DEBUG    selenium.webdriver.remote.remote_connection:remote_connection.py:375 POST http://localhost:33069/session/80156dfaf2e72d656a22f638e1488cb6/element/f.8471E34315B68616D412F95566A423FA.d.6D30F602FE9722BB5AB06F0A06479221.e.12/click {}
DEBUG    urllib3.connectionpool:connectionpool.py:546 http://localhost:33069 "POST /session/80156dfaf2e72d656a22f638e1488cb6/element/f.8471E34315B68616D412F95566A423FA.d.6D30F602FE9722BB5AB06F0A06479221.e.12/click HTTP/11" 200 0
DEBUG    selenium.webdriver.remote.remote_connection:remote_connection.py:408 Remote response: status=200 | data={"value":null} | headers=HTTPHeaderDict({'Content-Length': '14', 'Content-Type': 'application/json; charset=utf-8', 'cache-control': 'no-cache'})
DEBUG    selenium.webdriver.remote.remote_connection:remote_connection.py:437 Finished Request
INFO     tests.ui.pages:pages.py:143 Clicked on Add a New Contact button
INFO     tests.ui.pages:pages.py:155 Created POM: AddContactPage
DEBUG    selenium.webdriver.remote.remote_connection:remote_connection.py:375 POST http://localhost:33069/session/80156dfaf2e72d656a22f638e1488cb6/element {'using': 'css selector', 'value': '[id="firstName"]'}
DEBUG    urllib3.connectionpool:connectionpool.py:546 http://localhost:33069 "POST /session/80156dfaf2e72d656a22f638e1488cb6/element HTTP/11" 200 0
DEBUG    selenium.webdriver.remote.remote_connection:remote_connection.py:408 Remote response: status=200 | data={"value":{"element-6066-11e4-a52e-4f735466cecf":"f.8471E34315B68616D412F95566A423FA.d.EC59991436AE4795A99C77F17AC8AAA6.e.20"}} | headers=HTTPHeaderDict({'Content-Length': '126', 'Content-Type': 'application/json; charset=utf-8', 'cache-control': 'no-cache'})
DEBUG    selenium.webdriver.remote.remote_connection:remote_connection.py:437 Finished Request
DEBUG    selenium.webdriver.remote.remote_connection:remote_connection.py:375 POST http://localhost:33069/session/80156dfaf2e72d656a22f638e1488cb6/element/f.8471E34315B68616D412F95566A423FA.d.EC59991436AE4795A99C77F17AC8AAA6.e.20/value {'text': 'Will', 'value': ['W', 'i', 'l', 'l']}
DEBUG    urllib3.connectionpool:connectionpool.py:546 http://localhost:33069 "POST /session/80156dfaf2e72d656a22f638e1488cb6/element/f.8471E34315B68616D412F95566A423FA.d.EC59991436AE4795A99C77F17AC8AAA6.e.20/value HTTP/11" 200 0
DEBUG    selenium.webdriver.remote.remote_connection:remote_connection.py:408 Remote response: status=200 | data={"value":null} | headers=HTTPHeaderDict({'Content-Length': '14', 'Content-Type': 'application/json; charset=utf-8', 'cache-control': 'no-cache'})
DEBUG    selenium.webdriver.remote.remote_connection:remote_connection.py:437 Finished Request
INFO     tests.ui.pages:pages.py:31 Entered firstName
DEBUG    selenium.webdriver.remote.remote_connection:remote_connection.py:375 POST http://localhost:33069/session/80156dfaf2e72d656a22f638e1488cb6/element {'using': 'css selector', 'value': '[id="lastName"]'}
DEBUG    urllib3.connectionpool:connectionpool.py:546 http://localhost:33069 "POST /session/80156dfaf2e72d656a22f638e1488cb6/element HTTP/11" 200 0
DEBUG    selenium.webdriver.remote.remote_connection:remote_connection.py:408 Remote response: status=200 | data={"value":{"element-6066-11e4-a52e-4f735466cecf":"f.8471E34315B68616D412F95566A423FA.d.EC59991436AE4795A99C77F17AC8AAA6.e.22"}} | headers=HTTPHeaderDict({'Content-Length': '126', 'Content-Type': 'application/json; charset=utf-8', 'cache-control': 'no-cache'})
DEBUG    selenium.webdriver.remote.remote_connection:remote_connection.py:437 Finished Request
DEBUG    selenium.webdriver.remote.remote_connection:remote_connection.py:375 POST http://localhost:33069/session/80156dfaf2e72d656a22f638e1488cb6/element/f.8471E34315B68616D412F95566A423FA.d.EC59991436AE4795A99C77F17AC8AAA6.e.22/value {'text': 'Smith', 'value': ['S', 'm', 'i', 't', 'h']}
DEBUG    urllib3.connectionpool:connectionpool.py:546 http://localhost:33069 "POST /session/80156dfaf2e72d656a22f638e1488cb6/element/f.8471E34315B68616D412F95566A423FA.d.EC59991436AE4795A99C77F17AC8AAA6.e.22/value HTTP/11" 200 0
DEBUG    selenium.webdriver.remote.remote_connection:remote_connection.py:408 Remote response: status=200 | data={"value":null} | headers=HTTPHeaderDict({'Content-Length': '14', 'Content-Type': 'application/json; charset=utf-8', 'cache-control': 'no-cache'})
DEBUG    selenium.webdriver.remote.remote_connection:remote_connection.py:437 Finished Request
INFO     tests.ui.pages:pages.py:31 Entered lastName
DEBUG    selenium.webdriver.remote.remote_connection:remote_connection.py:375 POST http://localhost:33069/session/80156dfaf2e72d656a22f638e1488cb6/element {'using': 'css selector', 'value': '[id="birthdate"]'}
DEBUG    urllib3.connectionpool:connectionpool.py:546 http://localhost:33069 "POST /session/80156dfaf2e72d656a22f638e1488cb6/element HTTP/11" 200 0
DEBUG    selenium.webdriver.remote.remote_connection:remote_connection.py:408 Remote response: status=200 | data={"value":{"element-6066-11e4-a52e-4f735466cecf":"f.8471E34315B68616D412F95566A423FA.d.EC59991436AE4795A99C77F17AC8AAA6.e.23"}} | headers=HTTPHeaderDict({'Content-Length': '126', 'Content-Type': 'application/json; charset=utf-8', 'cache-control': 'no-cache'})
DEBUG    selenium.webdriver.remote.remote_connection:remote_connection.py:437 Finished Request
DEBUG    selenium.webdriver.remote.remote_connection:remote_connection.py:375 POST http://localhost:33069/session/80156dfaf2e72d656a22f638e1488cb6/element/f.8471E34315B68616D412F95566A423FA.d.EC59991436AE4795A99C77F17AC8AAA6.e.23/value {'text': '1968-09-25', 'value': ['1', '9', '6', '8', '-', '0', '9', '-', '2', '5']}
DEBUG    urllib3.connectionpool:connectionpool.py:546 http://localhost:33069 "POST /session/80156dfaf2e72d656a22f638e1488cb6/element/f.8471E34315B68616D412F95566A423FA.d.EC59991436AE4795A99C77F17AC8AAA6.e.23/value HTTP/11" 200 0
DEBUG    selenium.webdriver.remote.remote_connection:remote_connection.py:408 Remote response: status=200 | data={"value":null} | headers=HTTPHeaderDict({'Content-Length': '14', 'Content-Type': 'application/json; charset=utf-8', 'cache-control': 'no-cache'})
DEBUG    selenium.webdriver.remote.remote_connection:remote_connection.py:437 Finished Request
INFO     tests.ui.pages:pages.py:31 Entered birthdate
DEBUG    selenium.webdriver.remote.remote_connection:remote_connection.py:375 POST http://localhost:33069/session/80156dfaf2e72d656a22f638e1488cb6/element {'using': 'css selector', 'value': '[id="email"]'}
DEBUG    urllib3.connectionpool:connectionpool.py:546 http://localhost:33069 "POST /session/80156dfaf2e72d656a22f638e1488cb6/element HTTP/11" 200 0
DEBUG    selenium.webdriver.remote.remote_connection:remote_connection.py:408 Remote response: status=200 | data={"value":{"element-6066-11e4-a52e-4f735466cecf":"f.8471E34315B68616D412F95566A423FA.d.EC59991436AE4795A99C77F17AC8AAA6.e.24"}} | headers=HTTPHeaderDict({'Content-Length': '126', 'Content-Type': 'application/json; charset=utf-8', 'cache-control': 'no-cache'})
DEBUG    selenium.webdriver.remote.remote_connection:remote_connection.py:437 Finished Request
DEBUG    selenium.webdriver.remote.remote_connection:remote_connection.py:375 POST http://localhost:33069/session/80156dfaf2e72d656a22f638e1488cb6/element/f.8471E34315B68616D412F95566A423FA.d.EC59991436AE4795A99C77F17AC8AAA6.e.24/value {'text': 'will.smith@mail.com', 'value': ['w', 'i', 'l', 'l', '.', 's', 'm', 'i', 't', 'h', '@', 'm', 'a', 'i', 'l', '.', 'c', 'o', 'm']}
DEBUG    urllib3.connectionpool:connectionpool.py:546 http://localhost:33069 "POST /session/80156dfaf2e72d656a22f638e1488cb6/element/f.8471E34315B68616D412F95566A423FA.d.EC59991436AE4795A99C77F17AC8AAA6.e.24/value HTTP/11" 200 0
DEBUG    selenium.webdriver.remote.remote_connection:remote_connection.py:408 Remote response: status=200 | data={"value":null} | headers=HTTPHeaderDict({'Content-Length': '14', 'Content-Type': 'application/json; charset=utf-8', 'cache-control': 'no-cache'})
DEBUG    selenium.webdriver.remote.remote_connection:remote_connection.py:437 Finished Request
INFO     tests.ui.pages:pages.py:31 Entered email
DEBUG    selenium.webdriver.remote.remote_connection:remote_connection.py:375 POST http://localhost:33069/session/80156dfaf2e72d656a22f638e1488cb6/element {'using': 'css selector', 'value': '[id="phone"]'}
DEBUG    urllib3.connectionpool:connectionpool.py:546 http://localhost:33069 "POST /session/80156dfaf2e72d656a22f638e1488cb6/element HTTP/11" 200 0
DEBUG    selenium.webdriver.remote.remote_connection:remote_connection.py:408 Remote response: status=200 | data={"value":{"element-6066-11e4-a52e-4f735466cecf":"f.8471E34315B68616D412F95566A423FA.d.EC59991436AE4795A99C77F17AC8AAA6.e.25"}} | headers=HTTPHeaderDict({'Content-Length': '126', 'Content-Type': 'application/json; charset=utf-8', 'cache-control': 'no-cache'})
DEBUG    selenium.webdriver.remote.remote_connection:remote_connection.py:437 Finished Request
DEBUG    selenium.webdriver.remote.remote_connection:remote_connection.py:375 POST http://localhost:33069/session/80156dfaf2e72d656a22f638e1488cb6/element/f.8471E34315B68616D412F95566A423FA.d.EC59991436AE4795A99C77F17AC8AAA6.e.25/value {'text': '1234567890', 'value': ['1', '2', '3', '4', '5', '6', '7', '8', '9', '0']}
DEBUG    urllib3.connectionpool:connectionpool.py:546 http://localhost:33069 "POST /session/80156dfaf2e72d656a22f638e1488cb6/element/f.8471E34315B68616D412F95566A423FA.d.EC59991436AE4795A99C77F17AC8AAA6.e.25/value HTTP/11" 200 0
DEBUG    selenium.webdriver.remote.remote_connection:remote_connection.py:408 Remote response: status=200 | data={"value":null} | headers=HTTPHeaderDict({'Content-Length': '14', 'Content-Type': 'application/json; charset=utf-8', 'cache-control': 'no-cache'})
DEBUG    selenium.webdriver.remote.remote_connection:remote_connection.py:437 Finished Request
INFO     tests.ui.pages:pages.py:31 Entered phone
DEBUG    selenium.webdriver.remote.remote_connection:remote_connection.py:375 POST http://localhost:33069/session/80156dfaf2e72d656a22f638e1488cb6/element {'using': 'css selector', 'value': '[id="street1"]'}
DEBUG    urllib3.connectionpool:connectionpool.py:546 http://localhost:33069 "POST /session/80156dfaf2e72d656a22f638e1488cb6/element HTTP/11" 200 0
DEBUG    selenium.webdriver.remote.remote_connection:remote_connection.py:408 Remote response: status=200 | data={"value":{"element-6066-11e4-a52e-4f735466cecf":"f.8471E34315B68616D412F95566A423FA.d.EC59991436AE4795A99C77F17AC8AAA6.e.26"}} | headers=HTTPHeaderDict({'Content-Length': '126', 'Content-Type': 'application/json; charset=utf-8', 'cache-control': 'no-cache'})
DEBUG    selenium.webdriver.remote.remote_connection:remote_connection.py:437 Finished Request
DEBUG    selenium.webdriver.remote.remote_connection:remote_connection.py:375 POST http://localhost:33069/session/80156dfaf2e72d656a22f638e1488cb6/element/f.8471E34315B68616D412F95566A423FA.d.EC59991436AE4795A99C77F17AC8AAA6.e.26/value {'text': '1 Main St.', 'value': ['1', ' ', 'M', 'a', 'i', 'n', ' ', 'S', 't', '.']}
DEBUG    urllib3.connectionpool:connectionpool.py:546 http://localhost:33069 "POST /session/80156dfaf2e72d656a22f638e1488cb6/element/f.8471E34315B68616D412F95566A423FA.d.EC59991436AE4795A99C77F17AC8AAA6.e.26/value HTTP/11" 200 0
DEBUG    selenium.webdriver.remote.remote_connection:remote_connection.py:408 Remote response: status=200 | data={"value":null} | headers=HTTPHeaderDict({'Content-Length': '14', 'Content-Type': 'application/json; charset=utf-8', 'cache-control': 'no-cache'})
DEBUG    selenium.webdriver.remote.remote_connection:remote_connection.py:437 Finished Request
INFO     tests.ui.pages:pages.py:31 Entered street1
DEBUG    selenium.webdriver.remote.remote_connection:remote_connection.py:375 POST http://localhost:33069/session/80156dfaf2e72d656a22f638e1488cb6/element {'using': 'css selector', 'value': '[id="street2"]'}
DEBUG    urllib3.connectionpool:connectionpool.py:546 http://localhost:33069 "POST /session/80156dfaf2e72d656a22f638e1488cb6/element HTTP/11" 200 0
DEBUG    selenium.webdriver.remote.remote_connection:remote_connection.py:408 Remote response: status=200 | data={"value":{"element-6066-11e4-a52e-4f735466cecf":"f.8471E34315B68616D412F95566A423FA.d.EC59991436AE4795A99C77F17AC8AAA6.e.27"}} | headers=HTTPHeaderDict({'Content-Length': '126', 'Content-Type': 'application/json; charset=utf-8', 'cache-control': 'no-cache'})
DEBUG    selenium.webdriver.remote.remote_connection:remote_connection.py:437 Finished Request
DEBUG    selenium.webdriver.remote.remote_connection:remote_connection.py:375 POST http://localhost:33069/session/80156dfaf2e72d656a22f638e1488cb6/element/f.8471E34315B68616D412F95566A423FA.d.EC59991436AE4795A99C77F17AC8AAA6.e.27/value {'text': 'Apartment A', 'value': ['A', 'p', 'a', 'r', 't', 'm', 'e', 'n', 't', ' ', 'A']}
DEBUG    urllib3.connectionpool:connectionpool.py:546 http://localhost:33069 "POST /session/80156dfaf2e72d656a22f638e1488cb6/element/f.8471E34315B68616D412F95566A423FA.d.EC59991436AE4795A99C77F17AC8AAA6.e.27/value HTTP/11" 200 0
DEBUG    selenium.webdriver.remote.remote_connection:remote_connection.py:408 Remote response: status=200 | data={"value":null} | headers=HTTPHeaderDict({'Content-Length': '14', 'Content-Type': 'application/json; charset=utf-8', 'cache-control': 'no-cache'})
DEBUG    selenium.webdriver.remote.remote_connection:remote_connection.py:437 Finished Request
INFO     tests.ui.pages:pages.py:31 Entered street2
DEBUG    selenium.webdriver.remote.remote_connection:remote_connection.py:375 POST http://localhost:33069/session/80156dfaf2e72d656a22f638e1488cb6/element {'using': 'css selector', 'value': '[id="city"]'}
DEBUG    urllib3.connectionpool:connectionpool.py:546 http://localhost:33069 "POST /session/80156dfaf2e72d656a22f638e1488cb6/element HTTP/11" 200 0
DEBUG    selenium.webdriver.remote.remote_connection:remote_connection.py:408 Remote response: status=200 | data={"value":{"element-6066-11e4-a52e-4f735466cecf":"f.8471E34315B68616D412F95566A423FA.d.EC59991436AE4795A99C77F17AC8AAA6.e.28"}} | headers=HTTPHeaderDict({'Content-Length': '126', 'Content-Type': 'application/json; charset=utf-8', 'cache-control': 'no-cache'})
DEBUG    selenium.webdriver.remote.remote_connection:remote_connection.py:437 Finished Request
DEBUG    selenium.webdriver.remote.remote_connection:remote_connection.py:375 POST http://localhost:33069/session/80156dfaf2e72d656a22f638e1488cb6/element/f.8471E34315B68616D412F95566A423FA.d.EC59991436AE4795A99C77F17AC8AAA6.e.28/value {'text': 'New York', 'value': ['N', 'e', 'w', ' ', 'Y', 'o', 'r', 'k']}
DEBUG    urllib3.connectionpool:connectionpool.py:546 http://localhost:33069 "POST /session/80156dfaf2e72d656a22f638e1488cb6/element/f.8471E34315B68616D412F95566A423FA.d.EC59991436AE4795A99C77F17AC8AAA6.e.28/value HTTP/11" 200 0
DEBUG    selenium.webdriver.remote.remote_connection:remote_connection.py:408 Remote response: status=200 | data={"value":null} | headers=HTTPHeaderDict({'Content-Length': '14', 'Content-Type': 'application/json; charset=utf-8', 'cache-control': 'no-cache'})
DEBUG    selenium.webdriver.remote.remote_connection:remote_connection.py:437 Finished Request
INFO     tests.ui.pages:pages.py:31 Entered city
DEBUG    selenium.webdriver.remote.remote_connection:remote_connection.py:375 POST http://localhost:33069/session/80156dfaf2e72d656a22f638e1488cb6/element {'using': 'css selector', 'value': '[id="stateProvince"]'}
DEBUG    urllib3.connectionpool:connectionpool.py:546 http://localhost:33069 "POST /session/80156dfaf2e72d656a22f638e1488cb6/element HTTP/11" 200 0
DEBUG    selenium.webdriver.remote.remote_connection:remote_connection.py:408 Remote response: status=200 | data={"value":{"element-6066-11e4-a52e-4f735466cecf":"f.8471E34315B68616D412F95566A423FA.d.EC59991436AE4795A99C77F17AC8AAA6.e.29"}} | headers=HTTPHeaderDict({'Content-Length': '126', 'Content-Type': 'application/json; charset=utf-8', 'cache-control': 'no-cache'})
DEBUG    selenium.webdriver.remote.remote_connection:remote_connection.py:437 Finished Request
DEBUG    selenium.webdriver.remote.remote_connection:remote_connection.py:375 POST http://localhost:33069/session/80156dfaf2e72d656a22f638e1488cb6/element/f.8471E34315B68616D412F95566A423FA.d.EC59991436AE4795A99C77F17AC8AAA6.e.29/value {'text': 'NY', 'value': ['N', 'Y']}
DEBUG    urllib3.connectionpool:connectionpool.py:546 http://localhost:33069 "POST /session/80156dfaf2e72d656a22f638e1488cb6/element/f.8471E34315B68616D412F95566A423FA.d.EC59991436AE4795A99C77F17AC8AAA6.e.29/value HTTP/11" 200 0
DEBUG    selenium.webdriver.remote.remote_connection:remote_connection.py:408 Remote response: status=200 | data={"value":null} | headers=HTTPHeaderDict({'Content-Length': '14', 'Content-Type': 'application/json; charset=utf-8', 'cache-control': 'no-cache'})
DEBUG    selenium.webdriver.remote.remote_connection:remote_connection.py:437 Finished Request
INFO     tests.ui.pages:pages.py:31 Entered stateProvince
DEBUG    selenium.webdriver.remote.remote_connection:remote_connection.py:375 POST http://localhost:33069/session/80156dfaf2e72d656a22f638e1488cb6/element {'using': 'css selector', 'value': '[id="postalCode"]'}
DEBUG    urllib3.connectionpool:connectionpool.py:546 http://localhost:33069 "POST /session/80156dfaf2e72d656a22f638e1488cb6/element HTTP/11" 200 0
DEBUG    selenium.webdriver.remote.remote_connection:remote_connection.py:408 Remote response: status=200 | data={"value":{"element-6066-11e4-a52e-4f735466cecf":"f.8471E34315B68616D412F95566A423FA.d.EC59991436AE4795A99C77F17AC8AAA6.e.30"}} | headers=HTTPHeaderDict({'Content-Length': '126', 'Content-Type': 'application/json; charset=utf-8', 'cache-control': 'no-cache'})
DEBUG    selenium.webdriver.remote.remote_connection:remote_connection.py:437 Finished Request
DEBUG    selenium.webdriver.remote.remote_connection:remote_connection.py:375 POST http://localhost:33069/session/80156dfaf2e72d656a22f638e1488cb6/element/f.8471E34315B68616D412F95566A423FA.d.EC59991436AE4795A99C77F17AC8AAA6.e.30/value {'text': '10118', 'value': ['1', '0', '1', '1', '8']}
DEBUG    urllib3.connectionpool:connectionpool.py:546 http://localhost:33069 "POST /session/80156dfaf2e72d656a22f638e1488cb6/element/f.8471E34315B68616D412F95566A423FA.d.EC59991436AE4795A99C77F17AC8AAA6.e.30/value HTTP/11" 200 0
DEBUG    selenium.webdriver.remote.remote_connection:remote_connection.py:408 Remote response: status=200 | data={"value":null} | headers=HTTPHeaderDict({'Content-Length': '14', 'Content-Type': 'application/json; charset=utf-8', 'cache-control': 'no-cache'})
DEBUG    selenium.webdriver.remote.remote_connection:remote_connection.py:437 Finished Request
INFO     tests.ui.pages:pages.py:31 Entered postalCode
DEBUG    selenium.webdriver.remote.remote_connection:remote_connection.py:375 POST http://localhost:33069/session/80156dfaf2e72d656a22f638e1488cb6/element {'using': 'css selector', 'value': '[id="country"]'}
DEBUG    urllib3.connectionpool:connectionpool.py:546 http://localhost:33069 "POST /session/80156dfaf2e72d656a22f638e1488cb6/element HTTP/11" 200 0
DEBUG    selenium.webdriver.remote.remote_connection:remote_connection.py:408 Remote response: status=200 | data={"value":{"element-6066-11e4-a52e-4f735466cecf":"f.8471E34315B68616D412F95566A423FA.d.EC59991436AE4795A99C77F17AC8AAA6.e.31"}} | headers=HTTPHeaderDict({'Content-Length': '126', 'Content-Type': 'application/json; charset=utf-8', 'cache-control': 'no-cache'})
DEBUG    selenium.webdriver.remote.remote_connection:remote_connection.py:437 Finished Request
DEBUG    selenium.webdriver.remote.remote_connection:remote_connection.py:375 POST http://localhost:33069/session/80156dfaf2e72d656a22f638e1488cb6/element/f.8471E34315B68616D412F95566A423FA.d.EC59991436AE4795A99C77F17AC8AAA6.e.31/value {'text': 'USA', 'value': ['U', 'S', 'A']}
DEBUG    urllib3.connectionpool:connectionpool.py:546 http://localhost:33069 "POST /session/80156dfaf2e72d656a22f638e1488cb6/element/f.8471E34315B68616D412F95566A423FA.d.EC59991436AE4795A99C77F17AC8AAA6.e.31/value HTTP/11" 200 0
DEBUG    selenium.webdriver.remote.remote_connection:remote_connection.py:408 Remote response: status=200 | data={"value":null} | headers=HTTPHeaderDict({'Content-Length': '14', 'Content-Type': 'application/json; charset=utf-8', 'cache-control': 'no-cache'})
DEBUG    selenium.webdriver.remote.remote_connection:remote_connection.py:437 Finished Request
INFO     tests.ui.pages:pages.py:31 Entered country
DEBUG    selenium.webdriver.remote.remote_connection:remote_connection.py:375 POST http://localhost:33069/session/80156dfaf2e72d656a22f638e1488cb6/element {'using': 'css selector', 'value': '[id="submit"]'}
DEBUG    urllib3.connectionpool:connectionpool.py:546 http://localhost:33069 "POST /session/80156dfaf2e72d656a22f638e1488cb6/element HTTP/11" 200 0
DEBUG    selenium.webdriver.remote.remote_connection:remote_connection.py:408 Remote response: status=200 | data={"value":{"element-6066-11e4-a52e-4f735466cecf":"f.8471E34315B68616D412F95566A423FA.d.EC59991436AE4795A99C77F17AC8AAA6.e.45"}} | headers=HTTPHeaderDict({'Content-Length': '126', 'Content-Type': 'application/json; charset=utf-8', 'cache-control': 'no-cache'})
DEBUG    selenium.webdriver.remote.remote_connection:remote_connection.py:437 Finished Request
DEBUG    selenium.webdriver.remote.remote_connection:remote_connection.py:375 POST http://localhost:33069/session/80156dfaf2e72d656a22f638e1488cb6/element/f.8471E34315B68616D412F95566A423FA.d.EC59991436AE4795A99C77F17AC8AAA6.e.45/click {}
DEBUG    urllib3.connectionpool:connectionpool.py:546 http://localhost:33069 "POST /session/80156dfaf2e72d656a22f638e1488cb6/element/f.8471E34315B68616D412F95566A423FA.d.EC59991436AE4795A99C77F17AC8AAA6.e.45/click HTTP/11" 200 0
DEBUG    selenium.webdriver.remote.remote_connection:remote_connection.py:408 Remote response: status=200 | data={"value":null} | headers=HTTPHeaderDict({'Content-Length': '14', 'Content-Type': 'application/json; charset=utf-8', 'cache-control': 'no-cache'})
DEBUG    selenium.webdriver.remote.remote_connection:remote_connection.py:437 Finished Request
INFO     tests.ui.pages:pages.py:159 Clicked on Submit button
INFO     tests.ui.pages:pages.py:124 Created POM: ContactListPage
DEBUG    selenium.webdriver.remote.remote_connection:remote_connection.py:375 POST http://localhost:33069/session/80156dfaf2e72d656a22f638e1488cb6/elements {'using': 'xpath', 'value': '/html/body/div/div/table/tr'}
DEBUG    urllib3.connectionpool:connectionpool.py:546 http://localhost:33069 "POST /session/80156dfaf2e72d656a22f638e1488cb6/elements HTTP/11" 200 0
DEBUG    selenium.webdriver.remote.remote_connection:remote_connection.py:408 Remote response: status=200 | data={"value":[{"element-6066-11e4-a52e-4f735466cecf":"f.8471E34315B68616D412F95566A423FA.d.FC53A498AEFD8B702E765594DD3A6B47.e.50"}]} | headers=HTTPHeaderDict({'Content-Length': '128', 'Content-Type': 'application/json; charset=utf-8', 'cache-control': 'no-cache'})
DEBUG    selenium.webdriver.remote.remote_connection:remote_connection.py:437 Finished Request
DEBUG    selenium.webdriver.remote.remote_connection:remote_connection.py:375 POST http://localhost:33069/session/80156dfaf2e72d656a22f638e1488cb6/elements {'using': 'xpath', 'value': '/html/body/div/div/table/tr[1]/td'}
DEBUG    urllib3.connectionpool:connectionpool.py:546 http://localhost:33069 "POST /session/80156dfaf2e72d656a22f638e1488cb6/elements HTTP/11" 200 0
DEBUG    selenium.webdriver.remote.remote_connection:remote_connection.py:408 Remote response: status=200 | data={"value":[{"element-6066-11e4-a52e-4f735466cecf":"f.8471E34315B68616D412F95566A423FA.d.FC53A498AEFD8B702E765594DD3A6B47.e.51"},{"element-6066-11e4-a52e-4f735466cecf":"f.8471E34315B68616D412F95566A423FA.d.FC53A498AEFD8B702E765594DD3A6B47.e.52"},{"element-6066-11e4-a52e-4f735466cecf":"f.8471E34315B68616D412F95566A423FA.d.FC53A498AEFD8B702E765594DD3A6B47.e.53"},{"element-6066-11e4-a52e-4f735466cecf":"f.8471E34315B68616D412F95566A423FA.d.FC53A498AEFD8B702E765594DD3A6B47.e.54"},{"element-6066-11e4-a52e-4f735466cecf":"f.8471E34315B68616D412F95566A423FA.d.FC53A498AEFD8B702E765594DD3A6B47.e.55"},{"element-6066-11e4-a52e-4f735466cecf":"f.8471E34315B68616D412F95566A423FA.d.FC53A498AEFD8B702E765594DD3A6B47.e.56"},{"element-6066-11e4-a52e-4f735466cecf":"f.8471E34315B68616D412F95566A423FA.d.FC53A498AEFD8B702E765594DD3A6B47.e.57"},{"element-6066-11e4-a52e-4f735466cecf":"f.8471E34315B68616D412F95566A423FA.d.FC53A498AEFD8B702E765594DD3A6B47.e.58"}]} | headers=HTTPHeaderDict({'Content-Length': '947', 'Content-Type': 'application/json; charset=utf-8', 'cache-control': 'no-cache'})
DEBUG    selenium.webdriver.remote.remote_connection:remote_connection.py:437 Finished Request
DEBUG    selenium.webdriver.remote.remote_connection:remote_connection.py:375 POST http://localhost:33069/session/80156dfaf2e72d656a22f638e1488cb6/element {'using': 'xpath', 'value': '/html/body/div/div/table/tr[1]/td[2]'}
DEBUG    urllib3.connectionpool:connectionpool.py:546 http://localhost:33069 "POST /session/80156dfaf2e72d656a22f638e1488cb6/element HTTP/11" 200 0
DEBUG    selenium.webdriver.remote.remote_connection:remote_connection.py:408 Remote response: status=200 | data={"value":{"element-6066-11e4-a52e-4f735466cecf":"f.8471E34315B68616D412F95566A423FA.d.FC53A498AEFD8B702E765594DD3A6B47.e.52"}} | headers=HTTPHeaderDict({'Content-Length': '126', 'Content-Type': 'application/json; charset=utf-8', 'cache-control': 'no-cache'})
DEBUG    selenium.webdriver.remote.remote_connection:remote_connection.py:437 Finished Request
DEBUG    selenium.webdriver.remote.remote_connection:remote_connection.py:375 GET http://localhost:33069/session/80156dfaf2e72d656a22f638e1488cb6/element/f.8471E34315B68616D412F95566A423FA.d.FC53A498AEFD8B702E765594DD3A6B47.e.52/text {}
DEBUG    urllib3.connectionpool:connectionpool.py:546 http://localhost:33069 "GET /session/80156dfaf2e72d656a22f638e1488cb6/element/f.8471E34315B68616D412F95566A423FA.d.FC53A498AEFD8B702E765594DD3A6B47.e.52/text HTTP/11" 200 0
DEBUG    selenium.webdriver.remote.remote_connection:remote_connection.py:408 Remote response: status=200 | data={"value":"Will Smith"} | headers=HTTPHeaderDict({'Content-Length': '22', 'Content-Type': 'application/json; charset=utf-8', 'cache-control': 'no-cache'})
DEBUG    selenium.webdriver.remote.remote_connection:remote_connection.py:437 Finished Request
DEBUG    selenium.webdriver.remote.remote_connection:remote_connection.py:375 POST http://localhost:33069/session/80156dfaf2e72d656a22f638e1488cb6/element {'using': 'xpath', 'value': '/html/body/div/div/table/tr[1]/td[3]'}
DEBUG    urllib3.connectionpool:connectionpool.py:546 http://localhost:33069 "POST /session/80156dfaf2e72d656a22f638e1488cb6/element HTTP/11" 200 0
DEBUG    selenium.webdriver.remote.remote_connection:remote_connection.py:408 Remote response: status=200 | data={"value":{"element-6066-11e4-a52e-4f735466cecf":"f.8471E34315B68616D412F95566A423FA.d.FC53A498AEFD8B702E765594DD3A6B47.e.53"}} | headers=HTTPHeaderDict({'Content-Length': '126', 'Content-Type': 'application/json; charset=utf-8', 'cache-control': 'no-cache'})
DEBUG    selenium.webdriver.remote.remote_connection:remote_connection.py:437 Finished Request
DEBUG    selenium.webdriver.remote.remote_connection:remote_connection.py:375 GET http://localhost:33069/session/80156dfaf2e72d656a22f638e1488cb6/element/f.8471E34315B68616D412F95566A423FA.d.FC53A498AEFD8B702E765594DD3A6B47.e.53/text {}
DEBUG    urllib3.connectionpool:connectionpool.py:546 http://localhost:33069 "GET /session/80156dfaf2e72d656a22f638e1488cb6/element/f.8471E34315B68616D412F95566A423FA.d.FC53A498AEFD8B702E765594DD3A6B47.e.53/text HTTP/11" 200 0
DEBUG    selenium.webdriver.remote.remote_connection:remote_connection.py:408 Remote response: status=200 | data={"value":"1968-09-25"} | headers=HTTPHeaderDict({'Content-Length': '22', 'Content-Type': 'application/json; charset=utf-8', 'cache-control': 'no-cache'})
DEBUG    selenium.webdriver.remote.remote_connection:remote_connection.py:437 Finished Request
DEBUG    selenium.webdriver.remote.remote_connection:remote_connection.py:375 POST http://localhost:33069/session/80156dfaf2e72d656a22f638e1488cb6/element {'using': 'xpath', 'value': '/html/body/div/div/table/tr[1]/td[4]'}
DEBUG    urllib3.connectionpool:connectionpool.py:546 http://localhost:33069 "POST /session/80156dfaf2e72d656a22f638e1488cb6/element HTTP/11" 200 0
DEBUG    selenium.webdriver.remote.remote_connection:remote_connection.py:408 Remote response: status=200 | data={"value":{"element-6066-11e4-a52e-4f735466cecf":"f.8471E34315B68616D412F95566A423FA.d.FC53A498AEFD8B702E765594DD3A6B47.e.54"}} | headers=HTTPHeaderDict({'Content-Length': '126', 'Content-Type': 'application/json; charset=utf-8', 'cache-control': 'no-cache'})
DEBUG    selenium.webdriver.remote.remote_connection:remote_connection.py:437 Finished Request
DEBUG    selenium.webdriver.remote.remote_connection:remote_connection.py:375 GET http://localhost:33069/session/80156dfaf2e72d656a22f638e1488cb6/element/f.8471E34315B68616D412F95566A423FA.d.FC53A498AEFD8B702E765594DD3A6B47.e.54/text {}
DEBUG    urllib3.connectionpool:connectionpool.py:546 http://localhost:33069 "GET /session/80156dfaf2e72d656a22f638e1488cb6/element/f.8471E34315B68616D412F95566A423FA.d.FC53A498AEFD8B702E765594DD3A6B47.e.54/text HTTP/11" 200 0
DEBUG    selenium.webdriver.remote.remote_connection:remote_connection.py:408 Remote response: status=200 | data={"value":"will.smith@mail.com"} | headers=HTTPHeaderDict({'Content-Length': '31', 'Content-Type': 'application/json; charset=utf-8', 'cache-control': 'no-cache'})
DEBUG    selenium.webdriver.remote.remote_connection:remote_connection.py:437 Finished Request
DEBUG    selenium.webdriver.remote.remote_connection:remote_connection.py:375 POST http://localhost:33069/session/80156dfaf2e72d656a22f638e1488cb6/element {'using': 'xpath', 'value': '/html/body/div/div/table/tr[1]/td[5]'}
DEBUG    urllib3.connectionpool:connectionpool.py:546 http://localhost:33069 "POST /session/80156dfaf2e72d656a22f638e1488cb6/element HTTP/11" 200 0
DEBUG    selenium.webdriver.remote.remote_connection:remote_connection.py:408 Remote response: status=200 | data={"value":{"element-6066-11e4-a52e-4f735466cecf":"f.8471E34315B68616D412F95566A423FA.d.FC53A498AEFD8B702E765594DD3A6B47.e.55"}} | headers=HTTPHeaderDict({'Content-Length': '126', 'Content-Type': 'application/json; charset=utf-8', 'cache-control': 'no-cache'})
DEBUG    selenium.webdriver.remote.remote_connection:remote_connection.py:437 Finished Request
DEBUG    selenium.webdriver.remote.remote_connection:remote_connection.py:375 GET http://localhost:33069/session/80156dfaf2e72d656a22f638e1488cb6/element/f.8471E34315B68616D412F95566A423FA.d.FC53A498AEFD8B702E765594DD3A6B47.e.55/text {}
DEBUG    urllib3.connectionpool:connectionpool.py:546 http://localhost:33069 "GET /session/80156dfaf2e72d656a22f638e1488cb6/element/f.8471E34315B68616D412F95566A423FA.d.FC53A498AEFD8B702E765594DD3A6B47.e.55/text HTTP/11" 200 0
DEBUG    selenium.webdriver.remote.remote_connection:remote_connection.py:408 Remote response: status=200 | data={"value":"1234567890"} | headers=HTTPHeaderDict({'Content-Length': '22', 'Content-Type': 'application/json; charset=utf-8', 'cache-control': 'no-cache'})
DEBUG    selenium.webdriver.remote.remote_connection:remote_connection.py:437 Finished Request
DEBUG    selenium.webdriver.remote.remote_connection:remote_connection.py:375 POST http://localhost:33069/session/80156dfaf2e72d656a22f638e1488cb6/element {'using': 'xpath', 'value': '/html/body/div/div/table/tr[1]/td[6]'}
DEBUG    urllib3.connectionpool:connectionpool.py:546 http://localhost:33069 "POST /session/80156dfaf2e72d656a22f638e1488cb6/element HTTP/11" 200 0
DEBUG    selenium.webdriver.remote.remote_connection:remote_connection.py:408 Remote response: status=200 | data={"value":{"element-6066-11e4-a52e-4f735466cecf":"f.8471E34315B68616D412F95566A423FA.d.FC53A498AEFD8B702E765594DD3A6B47.e.56"}} | headers=HTTPHeaderDict({'Content-Length': '126', 'Content-Type': 'application/json; charset=utf-8', 'cache-control': 'no-cache'})
DEBUG    selenium.webdriver.remote.remote_connection:remote_connection.py:437 Finished Request
DEBUG    selenium.webdriver.remote.remote_connection:remote_connection.py:375 GET http://localhost:33069/session/80156dfaf2e72d656a22f638e1488cb6/element/f.8471E34315B68616D412F95566A423FA.d.FC53A498AEFD8B702E765594DD3A6B47.e.56/text {}
DEBUG    urllib3.connectionpool:connectionpool.py:546 http://localhost:33069 "GET /session/80156dfaf2e72d656a22f638e1488cb6/element/f.8471E34315B68616D412F95566A423FA.d.FC53A498AEFD8B702E765594DD3A6B47.e.56/text HTTP/11" 200 0
DEBUG    selenium.webdriver.remote.remote_connection:remote_connection.py:408 Remote response: status=200 | data={"value":"1 Main St. Apartment A"} | headers=HTTPHeaderDict({'Content-Length': '34', 'Content-Type': 'application/json; charset=utf-8', 'cache-control': 'no-cache'})
DEBUG    selenium.webdriver.remote.remote_connection:remote_connection.py:437 Finished Request
DEBUG    selenium.webdriver.remote.remote_connection:remote_connection.py:375 POST http://localhost:33069/session/80156dfaf2e72d656a22f638e1488cb6/element {'using': 'xpath', 'value': '/html/body/div/div/table/tr[1]/td[7]'}
DEBUG    urllib3.connectionpool:connectionpool.py:546 http://localhost:33069 "POST /session/80156dfaf2e72d656a22f638e1488cb6/element HTTP/11" 200 0
DEBUG    selenium.webdriver.remote.remote_connection:remote_connection.py:408 Remote response: status=200 | data={"value":{"element-6066-11e4-a52e-4f735466cecf":"f.8471E34315B68616D412F95566A423FA.d.FC53A498AEFD8B702E765594DD3A6B47.e.57"}} | headers=HTTPHeaderDict({'Content-Length': '126', 'Content-Type': 'application/json; charset=utf-8', 'cache-control': 'no-cache'})
DEBUG    selenium.webdriver.remote.remote_connection:remote_connection.py:437 Finished Request
DEBUG    selenium.webdriver.remote.remote_connection:remote_connection.py:375 GET http://localhost:33069/session/80156dfaf2e72d656a22f638e1488cb6/element/f.8471E34315B68616D412F95566A423FA.d.FC53A498AEFD8B702E765594DD3A6B47.e.57/text {}
DEBUG    urllib3.connectionpool:connectionpool.py:546 http://localhost:33069 "GET /session/80156dfaf2e72d656a22f638e1488cb6/element/f.8471E34315B68616D412F95566A423FA.d.FC53A498AEFD8B702E765594DD3A6B47.e.57/text HTTP/11" 200 0
DEBUG    selenium.webdriver.remote.remote_connection:remote_connection.py:408 Remote response: status=200 | data={"value":"New York NY 10118"} | headers=HTTPHeaderDict({'Content-Length': '29', 'Content-Type': 'application/json; charset=utf-8', 'cache-control': 'no-cache'})
DEBUG    selenium.webdriver.remote.remote_connection:remote_connection.py:437 Finished Request
DEBUG    selenium.webdriver.remote.remote_connection:remote_connection.py:375 POST http://localhost:33069/session/80156dfaf2e72d656a22f638e1488cb6/element {'using': 'xpath', 'value': '/html/body/div/div/table/tr[1]/td[8]'}
DEBUG    urllib3.connectionpool:connectionpool.py:546 http://localhost:33069 "POST /session/80156dfaf2e72d656a22f638e1488cb6/element HTTP/11" 200 0
DEBUG    selenium.webdriver.remote.remote_connection:remote_connection.py:408 Remote response: status=200 | data={"value":{"element-6066-11e4-a52e-4f735466cecf":"f.8471E34315B68616D412F95566A423FA.d.FC53A498AEFD8B702E765594DD3A6B47.e.58"}} | headers=HTTPHeaderDict({'Content-Length': '126', 'Content-Type': 'application/json; charset=utf-8', 'cache-control': 'no-cache'})
DEBUG    selenium.webdriver.remote.remote_connection:remote_connection.py:437 Finished Request
DEBUG    selenium.webdriver.remote.remote_connection:remote_connection.py:375 GET http://localhost:33069/session/80156dfaf2e72d656a22f638e1488cb6/element/f.8471E34315B68616D412F95566A423FA.d.FC53A498AEFD8B702E765594DD3A6B47.e.58/text {}
DEBUG    urllib3.connectionpool:connectionpool.py:546 http://localhost:33069 "GET /session/80156dfaf2e72d656a22f638e1488cb6/element/f.8471E34315B68616D412F95566A423FA.d.FC53A498AEFD8B702E765594DD3A6B47.e.58/text HTTP/11" 200 0
DEBUG    selenium.webdriver.remote.remote_connection:remote_connection.py:408 Remote response: status=200 | data={"value":"USA"} | headers=HTTPHeaderDict({'Content-Length': '15', 'Content-Type': 'application/json; charset=utf-8', 'cache-control': 'no-cache'})
DEBUG    selenium.webdriver.remote.remote_connection:remote_connection.py:437 Finished Request
INFO     tests.ui.pages:pages.py:138 Parsed contacts table
DEBUG    util.admin.admin_api:admin_api.py:77 Deleting user with token: eyJhbGciOiJIUzI1NiIsInR5cCI6IkpXVCJ9.eyJfaWQiOiI2NzI4MGU3NWJlZDRkYjAwMTM1YjEyMmIiLCJpYXQiOjE3MzA2NzgzODl9.uFh2nCcszUZYbLUdrX4npbTnPiDqi9MxDYKtKH0EYpU
DEBUG    urllib3.connectionpool:connectionpool.py:1051 Starting new HTTPS connection (1): thinking-tester-contact-list.herokuapp.com:443
DEBUG    urllib3.connectionpool:connectionpool.py:546 https://thinking-tester-contact-list.herokuapp.com:443 "DELETE /users/me HTTP/11" 200 0
DEBUG    util.admin.admin_api:admin_api.py:83 User deleted
INFO     tests.conftest:conftest.py:60 Deleted registered user
DEBUG    selenium.webdriver.remote.remote_connection:remote_connection.py:375 DELETE http://localhost:33069/session/80156dfaf2e72d656a22f638e1488cb6 {}
DEBUG    urllib3.connectionpool:connectionpool.py:546 http://localhost:33069 "DELETE /session/80156dfaf2e72d656a22f638e1488cb6 HTTP/11" 200 0
DEBUG    selenium.webdriver.remote.remote_connection:remote_connection.py:408 Remote response: status=200 | data={"value":null} | headers=HTTPHeaderDict({'Content-Length': '14', 'Content-Type': 'application/json; charset=utf-8', 'cache-control': 'no-cache'})
DEBUG    selenium.webdriver.remote.remote_connection:remote_connection.py:437 Finished Request
DEBUG    selenium.webdriver.common.selenium_manager:selenium_manager.py:101 Selenium Manager binary found at: /home/stinger/Development/itspl-task/.venv/lib/python3.12/site-packages/selenium/webdriver/common/linux/selenium-manager
DEBUG    selenium.webdriver.common.selenium_manager:selenium_manager.py:114 Executing process: /home/stinger/Development/itspl-task/.venv/lib/python3.12/site-packages/selenium/webdriver/common/linux/selenium-manager --browser firefox --debug --language-binding python --output json
DEBUG    selenium.webdriver.common.selenium_manager:selenium_manager.py:140 geckodriver not found in PATH
DEBUG    selenium.webdriver.common.selenium_manager:selenium_manager.py:140 firefox detected at /usr/bin/firefox
DEBUG    selenium.webdriver.common.selenium_manager:selenium_manager.py:140 Running command: /usr/bin/firefox -v
DEBUG    selenium.webdriver.common.selenium_manager:selenium_manager.py:140 Output: "Mozilla Firefox 132.0"
DEBUG    selenium.webdriver.common.selenium_manager:selenium_manager.py:140 Detected browser: firefox 132.0
DEBUG    selenium.webdriver.common.selenium_manager:selenium_manager.py:140 Required driver: geckodriver 0.35.0
DEBUG    selenium.webdriver.common.selenium_manager:selenium_manager.py:140 geckodriver 0.35.0 already in the cache
DEBUG    selenium.webdriver.common.selenium_manager:selenium_manager.py:140 Driver path: /home/stinger/.cache/selenium/geckodriver/linux64/0.35.0/geckodriver
DEBUG    selenium.webdriver.common.selenium_manager:selenium_manager.py:140 Browser path: /usr/bin/firefox
DEBUG    selenium.webdriver.common.service:service.py:225 Started executable: `/home/stinger/.cache/selenium/geckodriver/linux64/0.35.0/geckodriver` in a child process with pid: 530330 using 0 to output -3
DEBUG    selenium.webdriver.remote.remote_connection:remote_connection.py:375 POST http://localhost:57931/session {'capabilities': {'firstMatch': [{}], 'alwaysMatch': {'browserName': 'firefox', 'acceptInsecureCerts': True, 'moz:debuggerAddress': True, 'pageLoadStrategy': <PageLoadStrategy.normal: 'normal'>, 'browserVersion': None, 'moz:firefoxOptions': {'binary': '/usr/bin/firefox', 'prefs': {'remote.active-protocols': 3}}}}}
DEBUG    urllib3.connectionpool:connectionpool.py:243 Starting new HTTP connection (1): localhost:57931
DEBUG    urllib3.connectionpool:connectionpool.py:546 http://localhost:57931 "POST /session HTTP/11" 200 0
DEBUG    selenium.webdriver.remote.remote_connection:remote_connection.py:408 Remote response: status=200 | data={"value":{"sessionId":"af356619-9f55-4c9f-9d45-5055fe7a15fd","capabilities":{"acceptInsecureCerts":true,"browserName":"firefox","browserVersion":"132.0","moz:accessibilityChecks":false,"moz:buildID":"20241028140738","moz:debuggerAddress":"127.0.0.1:47945","moz:geckodriverVersion":"0.35.0","moz:headless":false,"moz:platformVersion":"6.11.5-arch1-1","moz:processID":530337,"moz:profile":"/tmp/rust_mozprofileFNc2YI","moz:shutdownTimeout":60000,"moz:webdriverClick":true,"moz:windowless":false,"pageLoadStrategy":"normal","platformName":"linux","proxy":{},"setWindowRect":true,"strictFileInteractability":false,"timeouts":{"implicit":0,"pageLoad":300000,"script":30000},"unhandledPromptBehavior":"dismiss and notify","userAgent":"Mozilla/5.0 (X11; Linux x86_64; rv:132.0) Gecko/20100101 Firefox/132.0"}}} | headers=HTTPHeaderDict({'content-type': 'application/json; charset=utf-8', 'cache-control': 'no-cache', 'content-length': '803', 'date': 'Sun, 03 Nov 2024 23:59:55 GMT'})
DEBUG    selenium.webdriver.remote.remote_connection:remote_connection.py:437 Finished Request
DEBUG    selenium.webdriver.remote.remote_connection:remote_connection.py:375 POST http://localhost:57931/session/af356619-9f55-4c9f-9d45-5055fe7a15fd/timeouts {'implicit': 10000}
DEBUG    urllib3.connectionpool:connectionpool.py:546 http://localhost:57931 "POST /session/af356619-9f55-4c9f-9d45-5055fe7a15fd/timeouts HTTP/11" 200 0
DEBUG    selenium.webdriver.remote.remote_connection:remote_connection.py:408 Remote response: status=200 | data={"value":null} | headers=HTTPHeaderDict({'content-type': 'application/json; charset=utf-8', 'cache-control': 'no-cache', 'content-length': '14', 'date': 'Sun, 03 Nov 2024 23:59:57 GMT'})
DEBUG    selenium.webdriver.remote.remote_connection:remote_connection.py:437 Finished Request
INFO     tests.ui.pages:pages.py:58 Created POM: LogInPage
DEBUG    util.admin.admin_api:admin_api.py:33 Creating user: {'firstName': 'John', 'lastName': 'Green', 'email': 'john.green@mail.com', 'password': '1234567890'}
DEBUG    urllib3.connectionpool:connectionpool.py:1051 Starting new HTTPS connection (1): thinking-tester-contact-list.herokuapp.com:443
DEBUG    urllib3.connectionpool:connectionpool.py:546 https://thinking-tester-contact-list.herokuapp.com:443 "POST /users HTTP/11" 201 279
DEBUG    util.admin.admin_api:admin_api.py:39 Created user and received token: eyJhbGciOiJIUzI1NiIsInR5cCI6IkpXVCJ9.eyJfaWQiOiI2NzI4MGU3ZGQxMjg2YjAwMTMyMmNhY2YiLCJpYXQiOjE3MzA2NzgzOTd9.EYmydrfqr3Ui9ZufkA7zEJnxq9An2FgSfuDCzXKcEYw
INFO     tests.conftest:conftest.py:56 Created registered user
DEBUG    selenium.webdriver.remote.remote_connection:remote_connection.py:375 POST http://localhost:57931/session/af356619-9f55-4c9f-9d45-5055fe7a15fd/url {'url': 'https://thinking-tester-contact-list.herokuapp.com/login'}
DEBUG    urllib3.connectionpool:connectionpool.py:546 http://localhost:57931 "POST /session/af356619-9f55-4c9f-9d45-5055fe7a15fd/url HTTP/11" 200 0
DEBUG    selenium.webdriver.remote.remote_connection:remote_connection.py:408 Remote response: status=200 | data={"value":null} | headers=HTTPHeaderDict({'content-type': 'application/json; charset=utf-8', 'cache-control': 'no-cache', 'content-length': '14', 'date': 'Sun, 03 Nov 2024 23:59:57 GMT'})
DEBUG    selenium.webdriver.remote.remote_connection:remote_connection.py:437 Finished Request
INFO     tests.ui.pages:pages.py:27 Opened page
DEBUG    selenium.webdriver.remote.remote_connection:remote_connection.py:375 POST http://localhost:57931/session/af356619-9f55-4c9f-9d45-5055fe7a15fd/element {'using': 'css selector', 'value': '[id="email"]'}
DEBUG    urllib3.connectionpool:connectionpool.py:546 http://localhost:57931 "POST /session/af356619-9f55-4c9f-9d45-5055fe7a15fd/element HTTP/11" 200 0
DEBUG    selenium.webdriver.remote.remote_connection:remote_connection.py:408 Remote response: status=200 | data={"value":{"element-6066-11e4-a52e-4f735466cecf":"93911690-82d7-4e26-b7e3-1bc90c6a2d1f"}} | headers=HTTPHeaderDict({'content-type': 'application/json; charset=utf-8', 'cache-control': 'no-cache', 'content-length': '88', 'date': 'Sun, 03 Nov 2024 23:59:59 GMT'})
DEBUG    selenium.webdriver.remote.remote_connection:remote_connection.py:437 Finished Request
DEBUG    selenium.webdriver.remote.remote_connection:remote_connection.py:375 POST http://localhost:57931/session/af356619-9f55-4c9f-9d45-5055fe7a15fd/element/93911690-82d7-4e26-b7e3-1bc90c6a2d1f/value {'text': 'john.green@mail.com', 'value': ['j', 'o', 'h', 'n', '.', 'g', 'r', 'e', 'e', 'n', '@', 'm', 'a', 'i', 'l', '.', 'c', 'o', 'm']}
DEBUG    urllib3.connectionpool:connectionpool.py:546 http://localhost:57931 "POST /session/af356619-9f55-4c9f-9d45-5055fe7a15fd/element/93911690-82d7-4e26-b7e3-1bc90c6a2d1f/value HTTP/11" 200 0
DEBUG    selenium.webdriver.remote.remote_connection:remote_connection.py:408 Remote response: status=200 | data={"value":null} | headers=HTTPHeaderDict({'content-type': 'application/json; charset=utf-8', 'cache-control': 'no-cache', 'content-length': '14', 'date': 'Sun, 03 Nov 2024 23:59:59 GMT'})
DEBUG    selenium.webdriver.remote.remote_connection:remote_connection.py:437 Finished Request
INFO     tests.ui.pages:pages.py:62 Entered email
DEBUG    selenium.webdriver.remote.remote_connection:remote_connection.py:375 POST http://localhost:57931/session/af356619-9f55-4c9f-9d45-5055fe7a15fd/element {'using': 'css selector', 'value': '[id="password"]'}
DEBUG    urllib3.connectionpool:connectionpool.py:546 http://localhost:57931 "POST /session/af356619-9f55-4c9f-9d45-5055fe7a15fd/element HTTP/11" 200 0
DEBUG    selenium.webdriver.remote.remote_connection:remote_connection.py:408 Remote response: status=200 | data={"value":{"element-6066-11e4-a52e-4f735466cecf":"2ece5c74-ebf2-400b-bd9c-85c0266a1791"}} | headers=HTTPHeaderDict({'content-type': 'application/json; charset=utf-8', 'cache-control': 'no-cache', 'content-length': '88', 'date': 'Sun, 03 Nov 2024 23:59:59 GMT'})
DEBUG    selenium.webdriver.remote.remote_connection:remote_connection.py:437 Finished Request
DEBUG    selenium.webdriver.remote.remote_connection:remote_connection.py:375 POST http://localhost:57931/session/af356619-9f55-4c9f-9d45-5055fe7a15fd/element/2ece5c74-ebf2-400b-bd9c-85c0266a1791/value {'text': '1234567890', 'value': ['1', '2', '3', '4', '5', '6', '7', '8', '9', '0']}
DEBUG    urllib3.connectionpool:connectionpool.py:546 http://localhost:57931 "POST /session/af356619-9f55-4c9f-9d45-5055fe7a15fd/element/2ece5c74-ebf2-400b-bd9c-85c0266a1791/value HTTP/11" 200 0
DEBUG    selenium.webdriver.remote.remote_connection:remote_connection.py:408 Remote response: status=200 | data={"value":null} | headers=HTTPHeaderDict({'content-type': 'application/json; charset=utf-8', 'cache-control': 'no-cache', 'content-length': '14', 'date': 'Sun, 03 Nov 2024 23:59:59 GMT'})
DEBUG    selenium.webdriver.remote.remote_connection:remote_connection.py:437 Finished Request
INFO     tests.ui.pages:pages.py:66 Entered password
DEBUG    selenium.webdriver.remote.remote_connection:remote_connection.py:375 POST http://localhost:57931/session/af356619-9f55-4c9f-9d45-5055fe7a15fd/element {'using': 'css selector', 'value': '[id="submit"]'}
DEBUG    urllib3.connectionpool:connectionpool.py:546 http://localhost:57931 "POST /session/af356619-9f55-4c9f-9d45-5055fe7a15fd/element HTTP/11" 200 0
DEBUG    selenium.webdriver.remote.remote_connection:remote_connection.py:408 Remote response: status=200 | data={"value":{"element-6066-11e4-a52e-4f735466cecf":"e6027530-51fe-4a05-8350-23baef9a5f3d"}} | headers=HTTPHeaderDict({'content-type': 'application/json; charset=utf-8', 'cache-control': 'no-cache', 'content-length': '88', 'date': 'Sun, 03 Nov 2024 23:59:59 GMT'})
DEBUG    selenium.webdriver.remote.remote_connection:remote_connection.py:437 Finished Request
DEBUG    selenium.webdriver.remote.remote_connection:remote_connection.py:375 POST http://localhost:57931/session/af356619-9f55-4c9f-9d45-5055fe7a15fd/element/e6027530-51fe-4a05-8350-23baef9a5f3d/click {}
DEBUG    urllib3.connectionpool:connectionpool.py:546 http://localhost:57931 "POST /session/af356619-9f55-4c9f-9d45-5055fe7a15fd/element/e6027530-51fe-4a05-8350-23baef9a5f3d/click HTTP/11" 200 0
DEBUG    selenium.webdriver.remote.remote_connection:remote_connection.py:408 Remote response: status=200 | data={"value":null} | headers=HTTPHeaderDict({'content-type': 'application/json; charset=utf-8', 'cache-control': 'no-cache', 'content-length': '14', 'date': 'Sun, 03 Nov 2024 23:59:59 GMT'})
DEBUG    selenium.webdriver.remote.remote_connection:remote_connection.py:437 Finished Request
INFO     tests.ui.pages:pages.py:70 Clicked on Log In button
INFO     tests.ui.pages:pages.py:124 Created POM: ContactListPage
DEBUG    selenium.webdriver.remote.remote_connection:remote_connection.py:375 POST http://localhost:57931/session/af356619-9f55-4c9f-9d45-5055fe7a15fd/element {'using': 'css selector', 'value': '[id="add-contact"]'}
DEBUG    urllib3.connectionpool:connectionpool.py:546 http://localhost:57931 "POST /session/af356619-9f55-4c9f-9d45-5055fe7a15fd/element HTTP/11" 200 0
DEBUG    selenium.webdriver.remote.remote_connection:remote_connection.py:408 Remote response: status=200 | data={"value":{"element-6066-11e4-a52e-4f735466cecf":"04d01aee-cfdf-4b5c-b247-8d88666485a6"}} | headers=HTTPHeaderDict({'content-type': 'application/json; charset=utf-8', 'cache-control': 'no-cache', 'content-length': '88', 'date': 'Sun, 03 Nov 2024 23:59:59 GMT'})
DEBUG    selenium.webdriver.remote.remote_connection:remote_connection.py:437 Finished Request
DEBUG    selenium.webdriver.remote.remote_connection:remote_connection.py:375 POST http://localhost:57931/session/af356619-9f55-4c9f-9d45-5055fe7a15fd/element/04d01aee-cfdf-4b5c-b247-8d88666485a6/click {}
DEBUG    urllib3.connectionpool:connectionpool.py:546 http://localhost:57931 "POST /session/af356619-9f55-4c9f-9d45-5055fe7a15fd/element/04d01aee-cfdf-4b5c-b247-8d88666485a6/click HTTP/11" 200 0
DEBUG    selenium.webdriver.remote.remote_connection:remote_connection.py:408 Remote response: status=200 | data={"value":null} | headers=HTTPHeaderDict({'content-type': 'application/json; charset=utf-8', 'cache-control': 'no-cache', 'content-length': '14', 'date': 'Sun, 03 Nov 2024 23:59:59 GMT'})
DEBUG    selenium.webdriver.remote.remote_connection:remote_connection.py:437 Finished Request
INFO     tests.ui.pages:pages.py:143 Clicked on Add a New Contact button
INFO     tests.ui.pages:pages.py:155 Created POM: AddContactPage
DEBUG    selenium.webdriver.remote.remote_connection:remote_connection.py:375 POST http://localhost:57931/session/af356619-9f55-4c9f-9d45-5055fe7a15fd/element {'using': 'css selector', 'value': '[id="firstName"]'}
DEBUG    urllib3.connectionpool:connectionpool.py:546 http://localhost:57931 "POST /session/af356619-9f55-4c9f-9d45-5055fe7a15fd/element HTTP/11" 404 0
DEBUG    selenium.webdriver.remote.remote_connection:remote_connection.py:408 Remote response: status=404 | data={"value":{"error":"no such element","message":"Unable to locate element: [id=\"firstName\"]","stacktrace":"RemoteError@chrome://remote/content/shared/RemoteError.sys.mjs:8:8\nWebDriverError@chrome://remote/content/shared/webdriver/Errors.sys.mjs:193:5\nNoSuchElementError@chrome://remote/content/shared/webdriver/Errors.sys.mjs:511:5\ndom.find/</<@chrome://remote/content/shared/DOM.sys.mjs:136:16\n"}} | headers=HTTPHeaderDict({'content-type': 'application/json; charset=utf-8', 'cache-control': 'no-cache', 'content-length': '402', 'date': 'Mon, 04 Nov 2024 00:00:00 GMT'})
DEBUG    selenium.webdriver.remote.remote_connection:remote_connection.py:437 Finished Request
DEBUG    util.admin.admin_api:admin_api.py:77 Deleting user with token: eyJhbGciOiJIUzI1NiIsInR5cCI6IkpXVCJ9.eyJfaWQiOiI2NzI4MGU3ZGQxMjg2YjAwMTMyMmNhY2YiLCJpYXQiOjE3MzA2NzgzOTd9.EYmydrfqr3Ui9ZufkA7zEJnxq9An2FgSfuDCzXKcEYw
DEBUG    urllib3.connectionpool:connectionpool.py:1051 Starting new HTTPS connection (1): thinking-tester-contact-list.herokuapp.com:443
DEBUG    urllib3.connectionpool:connectionpool.py:546 https://thinking-tester-contact-list.herokuapp.com:443 "DELETE /users/me HTTP/11" 200 0
DEBUG    util.admin.admin_api:admin_api.py:83 User deleted
INFO     tests.conftest:conftest.py:60 Deleted registered user
DEBUG    selenium.webdriver.remote.remote_connection:remote_connection.py:375 DELETE http://localhost:57931/session/af356619-9f55-4c9f-9d45-5055fe7a15fd {}
DEBUG    urllib3.connectionpool:connectionpool.py:546 http://localhost:57931 "DELETE /session/af356619-9f55-4c9f-9d45-5055fe7a15fd HTTP/11" 200 0
DEBUG    selenium.webdriver.remote.remote_connection:remote_connection.py:408 Remote response: status=200 | data={"value":null} | headers=HTTPHeaderDict({'content-type': 'application/json; charset=utf-8', 'cache-control': 'no-cache', 'content-length': '14', 'date': 'Mon, 04 Nov 2024 00:00:11 GMT'})
DEBUG    selenium.webdriver.remote.remote_connection:remote_connection.py:437 Finished Request
DEBUG    selenium.webdriver.common.selenium_manager:selenium_manager.py:101 Selenium Manager binary found at: /home/stinger/Development/itspl-task/.venv/lib/python3.12/site-packages/selenium/webdriver/common/linux/selenium-manager
DEBUG    selenium.webdriver.common.selenium_manager:selenium_manager.py:114 Executing process: /home/stinger/Development/itspl-task/.venv/lib/python3.12/site-packages/selenium/webdriver/common/linux/selenium-manager --browser chrome --debug --language-binding python --output json
DEBUG    selenium.webdriver.common.selenium_manager:selenium_manager.py:140 Found chromedriver 130.0.6723.91 in PATH: /usr/bin/chromedriver
DEBUG    selenium.webdriver.common.selenium_manager:selenium_manager.py:140 Found chromium in PATH: /usr/bin/chromium
DEBUG    selenium.webdriver.common.selenium_manager:selenium_manager.py:140 Running command: /usr/bin/chromium --version
DEBUG    selenium.webdriver.common.selenium_manager:selenium_manager.py:140 Output: "Chromium 130.0.6723.91 Arch Linux"
DEBUG    selenium.webdriver.common.selenium_manager:selenium_manager.py:140 Detected browser: chrome 130.0.6723.91
DEBUG    selenium.webdriver.common.selenium_manager:selenium_manager.py:140 Required driver: chromedriver 130.0.6723.91
DEBUG    selenium.webdriver.common.selenium_manager:selenium_manager.py:140 Driver path: /usr/bin/chromedriver
DEBUG    selenium.webdriver.common.selenium_manager:selenium_manager.py:140 Browser path: /usr/bin/chromium
DEBUG    selenium.webdriver.common.service:service.py:225 Started executable: `/usr/bin/chromedriver` in a child process with pid: 530912 using 0 to output -3
DEBUG    selenium.webdriver.remote.remote_connection:remote_connection.py:375 POST http://localhost:39119/session {'capabilities': {'firstMatch': [{}], 'alwaysMatch': {'browserName': 'chrome', 'pageLoadStrategy': <PageLoadStrategy.normal: 'normal'>, 'browserVersion': None, 'goog:chromeOptions': {'extensions': [], 'binary': '/usr/bin/chromium', 'args': []}}}}
DEBUG    urllib3.connectionpool:connectionpool.py:243 Starting new HTTP connection (1): localhost:39119
DEBUG    urllib3.connectionpool:connectionpool.py:546 http://localhost:39119 "POST /session HTTP/11" 200 0
DEBUG    selenium.webdriver.remote.remote_connection:remote_connection.py:408 Remote response: status=200 | data={"value":{"capabilities":{"acceptInsecureCerts":false,"browserName":"chrome","browserVersion":"130.0.6723.91","chrome":{"chromedriverVersion":"130.0.6723.91 (53ac076783696778ecc8f360ea31765c29c240ad-refs/branch-heads/6723@{#1517})","userDataDir":"/tmp/.org.chromium.Chromium.jd4qee"},"fedcm:accounts":true,"goog:chromeOptions":{"debuggerAddress":"localhost:44819"},"networkConnectionEnabled":false,"pageLoadStrategy":"normal","platformName":"linux","proxy":{},"setWindowRect":true,"strictFileInteractability":false,"timeouts":{"implicit":0,"pageLoad":300000,"script":30000},"unhandledPromptBehavior":"dismiss and notify","webauthn:extension:credBlob":true,"webauthn:extension:largeBlob":true,"webauthn:extension:minPinLength":true,"webauthn:extension:prf":true,"webauthn:virtualAuthenticators":true},"sessionId":"2bd14dd7138d57ab64eeb3840b401468"}} | headers=HTTPHeaderDict({'Content-Length': '848', 'Content-Type': 'application/json; charset=utf-8', 'cache-control': 'no-cache'})
DEBUG    selenium.webdriver.remote.remote_connection:remote_connection.py:437 Finished Request
DEBUG    selenium.webdriver.remote.remote_connection:remote_connection.py:375 POST http://localhost:39119/session/2bd14dd7138d57ab64eeb3840b401468/timeouts {'implicit': 10000}
DEBUG    urllib3.connectionpool:connectionpool.py:546 http://localhost:39119 "POST /session/2bd14dd7138d57ab64eeb3840b401468/timeouts HTTP/11" 200 0
DEBUG    selenium.webdriver.remote.remote_connection:remote_connection.py:408 Remote response: status=200 | data={"value":null} | headers=HTTPHeaderDict({'Content-Length': '14', 'Content-Type': 'application/json; charset=utf-8', 'cache-control': 'no-cache'})
DEBUG    selenium.webdriver.remote.remote_connection:remote_connection.py:437 Finished Request
INFO     tests.ui.pages:pages.py:58 Created POM: LogInPage
DEBUG    util.admin.admin_api:admin_api.py:33 Creating user: {'firstName': 'John', 'lastName': 'Green', 'email': 'john.green@mail.com', 'password': '1234567890'}
DEBUG    urllib3.connectionpool:connectionpool.py:1051 Starting new HTTPS connection (1): thinking-tester-contact-list.herokuapp.com:443
DEBUG    urllib3.connectionpool:connectionpool.py:546 https://thinking-tester-contact-list.herokuapp.com:443 "POST /users HTTP/11" 201 279
DEBUG    util.admin.admin_api:admin_api.py:39 Created user and received token: eyJhbGciOiJIUzI1NiIsInR5cCI6IkpXVCJ9.eyJfaWQiOiI2NzI4MGU4ZGJlZDRkYjAwMTM1YjEyMzAiLCJpYXQiOjE3MzA2Nzg0MTN9.fsu0QL51veBNn-lhjqeT_RpM8ZPidB81P_Yk34Zxqks
INFO     tests.conftest:conftest.py:56 Created registered user
DEBUG    selenium.webdriver.remote.remote_connection:remote_connection.py:375 POST http://localhost:39119/session/2bd14dd7138d57ab64eeb3840b401468/url {'url': 'https://thinking-tester-contact-list.herokuapp.com/login'}
DEBUG    urllib3.connectionpool:connectionpool.py:546 http://localhost:39119 "POST /session/2bd14dd7138d57ab64eeb3840b401468/url HTTP/11" 200 0
DEBUG    selenium.webdriver.remote.remote_connection:remote_connection.py:408 Remote response: status=200 | data={"value":null} | headers=HTTPHeaderDict({'Content-Length': '14', 'Content-Type': 'application/json; charset=utf-8', 'cache-control': 'no-cache'})
DEBUG    selenium.webdriver.remote.remote_connection:remote_connection.py:437 Finished Request
INFO     tests.ui.pages:pages.py:27 Opened page
DEBUG    selenium.webdriver.remote.remote_connection:remote_connection.py:375 POST http://localhost:39119/session/2bd14dd7138d57ab64eeb3840b401468/element {'using': 'css selector', 'value': '[id="email"]'}
DEBUG    urllib3.connectionpool:connectionpool.py:546 http://localhost:39119 "POST /session/2bd14dd7138d57ab64eeb3840b401468/element HTTP/11" 200 0
DEBUG    selenium.webdriver.remote.remote_connection:remote_connection.py:408 Remote response: status=200 | data={"value":{"element-6066-11e4-a52e-4f735466cecf":"f.0D207B71E509379E3FE238C9B14D7F9E.d.4A15B3FA6E320A95D653161E88992728.e.4"}} | headers=HTTPHeaderDict({'Content-Length': '125', 'Content-Type': 'application/json; charset=utf-8', 'cache-control': 'no-cache'})
DEBUG    selenium.webdriver.remote.remote_connection:remote_connection.py:437 Finished Request
DEBUG    selenium.webdriver.remote.remote_connection:remote_connection.py:375 POST http://localhost:39119/session/2bd14dd7138d57ab64eeb3840b401468/element/f.0D207B71E509379E3FE238C9B14D7F9E.d.4A15B3FA6E320A95D653161E88992728.e.4/value {'text': 'john.green@mail.com', 'value': ['j', 'o', 'h', 'n', '.', 'g', 'r', 'e', 'e', 'n', '@', 'm', 'a', 'i', 'l', '.', 'c', 'o', 'm']}
DEBUG    urllib3.connectionpool:connectionpool.py:546 http://localhost:39119 "POST /session/2bd14dd7138d57ab64eeb3840b401468/element/f.0D207B71E509379E3FE238C9B14D7F9E.d.4A15B3FA6E320A95D653161E88992728.e.4/value HTTP/11" 200 0
DEBUG    selenium.webdriver.remote.remote_connection:remote_connection.py:408 Remote response: status=200 | data={"value":null} | headers=HTTPHeaderDict({'Content-Length': '14', 'Content-Type': 'application/json; charset=utf-8', 'cache-control': 'no-cache'})
DEBUG    selenium.webdriver.remote.remote_connection:remote_connection.py:437 Finished Request
INFO     tests.ui.pages:pages.py:62 Entered email
DEBUG    selenium.webdriver.remote.remote_connection:remote_connection.py:375 POST http://localhost:39119/session/2bd14dd7138d57ab64eeb3840b401468/element {'using': 'css selector', 'value': '[id="password"]'}
DEBUG    urllib3.connectionpool:connectionpool.py:546 http://localhost:39119 "POST /session/2bd14dd7138d57ab64eeb3840b401468/element HTTP/11" 200 0
DEBUG    selenium.webdriver.remote.remote_connection:remote_connection.py:408 Remote response: status=200 | data={"value":{"element-6066-11e4-a52e-4f735466cecf":"f.0D207B71E509379E3FE238C9B14D7F9E.d.4A15B3FA6E320A95D653161E88992728.e.6"}} | headers=HTTPHeaderDict({'Content-Length': '125', 'Content-Type': 'application/json; charset=utf-8', 'cache-control': 'no-cache'})
DEBUG    selenium.webdriver.remote.remote_connection:remote_connection.py:437 Finished Request
DEBUG    selenium.webdriver.remote.remote_connection:remote_connection.py:375 POST http://localhost:39119/session/2bd14dd7138d57ab64eeb3840b401468/element/f.0D207B71E509379E3FE238C9B14D7F9E.d.4A15B3FA6E320A95D653161E88992728.e.6/value {'text': '1234567890', 'value': ['1', '2', '3', '4', '5', '6', '7', '8', '9', '0']}
DEBUG    urllib3.connectionpool:connectionpool.py:546 http://localhost:39119 "POST /session/2bd14dd7138d57ab64eeb3840b401468/element/f.0D207B71E509379E3FE238C9B14D7F9E.d.4A15B3FA6E320A95D653161E88992728.e.6/value HTTP/11" 200 0
DEBUG    selenium.webdriver.remote.remote_connection:remote_connection.py:408 Remote response: status=200 | data={"value":null} | headers=HTTPHeaderDict({'Content-Length': '14', 'Content-Type': 'application/json; charset=utf-8', 'cache-control': 'no-cache'})
DEBUG    selenium.webdriver.remote.remote_connection:remote_connection.py:437 Finished Request
INFO     tests.ui.pages:pages.py:66 Entered password
DEBUG    selenium.webdriver.remote.remote_connection:remote_connection.py:375 POST http://localhost:39119/session/2bd14dd7138d57ab64eeb3840b401468/element {'using': 'css selector', 'value': '[id="submit"]'}
DEBUG    urllib3.connectionpool:connectionpool.py:546 http://localhost:39119 "POST /session/2bd14dd7138d57ab64eeb3840b401468/element HTTP/11" 200 0
DEBUG    selenium.webdriver.remote.remote_connection:remote_connection.py:408 Remote response: status=200 | data={"value":{"element-6066-11e4-a52e-4f735466cecf":"f.0D207B71E509379E3FE238C9B14D7F9E.d.4A15B3FA6E320A95D653161E88992728.e.7"}} | headers=HTTPHeaderDict({'Content-Length': '125', 'Content-Type': 'application/json; charset=utf-8', 'cache-control': 'no-cache'})
DEBUG    selenium.webdriver.remote.remote_connection:remote_connection.py:437 Finished Request
DEBUG    selenium.webdriver.remote.remote_connection:remote_connection.py:375 POST http://localhost:39119/session/2bd14dd7138d57ab64eeb3840b401468/element/f.0D207B71E509379E3FE238C9B14D7F9E.d.4A15B3FA6E320A95D653161E88992728.e.7/click {}
DEBUG    urllib3.connectionpool:connectionpool.py:546 http://localhost:39119 "POST /session/2bd14dd7138d57ab64eeb3840b401468/element/f.0D207B71E509379E3FE238C9B14D7F9E.d.4A15B3FA6E320A95D653161E88992728.e.7/click HTTP/11" 200 0
DEBUG    selenium.webdriver.remote.remote_connection:remote_connection.py:408 Remote response: status=200 | data={"value":null} | headers=HTTPHeaderDict({'Content-Length': '14', 'Content-Type': 'application/json; charset=utf-8', 'cache-control': 'no-cache'})
DEBUG    selenium.webdriver.remote.remote_connection:remote_connection.py:437 Finished Request
INFO     tests.ui.pages:pages.py:70 Clicked on Log In button
INFO     tests.ui.pages:pages.py:124 Created POM: ContactListPage
DEBUG    selenium.webdriver.remote.remote_connection:remote_connection.py:375 POST http://localhost:39119/session/2bd14dd7138d57ab64eeb3840b401468/element {'using': 'css selector', 'value': '[id="add-contact"]'}
DEBUG    urllib3.connectionpool:connectionpool.py:546 http://localhost:39119 "POST /session/2bd14dd7138d57ab64eeb3840b401468/element HTTP/11" 200 0
DEBUG    selenium.webdriver.remote.remote_connection:remote_connection.py:408 Remote response: status=200 | data={"value":{"element-6066-11e4-a52e-4f735466cecf":"f.0D207B71E509379E3FE238C9B14D7F9E.d.4C4DE520EE5F63E6C3B2A6203D63A877.e.12"}} | headers=HTTPHeaderDict({'Content-Length': '126', 'Content-Type': 'application/json; charset=utf-8', 'cache-control': 'no-cache'})
DEBUG    selenium.webdriver.remote.remote_connection:remote_connection.py:437 Finished Request
DEBUG    selenium.webdriver.remote.remote_connection:remote_connection.py:375 POST http://localhost:39119/session/2bd14dd7138d57ab64eeb3840b401468/element/f.0D207B71E509379E3FE238C9B14D7F9E.d.4C4DE520EE5F63E6C3B2A6203D63A877.e.12/click {}
DEBUG    urllib3.connectionpool:connectionpool.py:546 http://localhost:39119 "POST /session/2bd14dd7138d57ab64eeb3840b401468/element/f.0D207B71E509379E3FE238C9B14D7F9E.d.4C4DE520EE5F63E6C3B2A6203D63A877.e.12/click HTTP/11" 200 0
DEBUG    selenium.webdriver.remote.remote_connection:remote_connection.py:408 Remote response: status=200 | data={"value":null} | headers=HTTPHeaderDict({'Content-Length': '14', 'Content-Type': 'application/json; charset=utf-8', 'cache-control': 'no-cache'})
DEBUG    selenium.webdriver.remote.remote_connection:remote_connection.py:437 Finished Request
INFO     tests.ui.pages:pages.py:143 Clicked on Add a New Contact button
INFO     tests.ui.pages:pages.py:155 Created POM: AddContactPage
DEBUG    selenium.webdriver.remote.remote_connection:remote_connection.py:375 POST http://localhost:39119/session/2bd14dd7138d57ab64eeb3840b401468/element {'using': 'css selector', 'value': '[id="firstName"]'}
DEBUG    urllib3.connectionpool:connectionpool.py:546 http://localhost:39119 "POST /session/2bd14dd7138d57ab64eeb3840b401468/element HTTP/11" 200 0
DEBUG    selenium.webdriver.remote.remote_connection:remote_connection.py:408 Remote response: status=200 | data={"value":{"element-6066-11e4-a52e-4f735466cecf":"f.0D207B71E509379E3FE238C9B14D7F9E.d.2EA43285BA953540ACDC465CD8AD9ACE.e.19"}} | headers=HTTPHeaderDict({'Content-Length': '126', 'Content-Type': 'application/json; charset=utf-8', 'cache-control': 'no-cache'})
DEBUG    selenium.webdriver.remote.remote_connection:remote_connection.py:437 Finished Request
DEBUG    selenium.webdriver.remote.remote_connection:remote_connection.py:375 POST http://localhost:39119/session/2bd14dd7138d57ab64eeb3840b401468/element/f.0D207B71E509379E3FE238C9B14D7F9E.d.2EA43285BA953540ACDC465CD8AD9ACE.e.19/value {'text': 'Will', 'value': ['W', 'i', 'l', 'l']}
DEBUG    urllib3.connectionpool:connectionpool.py:546 http://localhost:39119 "POST /session/2bd14dd7138d57ab64eeb3840b401468/element/f.0D207B71E509379E3FE238C9B14D7F9E.d.2EA43285BA953540ACDC465CD8AD9ACE.e.19/value HTTP/11" 200 0
DEBUG    selenium.webdriver.remote.remote_connection:remote_connection.py:408 Remote response: status=200 | data={"value":null} | headers=HTTPHeaderDict({'Content-Length': '14', 'Content-Type': 'application/json; charset=utf-8', 'cache-control': 'no-cache'})
DEBUG    selenium.webdriver.remote.remote_connection:remote_connection.py:437 Finished Request
INFO     tests.ui.pages:pages.py:31 Entered firstName
DEBUG    selenium.webdriver.remote.remote_connection:remote_connection.py:375 POST http://localhost:39119/session/2bd14dd7138d57ab64eeb3840b401468/element {'using': 'css selector', 'value': '[id="lastName"]'}
DEBUG    urllib3.connectionpool:connectionpool.py:546 http://localhost:39119 "POST /session/2bd14dd7138d57ab64eeb3840b401468/element HTTP/11" 200 0
DEBUG    selenium.webdriver.remote.remote_connection:remote_connection.py:408 Remote response: status=200 | data={"value":{"element-6066-11e4-a52e-4f735466cecf":"f.0D207B71E509379E3FE238C9B14D7F9E.d.2EA43285BA953540ACDC465CD8AD9ACE.e.21"}} | headers=HTTPHeaderDict({'Content-Length': '126', 'Content-Type': 'application/json; charset=utf-8', 'cache-control': 'no-cache'})
DEBUG    selenium.webdriver.remote.remote_connection:remote_connection.py:437 Finished Request
DEBUG    selenium.webdriver.remote.remote_connection:remote_connection.py:375 POST http://localhost:39119/session/2bd14dd7138d57ab64eeb3840b401468/element/f.0D207B71E509379E3FE238C9B14D7F9E.d.2EA43285BA953540ACDC465CD8AD9ACE.e.21/value {'text': 'Smith', 'value': ['S', 'm', 'i', 't', 'h']}
DEBUG    urllib3.connectionpool:connectionpool.py:546 http://localhost:39119 "POST /session/2bd14dd7138d57ab64eeb3840b401468/element/f.0D207B71E509379E3FE238C9B14D7F9E.d.2EA43285BA953540ACDC465CD8AD9ACE.e.21/value HTTP/11" 200 0
DEBUG    selenium.webdriver.remote.remote_connection:remote_connection.py:408 Remote response: status=200 | data={"value":null} | headers=HTTPHeaderDict({'Content-Length': '14', 'Content-Type': 'application/json; charset=utf-8', 'cache-control': 'no-cache'})
DEBUG    selenium.webdriver.remote.remote_connection:remote_connection.py:437 Finished Request
INFO     tests.ui.pages:pages.py:31 Entered lastName
DEBUG    selenium.webdriver.remote.remote_connection:remote_connection.py:375 POST http://localhost:39119/session/2bd14dd7138d57ab64eeb3840b401468/element {'using': 'css selector', 'value': '[id="birthdate"]'}
DEBUG    urllib3.connectionpool:connectionpool.py:546 http://localhost:39119 "POST /session/2bd14dd7138d57ab64eeb3840b401468/element HTTP/11" 200 0
DEBUG    selenium.webdriver.remote.remote_connection:remote_connection.py:408 Remote response: status=200 | data={"value":{"element-6066-11e4-a52e-4f735466cecf":"f.0D207B71E509379E3FE238C9B14D7F9E.d.2EA43285BA953540ACDC465CD8AD9ACE.e.22"}} | headers=HTTPHeaderDict({'Content-Length': '126', 'Content-Type': 'application/json; charset=utf-8', 'cache-control': 'no-cache'})
DEBUG    selenium.webdriver.remote.remote_connection:remote_connection.py:437 Finished Request
DEBUG    selenium.webdriver.remote.remote_connection:remote_connection.py:375 POST http://localhost:39119/session/2bd14dd7138d57ab64eeb3840b401468/element/f.0D207B71E509379E3FE238C9B14D7F9E.d.2EA43285BA953540ACDC465CD8AD9ACE.e.22/value {'text': '123', 'value': ['1', '2', '3']}
DEBUG    urllib3.connectionpool:connectionpool.py:546 http://localhost:39119 "POST /session/2bd14dd7138d57ab64eeb3840b401468/element/f.0D207B71E509379E3FE238C9B14D7F9E.d.2EA43285BA953540ACDC465CD8AD9ACE.e.22/value HTTP/11" 200 0
DEBUG    selenium.webdriver.remote.remote_connection:remote_connection.py:408 Remote response: status=200 | data={"value":null} | headers=HTTPHeaderDict({'Content-Length': '14', 'Content-Type': 'application/json; charset=utf-8', 'cache-control': 'no-cache'})
DEBUG    selenium.webdriver.remote.remote_connection:remote_connection.py:437 Finished Request
INFO     tests.ui.pages:pages.py:31 Entered birthdate
DEBUG    selenium.webdriver.remote.remote_connection:remote_connection.py:375 POST http://localhost:39119/session/2bd14dd7138d57ab64eeb3840b401468/element {'using': 'css selector', 'value': '[id="email"]'}
DEBUG    urllib3.connectionpool:connectionpool.py:546 http://localhost:39119 "POST /session/2bd14dd7138d57ab64eeb3840b401468/element HTTP/11" 200 0
DEBUG    selenium.webdriver.remote.remote_connection:remote_connection.py:408 Remote response: status=200 | data={"value":{"element-6066-11e4-a52e-4f735466cecf":"f.0D207B71E509379E3FE238C9B14D7F9E.d.2EA43285BA953540ACDC465CD8AD9ACE.e.23"}} | headers=HTTPHeaderDict({'Content-Length': '126', 'Content-Type': 'application/json; charset=utf-8', 'cache-control': 'no-cache'})
DEBUG    selenium.webdriver.remote.remote_connection:remote_connection.py:437 Finished Request
DEBUG    selenium.webdriver.remote.remote_connection:remote_connection.py:375 POST http://localhost:39119/session/2bd14dd7138d57ab64eeb3840b401468/element/f.0D207B71E509379E3FE238C9B14D7F9E.d.2EA43285BA953540ACDC465CD8AD9ACE.e.23/value {'text': 'will.smith@mail.com', 'value': ['w', 'i', 'l', 'l', '.', 's', 'm', 'i', 't', 'h', '@', 'm', 'a', 'i', 'l', '.', 'c', 'o', 'm']}
DEBUG    urllib3.connectionpool:connectionpool.py:546 http://localhost:39119 "POST /session/2bd14dd7138d57ab64eeb3840b401468/element/f.0D207B71E509379E3FE238C9B14D7F9E.d.2EA43285BA953540ACDC465CD8AD9ACE.e.23/value HTTP/11" 200 0
DEBUG    selenium.webdriver.remote.remote_connection:remote_connection.py:408 Remote response: status=200 | data={"value":null} | headers=HTTPHeaderDict({'Content-Length': '14', 'Content-Type': 'application/json; charset=utf-8', 'cache-control': 'no-cache'})
DEBUG    selenium.webdriver.remote.remote_connection:remote_connection.py:437 Finished Request
INFO     tests.ui.pages:pages.py:31 Entered email
DEBUG    selenium.webdriver.remote.remote_connection:remote_connection.py:375 POST http://localhost:39119/session/2bd14dd7138d57ab64eeb3840b401468/element {'using': 'css selector', 'value': '[id="phone"]'}
DEBUG    urllib3.connectionpool:connectionpool.py:546 http://localhost:39119 "POST /session/2bd14dd7138d57ab64eeb3840b401468/element HTTP/11" 200 0
DEBUG    selenium.webdriver.remote.remote_connection:remote_connection.py:408 Remote response: status=200 | data={"value":{"element-6066-11e4-a52e-4f735466cecf":"f.0D207B71E509379E3FE238C9B14D7F9E.d.2EA43285BA953540ACDC465CD8AD9ACE.e.24"}} | headers=HTTPHeaderDict({'Content-Length': '126', 'Content-Type': 'application/json; charset=utf-8', 'cache-control': 'no-cache'})
DEBUG    selenium.webdriver.remote.remote_connection:remote_connection.py:437 Finished Request
DEBUG    selenium.webdriver.remote.remote_connection:remote_connection.py:375 POST http://localhost:39119/session/2bd14dd7138d57ab64eeb3840b401468/element/f.0D207B71E509379E3FE238C9B14D7F9E.d.2EA43285BA953540ACDC465CD8AD9ACE.e.24/value {'text': '1234567890', 'value': ['1', '2', '3', '4', '5', '6', '7', '8', '9', '0']}
DEBUG    urllib3.connectionpool:connectionpool.py:546 http://localhost:39119 "POST /session/2bd14dd7138d57ab64eeb3840b401468/element/f.0D207B71E509379E3FE238C9B14D7F9E.d.2EA43285BA953540ACDC465CD8AD9ACE.e.24/value HTTP/11" 200 0
DEBUG    selenium.webdriver.remote.remote_connection:remote_connection.py:408 Remote response: status=200 | data={"value":null} | headers=HTTPHeaderDict({'Content-Length': '14', 'Content-Type': 'application/json; charset=utf-8', 'cache-control': 'no-cache'})
DEBUG    selenium.webdriver.remote.remote_connection:remote_connection.py:437 Finished Request
INFO     tests.ui.pages:pages.py:31 Entered phone
DEBUG    selenium.webdriver.remote.remote_connection:remote_connection.py:375 POST http://localhost:39119/session/2bd14dd7138d57ab64eeb3840b401468/element {'using': 'css selector', 'value': '[id="street1"]'}
DEBUG    urllib3.connectionpool:connectionpool.py:546 http://localhost:39119 "POST /session/2bd14dd7138d57ab64eeb3840b401468/element HTTP/11" 200 0
DEBUG    selenium.webdriver.remote.remote_connection:remote_connection.py:408 Remote response: status=200 | data={"value":{"element-6066-11e4-a52e-4f735466cecf":"f.0D207B71E509379E3FE238C9B14D7F9E.d.2EA43285BA953540ACDC465CD8AD9ACE.e.25"}} | headers=HTTPHeaderDict({'Content-Length': '126', 'Content-Type': 'application/json; charset=utf-8', 'cache-control': 'no-cache'})
DEBUG    selenium.webdriver.remote.remote_connection:remote_connection.py:437 Finished Request
DEBUG    selenium.webdriver.remote.remote_connection:remote_connection.py:375 POST http://localhost:39119/session/2bd14dd7138d57ab64eeb3840b401468/element/f.0D207B71E509379E3FE238C9B14D7F9E.d.2EA43285BA953540ACDC465CD8AD9ACE.e.25/value {'text': '1 Main St.', 'value': ['1', ' ', 'M', 'a', 'i', 'n', ' ', 'S', 't', '.']}
DEBUG    urllib3.connectionpool:connectionpool.py:546 http://localhost:39119 "POST /session/2bd14dd7138d57ab64eeb3840b401468/element/f.0D207B71E509379E3FE238C9B14D7F9E.d.2EA43285BA953540ACDC465CD8AD9ACE.e.25/value HTTP/11" 200 0
DEBUG    selenium.webdriver.remote.remote_connection:remote_connection.py:408 Remote response: status=200 | data={"value":null} | headers=HTTPHeaderDict({'Content-Length': '14', 'Content-Type': 'application/json; charset=utf-8', 'cache-control': 'no-cache'})
DEBUG    selenium.webdriver.remote.remote_connection:remote_connection.py:437 Finished Request
INFO     tests.ui.pages:pages.py:31 Entered street1
DEBUG    selenium.webdriver.remote.remote_connection:remote_connection.py:375 POST http://localhost:39119/session/2bd14dd7138d57ab64eeb3840b401468/element {'using': 'css selector', 'value': '[id="street2"]'}
DEBUG    urllib3.connectionpool:connectionpool.py:546 http://localhost:39119 "POST /session/2bd14dd7138d57ab64eeb3840b401468/element HTTP/11" 200 0
DEBUG    selenium.webdriver.remote.remote_connection:remote_connection.py:408 Remote response: status=200 | data={"value":{"element-6066-11e4-a52e-4f735466cecf":"f.0D207B71E509379E3FE238C9B14D7F9E.d.2EA43285BA953540ACDC465CD8AD9ACE.e.26"}} | headers=HTTPHeaderDict({'Content-Length': '126', 'Content-Type': 'application/json; charset=utf-8', 'cache-control': 'no-cache'})
DEBUG    selenium.webdriver.remote.remote_connection:remote_connection.py:437 Finished Request
DEBUG    selenium.webdriver.remote.remote_connection:remote_connection.py:375 POST http://localhost:39119/session/2bd14dd7138d57ab64eeb3840b401468/element/f.0D207B71E509379E3FE238C9B14D7F9E.d.2EA43285BA953540ACDC465CD8AD9ACE.e.26/value {'text': 'Apartment A', 'value': ['A', 'p', 'a', 'r', 't', 'm', 'e', 'n', 't', ' ', 'A']}
DEBUG    urllib3.connectionpool:connectionpool.py:546 http://localhost:39119 "POST /session/2bd14dd7138d57ab64eeb3840b401468/element/f.0D207B71E509379E3FE238C9B14D7F9E.d.2EA43285BA953540ACDC465CD8AD9ACE.e.26/value HTTP/11" 200 0
DEBUG    selenium.webdriver.remote.remote_connection:remote_connection.py:408 Remote response: status=200 | data={"value":null} | headers=HTTPHeaderDict({'Content-Length': '14', 'Content-Type': 'application/json; charset=utf-8', 'cache-control': 'no-cache'})
DEBUG    selenium.webdriver.remote.remote_connection:remote_connection.py:437 Finished Request
INFO     tests.ui.pages:pages.py:31 Entered street2
DEBUG    selenium.webdriver.remote.remote_connection:remote_connection.py:375 POST http://localhost:39119/session/2bd14dd7138d57ab64eeb3840b401468/element {'using': 'css selector', 'value': '[id="city"]'}
DEBUG    urllib3.connectionpool:connectionpool.py:546 http://localhost:39119 "POST /session/2bd14dd7138d57ab64eeb3840b401468/element HTTP/11" 200 0
DEBUG    selenium.webdriver.remote.remote_connection:remote_connection.py:408 Remote response: status=200 | data={"value":{"element-6066-11e4-a52e-4f735466cecf":"f.0D207B71E509379E3FE238C9B14D7F9E.d.2EA43285BA953540ACDC465CD8AD9ACE.e.27"}} | headers=HTTPHeaderDict({'Content-Length': '126', 'Content-Type': 'application/json; charset=utf-8', 'cache-control': 'no-cache'})
DEBUG    selenium.webdriver.remote.remote_connection:remote_connection.py:437 Finished Request
DEBUG    selenium.webdriver.remote.remote_connection:remote_connection.py:375 POST http://localhost:39119/session/2bd14dd7138d57ab64eeb3840b401468/element/f.0D207B71E509379E3FE238C9B14D7F9E.d.2EA43285BA953540ACDC465CD8AD9ACE.e.27/value {'text': 'New York', 'value': ['N', 'e', 'w', ' ', 'Y', 'o', 'r', 'k']}
DEBUG    urllib3.connectionpool:connectionpool.py:546 http://localhost:39119 "POST /session/2bd14dd7138d57ab64eeb3840b401468/element/f.0D207B71E509379E3FE238C9B14D7F9E.d.2EA43285BA953540ACDC465CD8AD9ACE.e.27/value HTTP/11" 200 0
DEBUG    selenium.webdriver.remote.remote_connection:remote_connection.py:408 Remote response: status=200 | data={"value":null} | headers=HTTPHeaderDict({'Content-Length': '14', 'Content-Type': 'application/json; charset=utf-8', 'cache-control': 'no-cache'})
DEBUG    selenium.webdriver.remote.remote_connection:remote_connection.py:437 Finished Request
INFO     tests.ui.pages:pages.py:31 Entered city
DEBUG    selenium.webdriver.remote.remote_connection:remote_connection.py:375 POST http://localhost:39119/session/2bd14dd7138d57ab64eeb3840b401468/element {'using': 'css selector', 'value': '[id="stateProvince"]'}
DEBUG    urllib3.connectionpool:connectionpool.py:546 http://localhost:39119 "POST /session/2bd14dd7138d57ab64eeb3840b401468/element HTTP/11" 200 0
DEBUG    selenium.webdriver.remote.remote_connection:remote_connection.py:408 Remote response: status=200 | data={"value":{"element-6066-11e4-a52e-4f735466cecf":"f.0D207B71E509379E3FE238C9B14D7F9E.d.2EA43285BA953540ACDC465CD8AD9ACE.e.28"}} | headers=HTTPHeaderDict({'Content-Length': '126', 'Content-Type': 'application/json; charset=utf-8', 'cache-control': 'no-cache'})
DEBUG    selenium.webdriver.remote.remote_connection:remote_connection.py:437 Finished Request
DEBUG    selenium.webdriver.remote.remote_connection:remote_connection.py:375 POST http://localhost:39119/session/2bd14dd7138d57ab64eeb3840b401468/element/f.0D207B71E509379E3FE238C9B14D7F9E.d.2EA43285BA953540ACDC465CD8AD9ACE.e.28/value {'text': 'NY', 'value': ['N', 'Y']}
DEBUG    urllib3.connectionpool:connectionpool.py:546 http://localhost:39119 "POST /session/2bd14dd7138d57ab64eeb3840b401468/element/f.0D207B71E509379E3FE238C9B14D7F9E.d.2EA43285BA953540ACDC465CD8AD9ACE.e.28/value HTTP/11" 200 0
DEBUG    selenium.webdriver.remote.remote_connection:remote_connection.py:408 Remote response: status=200 | data={"value":null} | headers=HTTPHeaderDict({'Content-Length': '14', 'Content-Type': 'application/json; charset=utf-8', 'cache-control': 'no-cache'})
DEBUG    selenium.webdriver.remote.remote_connection:remote_connection.py:437 Finished Request
INFO     tests.ui.pages:pages.py:31 Entered stateProvince
DEBUG    selenium.webdriver.remote.remote_connection:remote_connection.py:375 POST http://localhost:39119/session/2bd14dd7138d57ab64eeb3840b401468/element {'using': 'css selector', 'value': '[id="postalCode"]'}
DEBUG    urllib3.connectionpool:connectionpool.py:546 http://localhost:39119 "POST /session/2bd14dd7138d57ab64eeb3840b401468/element HTTP/11" 200 0
DEBUG    selenium.webdriver.remote.remote_connection:remote_connection.py:408 Remote response: status=200 | data={"value":{"element-6066-11e4-a52e-4f735466cecf":"f.0D207B71E509379E3FE238C9B14D7F9E.d.2EA43285BA953540ACDC465CD8AD9ACE.e.29"}} | headers=HTTPHeaderDict({'Content-Length': '126', 'Content-Type': 'application/json; charset=utf-8', 'cache-control': 'no-cache'})
DEBUG    selenium.webdriver.remote.remote_connection:remote_connection.py:437 Finished Request
DEBUG    selenium.webdriver.remote.remote_connection:remote_connection.py:375 POST http://localhost:39119/session/2bd14dd7138d57ab64eeb3840b401468/element/f.0D207B71E509379E3FE238C9B14D7F9E.d.2EA43285BA953540ACDC465CD8AD9ACE.e.29/value {'text': '10118', 'value': ['1', '0', '1', '1', '8']}
DEBUG    urllib3.connectionpool:connectionpool.py:546 http://localhost:39119 "POST /session/2bd14dd7138d57ab64eeb3840b401468/element/f.0D207B71E509379E3FE238C9B14D7F9E.d.2EA43285BA953540ACDC465CD8AD9ACE.e.29/value HTTP/11" 200 0
DEBUG    selenium.webdriver.remote.remote_connection:remote_connection.py:408 Remote response: status=200 | data={"value":null} | headers=HTTPHeaderDict({'Content-Length': '14', 'Content-Type': 'application/json; charset=utf-8', 'cache-control': 'no-cache'})
DEBUG    selenium.webdriver.remote.remote_connection:remote_connection.py:437 Finished Request
INFO     tests.ui.pages:pages.py:31 Entered postalCode
DEBUG    selenium.webdriver.remote.remote_connection:remote_connection.py:375 POST http://localhost:39119/session/2bd14dd7138d57ab64eeb3840b401468/element {'using': 'css selector', 'value': '[id="country"]'}
DEBUG    urllib3.connectionpool:connectionpool.py:546 http://localhost:39119 "POST /session/2bd14dd7138d57ab64eeb3840b401468/element HTTP/11" 200 0
DEBUG    selenium.webdriver.remote.remote_connection:remote_connection.py:408 Remote response: status=200 | data={"value":{"element-6066-11e4-a52e-4f735466cecf":"f.0D207B71E509379E3FE238C9B14D7F9E.d.2EA43285BA953540ACDC465CD8AD9ACE.e.30"}} | headers=HTTPHeaderDict({'Content-Length': '126', 'Content-Type': 'application/json; charset=utf-8', 'cache-control': 'no-cache'})
DEBUG    selenium.webdriver.remote.remote_connection:remote_connection.py:437 Finished Request
DEBUG    selenium.webdriver.remote.remote_connection:remote_connection.py:375 POST http://localhost:39119/session/2bd14dd7138d57ab64eeb3840b401468/element/f.0D207B71E509379E3FE238C9B14D7F9E.d.2EA43285BA953540ACDC465CD8AD9ACE.e.30/value {'text': 'USA', 'value': ['U', 'S', 'A']}
DEBUG    urllib3.connectionpool:connectionpool.py:546 http://localhost:39119 "POST /session/2bd14dd7138d57ab64eeb3840b401468/element/f.0D207B71E509379E3FE238C9B14D7F9E.d.2EA43285BA953540ACDC465CD8AD9ACE.e.30/value HTTP/11" 200 0
DEBUG    selenium.webdriver.remote.remote_connection:remote_connection.py:408 Remote response: status=200 | data={"value":null} | headers=HTTPHeaderDict({'Content-Length': '14', 'Content-Type': 'application/json; charset=utf-8', 'cache-control': 'no-cache'})
DEBUG    selenium.webdriver.remote.remote_connection:remote_connection.py:437 Finished Request
INFO     tests.ui.pages:pages.py:31 Entered country
DEBUG    selenium.webdriver.remote.remote_connection:remote_connection.py:375 POST http://localhost:39119/session/2bd14dd7138d57ab64eeb3840b401468/element {'using': 'css selector', 'value': '[id="submit"]'}
DEBUG    urllib3.connectionpool:connectionpool.py:546 http://localhost:39119 "POST /session/2bd14dd7138d57ab64eeb3840b401468/element HTTP/11" 200 0
DEBUG    selenium.webdriver.remote.remote_connection:remote_connection.py:408 Remote response: status=200 | data={"value":{"element-6066-11e4-a52e-4f735466cecf":"f.0D207B71E509379E3FE238C9B14D7F9E.d.2EA43285BA953540ACDC465CD8AD9ACE.e.45"}} | headers=HTTPHeaderDict({'Content-Length': '126', 'Content-Type': 'application/json; charset=utf-8', 'cache-control': 'no-cache'})
DEBUG    selenium.webdriver.remote.remote_connection:remote_connection.py:437 Finished Request
DEBUG    selenium.webdriver.remote.remote_connection:remote_connection.py:375 POST http://localhost:39119/session/2bd14dd7138d57ab64eeb3840b401468/element/f.0D207B71E509379E3FE238C9B14D7F9E.d.2EA43285BA953540ACDC465CD8AD9ACE.e.45/click {}
DEBUG    urllib3.connectionpool:connectionpool.py:546 http://localhost:39119 "POST /session/2bd14dd7138d57ab64eeb3840b401468/element/f.0D207B71E509379E3FE238C9B14D7F9E.d.2EA43285BA953540ACDC465CD8AD9ACE.e.45/click HTTP/11" 200 0
DEBUG    selenium.webdriver.remote.remote_connection:remote_connection.py:408 Remote response: status=200 | data={"value":null} | headers=HTTPHeaderDict({'Content-Length': '14', 'Content-Type': 'application/json; charset=utf-8', 'cache-control': 'no-cache'})
DEBUG    selenium.webdriver.remote.remote_connection:remote_connection.py:437 Finished Request
INFO     tests.ui.pages:pages.py:164 Clicked on Submit button with invalid contact
INFO     tests.ui.pages:pages.py:155 Created POM: AddContactPage
DEBUG    selenium.webdriver.remote.remote_connection:remote_connection.py:375 POST http://localhost:39119/session/2bd14dd7138d57ab64eeb3840b401468/element {'using': 'css selector', 'value': '[id="error"]'}
DEBUG    urllib3.connectionpool:connectionpool.py:546 http://localhost:39119 "POST /session/2bd14dd7138d57ab64eeb3840b401468/element HTTP/11" 200 0
DEBUG    selenium.webdriver.remote.remote_connection:remote_connection.py:408 Remote response: status=200 | data={"value":{"element-6066-11e4-a52e-4f735466cecf":"f.0D207B71E509379E3FE238C9B14D7F9E.d.2EA43285BA953540ACDC465CD8AD9ACE.e.46"}} | headers=HTTPHeaderDict({'Content-Length': '126', 'Content-Type': 'application/json; charset=utf-8', 'cache-control': 'no-cache'})
DEBUG    selenium.webdriver.remote.remote_connection:remote_connection.py:437 Finished Request
DEBUG    selenium.webdriver.remote.remote_connection:remote_connection.py:375 POST http://localhost:39119/session/2bd14dd7138d57ab64eeb3840b401468/execute/sync {'script': '/* isDisplayed */return (function(){return (function(){var g=this||self;\nfunction aa(a){var b=typeof...', 'args': [{'element-6066-11e4-a52e-4f735466cecf': 'f.0D207B71E509379E3FE238C9B14D7F9E.d.2EA43285BA953540ACDC465CD8AD9ACE.e.46'}]}
DEBUG    urllib3.connectionpool:connectionpool.py:546 http://localhost:39119 "POST /session/2bd14dd7138d57ab64eeb3840b401468/execute/sync HTTP/11" 200 0
DEBUG    selenium.webdriver.remote.remote_connection:remote_connection.py:408 Remote response: status=200 | data={"value":false} | headers=HTTPHeaderDict({'Content-Length': '15', 'Content-Type': 'application/json; charset=utf-8', 'cache-control': 'no-cache'})
DEBUG    selenium.webdriver.remote.remote_connection:remote_connection.py:437 Finished Request
DEBUG    selenium.webdriver.remote.remote_connection:remote_connection.py:375 POST http://localhost:39119/session/2bd14dd7138d57ab64eeb3840b401468/execute/sync {'script': '/* isDisplayed */return (function(){return (function(){var g=this||self;\nfunction aa(a){var b=typeof...', 'args': [{'element-6066-11e4-a52e-4f735466cecf': 'f.0D207B71E509379E3FE238C9B14D7F9E.d.2EA43285BA953540ACDC465CD8AD9ACE.e.46'}]}
DEBUG    urllib3.connectionpool:connectionpool.py:546 http://localhost:39119 "POST /session/2bd14dd7138d57ab64eeb3840b401468/execute/sync HTTP/11" 200 0
DEBUG    selenium.webdriver.remote.remote_connection:remote_connection.py:408 Remote response: status=200 | data={"value":true} | headers=HTTPHeaderDict({'Content-Length': '14', 'Content-Type': 'application/json; charset=utf-8', 'cache-control': 'no-cache'})
DEBUG    selenium.webdriver.remote.remote_connection:remote_connection.py:437 Finished Request
DEBUG    selenium.webdriver.remote.remote_connection:remote_connection.py:375 GET http://localhost:39119/session/2bd14dd7138d57ab64eeb3840b401468/element/f.0D207B71E509379E3FE238C9B14D7F9E.d.2EA43285BA953540ACDC465CD8AD9ACE.e.46/text {}
DEBUG    urllib3.connectionpool:connectionpool.py:546 http://localhost:39119 "GET /session/2bd14dd7138d57ab64eeb3840b401468/element/f.0D207B71E509379E3FE238C9B14D7F9E.d.2EA43285BA953540ACDC465CD8AD9ACE.e.46/text HTTP/11" 200 0
DEBUG    selenium.webdriver.remote.remote_connection:remote_connection.py:408 Remote response: status=200 | data={"value":"Contact validation failed: birthdate: Birthdate is invalid"} | headers=HTTPHeaderDict({'Content-Length': '70', 'Content-Type': 'application/json; charset=utf-8', 'cache-control': 'no-cache'})
DEBUG    selenium.webdriver.remote.remote_connection:remote_connection.py:437 Finished Request
DEBUG    util.admin.admin_api:admin_api.py:77 Deleting user with token: eyJhbGciOiJIUzI1NiIsInR5cCI6IkpXVCJ9.eyJfaWQiOiI2NzI4MGU4ZGJlZDRkYjAwMTM1YjEyMzAiLCJpYXQiOjE3MzA2Nzg0MTN9.fsu0QL51veBNn-lhjqeT_RpM8ZPidB81P_Yk34Zxqks
DEBUG    urllib3.connectionpool:connectionpool.py:1051 Starting new HTTPS connection (1): thinking-tester-contact-list.herokuapp.com:443
DEBUG    urllib3.connectionpool:connectionpool.py:546 https://thinking-tester-contact-list.herokuapp.com:443 "DELETE /users/me HTTP/11" 200 0
DEBUG    util.admin.admin_api:admin_api.py:83 User deleted
INFO     tests.conftest:conftest.py:60 Deleted registered user
DEBUG    selenium.webdriver.remote.remote_connection:remote_connection.py:375 DELETE http://localhost:39119/session/2bd14dd7138d57ab64eeb3840b401468 {}
DEBUG    urllib3.connectionpool:connectionpool.py:546 http://localhost:39119 "DELETE /session/2bd14dd7138d57ab64eeb3840b401468 HTTP/11" 200 0
DEBUG    selenium.webdriver.remote.remote_connection:remote_connection.py:408 Remote response: status=200 | data={"value":null} | headers=HTTPHeaderDict({'Content-Length': '14', 'Content-Type': 'application/json; charset=utf-8', 'cache-control': 'no-cache'})
DEBUG    selenium.webdriver.remote.remote_connection:remote_connection.py:437 Finished Request
DEBUG    selenium.webdriver.common.selenium_manager:selenium_manager.py:101 Selenium Manager binary found at: /home/stinger/Development/itspl-task/.venv/lib/python3.12/site-packages/selenium/webdriver/common/linux/selenium-manager
DEBUG    selenium.webdriver.common.selenium_manager:selenium_manager.py:114 Executing process: /home/stinger/Development/itspl-task/.venv/lib/python3.12/site-packages/selenium/webdriver/common/linux/selenium-manager --browser firefox --debug --language-binding python --output json
DEBUG    selenium.webdriver.common.selenium_manager:selenium_manager.py:140 geckodriver not found in PATH
DEBUG    selenium.webdriver.common.selenium_manager:selenium_manager.py:140 firefox detected at /usr/bin/firefox
DEBUG    selenium.webdriver.common.selenium_manager:selenium_manager.py:140 Running command: /usr/bin/firefox -v
DEBUG    selenium.webdriver.common.selenium_manager:selenium_manager.py:140 Output: "Mozilla Firefox 132.0"
DEBUG    selenium.webdriver.common.selenium_manager:selenium_manager.py:140 Detected browser: firefox 132.0
DEBUG    selenium.webdriver.common.selenium_manager:selenium_manager.py:140 Required driver: geckodriver 0.35.0
DEBUG    selenium.webdriver.common.selenium_manager:selenium_manager.py:140 geckodriver 0.35.0 already in the cache
DEBUG    selenium.webdriver.common.selenium_manager:selenium_manager.py:140 Driver path: /home/stinger/.cache/selenium/geckodriver/linux64/0.35.0/geckodriver
DEBUG    selenium.webdriver.common.selenium_manager:selenium_manager.py:140 Browser path: /usr/bin/firefox
DEBUG    selenium.webdriver.common.service:service.py:225 Started executable: `/home/stinger/.cache/selenium/geckodriver/linux64/0.35.0/geckodriver` in a child process with pid: 531160 using 0 to output -3
DEBUG    selenium.webdriver.remote.remote_connection:remote_connection.py:375 POST http://localhost:56397/session {'capabilities': {'firstMatch': [{}], 'alwaysMatch': {'browserName': 'firefox', 'acceptInsecureCerts': True, 'moz:debuggerAddress': True, 'pageLoadStrategy': <PageLoadStrategy.normal: 'normal'>, 'browserVersion': None, 'moz:firefoxOptions': {'binary': '/usr/bin/firefox', 'prefs': {'remote.active-protocols': 3}}}}}
DEBUG    urllib3.connectionpool:connectionpool.py:243 Starting new HTTP connection (1): localhost:56397
DEBUG    urllib3.connectionpool:connectionpool.py:546 http://localhost:56397 "POST /session HTTP/11" 200 0
DEBUG    selenium.webdriver.remote.remote_connection:remote_connection.py:408 Remote response: status=200 | data={"value":{"sessionId":"aadac13e-0c56-4a3e-ab11-1dc61cf55c04","capabilities":{"acceptInsecureCerts":true,"browserName":"firefox","browserVersion":"132.0","moz:accessibilityChecks":false,"moz:buildID":"20241028140738","moz:debuggerAddress":"127.0.0.1:49689","moz:geckodriverVersion":"0.35.0","moz:headless":false,"moz:platformVersion":"6.11.5-arch1-1","moz:processID":531167,"moz:profile":"/tmp/rust_mozprofileiYATWS","moz:shutdownTimeout":60000,"moz:webdriverClick":true,"moz:windowless":false,"pageLoadStrategy":"normal","platformName":"linux","proxy":{},"setWindowRect":true,"strictFileInteractability":false,"timeouts":{"implicit":0,"pageLoad":300000,"script":30000},"unhandledPromptBehavior":"dismiss and notify","userAgent":"Mozilla/5.0 (X11; Linux x86_64; rv:132.0) Gecko/20100101 Firefox/132.0"}}} | headers=HTTPHeaderDict({'content-type': 'application/json; charset=utf-8', 'cache-control': 'no-cache', 'content-length': '803', 'date': 'Mon, 04 Nov 2024 00:00:18 GMT'})
DEBUG    selenium.webdriver.remote.remote_connection:remote_connection.py:437 Finished Request
DEBUG    selenium.webdriver.remote.remote_connection:remote_connection.py:375 POST http://localhost:56397/session/aadac13e-0c56-4a3e-ab11-1dc61cf55c04/timeouts {'implicit': 10000}
DEBUG    urllib3.connectionpool:connectionpool.py:546 http://localhost:56397 "POST /session/aadac13e-0c56-4a3e-ab11-1dc61cf55c04/timeouts HTTP/11" 200 0
DEBUG    selenium.webdriver.remote.remote_connection:remote_connection.py:408 Remote response: status=200 | data={"value":null} | headers=HTTPHeaderDict({'content-type': 'application/json; charset=utf-8', 'cache-control': 'no-cache', 'content-length': '14', 'date': 'Mon, 04 Nov 2024 00:00:20 GMT'})
DEBUG    selenium.webdriver.remote.remote_connection:remote_connection.py:437 Finished Request
INFO     tests.ui.pages:pages.py:58 Created POM: LogInPage
DEBUG    util.admin.admin_api:admin_api.py:33 Creating user: {'firstName': 'John', 'lastName': 'Green', 'email': 'john.green@mail.com', 'password': '1234567890'}
DEBUG    urllib3.connectionpool:connectionpool.py:1051 Starting new HTTPS connection (1): thinking-tester-contact-list.herokuapp.com:443
DEBUG    urllib3.connectionpool:connectionpool.py:546 https://thinking-tester-contact-list.herokuapp.com:443 "POST /users HTTP/11" 201 279
DEBUG    util.admin.admin_api:admin_api.py:39 Created user and received token: eyJhbGciOiJIUzI1NiIsInR5cCI6IkpXVCJ9.eyJfaWQiOiI2NzI4MGU5NWQxMjg2YjAwMTMyMmNhZDIiLCJpYXQiOjE3MzA2Nzg0MjF9.EiRYL1omXVphHLLU6ASjlEavYlOreW4HC-oumW6S4Bk
INFO     tests.conftest:conftest.py:56 Created registered user
DEBUG    selenium.webdriver.remote.remote_connection:remote_connection.py:375 POST http://localhost:56397/session/aadac13e-0c56-4a3e-ab11-1dc61cf55c04/url {'url': 'https://thinking-tester-contact-list.herokuapp.com/login'}
DEBUG    urllib3.connectionpool:connectionpool.py:546 http://localhost:56397 "POST /session/aadac13e-0c56-4a3e-ab11-1dc61cf55c04/url HTTP/11" 200 0
DEBUG    selenium.webdriver.remote.remote_connection:remote_connection.py:408 Remote response: status=200 | data={"value":null} | headers=HTTPHeaderDict({'content-type': 'application/json; charset=utf-8', 'cache-control': 'no-cache', 'content-length': '14', 'date': 'Mon, 04 Nov 2024 00:00:20 GMT'})
DEBUG    selenium.webdriver.remote.remote_connection:remote_connection.py:437 Finished Request
INFO     tests.ui.pages:pages.py:27 Opened page
DEBUG    selenium.webdriver.remote.remote_connection:remote_connection.py:375 POST http://localhost:56397/session/aadac13e-0c56-4a3e-ab11-1dc61cf55c04/element {'using': 'css selector', 'value': '[id="email"]'}
DEBUG    urllib3.connectionpool:connectionpool.py:546 http://localhost:56397 "POST /session/aadac13e-0c56-4a3e-ab11-1dc61cf55c04/element HTTP/11" 200 0
DEBUG    selenium.webdriver.remote.remote_connection:remote_connection.py:408 Remote response: status=200 | data={"value":{"element-6066-11e4-a52e-4f735466cecf":"da929f77-fb69-43e6-ab2c-0c9eefa3b58e"}} | headers=HTTPHeaderDict({'content-type': 'application/json; charset=utf-8', 'cache-control': 'no-cache', 'content-length': '88', 'date': 'Mon, 04 Nov 2024 00:00:23 GMT'})
DEBUG    selenium.webdriver.remote.remote_connection:remote_connection.py:437 Finished Request
DEBUG    selenium.webdriver.remote.remote_connection:remote_connection.py:375 POST http://localhost:56397/session/aadac13e-0c56-4a3e-ab11-1dc61cf55c04/element/da929f77-fb69-43e6-ab2c-0c9eefa3b58e/value {'text': 'john.green@mail.com', 'value': ['j', 'o', 'h', 'n', '.', 'g', 'r', 'e', 'e', 'n', '@', 'm', 'a', 'i', 'l', '.', 'c', 'o', 'm']}
DEBUG    urllib3.connectionpool:connectionpool.py:546 http://localhost:56397 "POST /session/aadac13e-0c56-4a3e-ab11-1dc61cf55c04/element/da929f77-fb69-43e6-ab2c-0c9eefa3b58e/value HTTP/11" 200 0
DEBUG    selenium.webdriver.remote.remote_connection:remote_connection.py:408 Remote response: status=200 | data={"value":null} | headers=HTTPHeaderDict({'content-type': 'application/json; charset=utf-8', 'cache-control': 'no-cache', 'content-length': '14', 'date': 'Mon, 04 Nov 2024 00:00:23 GMT'})
DEBUG    selenium.webdriver.remote.remote_connection:remote_connection.py:437 Finished Request
INFO     tests.ui.pages:pages.py:62 Entered email
DEBUG    selenium.webdriver.remote.remote_connection:remote_connection.py:375 POST http://localhost:56397/session/aadac13e-0c56-4a3e-ab11-1dc61cf55c04/element {'using': 'css selector', 'value': '[id="password"]'}
DEBUG    urllib3.connectionpool:connectionpool.py:546 http://localhost:56397 "POST /session/aadac13e-0c56-4a3e-ab11-1dc61cf55c04/element HTTP/11" 200 0
DEBUG    selenium.webdriver.remote.remote_connection:remote_connection.py:408 Remote response: status=200 | data={"value":{"element-6066-11e4-a52e-4f735466cecf":"59463647-ff36-4481-b784-50e84e7df16a"}} | headers=HTTPHeaderDict({'content-type': 'application/json; charset=utf-8', 'cache-control': 'no-cache', 'content-length': '88', 'date': 'Mon, 04 Nov 2024 00:00:23 GMT'})
DEBUG    selenium.webdriver.remote.remote_connection:remote_connection.py:437 Finished Request
DEBUG    selenium.webdriver.remote.remote_connection:remote_connection.py:375 POST http://localhost:56397/session/aadac13e-0c56-4a3e-ab11-1dc61cf55c04/element/59463647-ff36-4481-b784-50e84e7df16a/value {'text': '1234567890', 'value': ['1', '2', '3', '4', '5', '6', '7', '8', '9', '0']}
DEBUG    urllib3.connectionpool:connectionpool.py:546 http://localhost:56397 "POST /session/aadac13e-0c56-4a3e-ab11-1dc61cf55c04/element/59463647-ff36-4481-b784-50e84e7df16a/value HTTP/11" 200 0
DEBUG    selenium.webdriver.remote.remote_connection:remote_connection.py:408 Remote response: status=200 | data={"value":null} | headers=HTTPHeaderDict({'content-type': 'application/json; charset=utf-8', 'cache-control': 'no-cache', 'content-length': '14', 'date': 'Mon, 04 Nov 2024 00:00:23 GMT'})
DEBUG    selenium.webdriver.remote.remote_connection:remote_connection.py:437 Finished Request
INFO     tests.ui.pages:pages.py:66 Entered password
DEBUG    selenium.webdriver.remote.remote_connection:remote_connection.py:375 POST http://localhost:56397/session/aadac13e-0c56-4a3e-ab11-1dc61cf55c04/element {'using': 'css selector', 'value': '[id="submit"]'}
DEBUG    urllib3.connectionpool:connectionpool.py:546 http://localhost:56397 "POST /session/aadac13e-0c56-4a3e-ab11-1dc61cf55c04/element HTTP/11" 200 0
DEBUG    selenium.webdriver.remote.remote_connection:remote_connection.py:408 Remote response: status=200 | data={"value":{"element-6066-11e4-a52e-4f735466cecf":"1a9f902a-8aaa-4bc2-a97e-3c9c293ffae7"}} | headers=HTTPHeaderDict({'content-type': 'application/json; charset=utf-8', 'cache-control': 'no-cache', 'content-length': '88', 'date': 'Mon, 04 Nov 2024 00:00:23 GMT'})
DEBUG    selenium.webdriver.remote.remote_connection:remote_connection.py:437 Finished Request
DEBUG    selenium.webdriver.remote.remote_connection:remote_connection.py:375 POST http://localhost:56397/session/aadac13e-0c56-4a3e-ab11-1dc61cf55c04/element/1a9f902a-8aaa-4bc2-a97e-3c9c293ffae7/click {}
DEBUG    urllib3.connectionpool:connectionpool.py:546 http://localhost:56397 "POST /session/aadac13e-0c56-4a3e-ab11-1dc61cf55c04/element/1a9f902a-8aaa-4bc2-a97e-3c9c293ffae7/click HTTP/11" 200 0
DEBUG    selenium.webdriver.remote.remote_connection:remote_connection.py:408 Remote response: status=200 | data={"value":null} | headers=HTTPHeaderDict({'content-type': 'application/json; charset=utf-8', 'cache-control': 'no-cache', 'content-length': '14', 'date': 'Mon, 04 Nov 2024 00:00:23 GMT'})
DEBUG    selenium.webdriver.remote.remote_connection:remote_connection.py:437 Finished Request
INFO     tests.ui.pages:pages.py:70 Clicked on Log In button
INFO     tests.ui.pages:pages.py:124 Created POM: ContactListPage
DEBUG    selenium.webdriver.remote.remote_connection:remote_connection.py:375 POST http://localhost:56397/session/aadac13e-0c56-4a3e-ab11-1dc61cf55c04/element {'using': 'css selector', 'value': '[id="add-contact"]'}
DEBUG    urllib3.connectionpool:connectionpool.py:546 http://localhost:56397 "POST /session/aadac13e-0c56-4a3e-ab11-1dc61cf55c04/element HTTP/11" 200 0
DEBUG    selenium.webdriver.remote.remote_connection:remote_connection.py:408 Remote response: status=200 | data={"value":{"element-6066-11e4-a52e-4f735466cecf":"72f22fbf-8a19-4444-be4f-17466a1d7b63"}} | headers=HTTPHeaderDict({'content-type': 'application/json; charset=utf-8', 'cache-control': 'no-cache', 'content-length': '88', 'date': 'Mon, 04 Nov 2024 00:00:23 GMT'})
DEBUG    selenium.webdriver.remote.remote_connection:remote_connection.py:437 Finished Request
DEBUG    selenium.webdriver.remote.remote_connection:remote_connection.py:375 POST http://localhost:56397/session/aadac13e-0c56-4a3e-ab11-1dc61cf55c04/element/72f22fbf-8a19-4444-be4f-17466a1d7b63/click {}
DEBUG    urllib3.connectionpool:connectionpool.py:546 http://localhost:56397 "POST /session/aadac13e-0c56-4a3e-ab11-1dc61cf55c04/element/72f22fbf-8a19-4444-be4f-17466a1d7b63/click HTTP/11" 200 0
DEBUG    selenium.webdriver.remote.remote_connection:remote_connection.py:408 Remote response: status=200 | data={"value":null} | headers=HTTPHeaderDict({'content-type': 'application/json; charset=utf-8', 'cache-control': 'no-cache', 'content-length': '14', 'date': 'Mon, 04 Nov 2024 00:00:23 GMT'})
DEBUG    selenium.webdriver.remote.remote_connection:remote_connection.py:437 Finished Request
INFO     tests.ui.pages:pages.py:143 Clicked on Add a New Contact button
INFO     tests.ui.pages:pages.py:155 Created POM: AddContactPage
DEBUG    selenium.webdriver.remote.remote_connection:remote_connection.py:375 POST http://localhost:56397/session/aadac13e-0c56-4a3e-ab11-1dc61cf55c04/element {'using': 'css selector', 'value': '[id="firstName"]'}
DEBUG    urllib3.connectionpool:connectionpool.py:546 http://localhost:56397 "POST /session/aadac13e-0c56-4a3e-ab11-1dc61cf55c04/element HTTP/11" 404 0
DEBUG    selenium.webdriver.remote.remote_connection:remote_connection.py:408 Remote response: status=404 | data={"value":{"error":"no such element","message":"Unable to locate element: [id=\"firstName\"]","stacktrace":"RemoteError@chrome://remote/content/shared/RemoteError.sys.mjs:8:8\nWebDriverError@chrome://remote/content/shared/webdriver/Errors.sys.mjs:193:5\nNoSuchElementError@chrome://remote/content/shared/webdriver/Errors.sys.mjs:511:5\ndom.find/</<@chrome://remote/content/shared/DOM.sys.mjs:136:16\n"}} | headers=HTTPHeaderDict({'content-type': 'application/json; charset=utf-8', 'cache-control': 'no-cache', 'content-length': '402', 'date': 'Mon, 04 Nov 2024 00:00:24 GMT'})
DEBUG    selenium.webdriver.remote.remote_connection:remote_connection.py:437 Finished Request
DEBUG    util.admin.admin_api:admin_api.py:77 Deleting user with token: eyJhbGciOiJIUzI1NiIsInR5cCI6IkpXVCJ9.eyJfaWQiOiI2NzI4MGU5NWQxMjg2YjAwMTMyMmNhZDIiLCJpYXQiOjE3MzA2Nzg0MjF9.EiRYL1omXVphHLLU6ASjlEavYlOreW4HC-oumW6S4Bk
DEBUG    urllib3.connectionpool:connectionpool.py:1051 Starting new HTTPS connection (1): thinking-tester-contact-list.herokuapp.com:443
DEBUG    urllib3.connectionpool:connectionpool.py:546 https://thinking-tester-contact-list.herokuapp.com:443 "DELETE /users/me HTTP/11" 200 0
DEBUG    util.admin.admin_api:admin_api.py:83 User deleted
INFO     tests.conftest:conftest.py:60 Deleted registered user
DEBUG    selenium.webdriver.remote.remote_connection:remote_connection.py:375 DELETE http://localhost:56397/session/aadac13e-0c56-4a3e-ab11-1dc61cf55c04 {}
DEBUG    urllib3.connectionpool:connectionpool.py:546 http://localhost:56397 "DELETE /session/aadac13e-0c56-4a3e-ab11-1dc61cf55c04 HTTP/11" 200 0
DEBUG    selenium.webdriver.remote.remote_connection:remote_connection.py:408 Remote response: status=200 | data={"value":null} | headers=HTTPHeaderDict({'content-type': 'application/json; charset=utf-8', 'cache-control': 'no-cache', 'content-length': '14', 'date': 'Mon, 04 Nov 2024 00:00:34 GMT'})
DEBUG    selenium.webdriver.remote.remote_connection:remote_connection.py:437 Finished Request
DEBUG    selenium.webdriver.common.selenium_manager:selenium_manager.py:101 Selenium Manager binary found at: /home/stinger/Development/itspl-task/.venv/lib/python3.12/site-packages/selenium/webdriver/common/linux/selenium-manager
DEBUG    selenium.webdriver.common.selenium_manager:selenium_manager.py:114 Executing process: /home/stinger/Development/itspl-task/.venv/lib/python3.12/site-packages/selenium/webdriver/common/linux/selenium-manager --browser chrome --debug --language-binding python --output json
DEBUG    selenium.webdriver.common.selenium_manager:selenium_manager.py:140 Found chromedriver 130.0.6723.91 in PATH: /usr/bin/chromedriver
DEBUG    selenium.webdriver.common.selenium_manager:selenium_manager.py:140 Found chromium in PATH: /usr/bin/chromium
DEBUG    selenium.webdriver.common.selenium_manager:selenium_manager.py:140 Running command: /usr/bin/chromium --version
DEBUG    selenium.webdriver.common.selenium_manager:selenium_manager.py:140 Output: "Chromium 130.0.6723.91 Arch Linux"
DEBUG    selenium.webdriver.common.selenium_manager:selenium_manager.py:140 Detected browser: chrome 130.0.6723.91
DEBUG    selenium.webdriver.common.selenium_manager:selenium_manager.py:140 Required driver: chromedriver 130.0.6723.91
DEBUG    selenium.webdriver.common.selenium_manager:selenium_manager.py:140 Driver path: /usr/bin/chromedriver
DEBUG    selenium.webdriver.common.selenium_manager:selenium_manager.py:140 Browser path: /usr/bin/chromium
DEBUG    selenium.webdriver.common.service:service.py:225 Started executable: `/usr/bin/chromedriver` in a child process with pid: 531737 using 0 to output -3
DEBUG    selenium.webdriver.remote.remote_connection:remote_connection.py:375 POST http://localhost:59289/session {'capabilities': {'firstMatch': [{}], 'alwaysMatch': {'browserName': 'chrome', 'pageLoadStrategy': <PageLoadStrategy.normal: 'normal'>, 'browserVersion': None, 'goog:chromeOptions': {'extensions': [], 'binary': '/usr/bin/chromium', 'args': []}}}}
DEBUG    urllib3.connectionpool:connectionpool.py:243 Starting new HTTP connection (1): localhost:59289
DEBUG    urllib3.connectionpool:connectionpool.py:546 http://localhost:59289 "POST /session HTTP/11" 200 0
DEBUG    selenium.webdriver.remote.remote_connection:remote_connection.py:408 Remote response: status=200 | data={"value":{"capabilities":{"acceptInsecureCerts":false,"browserName":"chrome","browserVersion":"130.0.6723.91","chrome":{"chromedriverVersion":"130.0.6723.91 (53ac076783696778ecc8f360ea31765c29c240ad-refs/branch-heads/6723@{#1517})","userDataDir":"/tmp/.org.chromium.Chromium.8FiR8e"},"fedcm:accounts":true,"goog:chromeOptions":{"debuggerAddress":"localhost:33989"},"networkConnectionEnabled":false,"pageLoadStrategy":"normal","platformName":"linux","proxy":{},"setWindowRect":true,"strictFileInteractability":false,"timeouts":{"implicit":0,"pageLoad":300000,"script":30000},"unhandledPromptBehavior":"dismiss and notify","webauthn:extension:credBlob":true,"webauthn:extension:largeBlob":true,"webauthn:extension:minPinLength":true,"webauthn:extension:prf":true,"webauthn:virtualAuthenticators":true},"sessionId":"d2c60fa3fc6b87aaab790d3770716925"}} | headers=HTTPHeaderDict({'Content-Length': '848', 'Content-Type': 'application/json; charset=utf-8', 'cache-control': 'no-cache'})
DEBUG    selenium.webdriver.remote.remote_connection:remote_connection.py:437 Finished Request
DEBUG    selenium.webdriver.remote.remote_connection:remote_connection.py:375 POST http://localhost:59289/session/d2c60fa3fc6b87aaab790d3770716925/timeouts {'implicit': 10000}
DEBUG    urllib3.connectionpool:connectionpool.py:546 http://localhost:59289 "POST /session/d2c60fa3fc6b87aaab790d3770716925/timeouts HTTP/11" 200 0
DEBUG    selenium.webdriver.remote.remote_connection:remote_connection.py:408 Remote response: status=200 | data={"value":null} | headers=HTTPHeaderDict({'Content-Length': '14', 'Content-Type': 'application/json; charset=utf-8', 'cache-control': 'no-cache'})
DEBUG    selenium.webdriver.remote.remote_connection:remote_connection.py:437 Finished Request
INFO     tests.ui.pages:pages.py:58 Created POM: LogInPage
DEBUG    util.admin.admin_api:admin_api.py:33 Creating user: {'firstName': 'John', 'lastName': 'Green', 'email': 'john.green@mail.com', 'password': '1234567890'}
DEBUG    urllib3.connectionpool:connectionpool.py:1051 Starting new HTTPS connection (1): thinking-tester-contact-list.herokuapp.com:443
DEBUG    urllib3.connectionpool:connectionpool.py:546 https://thinking-tester-contact-list.herokuapp.com:443 "POST /users HTTP/11" 201 279
DEBUG    util.admin.admin_api:admin_api.py:39 Created user and received token: eyJhbGciOiJIUzI1NiIsInR5cCI6IkpXVCJ9.eyJfaWQiOiI2NzI4MGVhNWQxMjg2YjAwMTMyMmNhZDUiLCJpYXQiOjE3MzA2Nzg0Mzd9.JZ4YzJ4rEdBpv-m2OnxY4gEypNu71NO9Uq-bkV6CZ6U
INFO     tests.conftest:conftest.py:56 Created registered user
DEBUG    selenium.webdriver.remote.remote_connection:remote_connection.py:375 POST http://localhost:59289/session/d2c60fa3fc6b87aaab790d3770716925/url {'url': 'https://thinking-tester-contact-list.herokuapp.com/login'}
DEBUG    urllib3.connectionpool:connectionpool.py:546 http://localhost:59289 "POST /session/d2c60fa3fc6b87aaab790d3770716925/url HTTP/11" 200 0
DEBUG    selenium.webdriver.remote.remote_connection:remote_connection.py:408 Remote response: status=200 | data={"value":null} | headers=HTTPHeaderDict({'Content-Length': '14', 'Content-Type': 'application/json; charset=utf-8', 'cache-control': 'no-cache'})
DEBUG    selenium.webdriver.remote.remote_connection:remote_connection.py:437 Finished Request
INFO     tests.ui.pages:pages.py:27 Opened page
DEBUG    selenium.webdriver.remote.remote_connection:remote_connection.py:375 POST http://localhost:59289/session/d2c60fa3fc6b87aaab790d3770716925/element {'using': 'css selector', 'value': '[id="email"]'}
DEBUG    urllib3.connectionpool:connectionpool.py:546 http://localhost:59289 "POST /session/d2c60fa3fc6b87aaab790d3770716925/element HTTP/11" 200 0
DEBUG    selenium.webdriver.remote.remote_connection:remote_connection.py:408 Remote response: status=200 | data={"value":{"element-6066-11e4-a52e-4f735466cecf":"f.ECB07448ABD22885B0354EBA628EC49E.d.328539B148E9B98AACAC89C1A5BBB1EA.e.4"}} | headers=HTTPHeaderDict({'Content-Length': '125', 'Content-Type': 'application/json; charset=utf-8', 'cache-control': 'no-cache'})
DEBUG    selenium.webdriver.remote.remote_connection:remote_connection.py:437 Finished Request
DEBUG    selenium.webdriver.remote.remote_connection:remote_connection.py:375 POST http://localhost:59289/session/d2c60fa3fc6b87aaab790d3770716925/element/f.ECB07448ABD22885B0354EBA628EC49E.d.328539B148E9B98AACAC89C1A5BBB1EA.e.4/value {'text': 'john.green@mail.com', 'value': ['j', 'o', 'h', 'n', '.', 'g', 'r', 'e', 'e', 'n', '@', 'm', 'a', 'i', 'l', '.', 'c', 'o', 'm']}
DEBUG    urllib3.connectionpool:connectionpool.py:546 http://localhost:59289 "POST /session/d2c60fa3fc6b87aaab790d3770716925/element/f.ECB07448ABD22885B0354EBA628EC49E.d.328539B148E9B98AACAC89C1A5BBB1EA.e.4/value HTTP/11" 200 0
DEBUG    selenium.webdriver.remote.remote_connection:remote_connection.py:408 Remote response: status=200 | data={"value":null} | headers=HTTPHeaderDict({'Content-Length': '14', 'Content-Type': 'application/json; charset=utf-8', 'cache-control': 'no-cache'})
DEBUG    selenium.webdriver.remote.remote_connection:remote_connection.py:437 Finished Request
INFO     tests.ui.pages:pages.py:62 Entered email
DEBUG    selenium.webdriver.remote.remote_connection:remote_connection.py:375 POST http://localhost:59289/session/d2c60fa3fc6b87aaab790d3770716925/element {'using': 'css selector', 'value': '[id="password"]'}
DEBUG    urllib3.connectionpool:connectionpool.py:546 http://localhost:59289 "POST /session/d2c60fa3fc6b87aaab790d3770716925/element HTTP/11" 200 0
DEBUG    selenium.webdriver.remote.remote_connection:remote_connection.py:408 Remote response: status=200 | data={"value":{"element-6066-11e4-a52e-4f735466cecf":"f.ECB07448ABD22885B0354EBA628EC49E.d.328539B148E9B98AACAC89C1A5BBB1EA.e.6"}} | headers=HTTPHeaderDict({'Content-Length': '125', 'Content-Type': 'application/json; charset=utf-8', 'cache-control': 'no-cache'})
DEBUG    selenium.webdriver.remote.remote_connection:remote_connection.py:437 Finished Request
DEBUG    selenium.webdriver.remote.remote_connection:remote_connection.py:375 POST http://localhost:59289/session/d2c60fa3fc6b87aaab790d3770716925/element/f.ECB07448ABD22885B0354EBA628EC49E.d.328539B148E9B98AACAC89C1A5BBB1EA.e.6/value {'text': '1234567890', 'value': ['1', '2', '3', '4', '5', '6', '7', '8', '9', '0']}
DEBUG    urllib3.connectionpool:connectionpool.py:546 http://localhost:59289 "POST /session/d2c60fa3fc6b87aaab790d3770716925/element/f.ECB07448ABD22885B0354EBA628EC49E.d.328539B148E9B98AACAC89C1A5BBB1EA.e.6/value HTTP/11" 200 0
DEBUG    selenium.webdriver.remote.remote_connection:remote_connection.py:408 Remote response: status=200 | data={"value":null} | headers=HTTPHeaderDict({'Content-Length': '14', 'Content-Type': 'application/json; charset=utf-8', 'cache-control': 'no-cache'})
DEBUG    selenium.webdriver.remote.remote_connection:remote_connection.py:437 Finished Request
INFO     tests.ui.pages:pages.py:66 Entered password
DEBUG    selenium.webdriver.remote.remote_connection:remote_connection.py:375 POST http://localhost:59289/session/d2c60fa3fc6b87aaab790d3770716925/element {'using': 'css selector', 'value': '[id="submit"]'}
DEBUG    urllib3.connectionpool:connectionpool.py:546 http://localhost:59289 "POST /session/d2c60fa3fc6b87aaab790d3770716925/element HTTP/11" 200 0
DEBUG    selenium.webdriver.remote.remote_connection:remote_connection.py:408 Remote response: status=200 | data={"value":{"element-6066-11e4-a52e-4f735466cecf":"f.ECB07448ABD22885B0354EBA628EC49E.d.328539B148E9B98AACAC89C1A5BBB1EA.e.7"}} | headers=HTTPHeaderDict({'Content-Length': '125', 'Content-Type': 'application/json; charset=utf-8', 'cache-control': 'no-cache'})
DEBUG    selenium.webdriver.remote.remote_connection:remote_connection.py:437 Finished Request
DEBUG    selenium.webdriver.remote.remote_connection:remote_connection.py:375 POST http://localhost:59289/session/d2c60fa3fc6b87aaab790d3770716925/element/f.ECB07448ABD22885B0354EBA628EC49E.d.328539B148E9B98AACAC89C1A5BBB1EA.e.7/click {}
DEBUG    urllib3.connectionpool:connectionpool.py:546 http://localhost:59289 "POST /session/d2c60fa3fc6b87aaab790d3770716925/element/f.ECB07448ABD22885B0354EBA628EC49E.d.328539B148E9B98AACAC89C1A5BBB1EA.e.7/click HTTP/11" 200 0
DEBUG    selenium.webdriver.remote.remote_connection:remote_connection.py:408 Remote response: status=200 | data={"value":null} | headers=HTTPHeaderDict({'Content-Length': '14', 'Content-Type': 'application/json; charset=utf-8', 'cache-control': 'no-cache'})
DEBUG    selenium.webdriver.remote.remote_connection:remote_connection.py:437 Finished Request
INFO     tests.ui.pages:pages.py:70 Clicked on Log In button
INFO     tests.ui.pages:pages.py:124 Created POM: ContactListPage
DEBUG    selenium.webdriver.remote.remote_connection:remote_connection.py:375 GET http://localhost:59289/session/d2c60fa3fc6b87aaab790d3770716925/url {}
DEBUG    urllib3.connectionpool:connectionpool.py:546 http://localhost:59289 "GET /session/d2c60fa3fc6b87aaab790d3770716925/url HTTP/11" 200 0
DEBUG    selenium.webdriver.remote.remote_connection:remote_connection.py:408 Remote response: status=200 | data={"value":"https://thinking-tester-contact-list.herokuapp.com/login"} | headers=HTTPHeaderDict({'Content-Length': '68', 'Content-Type': 'application/json; charset=utf-8', 'cache-control': 'no-cache'})
DEBUG    selenium.webdriver.remote.remote_connection:remote_connection.py:437 Finished Request
DEBUG    selenium.webdriver.remote.remote_connection:remote_connection.py:375 GET http://localhost:59289/session/d2c60fa3fc6b87aaab790d3770716925/url {}
DEBUG    urllib3.connectionpool:connectionpool.py:546 http://localhost:59289 "GET /session/d2c60fa3fc6b87aaab790d3770716925/url HTTP/11" 200 0
DEBUG    selenium.webdriver.remote.remote_connection:remote_connection.py:408 Remote response: status=200 | data={"value":"https://thinking-tester-contact-list.herokuapp.com/contactList"} | headers=HTTPHeaderDict({'Content-Length': '74', 'Content-Type': 'application/json; charset=utf-8', 'cache-control': 'no-cache'})
DEBUG    selenium.webdriver.remote.remote_connection:remote_connection.py:437 Finished Request
DEBUG    util.admin.admin_api:admin_api.py:77 Deleting user with token: eyJhbGciOiJIUzI1NiIsInR5cCI6IkpXVCJ9.eyJfaWQiOiI2NzI4MGVhNWQxMjg2YjAwMTMyMmNhZDUiLCJpYXQiOjE3MzA2Nzg0Mzd9.JZ4YzJ4rEdBpv-m2OnxY4gEypNu71NO9Uq-bkV6CZ6U
DEBUG    urllib3.connectionpool:connectionpool.py:1051 Starting new HTTPS connection (1): thinking-tester-contact-list.herokuapp.com:443
DEBUG    urllib3.connectionpool:connectionpool.py:546 https://thinking-tester-contact-list.herokuapp.com:443 "DELETE /users/me HTTP/11" 200 0
DEBUG    util.admin.admin_api:admin_api.py:83 User deleted
INFO     tests.conftest:conftest.py:60 Deleted registered user
DEBUG    selenium.webdriver.remote.remote_connection:remote_connection.py:375 DELETE http://localhost:59289/session/d2c60fa3fc6b87aaab790d3770716925 {}
DEBUG    urllib3.connectionpool:connectionpool.py:546 http://localhost:59289 "DELETE /session/d2c60fa3fc6b87aaab790d3770716925 HTTP/11" 200 0
DEBUG    selenium.webdriver.remote.remote_connection:remote_connection.py:408 Remote response: status=200 | data={"value":null} | headers=HTTPHeaderDict({'Content-Length': '14', 'Content-Type': 'application/json; charset=utf-8', 'cache-control': 'no-cache'})
DEBUG    selenium.webdriver.remote.remote_connection:remote_connection.py:437 Finished Request
DEBUG    selenium.webdriver.common.selenium_manager:selenium_manager.py:101 Selenium Manager binary found at: /home/stinger/Development/itspl-task/.venv/lib/python3.12/site-packages/selenium/webdriver/common/linux/selenium-manager
DEBUG    selenium.webdriver.common.selenium_manager:selenium_manager.py:114 Executing process: /home/stinger/Development/itspl-task/.venv/lib/python3.12/site-packages/selenium/webdriver/common/linux/selenium-manager --browser firefox --debug --language-binding python --output json
DEBUG    selenium.webdriver.common.selenium_manager:selenium_manager.py:140 geckodriver not found in PATH
DEBUG    selenium.webdriver.common.selenium_manager:selenium_manager.py:140 firefox detected at /usr/bin/firefox
DEBUG    selenium.webdriver.common.selenium_manager:selenium_manager.py:140 Running command: /usr/bin/firefox -v
DEBUG    selenium.webdriver.common.selenium_manager:selenium_manager.py:140 Output: "Mozilla Firefox 132.0"
DEBUG    selenium.webdriver.common.selenium_manager:selenium_manager.py:140 Detected browser: firefox 132.0
DEBUG    selenium.webdriver.common.selenium_manager:selenium_manager.py:140 Required driver: geckodriver 0.35.0
DEBUG    selenium.webdriver.common.selenium_manager:selenium_manager.py:140 geckodriver 0.35.0 already in the cache
DEBUG    selenium.webdriver.common.selenium_manager:selenium_manager.py:140 Driver path: /home/stinger/.cache/selenium/geckodriver/linux64/0.35.0/geckodriver
DEBUG    selenium.webdriver.common.selenium_manager:selenium_manager.py:140 Browser path: /usr/bin/firefox
DEBUG    selenium.webdriver.common.service:service.py:225 Started executable: `/home/stinger/.cache/selenium/geckodriver/linux64/0.35.0/geckodriver` in a child process with pid: 531958 using 0 to output -3
DEBUG    selenium.webdriver.remote.remote_connection:remote_connection.py:375 POST http://localhost:43073/session {'capabilities': {'firstMatch': [{}], 'alwaysMatch': {'browserName': 'firefox', 'acceptInsecureCerts': True, 'moz:debuggerAddress': True, 'pageLoadStrategy': <PageLoadStrategy.normal: 'normal'>, 'browserVersion': None, 'moz:firefoxOptions': {'binary': '/usr/bin/firefox', 'prefs': {'remote.active-protocols': 3}}}}}
DEBUG    urllib3.connectionpool:connectionpool.py:243 Starting new HTTP connection (1): localhost:43073
DEBUG    urllib3.connectionpool:connectionpool.py:546 http://localhost:43073 "POST /session HTTP/11" 200 0
DEBUG    selenium.webdriver.remote.remote_connection:remote_connection.py:408 Remote response: status=200 | data={"value":{"sessionId":"1f69923c-771a-41e5-b93e-39eafbda8231","capabilities":{"acceptInsecureCerts":true,"browserName":"firefox","browserVersion":"132.0","moz:accessibilityChecks":false,"moz:buildID":"20241028140738","moz:debuggerAddress":"127.0.0.1:38993","moz:geckodriverVersion":"0.35.0","moz:headless":false,"moz:platformVersion":"6.11.5-arch1-1","moz:processID":531965,"moz:profile":"/tmp/rust_mozprofileVpexhi","moz:shutdownTimeout":60000,"moz:webdriverClick":true,"moz:windowless":false,"pageLoadStrategy":"normal","platformName":"linux","proxy":{},"setWindowRect":true,"strictFileInteractability":false,"timeouts":{"implicit":0,"pageLoad":300000,"script":30000},"unhandledPromptBehavior":"dismiss and notify","userAgent":"Mozilla/5.0 (X11; Linux x86_64; rv:132.0) Gecko/20100101 Firefox/132.0"}}} | headers=HTTPHeaderDict({'content-type': 'application/json; charset=utf-8', 'cache-control': 'no-cache', 'content-length': '803', 'date': 'Mon, 04 Nov 2024 00:00:41 GMT'})
DEBUG    selenium.webdriver.remote.remote_connection:remote_connection.py:437 Finished Request
DEBUG    selenium.webdriver.remote.remote_connection:remote_connection.py:375 POST http://localhost:43073/session/1f69923c-771a-41e5-b93e-39eafbda8231/timeouts {'implicit': 10000}
DEBUG    urllib3.connectionpool:connectionpool.py:546 http://localhost:43073 "POST /session/1f69923c-771a-41e5-b93e-39eafbda8231/timeouts HTTP/11" 200 0
DEBUG    selenium.webdriver.remote.remote_connection:remote_connection.py:408 Remote response: status=200 | data={"value":null} | headers=HTTPHeaderDict({'content-type': 'application/json; charset=utf-8', 'cache-control': 'no-cache', 'content-length': '14', 'date': 'Mon, 04 Nov 2024 00:00:42 GMT'})
DEBUG    selenium.webdriver.remote.remote_connection:remote_connection.py:437 Finished Request
INFO     tests.ui.pages:pages.py:58 Created POM: LogInPage
DEBUG    util.admin.admin_api:admin_api.py:33 Creating user: {'firstName': 'John', 'lastName': 'Green', 'email': 'john.green@mail.com', 'password': '1234567890'}
DEBUG    urllib3.connectionpool:connectionpool.py:1051 Starting new HTTPS connection (1): thinking-tester-contact-list.herokuapp.com:443
DEBUG    urllib3.connectionpool:connectionpool.py:546 https://thinking-tester-contact-list.herokuapp.com:443 "POST /users HTTP/11" 201 279
DEBUG    util.admin.admin_api:admin_api.py:39 Created user and received token: eyJhbGciOiJIUzI1NiIsInR5cCI6IkpXVCJ9.eyJfaWQiOiI2NzI4MGVhYmQxMjg2YjAwMTMyMmNhZDciLCJpYXQiOjE3MzA2Nzg0NDN9._IBPk46pTFM5sfyUULNc55OzDYbdQGOcWQDmqaGiCDM
INFO     tests.conftest:conftest.py:56 Created registered user
DEBUG    selenium.webdriver.remote.remote_connection:remote_connection.py:375 POST http://localhost:43073/session/1f69923c-771a-41e5-b93e-39eafbda8231/url {'url': 'https://thinking-tester-contact-list.herokuapp.com/login'}
DEBUG    urllib3.connectionpool:connectionpool.py:546 http://localhost:43073 "POST /session/1f69923c-771a-41e5-b93e-39eafbda8231/url HTTP/11" 200 0
DEBUG    selenium.webdriver.remote.remote_connection:remote_connection.py:408 Remote response: status=200 | data={"value":null} | headers=HTTPHeaderDict({'content-type': 'application/json; charset=utf-8', 'cache-control': 'no-cache', 'content-length': '14', 'date': 'Mon, 04 Nov 2024 00:00:42 GMT'})
DEBUG    selenium.webdriver.remote.remote_connection:remote_connection.py:437 Finished Request
INFO     tests.ui.pages:pages.py:27 Opened page
DEBUG    selenium.webdriver.remote.remote_connection:remote_connection.py:375 POST http://localhost:43073/session/1f69923c-771a-41e5-b93e-39eafbda8231/element {'using': 'css selector', 'value': '[id="email"]'}
DEBUG    urllib3.connectionpool:connectionpool.py:546 http://localhost:43073 "POST /session/1f69923c-771a-41e5-b93e-39eafbda8231/element HTTP/11" 200 0
DEBUG    selenium.webdriver.remote.remote_connection:remote_connection.py:408 Remote response: status=200 | data={"value":{"element-6066-11e4-a52e-4f735466cecf":"6e871818-6157-4510-a89a-5fe4ec163635"}} | headers=HTTPHeaderDict({'content-type': 'application/json; charset=utf-8', 'cache-control': 'no-cache', 'content-length': '88', 'date': 'Mon, 04 Nov 2024 00:00:44 GMT'})
DEBUG    selenium.webdriver.remote.remote_connection:remote_connection.py:437 Finished Request
DEBUG    selenium.webdriver.remote.remote_connection:remote_connection.py:375 POST http://localhost:43073/session/1f69923c-771a-41e5-b93e-39eafbda8231/element/6e871818-6157-4510-a89a-5fe4ec163635/value {'text': 'john.green@mail.com', 'value': ['j', 'o', 'h', 'n', '.', 'g', 'r', 'e', 'e', 'n', '@', 'm', 'a', 'i', 'l', '.', 'c', 'o', 'm']}
DEBUG    urllib3.connectionpool:connectionpool.py:546 http://localhost:43073 "POST /session/1f69923c-771a-41e5-b93e-39eafbda8231/element/6e871818-6157-4510-a89a-5fe4ec163635/value HTTP/11" 200 0
DEBUG    selenium.webdriver.remote.remote_connection:remote_connection.py:408 Remote response: status=200 | data={"value":null} | headers=HTTPHeaderDict({'content-type': 'application/json; charset=utf-8', 'cache-control': 'no-cache', 'content-length': '14', 'date': 'Mon, 04 Nov 2024 00:00:44 GMT'})
DEBUG    selenium.webdriver.remote.remote_connection:remote_connection.py:437 Finished Request
INFO     tests.ui.pages:pages.py:62 Entered email
DEBUG    selenium.webdriver.remote.remote_connection:remote_connection.py:375 POST http://localhost:43073/session/1f69923c-771a-41e5-b93e-39eafbda8231/element {'using': 'css selector', 'value': '[id="password"]'}
DEBUG    urllib3.connectionpool:connectionpool.py:546 http://localhost:43073 "POST /session/1f69923c-771a-41e5-b93e-39eafbda8231/element HTTP/11" 200 0
DEBUG    selenium.webdriver.remote.remote_connection:remote_connection.py:408 Remote response: status=200 | data={"value":{"element-6066-11e4-a52e-4f735466cecf":"8a83d597-bc56-4002-a090-010079416bce"}} | headers=HTTPHeaderDict({'content-type': 'application/json; charset=utf-8', 'cache-control': 'no-cache', 'content-length': '88', 'date': 'Mon, 04 Nov 2024 00:00:44 GMT'})
DEBUG    selenium.webdriver.remote.remote_connection:remote_connection.py:437 Finished Request
DEBUG    selenium.webdriver.remote.remote_connection:remote_connection.py:375 POST http://localhost:43073/session/1f69923c-771a-41e5-b93e-39eafbda8231/element/8a83d597-bc56-4002-a090-010079416bce/value {'text': '1234567890', 'value': ['1', '2', '3', '4', '5', '6', '7', '8', '9', '0']}
DEBUG    urllib3.connectionpool:connectionpool.py:546 http://localhost:43073 "POST /session/1f69923c-771a-41e5-b93e-39eafbda8231/element/8a83d597-bc56-4002-a090-010079416bce/value HTTP/11" 200 0
DEBUG    selenium.webdriver.remote.remote_connection:remote_connection.py:408 Remote response: status=200 | data={"value":null} | headers=HTTPHeaderDict({'content-type': 'application/json; charset=utf-8', 'cache-control': 'no-cache', 'content-length': '14', 'date': 'Mon, 04 Nov 2024 00:00:44 GMT'})
DEBUG    selenium.webdriver.remote.remote_connection:remote_connection.py:437 Finished Request
INFO     tests.ui.pages:pages.py:66 Entered password
DEBUG    selenium.webdriver.remote.remote_connection:remote_connection.py:375 POST http://localhost:43073/session/1f69923c-771a-41e5-b93e-39eafbda8231/element {'using': 'css selector', 'value': '[id="submit"]'}
DEBUG    urllib3.connectionpool:connectionpool.py:546 http://localhost:43073 "POST /session/1f69923c-771a-41e5-b93e-39eafbda8231/element HTTP/11" 200 0
DEBUG    selenium.webdriver.remote.remote_connection:remote_connection.py:408 Remote response: status=200 | data={"value":{"element-6066-11e4-a52e-4f735466cecf":"48d9c300-cd89-435e-b016-98fb7c32ec0a"}} | headers=HTTPHeaderDict({'content-type': 'application/json; charset=utf-8', 'cache-control': 'no-cache', 'content-length': '88', 'date': 'Mon, 04 Nov 2024 00:00:44 GMT'})
DEBUG    selenium.webdriver.remote.remote_connection:remote_connection.py:437 Finished Request
DEBUG    selenium.webdriver.remote.remote_connection:remote_connection.py:375 POST http://localhost:43073/session/1f69923c-771a-41e5-b93e-39eafbda8231/element/48d9c300-cd89-435e-b016-98fb7c32ec0a/click {}
DEBUG    urllib3.connectionpool:connectionpool.py:546 http://localhost:43073 "POST /session/1f69923c-771a-41e5-b93e-39eafbda8231/element/48d9c300-cd89-435e-b016-98fb7c32ec0a/click HTTP/11" 200 0
DEBUG    selenium.webdriver.remote.remote_connection:remote_connection.py:408 Remote response: status=200 | data={"value":null} | headers=HTTPHeaderDict({'content-type': 'application/json; charset=utf-8', 'cache-control': 'no-cache', 'content-length': '14', 'date': 'Mon, 04 Nov 2024 00:00:44 GMT'})
DEBUG    selenium.webdriver.remote.remote_connection:remote_connection.py:437 Finished Request
INFO     tests.ui.pages:pages.py:70 Clicked on Log In button
INFO     tests.ui.pages:pages.py:124 Created POM: ContactListPage
DEBUG    selenium.webdriver.remote.remote_connection:remote_connection.py:375 GET http://localhost:43073/session/1f69923c-771a-41e5-b93e-39eafbda8231/url {}
DEBUG    urllib3.connectionpool:connectionpool.py:546 http://localhost:43073 "GET /session/1f69923c-771a-41e5-b93e-39eafbda8231/url HTTP/11" 200 0
DEBUG    selenium.webdriver.remote.remote_connection:remote_connection.py:408 Remote response: status=200 | data={"value":"https://thinking-tester-contact-list.herokuapp.com/contactList"} | headers=HTTPHeaderDict({'content-type': 'application/json; charset=utf-8', 'cache-control': 'no-cache', 'content-length': '74', 'date': 'Mon, 04 Nov 2024 00:00:45 GMT'})
DEBUG    selenium.webdriver.remote.remote_connection:remote_connection.py:437 Finished Request
DEBUG    util.admin.admin_api:admin_api.py:77 Deleting user with token: eyJhbGciOiJIUzI1NiIsInR5cCI6IkpXVCJ9.eyJfaWQiOiI2NzI4MGVhYmQxMjg2YjAwMTMyMmNhZDciLCJpYXQiOjE3MzA2Nzg0NDN9._IBPk46pTFM5sfyUULNc55OzDYbdQGOcWQDmqaGiCDM
DEBUG    urllib3.connectionpool:connectionpool.py:1051 Starting new HTTPS connection (1): thinking-tester-contact-list.herokuapp.com:443
DEBUG    urllib3.connectionpool:connectionpool.py:546 https://thinking-tester-contact-list.herokuapp.com:443 "DELETE /users/me HTTP/11" 200 0
DEBUG    util.admin.admin_api:admin_api.py:83 User deleted
INFO     tests.conftest:conftest.py:60 Deleted registered user
DEBUG    selenium.webdriver.remote.remote_connection:remote_connection.py:375 DELETE http://localhost:43073/session/1f69923c-771a-41e5-b93e-39eafbda8231 {}
DEBUG    urllib3.connectionpool:connectionpool.py:546 http://localhost:43073 "DELETE /session/1f69923c-771a-41e5-b93e-39eafbda8231 HTTP/11" 200 0
DEBUG    selenium.webdriver.remote.remote_connection:remote_connection.py:408 Remote response: status=200 | data={"value":null} | headers=HTTPHeaderDict({'content-type': 'application/json; charset=utf-8', 'cache-control': 'no-cache', 'content-length': '14', 'date': 'Mon, 04 Nov 2024 00:00:47 GMT'})
DEBUG    selenium.webdriver.remote.remote_connection:remote_connection.py:437 Finished Request
DEBUG    selenium.webdriver.common.selenium_manager:selenium_manager.py:101 Selenium Manager binary found at: /home/stinger/Development/itspl-task/.venv/lib/python3.12/site-packages/selenium/webdriver/common/linux/selenium-manager
DEBUG    selenium.webdriver.common.selenium_manager:selenium_manager.py:114 Executing process: /home/stinger/Development/itspl-task/.venv/lib/python3.12/site-packages/selenium/webdriver/common/linux/selenium-manager --browser chrome --debug --language-binding python --output json
DEBUG    selenium.webdriver.common.selenium_manager:selenium_manager.py:140 Found chromedriver 130.0.6723.91 in PATH: /usr/bin/chromedriver
DEBUG    selenium.webdriver.common.selenium_manager:selenium_manager.py:140 Found chromium in PATH: /usr/bin/chromium
DEBUG    selenium.webdriver.common.selenium_manager:selenium_manager.py:140 Running command: /usr/bin/chromium --version
DEBUG    selenium.webdriver.common.selenium_manager:selenium_manager.py:140 Output: "Chromium 130.0.6723.91 Arch Linux"
DEBUG    selenium.webdriver.common.selenium_manager:selenium_manager.py:140 Detected browser: chrome 130.0.6723.91
DEBUG    selenium.webdriver.common.selenium_manager:selenium_manager.py:140 Required driver: chromedriver 130.0.6723.91
DEBUG    selenium.webdriver.common.selenium_manager:selenium_manager.py:140 Driver path: /usr/bin/chromedriver
DEBUG    selenium.webdriver.common.selenium_manager:selenium_manager.py:140 Browser path: /usr/bin/chromium
DEBUG    selenium.webdriver.common.service:service.py:225 Started executable: `/usr/bin/chromedriver` in a child process with pid: 532413 using 0 to output -3
DEBUG    selenium.webdriver.remote.remote_connection:remote_connection.py:375 POST http://localhost:35951/session {'capabilities': {'firstMatch': [{}], 'alwaysMatch': {'browserName': 'chrome', 'pageLoadStrategy': <PageLoadStrategy.normal: 'normal'>, 'browserVersion': None, 'goog:chromeOptions': {'extensions': [], 'binary': '/usr/bin/chromium', 'args': []}}}}
DEBUG    urllib3.connectionpool:connectionpool.py:243 Starting new HTTP connection (1): localhost:35951
DEBUG    urllib3.connectionpool:connectionpool.py:546 http://localhost:35951 "POST /session HTTP/11" 200 0
DEBUG    selenium.webdriver.remote.remote_connection:remote_connection.py:408 Remote response: status=200 | data={"value":{"capabilities":{"acceptInsecureCerts":false,"browserName":"chrome","browserVersion":"130.0.6723.91","chrome":{"chromedriverVersion":"130.0.6723.91 (53ac076783696778ecc8f360ea31765c29c240ad-refs/branch-heads/6723@{#1517})","userDataDir":"/tmp/.org.chromium.Chromium.cqaXIs"},"fedcm:accounts":true,"goog:chromeOptions":{"debuggerAddress":"localhost:45617"},"networkConnectionEnabled":false,"pageLoadStrategy":"normal","platformName":"linux","proxy":{},"setWindowRect":true,"strictFileInteractability":false,"timeouts":{"implicit":0,"pageLoad":300000,"script":30000},"unhandledPromptBehavior":"dismiss and notify","webauthn:extension:credBlob":true,"webauthn:extension:largeBlob":true,"webauthn:extension:minPinLength":true,"webauthn:extension:prf":true,"webauthn:virtualAuthenticators":true},"sessionId":"b898e89223ebf645e97b8b8a2a24ea9a"}} | headers=HTTPHeaderDict({'Content-Length': '848', 'Content-Type': 'application/json; charset=utf-8', 'cache-control': 'no-cache'})
DEBUG    selenium.webdriver.remote.remote_connection:remote_connection.py:437 Finished Request
DEBUG    selenium.webdriver.remote.remote_connection:remote_connection.py:375 POST http://localhost:35951/session/b898e89223ebf645e97b8b8a2a24ea9a/timeouts {'implicit': 10000}
DEBUG    urllib3.connectionpool:connectionpool.py:546 http://localhost:35951 "POST /session/b898e89223ebf645e97b8b8a2a24ea9a/timeouts HTTP/11" 200 0
DEBUG    selenium.webdriver.remote.remote_connection:remote_connection.py:408 Remote response: status=200 | data={"value":null} | headers=HTTPHeaderDict({'Content-Length': '14', 'Content-Type': 'application/json; charset=utf-8', 'cache-control': 'no-cache'})
DEBUG    selenium.webdriver.remote.remote_connection:remote_connection.py:437 Finished Request
INFO     tests.ui.pages:pages.py:58 Created POM: LogInPage
DEBUG    selenium.webdriver.remote.remote_connection:remote_connection.py:375 POST http://localhost:35951/session/b898e89223ebf645e97b8b8a2a24ea9a/url {'url': 'https://thinking-tester-contact-list.herokuapp.com/login'}
DEBUG    urllib3.connectionpool:connectionpool.py:546 http://localhost:35951 "POST /session/b898e89223ebf645e97b8b8a2a24ea9a/url HTTP/11" 200 0
DEBUG    selenium.webdriver.remote.remote_connection:remote_connection.py:408 Remote response: status=200 | data={"value":null} | headers=HTTPHeaderDict({'Content-Length': '14', 'Content-Type': 'application/json; charset=utf-8', 'cache-control': 'no-cache'})
DEBUG    selenium.webdriver.remote.remote_connection:remote_connection.py:437 Finished Request
INFO     tests.ui.pages:pages.py:27 Opened page
DEBUG    selenium.webdriver.remote.remote_connection:remote_connection.py:375 POST http://localhost:35951/session/b898e89223ebf645e97b8b8a2a24ea9a/element {'using': 'css selector', 'value': '[id="email"]'}
DEBUG    urllib3.connectionpool:connectionpool.py:546 http://localhost:35951 "POST /session/b898e89223ebf645e97b8b8a2a24ea9a/element HTTP/11" 200 0
DEBUG    selenium.webdriver.remote.remote_connection:remote_connection.py:408 Remote response: status=200 | data={"value":{"element-6066-11e4-a52e-4f735466cecf":"f.12B127FC3BB1D13854CF29997B7E28E5.d.28974084FCFBE3C78D9FB5FFDF4D4866.e.4"}} | headers=HTTPHeaderDict({'Content-Length': '125', 'Content-Type': 'application/json; charset=utf-8', 'cache-control': 'no-cache'})
DEBUG    selenium.webdriver.remote.remote_connection:remote_connection.py:437 Finished Request
DEBUG    selenium.webdriver.remote.remote_connection:remote_connection.py:375 POST http://localhost:35951/session/b898e89223ebf645e97b8b8a2a24ea9a/element/f.12B127FC3BB1D13854CF29997B7E28E5.d.28974084FCFBE3C78D9FB5FFDF4D4866.e.4/value {'text': 'john.green@mail.com', 'value': ['j', 'o', 'h', 'n', '.', 'g', 'r', 'e', 'e', 'n', '@', 'm', 'a', 'i', 'l', '.', 'c', 'o', 'm']}
DEBUG    urllib3.connectionpool:connectionpool.py:546 http://localhost:35951 "POST /session/b898e89223ebf645e97b8b8a2a24ea9a/element/f.12B127FC3BB1D13854CF29997B7E28E5.d.28974084FCFBE3C78D9FB5FFDF4D4866.e.4/value HTTP/11" 200 0
DEBUG    selenium.webdriver.remote.remote_connection:remote_connection.py:408 Remote response: status=200 | data={"value":null} | headers=HTTPHeaderDict({'Content-Length': '14', 'Content-Type': 'application/json; charset=utf-8', 'cache-control': 'no-cache'})
DEBUG    selenium.webdriver.remote.remote_connection:remote_connection.py:437 Finished Request
INFO     tests.ui.pages:pages.py:62 Entered email
DEBUG    selenium.webdriver.remote.remote_connection:remote_connection.py:375 POST http://localhost:35951/session/b898e89223ebf645e97b8b8a2a24ea9a/element {'using': 'css selector', 'value': '[id="password"]'}
DEBUG    urllib3.connectionpool:connectionpool.py:546 http://localhost:35951 "POST /session/b898e89223ebf645e97b8b8a2a24ea9a/element HTTP/11" 200 0
DEBUG    selenium.webdriver.remote.remote_connection:remote_connection.py:408 Remote response: status=200 | data={"value":{"element-6066-11e4-a52e-4f735466cecf":"f.12B127FC3BB1D13854CF29997B7E28E5.d.28974084FCFBE3C78D9FB5FFDF4D4866.e.6"}} | headers=HTTPHeaderDict({'Content-Length': '125', 'Content-Type': 'application/json; charset=utf-8', 'cache-control': 'no-cache'})
DEBUG    selenium.webdriver.remote.remote_connection:remote_connection.py:437 Finished Request
DEBUG    selenium.webdriver.remote.remote_connection:remote_connection.py:375 POST http://localhost:35951/session/b898e89223ebf645e97b8b8a2a24ea9a/element/f.12B127FC3BB1D13854CF29997B7E28E5.d.28974084FCFBE3C78D9FB5FFDF4D4866.e.6/value {'text': '1234567890', 'value': ['1', '2', '3', '4', '5', '6', '7', '8', '9', '0']}
DEBUG    urllib3.connectionpool:connectionpool.py:546 http://localhost:35951 "POST /session/b898e89223ebf645e97b8b8a2a24ea9a/element/f.12B127FC3BB1D13854CF29997B7E28E5.d.28974084FCFBE3C78D9FB5FFDF4D4866.e.6/value HTTP/11" 200 0
DEBUG    selenium.webdriver.remote.remote_connection:remote_connection.py:408 Remote response: status=200 | data={"value":null} | headers=HTTPHeaderDict({'Content-Length': '14', 'Content-Type': 'application/json; charset=utf-8', 'cache-control': 'no-cache'})
DEBUG    selenium.webdriver.remote.remote_connection:remote_connection.py:437 Finished Request
INFO     tests.ui.pages:pages.py:66 Entered password
DEBUG    selenium.webdriver.remote.remote_connection:remote_connection.py:375 POST http://localhost:35951/session/b898e89223ebf645e97b8b8a2a24ea9a/element {'using': 'css selector', 'value': '[id="submit"]'}
DEBUG    urllib3.connectionpool:connectionpool.py:546 http://localhost:35951 "POST /session/b898e89223ebf645e97b8b8a2a24ea9a/element HTTP/11" 200 0
DEBUG    selenium.webdriver.remote.remote_connection:remote_connection.py:408 Remote response: status=200 | data={"value":{"element-6066-11e4-a52e-4f735466cecf":"f.12B127FC3BB1D13854CF29997B7E28E5.d.28974084FCFBE3C78D9FB5FFDF4D4866.e.7"}} | headers=HTTPHeaderDict({'Content-Length': '125', 'Content-Type': 'application/json; charset=utf-8', 'cache-control': 'no-cache'})
DEBUG    selenium.webdriver.remote.remote_connection:remote_connection.py:437 Finished Request
DEBUG    selenium.webdriver.remote.remote_connection:remote_connection.py:375 POST http://localhost:35951/session/b898e89223ebf645e97b8b8a2a24ea9a/element/f.12B127FC3BB1D13854CF29997B7E28E5.d.28974084FCFBE3C78D9FB5FFDF4D4866.e.7/click {}
DEBUG    urllib3.connectionpool:connectionpool.py:546 http://localhost:35951 "POST /session/b898e89223ebf645e97b8b8a2a24ea9a/element/f.12B127FC3BB1D13854CF29997B7E28E5.d.28974084FCFBE3C78D9FB5FFDF4D4866.e.7/click HTTP/11" 200 0
DEBUG    selenium.webdriver.remote.remote_connection:remote_connection.py:408 Remote response: status=200 | data={"value":null} | headers=HTTPHeaderDict({'Content-Length': '14', 'Content-Type': 'application/json; charset=utf-8', 'cache-control': 'no-cache'})
DEBUG    selenium.webdriver.remote.remote_connection:remote_connection.py:437 Finished Request
INFO     tests.ui.pages:pages.py:75 Clicked on Log In button with invalid credentials
DEBUG    selenium.webdriver.remote.remote_connection:remote_connection.py:375 POST http://localhost:35951/session/b898e89223ebf645e97b8b8a2a24ea9a/element {'using': 'css selector', 'value': '[id="error"]'}
DEBUG    urllib3.connectionpool:connectionpool.py:546 http://localhost:35951 "POST /session/b898e89223ebf645e97b8b8a2a24ea9a/element HTTP/11" 200 0
DEBUG    selenium.webdriver.remote.remote_connection:remote_connection.py:408 Remote response: status=200 | data={"value":{"element-6066-11e4-a52e-4f735466cecf":"f.12B127FC3BB1D13854CF29997B7E28E5.d.28974084FCFBE3C78D9FB5FFDF4D4866.e.12"}} | headers=HTTPHeaderDict({'Content-Length': '126', 'Content-Type': 'application/json; charset=utf-8', 'cache-control': 'no-cache'})
DEBUG    selenium.webdriver.remote.remote_connection:remote_connection.py:437 Finished Request
DEBUG    selenium.webdriver.remote.remote_connection:remote_connection.py:375 POST http://localhost:35951/session/b898e89223ebf645e97b8b8a2a24ea9a/execute/sync {'script': '/* isDisplayed */return (function(){return (function(){var g=this||self;\nfunction aa(a){var b=typeof...', 'args': [{'element-6066-11e4-a52e-4f735466cecf': 'f.12B127FC3BB1D13854CF29997B7E28E5.d.28974084FCFBE3C78D9FB5FFDF4D4866.e.12'}]}
DEBUG    urllib3.connectionpool:connectionpool.py:546 http://localhost:35951 "POST /session/b898e89223ebf645e97b8b8a2a24ea9a/execute/sync HTTP/11" 200 0
DEBUG    selenium.webdriver.remote.remote_connection:remote_connection.py:408 Remote response: status=200 | data={"value":false} | headers=HTTPHeaderDict({'Content-Length': '15', 'Content-Type': 'application/json; charset=utf-8', 'cache-control': 'no-cache'})
DEBUG    selenium.webdriver.remote.remote_connection:remote_connection.py:437 Finished Request
DEBUG    selenium.webdriver.remote.remote_connection:remote_connection.py:375 POST http://localhost:35951/session/b898e89223ebf645e97b8b8a2a24ea9a/execute/sync {'script': '/* isDisplayed */return (function(){return (function(){var g=this||self;\nfunction aa(a){var b=typeof...', 'args': [{'element-6066-11e4-a52e-4f735466cecf': 'f.12B127FC3BB1D13854CF29997B7E28E5.d.28974084FCFBE3C78D9FB5FFDF4D4866.e.12'}]}
DEBUG    urllib3.connectionpool:connectionpool.py:546 http://localhost:35951 "POST /session/b898e89223ebf645e97b8b8a2a24ea9a/execute/sync HTTP/11" 200 0
DEBUG    selenium.webdriver.remote.remote_connection:remote_connection.py:408 Remote response: status=200 | data={"value":true} | headers=HTTPHeaderDict({'Content-Length': '14', 'Content-Type': 'application/json; charset=utf-8', 'cache-control': 'no-cache'})
DEBUG    selenium.webdriver.remote.remote_connection:remote_connection.py:437 Finished Request
DEBUG    selenium.webdriver.remote.remote_connection:remote_connection.py:375 GET http://localhost:35951/session/b898e89223ebf645e97b8b8a2a24ea9a/element/f.12B127FC3BB1D13854CF29997B7E28E5.d.28974084FCFBE3C78D9FB5FFDF4D4866.e.12/text {}
DEBUG    urllib3.connectionpool:connectionpool.py:546 http://localhost:35951 "GET /session/b898e89223ebf645e97b8b8a2a24ea9a/element/f.12B127FC3BB1D13854CF29997B7E28E5.d.28974084FCFBE3C78D9FB5FFDF4D4866.e.12/text HTTP/11" 200 0
DEBUG    selenium.webdriver.remote.remote_connection:remote_connection.py:408 Remote response: status=200 | data={"value":"Incorrect username or password"} | headers=HTTPHeaderDict({'Content-Length': '42', 'Content-Type': 'application/json; charset=utf-8', 'cache-control': 'no-cache'})
DEBUG    selenium.webdriver.remote.remote_connection:remote_connection.py:437 Finished Request
DEBUG    selenium.webdriver.remote.remote_connection:remote_connection.py:375 DELETE http://localhost:35951/session/b898e89223ebf645e97b8b8a2a24ea9a {}
DEBUG    urllib3.connectionpool:connectionpool.py:546 http://localhost:35951 "DELETE /session/b898e89223ebf645e97b8b8a2a24ea9a HTTP/11" 200 0
DEBUG    selenium.webdriver.remote.remote_connection:remote_connection.py:408 Remote response: status=200 | data={"value":null} | headers=HTTPHeaderDict({'Content-Length': '14', 'Content-Type': 'application/json; charset=utf-8', 'cache-control': 'no-cache'})
DEBUG    selenium.webdriver.remote.remote_connection:remote_connection.py:437 Finished Request
DEBUG    selenium.webdriver.common.selenium_manager:selenium_manager.py:101 Selenium Manager binary found at: /home/stinger/Development/itspl-task/.venv/lib/python3.12/site-packages/selenium/webdriver/common/linux/selenium-manager
DEBUG    selenium.webdriver.common.selenium_manager:selenium_manager.py:114 Executing process: /home/stinger/Development/itspl-task/.venv/lib/python3.12/site-packages/selenium/webdriver/common/linux/selenium-manager --browser firefox --debug --language-binding python --output json
DEBUG    selenium.webdriver.common.selenium_manager:selenium_manager.py:140 geckodriver not found in PATH
DEBUG    selenium.webdriver.common.selenium_manager:selenium_manager.py:140 firefox detected at /usr/bin/firefox
DEBUG    selenium.webdriver.common.selenium_manager:selenium_manager.py:140 Running command: /usr/bin/firefox -v
DEBUG    selenium.webdriver.common.selenium_manager:selenium_manager.py:140 Output: "Mozilla Firefox 132.0"
DEBUG    selenium.webdriver.common.selenium_manager:selenium_manager.py:140 Detected browser: firefox 132.0
DEBUG    selenium.webdriver.common.selenium_manager:selenium_manager.py:140 Required driver: geckodriver 0.35.0
DEBUG    selenium.webdriver.common.selenium_manager:selenium_manager.py:140 geckodriver 0.35.0 already in the cache
DEBUG    selenium.webdriver.common.selenium_manager:selenium_manager.py:140 Driver path: /home/stinger/.cache/selenium/geckodriver/linux64/0.35.0/geckodriver
DEBUG    selenium.webdriver.common.selenium_manager:selenium_manager.py:140 Browser path: /usr/bin/firefox
DEBUG    selenium.webdriver.common.service:service.py:225 Started executable: `/home/stinger/.cache/selenium/geckodriver/linux64/0.35.0/geckodriver` in a child process with pid: 532586 using 0 to output -3
DEBUG    selenium.webdriver.remote.remote_connection:remote_connection.py:375 POST http://localhost:56603/session {'capabilities': {'firstMatch': [{}], 'alwaysMatch': {'browserName': 'firefox', 'acceptInsecureCerts': True, 'moz:debuggerAddress': True, 'pageLoadStrategy': <PageLoadStrategy.normal: 'normal'>, 'browserVersion': None, 'moz:firefoxOptions': {'binary': '/usr/bin/firefox', 'prefs': {'remote.active-protocols': 3}}}}}
DEBUG    urllib3.connectionpool:connectionpool.py:243 Starting new HTTP connection (1): localhost:56603
DEBUG    urllib3.connectionpool:connectionpool.py:546 http://localhost:56603 "POST /session HTTP/11" 200 0
DEBUG    selenium.webdriver.remote.remote_connection:remote_connection.py:408 Remote response: status=200 | data={"value":{"sessionId":"fd6f7f3a-3854-4bae-bd9f-b6967c298e37","capabilities":{"acceptInsecureCerts":true,"browserName":"firefox","browserVersion":"132.0","moz:accessibilityChecks":false,"moz:buildID":"20241028140738","moz:debuggerAddress":"127.0.0.1:40357","moz:geckodriverVersion":"0.35.0","moz:headless":false,"moz:platformVersion":"6.11.5-arch1-1","moz:processID":532593,"moz:profile":"/tmp/rust_mozprofileLbwCzv","moz:shutdownTimeout":60000,"moz:webdriverClick":true,"moz:windowless":false,"pageLoadStrategy":"normal","platformName":"linux","proxy":{},"setWindowRect":true,"strictFileInteractability":false,"timeouts":{"implicit":0,"pageLoad":300000,"script":30000},"unhandledPromptBehavior":"dismiss and notify","userAgent":"Mozilla/5.0 (X11; Linux x86_64; rv:132.0) Gecko/20100101 Firefox/132.0"}}} | headers=HTTPHeaderDict({'content-type': 'application/json; charset=utf-8', 'cache-control': 'no-cache', 'content-length': '803', 'date': 'Mon, 04 Nov 2024 00:00:50 GMT'})
DEBUG    selenium.webdriver.remote.remote_connection:remote_connection.py:437 Finished Request
DEBUG    selenium.webdriver.remote.remote_connection:remote_connection.py:375 POST http://localhost:56603/session/fd6f7f3a-3854-4bae-bd9f-b6967c298e37/timeouts {'implicit': 10000}
DEBUG    urllib3.connectionpool:connectionpool.py:546 http://localhost:56603 "POST /session/fd6f7f3a-3854-4bae-bd9f-b6967c298e37/timeouts HTTP/11" 200 0
DEBUG    selenium.webdriver.remote.remote_connection:remote_connection.py:408 Remote response: status=200 | data={"value":null} | headers=HTTPHeaderDict({'content-type': 'application/json; charset=utf-8', 'cache-control': 'no-cache', 'content-length': '14', 'date': 'Mon, 04 Nov 2024 00:00:52 GMT'})
DEBUG    selenium.webdriver.remote.remote_connection:remote_connection.py:437 Finished Request
INFO     tests.ui.pages:pages.py:58 Created POM: LogInPage
DEBUG    selenium.webdriver.remote.remote_connection:remote_connection.py:375 POST http://localhost:56603/session/fd6f7f3a-3854-4bae-bd9f-b6967c298e37/url {'url': 'https://thinking-tester-contact-list.herokuapp.com/login'}
DEBUG    urllib3.connectionpool:connectionpool.py:546 http://localhost:56603 "POST /session/fd6f7f3a-3854-4bae-bd9f-b6967c298e37/url HTTP/11" 200 0
DEBUG    selenium.webdriver.remote.remote_connection:remote_connection.py:408 Remote response: status=200 | data={"value":null} | headers=HTTPHeaderDict({'content-type': 'application/json; charset=utf-8', 'cache-control': 'no-cache', 'content-length': '14', 'date': 'Mon, 04 Nov 2024 00:00:52 GMT'})
DEBUG    selenium.webdriver.remote.remote_connection:remote_connection.py:437 Finished Request
INFO     tests.ui.pages:pages.py:27 Opened page
DEBUG    selenium.webdriver.remote.remote_connection:remote_connection.py:375 POST http://localhost:56603/session/fd6f7f3a-3854-4bae-bd9f-b6967c298e37/element {'using': 'css selector', 'value': '[id="email"]'}
DEBUG    urllib3.connectionpool:connectionpool.py:546 http://localhost:56603 "POST /session/fd6f7f3a-3854-4bae-bd9f-b6967c298e37/element HTTP/11" 200 0
DEBUG    selenium.webdriver.remote.remote_connection:remote_connection.py:408 Remote response: status=200 | data={"value":{"element-6066-11e4-a52e-4f735466cecf":"66e872c4-ec0e-486c-8707-abbe5c24e8d5"}} | headers=HTTPHeaderDict({'content-type': 'application/json; charset=utf-8', 'cache-control': 'no-cache', 'content-length': '88', 'date': 'Mon, 04 Nov 2024 00:00:52 GMT'})
DEBUG    selenium.webdriver.remote.remote_connection:remote_connection.py:437 Finished Request
DEBUG    selenium.webdriver.remote.remote_connection:remote_connection.py:375 POST http://localhost:56603/session/fd6f7f3a-3854-4bae-bd9f-b6967c298e37/element/66e872c4-ec0e-486c-8707-abbe5c24e8d5/value {'text': 'john.green@mail.com', 'value': ['j', 'o', 'h', 'n', '.', 'g', 'r', 'e', 'e', 'n', '@', 'm', 'a', 'i', 'l', '.', 'c', 'o', 'm']}
DEBUG    urllib3.connectionpool:connectionpool.py:546 http://localhost:56603 "POST /session/fd6f7f3a-3854-4bae-bd9f-b6967c298e37/element/66e872c4-ec0e-486c-8707-abbe5c24e8d5/value HTTP/11" 200 0
DEBUG    selenium.webdriver.remote.remote_connection:remote_connection.py:408 Remote response: status=200 | data={"value":null} | headers=HTTPHeaderDict({'content-type': 'application/json; charset=utf-8', 'cache-control': 'no-cache', 'content-length': '14', 'date': 'Mon, 04 Nov 2024 00:00:53 GMT'})
DEBUG    selenium.webdriver.remote.remote_connection:remote_connection.py:437 Finished Request
INFO     tests.ui.pages:pages.py:62 Entered email
DEBUG    selenium.webdriver.remote.remote_connection:remote_connection.py:375 POST http://localhost:56603/session/fd6f7f3a-3854-4bae-bd9f-b6967c298e37/element {'using': 'css selector', 'value': '[id="password"]'}
DEBUG    urllib3.connectionpool:connectionpool.py:546 http://localhost:56603 "POST /session/fd6f7f3a-3854-4bae-bd9f-b6967c298e37/element HTTP/11" 200 0
DEBUG    selenium.webdriver.remote.remote_connection:remote_connection.py:408 Remote response: status=200 | data={"value":{"element-6066-11e4-a52e-4f735466cecf":"e2ab8db4-0d9b-4171-8a51-3e2f5e72f914"}} | headers=HTTPHeaderDict({'content-type': 'application/json; charset=utf-8', 'cache-control': 'no-cache', 'content-length': '88', 'date': 'Mon, 04 Nov 2024 00:00:53 GMT'})
DEBUG    selenium.webdriver.remote.remote_connection:remote_connection.py:437 Finished Request
DEBUG    selenium.webdriver.remote.remote_connection:remote_connection.py:375 POST http://localhost:56603/session/fd6f7f3a-3854-4bae-bd9f-b6967c298e37/element/e2ab8db4-0d9b-4171-8a51-3e2f5e72f914/value {'text': '1234567890', 'value': ['1', '2', '3', '4', '5', '6', '7', '8', '9', '0']}
DEBUG    urllib3.connectionpool:connectionpool.py:546 http://localhost:56603 "POST /session/fd6f7f3a-3854-4bae-bd9f-b6967c298e37/element/e2ab8db4-0d9b-4171-8a51-3e2f5e72f914/value HTTP/11" 200 0
DEBUG    selenium.webdriver.remote.remote_connection:remote_connection.py:408 Remote response: status=200 | data={"value":null} | headers=HTTPHeaderDict({'content-type': 'application/json; charset=utf-8', 'cache-control': 'no-cache', 'content-length': '14', 'date': 'Mon, 04 Nov 2024 00:00:53 GMT'})
DEBUG    selenium.webdriver.remote.remote_connection:remote_connection.py:437 Finished Request
INFO     tests.ui.pages:pages.py:66 Entered password
DEBUG    selenium.webdriver.remote.remote_connection:remote_connection.py:375 POST http://localhost:56603/session/fd6f7f3a-3854-4bae-bd9f-b6967c298e37/element {'using': 'css selector', 'value': '[id="submit"]'}
DEBUG    urllib3.connectionpool:connectionpool.py:546 http://localhost:56603 "POST /session/fd6f7f3a-3854-4bae-bd9f-b6967c298e37/element HTTP/11" 200 0
DEBUG    selenium.webdriver.remote.remote_connection:remote_connection.py:408 Remote response: status=200 | data={"value":{"element-6066-11e4-a52e-4f735466cecf":"6b2e3b56-719a-4292-a217-473e1573bf15"}} | headers=HTTPHeaderDict({'content-type': 'application/json; charset=utf-8', 'cache-control': 'no-cache', 'content-length': '88', 'date': 'Mon, 04 Nov 2024 00:00:53 GMT'})
DEBUG    selenium.webdriver.remote.remote_connection:remote_connection.py:437 Finished Request
DEBUG    selenium.webdriver.remote.remote_connection:remote_connection.py:375 POST http://localhost:56603/session/fd6f7f3a-3854-4bae-bd9f-b6967c298e37/element/6b2e3b56-719a-4292-a217-473e1573bf15/click {}
DEBUG    urllib3.connectionpool:connectionpool.py:546 http://localhost:56603 "POST /session/fd6f7f3a-3854-4bae-bd9f-b6967c298e37/element/6b2e3b56-719a-4292-a217-473e1573bf15/click HTTP/11" 200 0
DEBUG    selenium.webdriver.remote.remote_connection:remote_connection.py:408 Remote response: status=200 | data={"value":null} | headers=HTTPHeaderDict({'content-type': 'application/json; charset=utf-8', 'cache-control': 'no-cache', 'content-length': '14', 'date': 'Mon, 04 Nov 2024 00:00:53 GMT'})
DEBUG    selenium.webdriver.remote.remote_connection:remote_connection.py:437 Finished Request
INFO     tests.ui.pages:pages.py:75 Clicked on Log In button with invalid credentials
DEBUG    selenium.webdriver.remote.remote_connection:remote_connection.py:375 POST http://localhost:56603/session/fd6f7f3a-3854-4bae-bd9f-b6967c298e37/element {'using': 'css selector', 'value': '[id="error"]'}
DEBUG    urllib3.connectionpool:connectionpool.py:546 http://localhost:56603 "POST /session/fd6f7f3a-3854-4bae-bd9f-b6967c298e37/element HTTP/11" 200 0
DEBUG    selenium.webdriver.remote.remote_connection:remote_connection.py:408 Remote response: status=200 | data={"value":{"element-6066-11e4-a52e-4f735466cecf":"d9ea45a2-cfb4-4d32-a6f3-f2b53c041688"}} | headers=HTTPHeaderDict({'content-type': 'application/json; charset=utf-8', 'cache-control': 'no-cache', 'content-length': '88', 'date': 'Mon, 04 Nov 2024 00:00:53 GMT'})
DEBUG    selenium.webdriver.remote.remote_connection:remote_connection.py:437 Finished Request
DEBUG    selenium.webdriver.remote.remote_connection:remote_connection.py:375 POST http://localhost:56603/session/fd6f7f3a-3854-4bae-bd9f-b6967c298e37/execute/sync {'script': '/* isDisplayed */return (function(){return (function(){var g=this||self;\nfunction aa(a){var b=typeof...', 'args': [{'element-6066-11e4-a52e-4f735466cecf': 'd9ea45a2-cfb4-4d32-a6f3-f2b53c041688'}]}
DEBUG    urllib3.connectionpool:connectionpool.py:546 http://localhost:56603 "POST /session/fd6f7f3a-3854-4bae-bd9f-b6967c298e37/execute/sync HTTP/11" 200 0
DEBUG    selenium.webdriver.remote.remote_connection:remote_connection.py:408 Remote response: status=200 | data={"value":false} | headers=HTTPHeaderDict({'content-type': 'application/json; charset=utf-8', 'cache-control': 'no-cache', 'content-length': '15', 'date': 'Mon, 04 Nov 2024 00:00:53 GMT'})
DEBUG    selenium.webdriver.remote.remote_connection:remote_connection.py:437 Finished Request
DEBUG    selenium.webdriver.remote.remote_connection:remote_connection.py:375 POST http://localhost:56603/session/fd6f7f3a-3854-4bae-bd9f-b6967c298e37/execute/sync {'script': '/* isDisplayed */return (function(){return (function(){var g=this||self;\nfunction aa(a){var b=typeof...', 'args': [{'element-6066-11e4-a52e-4f735466cecf': 'd9ea45a2-cfb4-4d32-a6f3-f2b53c041688'}]}
DEBUG    urllib3.connectionpool:connectionpool.py:546 http://localhost:56603 "POST /session/fd6f7f3a-3854-4bae-bd9f-b6967c298e37/execute/sync HTTP/11" 200 0
DEBUG    selenium.webdriver.remote.remote_connection:remote_connection.py:408 Remote response: status=200 | data={"value":true} | headers=HTTPHeaderDict({'content-type': 'application/json; charset=utf-8', 'cache-control': 'no-cache', 'content-length': '14', 'date': 'Mon, 04 Nov 2024 00:00:53 GMT'})
DEBUG    selenium.webdriver.remote.remote_connection:remote_connection.py:437 Finished Request
DEBUG    selenium.webdriver.remote.remote_connection:remote_connection.py:375 GET http://localhost:56603/session/fd6f7f3a-3854-4bae-bd9f-b6967c298e37/element/d9ea45a2-cfb4-4d32-a6f3-f2b53c041688/text {}
DEBUG    urllib3.connectionpool:connectionpool.py:546 http://localhost:56603 "GET /session/fd6f7f3a-3854-4bae-bd9f-b6967c298e37/element/d9ea45a2-cfb4-4d32-a6f3-f2b53c041688/text HTTP/11" 200 0
DEBUG    selenium.webdriver.remote.remote_connection:remote_connection.py:408 Remote response: status=200 | data={"value":"Incorrect username or password"} | headers=HTTPHeaderDict({'content-type': 'application/json; charset=utf-8', 'cache-control': 'no-cache', 'content-length': '42', 'date': 'Mon, 04 Nov 2024 00:00:53 GMT'})
DEBUG    selenium.webdriver.remote.remote_connection:remote_connection.py:437 Finished Request
DEBUG    selenium.webdriver.remote.remote_connection:remote_connection.py:375 DELETE http://localhost:56603/session/fd6f7f3a-3854-4bae-bd9f-b6967c298e37 {}
DEBUG    urllib3.connectionpool:connectionpool.py:546 http://localhost:56603 "DELETE /session/fd6f7f3a-3854-4bae-bd9f-b6967c298e37 HTTP/11" 200 0
DEBUG    selenium.webdriver.remote.remote_connection:remote_connection.py:408 Remote response: status=200 | data={"value":null} | headers=HTTPHeaderDict({'content-type': 'application/json; charset=utf-8', 'cache-control': 'no-cache', 'content-length': '14', 'date': 'Mon, 04 Nov 2024 00:00:53 GMT'})
DEBUG    selenium.webdriver.remote.remote_connection:remote_connection.py:437 Finished Request
DEBUG    selenium.webdriver.common.selenium_manager:selenium_manager.py:101 Selenium Manager binary found at: /home/stinger/Development/itspl-task/.venv/lib/python3.12/site-packages/selenium/webdriver/common/linux/selenium-manager
DEBUG    selenium.webdriver.common.selenium_manager:selenium_manager.py:114 Executing process: /home/stinger/Development/itspl-task/.venv/lib/python3.12/site-packages/selenium/webdriver/common/linux/selenium-manager --browser chrome --debug --language-binding python --output json
DEBUG    selenium.webdriver.common.selenium_manager:selenium_manager.py:140 Found chromedriver 130.0.6723.91 in PATH: /usr/bin/chromedriver
DEBUG    selenium.webdriver.common.selenium_manager:selenium_manager.py:140 Found chromium in PATH: /usr/bin/chromium
DEBUG    selenium.webdriver.common.selenium_manager:selenium_manager.py:140 Running command: /usr/bin/chromium --version
DEBUG    selenium.webdriver.common.selenium_manager:selenium_manager.py:140 Output: "Chromium 130.0.6723.91 Arch Linux"
DEBUG    selenium.webdriver.common.selenium_manager:selenium_manager.py:140 Detected browser: chrome 130.0.6723.91
DEBUG    selenium.webdriver.common.selenium_manager:selenium_manager.py:140 Required driver: chromedriver 130.0.6723.91
DEBUG    selenium.webdriver.common.selenium_manager:selenium_manager.py:140 Driver path: /usr/bin/chromedriver
DEBUG    selenium.webdriver.common.selenium_manager:selenium_manager.py:140 Browser path: /usr/bin/chromium
DEBUG    selenium.webdriver.common.service:service.py:225 Started executable: `/usr/bin/chromedriver` in a child process with pid: 532960 using 0 to output -3
DEBUG    selenium.webdriver.remote.remote_connection:remote_connection.py:375 POST http://localhost:35095/session {'capabilities': {'firstMatch': [{}], 'alwaysMatch': {'browserName': 'chrome', 'pageLoadStrategy': <PageLoadStrategy.normal: 'normal'>, 'browserVersion': None, 'goog:chromeOptions': {'extensions': [], 'binary': '/usr/bin/chromium', 'args': []}}}}
DEBUG    urllib3.connectionpool:connectionpool.py:243 Starting new HTTP connection (1): localhost:35095
DEBUG    urllib3.connectionpool:connectionpool.py:546 http://localhost:35095 "POST /session HTTP/11" 200 0
DEBUG    selenium.webdriver.remote.remote_connection:remote_connection.py:408 Remote response: status=200 | data={"value":{"capabilities":{"acceptInsecureCerts":false,"browserName":"chrome","browserVersion":"130.0.6723.91","chrome":{"chromedriverVersion":"130.0.6723.91 (53ac076783696778ecc8f360ea31765c29c240ad-refs/branch-heads/6723@{#1517})","userDataDir":"/tmp/.org.chromium.Chromium.Wdif3P"},"fedcm:accounts":true,"goog:chromeOptions":{"debuggerAddress":"localhost:42467"},"networkConnectionEnabled":false,"pageLoadStrategy":"normal","platformName":"linux","proxy":{},"setWindowRect":true,"strictFileInteractability":false,"timeouts":{"implicit":0,"pageLoad":300000,"script":30000},"unhandledPromptBehavior":"dismiss and notify","webauthn:extension:credBlob":true,"webauthn:extension:largeBlob":true,"webauthn:extension:minPinLength":true,"webauthn:extension:prf":true,"webauthn:virtualAuthenticators":true},"sessionId":"4f7d15019c2979fa52345d50cd4efcfc"}} | headers=HTTPHeaderDict({'Content-Length': '848', 'Content-Type': 'application/json; charset=utf-8', 'cache-control': 'no-cache'})
DEBUG    selenium.webdriver.remote.remote_connection:remote_connection.py:437 Finished Request
DEBUG    selenium.webdriver.remote.remote_connection:remote_connection.py:375 POST http://localhost:35095/session/4f7d15019c2979fa52345d50cd4efcfc/timeouts {'implicit': 10000}
DEBUG    urllib3.connectionpool:connectionpool.py:546 http://localhost:35095 "POST /session/4f7d15019c2979fa52345d50cd4efcfc/timeouts HTTP/11" 200 0
DEBUG    selenium.webdriver.remote.remote_connection:remote_connection.py:408 Remote response: status=200 | data={"value":null} | headers=HTTPHeaderDict({'Content-Length': '14', 'Content-Type': 'application/json; charset=utf-8', 'cache-control': 'no-cache'})
DEBUG    selenium.webdriver.remote.remote_connection:remote_connection.py:437 Finished Request
INFO     tests.ui.pages:pages.py:58 Created POM: LogInPage
DEBUG    selenium.webdriver.remote.remote_connection:remote_connection.py:375 POST http://localhost:35095/session/4f7d15019c2979fa52345d50cd4efcfc/url {'url': 'https://thinking-tester-contact-list.herokuapp.com/login'}
DEBUG    urllib3.connectionpool:connectionpool.py:546 http://localhost:35095 "POST /session/4f7d15019c2979fa52345d50cd4efcfc/url HTTP/11" 200 0
DEBUG    selenium.webdriver.remote.remote_connection:remote_connection.py:408 Remote response: status=200 | data={"value":null} | headers=HTTPHeaderDict({'Content-Length': '14', 'Content-Type': 'application/json; charset=utf-8', 'cache-control': 'no-cache'})
DEBUG    selenium.webdriver.remote.remote_connection:remote_connection.py:437 Finished Request
INFO     tests.ui.pages:pages.py:27 Opened page
DEBUG    selenium.webdriver.remote.remote_connection:remote_connection.py:375 POST http://localhost:35095/session/4f7d15019c2979fa52345d50cd4efcfc/element {'using': 'css selector', 'value': '[id="signup"]'}
DEBUG    urllib3.connectionpool:connectionpool.py:546 http://localhost:35095 "POST /session/4f7d15019c2979fa52345d50cd4efcfc/element HTTP/11" 200 0
DEBUG    selenium.webdriver.remote.remote_connection:remote_connection.py:408 Remote response: status=200 | data={"value":{"element-6066-11e4-a52e-4f735466cecf":"f.CFA00AECBBA4DE5BC959452BF7B1838D.d.008DD4494142A17F0B6E2317A4D253A3.e.9"}} | headers=HTTPHeaderDict({'Content-Length': '125', 'Content-Type': 'application/json; charset=utf-8', 'cache-control': 'no-cache'})
DEBUG    selenium.webdriver.remote.remote_connection:remote_connection.py:437 Finished Request
DEBUG    selenium.webdriver.remote.remote_connection:remote_connection.py:375 POST http://localhost:35095/session/4f7d15019c2979fa52345d50cd4efcfc/element/f.CFA00AECBBA4DE5BC959452BF7B1838D.d.008DD4494142A17F0B6E2317A4D253A3.e.9/click {}
DEBUG    urllib3.connectionpool:connectionpool.py:546 http://localhost:35095 "POST /session/4f7d15019c2979fa52345d50cd4efcfc/element/f.CFA00AECBBA4DE5BC959452BF7B1838D.d.008DD4494142A17F0B6E2317A4D253A3.e.9/click HTTP/11" 200 0
DEBUG    selenium.webdriver.remote.remote_connection:remote_connection.py:408 Remote response: status=200 | data={"value":null} | headers=HTTPHeaderDict({'Content-Length': '14', 'Content-Type': 'application/json; charset=utf-8', 'cache-control': 'no-cache'})
DEBUG    selenium.webdriver.remote.remote_connection:remote_connection.py:437 Finished Request
INFO     tests.ui.pages:pages.py:80 Clicked on Sign Up button
INFO     tests.ui.pages:pages.py:87 Created POM: SignUpPage
DEBUG    selenium.webdriver.remote.remote_connection:remote_connection.py:375 GET http://localhost:35095/session/4f7d15019c2979fa52345d50cd4efcfc/url {}
DEBUG    urllib3.connectionpool:connectionpool.py:546 http://localhost:35095 "GET /session/4f7d15019c2979fa52345d50cd4efcfc/url HTTP/11" 200 0
DEBUG    selenium.webdriver.remote.remote_connection:remote_connection.py:408 Remote response: status=200 | data={"value":"https://thinking-tester-contact-list.herokuapp.com/addUser"} | headers=HTTPHeaderDict({'Content-Length': '70', 'Content-Type': 'application/json; charset=utf-8', 'cache-control': 'no-cache'})
DEBUG    selenium.webdriver.remote.remote_connection:remote_connection.py:437 Finished Request
DEBUG    selenium.webdriver.remote.remote_connection:remote_connection.py:375 DELETE http://localhost:35095/session/4f7d15019c2979fa52345d50cd4efcfc {}
DEBUG    urllib3.connectionpool:connectionpool.py:546 http://localhost:35095 "DELETE /session/4f7d15019c2979fa52345d50cd4efcfc HTTP/11" 200 0
DEBUG    selenium.webdriver.remote.remote_connection:remote_connection.py:408 Remote response: status=200 | data={"value":null} | headers=HTTPHeaderDict({'Content-Length': '14', 'Content-Type': 'application/json; charset=utf-8', 'cache-control': 'no-cache'})
DEBUG    selenium.webdriver.remote.remote_connection:remote_connection.py:437 Finished Request
DEBUG    selenium.webdriver.common.selenium_manager:selenium_manager.py:101 Selenium Manager binary found at: /home/stinger/Development/itspl-task/.venv/lib/python3.12/site-packages/selenium/webdriver/common/linux/selenium-manager
DEBUG    selenium.webdriver.common.selenium_manager:selenium_manager.py:114 Executing process: /home/stinger/Development/itspl-task/.venv/lib/python3.12/site-packages/selenium/webdriver/common/linux/selenium-manager --browser firefox --debug --language-binding python --output json
DEBUG    selenium.webdriver.common.selenium_manager:selenium_manager.py:140 geckodriver not found in PATH
DEBUG    selenium.webdriver.common.selenium_manager:selenium_manager.py:140 firefox detected at /usr/bin/firefox
DEBUG    selenium.webdriver.common.selenium_manager:selenium_manager.py:140 Running command: /usr/bin/firefox -v
DEBUG    selenium.webdriver.common.selenium_manager:selenium_manager.py:140 Output: "Mozilla Firefox 132.0"
DEBUG    selenium.webdriver.common.selenium_manager:selenium_manager.py:140 Detected browser: firefox 132.0
DEBUG    selenium.webdriver.common.selenium_manager:selenium_manager.py:140 Required driver: geckodriver 0.35.0
DEBUG    selenium.webdriver.common.selenium_manager:selenium_manager.py:140 geckodriver 0.35.0 already in the cache
DEBUG    selenium.webdriver.common.selenium_manager:selenium_manager.py:140 Driver path: /home/stinger/.cache/selenium/geckodriver/linux64/0.35.0/geckodriver
DEBUG    selenium.webdriver.common.selenium_manager:selenium_manager.py:140 Browser path: /usr/bin/firefox
DEBUG    selenium.webdriver.common.service:service.py:225 Started executable: `/home/stinger/.cache/selenium/geckodriver/linux64/0.35.0/geckodriver` in a child process with pid: 533176 using 0 to output -3
DEBUG    selenium.webdriver.remote.remote_connection:remote_connection.py:375 POST http://localhost:47919/session {'capabilities': {'firstMatch': [{}], 'alwaysMatch': {'browserName': 'firefox', 'acceptInsecureCerts': True, 'moz:debuggerAddress': True, 'pageLoadStrategy': <PageLoadStrategy.normal: 'normal'>, 'browserVersion': None, 'moz:firefoxOptions': {'binary': '/usr/bin/firefox', 'prefs': {'remote.active-protocols': 3}}}}}
DEBUG    urllib3.connectionpool:connectionpool.py:243 Starting new HTTP connection (1): localhost:47919
DEBUG    urllib3.connectionpool:connectionpool.py:546 http://localhost:47919 "POST /session HTTP/11" 200 0
DEBUG    selenium.webdriver.remote.remote_connection:remote_connection.py:408 Remote response: status=200 | data={"value":{"sessionId":"db99d037-fc5c-435d-95cc-bd0ededbb507","capabilities":{"acceptInsecureCerts":true,"browserName":"firefox","browserVersion":"132.0","moz:accessibilityChecks":false,"moz:buildID":"20241028140738","moz:debuggerAddress":"127.0.0.1:38701","moz:geckodriverVersion":"0.35.0","moz:headless":false,"moz:platformVersion":"6.11.5-arch1-1","moz:processID":533183,"moz:profile":"/tmp/rust_mozprofile35YjTW","moz:shutdownTimeout":60000,"moz:webdriverClick":true,"moz:windowless":false,"pageLoadStrategy":"normal","platformName":"linux","proxy":{},"setWindowRect":true,"strictFileInteractability":false,"timeouts":{"implicit":0,"pageLoad":300000,"script":30000},"unhandledPromptBehavior":"dismiss and notify","userAgent":"Mozilla/5.0 (X11; Linux x86_64; rv:132.0) Gecko/20100101 Firefox/132.0"}}} | headers=HTTPHeaderDict({'content-type': 'application/json; charset=utf-8', 'cache-control': 'no-cache', 'content-length': '803', 'date': 'Mon, 04 Nov 2024 00:00:57 GMT'})
DEBUG    selenium.webdriver.remote.remote_connection:remote_connection.py:437 Finished Request
DEBUG    selenium.webdriver.remote.remote_connection:remote_connection.py:375 POST http://localhost:47919/session/db99d037-fc5c-435d-95cc-bd0ededbb507/timeouts {'implicit': 10000}
DEBUG    urllib3.connectionpool:connectionpool.py:546 http://localhost:47919 "POST /session/db99d037-fc5c-435d-95cc-bd0ededbb507/timeouts HTTP/11" 200 0
DEBUG    selenium.webdriver.remote.remote_connection:remote_connection.py:408 Remote response: status=200 | data={"value":null} | headers=HTTPHeaderDict({'content-type': 'application/json; charset=utf-8', 'cache-control': 'no-cache', 'content-length': '14', 'date': 'Mon, 04 Nov 2024 00:00:59 GMT'})
DEBUG    selenium.webdriver.remote.remote_connection:remote_connection.py:437 Finished Request
INFO     tests.ui.pages:pages.py:58 Created POM: LogInPage
DEBUG    selenium.webdriver.remote.remote_connection:remote_connection.py:375 POST http://localhost:47919/session/db99d037-fc5c-435d-95cc-bd0ededbb507/url {'url': 'https://thinking-tester-contact-list.herokuapp.com/login'}
DEBUG    urllib3.connectionpool:connectionpool.py:546 http://localhost:47919 "POST /session/db99d037-fc5c-435d-95cc-bd0ededbb507/url HTTP/11" 200 0
DEBUG    selenium.webdriver.remote.remote_connection:remote_connection.py:408 Remote response: status=200 | data={"value":null} | headers=HTTPHeaderDict({'content-type': 'application/json; charset=utf-8', 'cache-control': 'no-cache', 'content-length': '14', 'date': 'Mon, 04 Nov 2024 00:00:59 GMT'})
DEBUG    selenium.webdriver.remote.remote_connection:remote_connection.py:437 Finished Request
INFO     tests.ui.pages:pages.py:27 Opened page
DEBUG    selenium.webdriver.remote.remote_connection:remote_connection.py:375 POST http://localhost:47919/session/db99d037-fc5c-435d-95cc-bd0ededbb507/element {'using': 'css selector', 'value': '[id="signup"]'}
DEBUG    urllib3.connectionpool:connectionpool.py:546 http://localhost:47919 "POST /session/db99d037-fc5c-435d-95cc-bd0ededbb507/element HTTP/11" 200 0
DEBUG    selenium.webdriver.remote.remote_connection:remote_connection.py:408 Remote response: status=200 | data={"value":{"element-6066-11e4-a52e-4f735466cecf":"e539588e-a653-4bbc-91b6-236175b9685d"}} | headers=HTTPHeaderDict({'content-type': 'application/json; charset=utf-8', 'cache-control': 'no-cache', 'content-length': '88', 'date': 'Mon, 04 Nov 2024 00:01:01 GMT'})
DEBUG    selenium.webdriver.remote.remote_connection:remote_connection.py:437 Finished Request
DEBUG    selenium.webdriver.remote.remote_connection:remote_connection.py:375 POST http://localhost:47919/session/db99d037-fc5c-435d-95cc-bd0ededbb507/element/e539588e-a653-4bbc-91b6-236175b9685d/click {}
DEBUG    urllib3.connectionpool:connectionpool.py:546 http://localhost:47919 "POST /session/db99d037-fc5c-435d-95cc-bd0ededbb507/element/e539588e-a653-4bbc-91b6-236175b9685d/click HTTP/11" 200 0
DEBUG    selenium.webdriver.remote.remote_connection:remote_connection.py:408 Remote response: status=200 | data={"value":null} | headers=HTTPHeaderDict({'content-type': 'application/json; charset=utf-8', 'cache-control': 'no-cache', 'content-length': '14', 'date': 'Mon, 04 Nov 2024 00:01:01 GMT'})
DEBUG    selenium.webdriver.remote.remote_connection:remote_connection.py:437 Finished Request
INFO     tests.ui.pages:pages.py:80 Clicked on Sign Up button
INFO     tests.ui.pages:pages.py:87 Created POM: SignUpPage
DEBUG    selenium.webdriver.remote.remote_connection:remote_connection.py:375 GET http://localhost:47919/session/db99d037-fc5c-435d-95cc-bd0ededbb507/url {}
DEBUG    urllib3.connectionpool:connectionpool.py:546 http://localhost:47919 "GET /session/db99d037-fc5c-435d-95cc-bd0ededbb507/url HTTP/11" 200 0
DEBUG    selenium.webdriver.remote.remote_connection:remote_connection.py:408 Remote response: status=200 | data={"value":"https://thinking-tester-contact-list.herokuapp.com/addUser"} | headers=HTTPHeaderDict({'content-type': 'application/json; charset=utf-8', 'cache-control': 'no-cache', 'content-length': '70', 'date': 'Mon, 04 Nov 2024 00:01:01 GMT'})
DEBUG    selenium.webdriver.remote.remote_connection:remote_connection.py:437 Finished Request
DEBUG    selenium.webdriver.remote.remote_connection:remote_connection.py:375 DELETE http://localhost:47919/session/db99d037-fc5c-435d-95cc-bd0ededbb507 {}
DEBUG    urllib3.connectionpool:connectionpool.py:546 http://localhost:47919 "DELETE /session/db99d037-fc5c-435d-95cc-bd0ededbb507 HTTP/11" 200 0
DEBUG    selenium.webdriver.remote.remote_connection:remote_connection.py:408 Remote response: status=200 | data={"value":null} | headers=HTTPHeaderDict({'content-type': 'application/json; charset=utf-8', 'cache-control': 'no-cache', 'content-length': '14', 'date': 'Mon, 04 Nov 2024 00:01:01 GMT'})
DEBUG    selenium.webdriver.remote.remote_connection:remote_connection.py:437 Finished Request
DEBUG    selenium.webdriver.common.selenium_manager:selenium_manager.py:101 Selenium Manager binary found at: /home/stinger/Development/itspl-task/.venv/lib/python3.12/site-packages/selenium/webdriver/common/linux/selenium-manager
DEBUG    selenium.webdriver.common.selenium_manager:selenium_manager.py:114 Executing process: /home/stinger/Development/itspl-task/.venv/lib/python3.12/site-packages/selenium/webdriver/common/linux/selenium-manager --browser chrome --debug --language-binding python --output json
DEBUG    selenium.webdriver.common.selenium_manager:selenium_manager.py:140 Found chromedriver 130.0.6723.91 in PATH: /usr/bin/chromedriver
DEBUG    selenium.webdriver.common.selenium_manager:selenium_manager.py:140 Found chromium in PATH: /usr/bin/chromium
DEBUG    selenium.webdriver.common.selenium_manager:selenium_manager.py:140 Running command: /usr/bin/chromium --version
DEBUG    selenium.webdriver.common.selenium_manager:selenium_manager.py:140 Output: "Chromium 130.0.6723.91 Arch Linux"
DEBUG    selenium.webdriver.common.selenium_manager:selenium_manager.py:140 Detected browser: chrome 130.0.6723.91
DEBUG    selenium.webdriver.common.selenium_manager:selenium_manager.py:140 Required driver: chromedriver 130.0.6723.91
DEBUG    selenium.webdriver.common.selenium_manager:selenium_manager.py:140 Driver path: /usr/bin/chromedriver
DEBUG    selenium.webdriver.common.selenium_manager:selenium_manager.py:140 Browser path: /usr/bin/chromium
DEBUG    selenium.webdriver.common.service:service.py:225 Started executable: `/usr/bin/chromedriver` in a child process with pid: 533564 using 0 to output -3
DEBUG    selenium.webdriver.remote.remote_connection:remote_connection.py:375 POST http://localhost:55465/session {'capabilities': {'firstMatch': [{}], 'alwaysMatch': {'browserName': 'chrome', 'pageLoadStrategy': <PageLoadStrategy.normal: 'normal'>, 'browserVersion': None, 'goog:chromeOptions': {'extensions': [], 'binary': '/usr/bin/chromium', 'args': []}}}}
DEBUG    urllib3.connectionpool:connectionpool.py:243 Starting new HTTP connection (1): localhost:55465
DEBUG    urllib3.connectionpool:connectionpool.py:546 http://localhost:55465 "POST /session HTTP/11" 200 0
DEBUG    selenium.webdriver.remote.remote_connection:remote_connection.py:408 Remote response: status=200 | data={"value":{"capabilities":{"acceptInsecureCerts":false,"browserName":"chrome","browserVersion":"130.0.6723.91","chrome":{"chromedriverVersion":"130.0.6723.91 (53ac076783696778ecc8f360ea31765c29c240ad-refs/branch-heads/6723@{#1517})","userDataDir":"/tmp/.org.chromium.Chromium.wVtNNa"},"fedcm:accounts":true,"goog:chromeOptions":{"debuggerAddress":"localhost:44797"},"networkConnectionEnabled":false,"pageLoadStrategy":"normal","platformName":"linux","proxy":{},"setWindowRect":true,"strictFileInteractability":false,"timeouts":{"implicit":0,"pageLoad":300000,"script":30000},"unhandledPromptBehavior":"dismiss and notify","webauthn:extension:credBlob":true,"webauthn:extension:largeBlob":true,"webauthn:extension:minPinLength":true,"webauthn:extension:prf":true,"webauthn:virtualAuthenticators":true},"sessionId":"7cbe5941212fda6723ce808bcb68ca66"}} | headers=HTTPHeaderDict({'Content-Length': '848', 'Content-Type': 'application/json; charset=utf-8', 'cache-control': 'no-cache'})
DEBUG    selenium.webdriver.remote.remote_connection:remote_connection.py:437 Finished Request
DEBUG    selenium.webdriver.remote.remote_connection:remote_connection.py:375 POST http://localhost:55465/session/7cbe5941212fda6723ce808bcb68ca66/timeouts {'implicit': 10000}
DEBUG    urllib3.connectionpool:connectionpool.py:546 http://localhost:55465 "POST /session/7cbe5941212fda6723ce808bcb68ca66/timeouts HTTP/11" 200 0
DEBUG    selenium.webdriver.remote.remote_connection:remote_connection.py:408 Remote response: status=200 | data={"value":null} | headers=HTTPHeaderDict({'Content-Length': '14', 'Content-Type': 'application/json; charset=utf-8', 'cache-control': 'no-cache'})
DEBUG    selenium.webdriver.remote.remote_connection:remote_connection.py:437 Finished Request
INFO     tests.ui.pages:pages.py:87 Created POM: SignUpPage
DEBUG    selenium.webdriver.remote.remote_connection:remote_connection.py:375 POST http://localhost:55465/session/7cbe5941212fda6723ce808bcb68ca66/url {'url': 'https://thinking-tester-contact-list.herokuapp.com/addUser'}
DEBUG    urllib3.connectionpool:connectionpool.py:546 http://localhost:55465 "POST /session/7cbe5941212fda6723ce808bcb68ca66/url HTTP/11" 200 0
DEBUG    selenium.webdriver.remote.remote_connection:remote_connection.py:408 Remote response: status=200 | data={"value":null} | headers=HTTPHeaderDict({'Content-Length': '14', 'Content-Type': 'application/json; charset=utf-8', 'cache-control': 'no-cache'})
DEBUG    selenium.webdriver.remote.remote_connection:remote_connection.py:437 Finished Request
INFO     tests.ui.pages:pages.py:27 Opened page
DEBUG    selenium.webdriver.remote.remote_connection:remote_connection.py:375 POST http://localhost:55465/session/7cbe5941212fda6723ce808bcb68ca66/element {'using': 'css selector', 'value': '[id="firstName"]'}
DEBUG    urllib3.connectionpool:connectionpool.py:546 http://localhost:55465 "POST /session/7cbe5941212fda6723ce808bcb68ca66/element HTTP/11" 200 0
DEBUG    selenium.webdriver.remote.remote_connection:remote_connection.py:408 Remote response: status=200 | data={"value":{"element-6066-11e4-a52e-4f735466cecf":"f.FFF74FDC464658613BBDE392EC5DE131.d.E76B32EA6D91C8D3418F237803B77B65.e.4"}} | headers=HTTPHeaderDict({'Content-Length': '125', 'Content-Type': 'application/json; charset=utf-8', 'cache-control': 'no-cache'})
DEBUG    selenium.webdriver.remote.remote_connection:remote_connection.py:437 Finished Request
DEBUG    selenium.webdriver.remote.remote_connection:remote_connection.py:375 POST http://localhost:55465/session/7cbe5941212fda6723ce808bcb68ca66/element/f.FFF74FDC464658613BBDE392EC5DE131.d.E76B32EA6D91C8D3418F237803B77B65.e.4/value {'text': 'John', 'value': ['J', 'o', 'h', 'n']}
DEBUG    urllib3.connectionpool:connectionpool.py:546 http://localhost:55465 "POST /session/7cbe5941212fda6723ce808bcb68ca66/element/f.FFF74FDC464658613BBDE392EC5DE131.d.E76B32EA6D91C8D3418F237803B77B65.e.4/value HTTP/11" 200 0
DEBUG    selenium.webdriver.remote.remote_connection:remote_connection.py:408 Remote response: status=200 | data={"value":null} | headers=HTTPHeaderDict({'Content-Length': '14', 'Content-Type': 'application/json; charset=utf-8', 'cache-control': 'no-cache'})
DEBUG    selenium.webdriver.remote.remote_connection:remote_connection.py:437 Finished Request
INFO     tests.ui.pages:pages.py:91 Entered first name
DEBUG    selenium.webdriver.remote.remote_connection:remote_connection.py:375 POST http://localhost:55465/session/7cbe5941212fda6723ce808bcb68ca66/element {'using': 'css selector', 'value': '[id="lastName"]'}
DEBUG    urllib3.connectionpool:connectionpool.py:546 http://localhost:55465 "POST /session/7cbe5941212fda6723ce808bcb68ca66/element HTTP/11" 200 0
DEBUG    selenium.webdriver.remote.remote_connection:remote_connection.py:408 Remote response: status=200 | data={"value":{"element-6066-11e4-a52e-4f735466cecf":"f.FFF74FDC464658613BBDE392EC5DE131.d.E76B32EA6D91C8D3418F237803B77B65.e.6"}} | headers=HTTPHeaderDict({'Content-Length': '125', 'Content-Type': 'application/json; charset=utf-8', 'cache-control': 'no-cache'})
DEBUG    selenium.webdriver.remote.remote_connection:remote_connection.py:437 Finished Request
DEBUG    selenium.webdriver.remote.remote_connection:remote_connection.py:375 POST http://localhost:55465/session/7cbe5941212fda6723ce808bcb68ca66/element/f.FFF74FDC464658613BBDE392EC5DE131.d.E76B32EA6D91C8D3418F237803B77B65.e.6/value {'text': 'Green', 'value': ['G', 'r', 'e', 'e', 'n']}
DEBUG    urllib3.connectionpool:connectionpool.py:546 http://localhost:55465 "POST /session/7cbe5941212fda6723ce808bcb68ca66/element/f.FFF74FDC464658613BBDE392EC5DE131.d.E76B32EA6D91C8D3418F237803B77B65.e.6/value HTTP/11" 200 0
DEBUG    selenium.webdriver.remote.remote_connection:remote_connection.py:408 Remote response: status=200 | data={"value":null} | headers=HTTPHeaderDict({'Content-Length': '14', 'Content-Type': 'application/json; charset=utf-8', 'cache-control': 'no-cache'})
DEBUG    selenium.webdriver.remote.remote_connection:remote_connection.py:437 Finished Request
INFO     tests.ui.pages:pages.py:95 Entered last name
DEBUG    selenium.webdriver.remote.remote_connection:remote_connection.py:375 POST http://localhost:55465/session/7cbe5941212fda6723ce808bcb68ca66/element {'using': 'css selector', 'value': '[id="email"]'}
DEBUG    urllib3.connectionpool:connectionpool.py:546 http://localhost:55465 "POST /session/7cbe5941212fda6723ce808bcb68ca66/element HTTP/11" 200 0
DEBUG    selenium.webdriver.remote.remote_connection:remote_connection.py:408 Remote response: status=200 | data={"value":{"element-6066-11e4-a52e-4f735466cecf":"f.FFF74FDC464658613BBDE392EC5DE131.d.E76B32EA6D91C8D3418F237803B77B65.e.7"}} | headers=HTTPHeaderDict({'Content-Length': '125', 'Content-Type': 'application/json; charset=utf-8', 'cache-control': 'no-cache'})
DEBUG    selenium.webdriver.remote.remote_connection:remote_connection.py:437 Finished Request
DEBUG    selenium.webdriver.remote.remote_connection:remote_connection.py:375 POST http://localhost:55465/session/7cbe5941212fda6723ce808bcb68ca66/element/f.FFF74FDC464658613BBDE392EC5DE131.d.E76B32EA6D91C8D3418F237803B77B65.e.7/value {'text': 'john.green@mail.com', 'value': ['j', 'o', 'h', 'n', '.', 'g', 'r', 'e', 'e', 'n', '@', 'm', 'a', 'i', 'l', '.', 'c', 'o', 'm']}
DEBUG    urllib3.connectionpool:connectionpool.py:546 http://localhost:55465 "POST /session/7cbe5941212fda6723ce808bcb68ca66/element/f.FFF74FDC464658613BBDE392EC5DE131.d.E76B32EA6D91C8D3418F237803B77B65.e.7/value HTTP/11" 200 0
DEBUG    selenium.webdriver.remote.remote_connection:remote_connection.py:408 Remote response: status=200 | data={"value":null} | headers=HTTPHeaderDict({'Content-Length': '14', 'Content-Type': 'application/json; charset=utf-8', 'cache-control': 'no-cache'})
DEBUG    selenium.webdriver.remote.remote_connection:remote_connection.py:437 Finished Request
INFO     tests.ui.pages:pages.py:99 Entered email
DEBUG    selenium.webdriver.remote.remote_connection:remote_connection.py:375 POST http://localhost:55465/session/7cbe5941212fda6723ce808bcb68ca66/element {'using': 'css selector', 'value': '[id="password"]'}
DEBUG    urllib3.connectionpool:connectionpool.py:546 http://localhost:55465 "POST /session/7cbe5941212fda6723ce808bcb68ca66/element HTTP/11" 200 0
DEBUG    selenium.webdriver.remote.remote_connection:remote_connection.py:408 Remote response: status=200 | data={"value":{"element-6066-11e4-a52e-4f735466cecf":"f.FFF74FDC464658613BBDE392EC5DE131.d.E76B32EA6D91C8D3418F237803B77B65.e.8"}} | headers=HTTPHeaderDict({'Content-Length': '125', 'Content-Type': 'application/json; charset=utf-8', 'cache-control': 'no-cache'})
DEBUG    selenium.webdriver.remote.remote_connection:remote_connection.py:437 Finished Request
DEBUG    selenium.webdriver.remote.remote_connection:remote_connection.py:375 POST http://localhost:55465/session/7cbe5941212fda6723ce808bcb68ca66/element/f.FFF74FDC464658613BBDE392EC5DE131.d.E76B32EA6D91C8D3418F237803B77B65.e.8/value {'text': '1234567890', 'value': ['1', '2', '3', '4', '5', '6', '7', '8', '9', '0']}
DEBUG    urllib3.connectionpool:connectionpool.py:546 http://localhost:55465 "POST /session/7cbe5941212fda6723ce808bcb68ca66/element/f.FFF74FDC464658613BBDE392EC5DE131.d.E76B32EA6D91C8D3418F237803B77B65.e.8/value HTTP/11" 200 0
DEBUG    selenium.webdriver.remote.remote_connection:remote_connection.py:408 Remote response: status=200 | data={"value":null} | headers=HTTPHeaderDict({'Content-Length': '14', 'Content-Type': 'application/json; charset=utf-8', 'cache-control': 'no-cache'})
DEBUG    selenium.webdriver.remote.remote_connection:remote_connection.py:437 Finished Request
INFO     tests.ui.pages:pages.py:103 Entered password
DEBUG    selenium.webdriver.remote.remote_connection:remote_connection.py:375 POST http://localhost:55465/session/7cbe5941212fda6723ce808bcb68ca66/element {'using': 'css selector', 'value': '[id="submit"]'}
DEBUG    urllib3.connectionpool:connectionpool.py:546 http://localhost:55465 "POST /session/7cbe5941212fda6723ce808bcb68ca66/element HTTP/11" 200 0
DEBUG    selenium.webdriver.remote.remote_connection:remote_connection.py:408 Remote response: status=200 | data={"value":{"element-6066-11e4-a52e-4f735466cecf":"f.FFF74FDC464658613BBDE392EC5DE131.d.E76B32EA6D91C8D3418F237803B77B65.e.9"}} | headers=HTTPHeaderDict({'Content-Length': '125', 'Content-Type': 'application/json; charset=utf-8', 'cache-control': 'no-cache'})
DEBUG    selenium.webdriver.remote.remote_connection:remote_connection.py:437 Finished Request
DEBUG    selenium.webdriver.remote.remote_connection:remote_connection.py:375 POST http://localhost:55465/session/7cbe5941212fda6723ce808bcb68ca66/element/f.FFF74FDC464658613BBDE392EC5DE131.d.E76B32EA6D91C8D3418F237803B77B65.e.9/click {}
DEBUG    urllib3.connectionpool:connectionpool.py:546 http://localhost:55465 "POST /session/7cbe5941212fda6723ce808bcb68ca66/element/f.FFF74FDC464658613BBDE392EC5DE131.d.E76B32EA6D91C8D3418F237803B77B65.e.9/click HTTP/11" 200 0
DEBUG    selenium.webdriver.remote.remote_connection:remote_connection.py:408 Remote response: status=200 | data={"value":null} | headers=HTTPHeaderDict({'Content-Length': '14', 'Content-Type': 'application/json; charset=utf-8', 'cache-control': 'no-cache'})
DEBUG    selenium.webdriver.remote.remote_connection:remote_connection.py:437 Finished Request
INFO     tests.ui.pages:pages.py:107 Clicked on Sign Up button
INFO     tests.ui.pages:pages.py:124 Created POM: ContactListPage
DEBUG    selenium.webdriver.remote.remote_connection:remote_connection.py:375 GET http://localhost:55465/session/7cbe5941212fda6723ce808bcb68ca66/url {}
DEBUG    urllib3.connectionpool:connectionpool.py:546 http://localhost:55465 "GET /session/7cbe5941212fda6723ce808bcb68ca66/url HTTP/11" 200 0
DEBUG    selenium.webdriver.remote.remote_connection:remote_connection.py:408 Remote response: status=200 | data={"value":"https://thinking-tester-contact-list.herokuapp.com/addUser"} | headers=HTTPHeaderDict({'Content-Length': '70', 'Content-Type': 'application/json; charset=utf-8', 'cache-control': 'no-cache'})
DEBUG    selenium.webdriver.remote.remote_connection:remote_connection.py:437 Finished Request
DEBUG    selenium.webdriver.remote.remote_connection:remote_connection.py:375 GET http://localhost:55465/session/7cbe5941212fda6723ce808bcb68ca66/url {}
DEBUG    urllib3.connectionpool:connectionpool.py:546 http://localhost:55465 "GET /session/7cbe5941212fda6723ce808bcb68ca66/url HTTP/11" 200 0
DEBUG    selenium.webdriver.remote.remote_connection:remote_connection.py:408 Remote response: status=200 | data={"value":"https://thinking-tester-contact-list.herokuapp.com/addUser"} | headers=HTTPHeaderDict({'Content-Length': '70', 'Content-Type': 'application/json; charset=utf-8', 'cache-control': 'no-cache'})
DEBUG    selenium.webdriver.remote.remote_connection:remote_connection.py:437 Finished Request
DEBUG    selenium.webdriver.remote.remote_connection:remote_connection.py:375 GET http://localhost:55465/session/7cbe5941212fda6723ce808bcb68ca66/url {}
DEBUG    urllib3.connectionpool:connectionpool.py:546 http://localhost:55465 "GET /session/7cbe5941212fda6723ce808bcb68ca66/url HTTP/11" 200 0
DEBUG    selenium.webdriver.remote.remote_connection:remote_connection.py:408 Remote response: status=200 | data={"value":"https://thinking-tester-contact-list.herokuapp.com/contactList"} | headers=HTTPHeaderDict({'Content-Length': '74', 'Content-Type': 'application/json; charset=utf-8', 'cache-control': 'no-cache'})
DEBUG    selenium.webdriver.remote.remote_connection:remote_connection.py:437 Finished Request
DEBUG    util.admin.admin_api:admin_api.py:43 Logging in user with credentials: {email: john.green@mail.com, password: 1234567890}
DEBUG    urllib3.connectionpool:connectionpool.py:1051 Starting new HTTPS connection (1): thinking-tester-contact-list.herokuapp.com:443
DEBUG    urllib3.connectionpool:connectionpool.py:546 https://thinking-tester-contact-list.herokuapp.com:443 "POST /users/login HTTP/11" 200 279
DEBUG    util.admin.admin_api:admin_api.py:53 Logged in and received token: eyJhbGciOiJIUzI1NiIsInR5cCI6IkpXVCJ9.eyJfaWQiOiI2NzI4MGVjMmQxMjg2YjAwMTMyMmNhZDkiLCJpYXQiOjE3MzA2Nzg0Njd9.3NRF-xlynyb9VTHc0DFIcDhrZruJjSVjN4yobE0RRR8
DEBUG    util.admin.admin_api:admin_api.py:77 Deleting user with token: eyJhbGciOiJIUzI1NiIsInR5cCI6IkpXVCJ9.eyJfaWQiOiI2NzI4MGVjMmQxMjg2YjAwMTMyMmNhZDkiLCJpYXQiOjE3MzA2Nzg0Njd9.3NRF-xlynyb9VTHc0DFIcDhrZruJjSVjN4yobE0RRR8
DEBUG    urllib3.connectionpool:connectionpool.py:1051 Starting new HTTPS connection (1): thinking-tester-contact-list.herokuapp.com:443
DEBUG    urllib3.connectionpool:connectionpool.py:546 https://thinking-tester-contact-list.herokuapp.com:443 "DELETE /users/me HTTP/11" 200 0
DEBUG    util.admin.admin_api:admin_api.py:83 User deleted
DEBUG    selenium.webdriver.remote.remote_connection:remote_connection.py:375 DELETE http://localhost:55465/session/7cbe5941212fda6723ce808bcb68ca66 {}
DEBUG    urllib3.connectionpool:connectionpool.py:546 http://localhost:55465 "DELETE /session/7cbe5941212fda6723ce808bcb68ca66 HTTP/11" 200 0
DEBUG    selenium.webdriver.remote.remote_connection:remote_connection.py:408 Remote response: status=200 | data={"value":null} | headers=HTTPHeaderDict({'Content-Length': '14', 'Content-Type': 'application/json; charset=utf-8', 'cache-control': 'no-cache'})
DEBUG    selenium.webdriver.remote.remote_connection:remote_connection.py:437 Finished Request
DEBUG    selenium.webdriver.common.selenium_manager:selenium_manager.py:101 Selenium Manager binary found at: /home/stinger/Development/itspl-task/.venv/lib/python3.12/site-packages/selenium/webdriver/common/linux/selenium-manager
DEBUG    selenium.webdriver.common.selenium_manager:selenium_manager.py:114 Executing process: /home/stinger/Development/itspl-task/.venv/lib/python3.12/site-packages/selenium/webdriver/common/linux/selenium-manager --browser firefox --debug --language-binding python --output json
DEBUG    selenium.webdriver.common.selenium_manager:selenium_manager.py:140 geckodriver not found in PATH
DEBUG    selenium.webdriver.common.selenium_manager:selenium_manager.py:140 firefox detected at /usr/bin/firefox
DEBUG    selenium.webdriver.common.selenium_manager:selenium_manager.py:140 Running command: /usr/bin/firefox -v
DEBUG    selenium.webdriver.common.selenium_manager:selenium_manager.py:140 Output: "Mozilla Firefox 132.0"
DEBUG    selenium.webdriver.common.selenium_manager:selenium_manager.py:140 Detected browser: firefox 132.0
DEBUG    selenium.webdriver.common.selenium_manager:selenium_manager.py:140 Required driver: geckodriver 0.35.0
DEBUG    selenium.webdriver.common.selenium_manager:selenium_manager.py:140 geckodriver 0.35.0 already in the cache
DEBUG    selenium.webdriver.common.selenium_manager:selenium_manager.py:140 Driver path: /home/stinger/.cache/selenium/geckodriver/linux64/0.35.0/geckodriver
DEBUG    selenium.webdriver.common.selenium_manager:selenium_manager.py:140 Browser path: /usr/bin/firefox
DEBUG    selenium.webdriver.common.service:service.py:225 Started executable: `/home/stinger/.cache/selenium/geckodriver/linux64/0.35.0/geckodriver` in a child process with pid: 533824 using 0 to output -3
DEBUG    selenium.webdriver.remote.remote_connection:remote_connection.py:375 POST http://localhost:51507/session {'capabilities': {'firstMatch': [{}], 'alwaysMatch': {'browserName': 'firefox', 'acceptInsecureCerts': True, 'moz:debuggerAddress': True, 'pageLoadStrategy': <PageLoadStrategy.normal: 'normal'>, 'browserVersion': None, 'moz:firefoxOptions': {'binary': '/usr/bin/firefox', 'prefs': {'remote.active-protocols': 3}}}}}
DEBUG    urllib3.connectionpool:connectionpool.py:243 Starting new HTTP connection (1): localhost:51507
DEBUG    urllib3.connectionpool:connectionpool.py:546 http://localhost:51507 "POST /session HTTP/11" 200 0
DEBUG    selenium.webdriver.remote.remote_connection:remote_connection.py:408 Remote response: status=200 | data={"value":{"sessionId":"5145cc27-7d5e-4a5a-bbdc-e44b3e3b4d7e","capabilities":{"acceptInsecureCerts":true,"browserName":"firefox","browserVersion":"132.0","moz:accessibilityChecks":false,"moz:buildID":"20241028140738","moz:debuggerAddress":"127.0.0.1:58001","moz:geckodriverVersion":"0.35.0","moz:headless":false,"moz:platformVersion":"6.11.5-arch1-1","moz:processID":533831,"moz:profile":"/tmp/rust_mozprofileBfdgz2","moz:shutdownTimeout":60000,"moz:webdriverClick":true,"moz:windowless":false,"pageLoadStrategy":"normal","platformName":"linux","proxy":{},"setWindowRect":true,"strictFileInteractability":false,"timeouts":{"implicit":0,"pageLoad":300000,"script":30000},"unhandledPromptBehavior":"dismiss and notify","userAgent":"Mozilla/5.0 (X11; Linux x86_64; rv:132.0) Gecko/20100101 Firefox/132.0"}}} | headers=HTTPHeaderDict({'content-type': 'application/json; charset=utf-8', 'cache-control': 'no-cache', 'content-length': '803', 'date': 'Mon, 04 Nov 2024 00:01:08 GMT'})
DEBUG    selenium.webdriver.remote.remote_connection:remote_connection.py:437 Finished Request
DEBUG    selenium.webdriver.remote.remote_connection:remote_connection.py:375 POST http://localhost:51507/session/5145cc27-7d5e-4a5a-bbdc-e44b3e3b4d7e/timeouts {'implicit': 10000}
DEBUG    urllib3.connectionpool:connectionpool.py:546 http://localhost:51507 "POST /session/5145cc27-7d5e-4a5a-bbdc-e44b3e3b4d7e/timeouts HTTP/11" 200 0
DEBUG    selenium.webdriver.remote.remote_connection:remote_connection.py:408 Remote response: status=200 | data={"value":null} | headers=HTTPHeaderDict({'content-type': 'application/json; charset=utf-8', 'cache-control': 'no-cache', 'content-length': '14', 'date': 'Mon, 04 Nov 2024 00:01:10 GMT'})
DEBUG    selenium.webdriver.remote.remote_connection:remote_connection.py:437 Finished Request
INFO     tests.ui.pages:pages.py:87 Created POM: SignUpPage
DEBUG    selenium.webdriver.remote.remote_connection:remote_connection.py:375 POST http://localhost:51507/session/5145cc27-7d5e-4a5a-bbdc-e44b3e3b4d7e/url {'url': 'https://thinking-tester-contact-list.herokuapp.com/addUser'}
DEBUG    urllib3.connectionpool:connectionpool.py:546 http://localhost:51507 "POST /session/5145cc27-7d5e-4a5a-bbdc-e44b3e3b4d7e/url HTTP/11" 200 0
DEBUG    selenium.webdriver.remote.remote_connection:remote_connection.py:408 Remote response: status=200 | data={"value":null} | headers=HTTPHeaderDict({'content-type': 'application/json; charset=utf-8', 'cache-control': 'no-cache', 'content-length': '14', 'date': 'Mon, 04 Nov 2024 00:01:10 GMT'})
DEBUG    selenium.webdriver.remote.remote_connection:remote_connection.py:437 Finished Request
INFO     tests.ui.pages:pages.py:27 Opened page
DEBUG    selenium.webdriver.remote.remote_connection:remote_connection.py:375 POST http://localhost:51507/session/5145cc27-7d5e-4a5a-bbdc-e44b3e3b4d7e/element {'using': 'css selector', 'value': '[id="firstName"]'}
DEBUG    urllib3.connectionpool:connectionpool.py:546 http://localhost:51507 "POST /session/5145cc27-7d5e-4a5a-bbdc-e44b3e3b4d7e/element HTTP/11" 200 0
DEBUG    selenium.webdriver.remote.remote_connection:remote_connection.py:408 Remote response: status=200 | data={"value":{"element-6066-11e4-a52e-4f735466cecf":"41af9c2a-2112-4c22-b9b3-5aefac7e98f5"}} | headers=HTTPHeaderDict({'content-type': 'application/json; charset=utf-8', 'cache-control': 'no-cache', 'content-length': '88', 'date': 'Mon, 04 Nov 2024 00:01:12 GMT'})
DEBUG    selenium.webdriver.remote.remote_connection:remote_connection.py:437 Finished Request
DEBUG    selenium.webdriver.remote.remote_connection:remote_connection.py:375 POST http://localhost:51507/session/5145cc27-7d5e-4a5a-bbdc-e44b3e3b4d7e/element/41af9c2a-2112-4c22-b9b3-5aefac7e98f5/value {'text': 'John', 'value': ['J', 'o', 'h', 'n']}
DEBUG    urllib3.connectionpool:connectionpool.py:546 http://localhost:51507 "POST /session/5145cc27-7d5e-4a5a-bbdc-e44b3e3b4d7e/element/41af9c2a-2112-4c22-b9b3-5aefac7e98f5/value HTTP/11" 200 0
DEBUG    selenium.webdriver.remote.remote_connection:remote_connection.py:408 Remote response: status=200 | data={"value":null} | headers=HTTPHeaderDict({'content-type': 'application/json; charset=utf-8', 'cache-control': 'no-cache', 'content-length': '14', 'date': 'Mon, 04 Nov 2024 00:01:12 GMT'})
DEBUG    selenium.webdriver.remote.remote_connection:remote_connection.py:437 Finished Request
INFO     tests.ui.pages:pages.py:91 Entered first name
DEBUG    selenium.webdriver.remote.remote_connection:remote_connection.py:375 POST http://localhost:51507/session/5145cc27-7d5e-4a5a-bbdc-e44b3e3b4d7e/element {'using': 'css selector', 'value': '[id="lastName"]'}
DEBUG    urllib3.connectionpool:connectionpool.py:546 http://localhost:51507 "POST /session/5145cc27-7d5e-4a5a-bbdc-e44b3e3b4d7e/element HTTP/11" 200 0
DEBUG    selenium.webdriver.remote.remote_connection:remote_connection.py:408 Remote response: status=200 | data={"value":{"element-6066-11e4-a52e-4f735466cecf":"03e8ae71-acfb-4b39-b643-144b7b7929fa"}} | headers=HTTPHeaderDict({'content-type': 'application/json; charset=utf-8', 'cache-control': 'no-cache', 'content-length': '88', 'date': 'Mon, 04 Nov 2024 00:01:12 GMT'})
DEBUG    selenium.webdriver.remote.remote_connection:remote_connection.py:437 Finished Request
DEBUG    selenium.webdriver.remote.remote_connection:remote_connection.py:375 POST http://localhost:51507/session/5145cc27-7d5e-4a5a-bbdc-e44b3e3b4d7e/element/03e8ae71-acfb-4b39-b643-144b7b7929fa/value {'text': 'Green', 'value': ['G', 'r', 'e', 'e', 'n']}
DEBUG    urllib3.connectionpool:connectionpool.py:546 http://localhost:51507 "POST /session/5145cc27-7d5e-4a5a-bbdc-e44b3e3b4d7e/element/03e8ae71-acfb-4b39-b643-144b7b7929fa/value HTTP/11" 200 0
DEBUG    selenium.webdriver.remote.remote_connection:remote_connection.py:408 Remote response: status=200 | data={"value":null} | headers=HTTPHeaderDict({'content-type': 'application/json; charset=utf-8', 'cache-control': 'no-cache', 'content-length': '14', 'date': 'Mon, 04 Nov 2024 00:01:12 GMT'})
DEBUG    selenium.webdriver.remote.remote_connection:remote_connection.py:437 Finished Request
INFO     tests.ui.pages:pages.py:95 Entered last name
DEBUG    selenium.webdriver.remote.remote_connection:remote_connection.py:375 POST http://localhost:51507/session/5145cc27-7d5e-4a5a-bbdc-e44b3e3b4d7e/element {'using': 'css selector', 'value': '[id="email"]'}
DEBUG    urllib3.connectionpool:connectionpool.py:546 http://localhost:51507 "POST /session/5145cc27-7d5e-4a5a-bbdc-e44b3e3b4d7e/element HTTP/11" 200 0
DEBUG    selenium.webdriver.remote.remote_connection:remote_connection.py:408 Remote response: status=200 | data={"value":{"element-6066-11e4-a52e-4f735466cecf":"09fca554-8880-4500-9543-63843d6fc56d"}} | headers=HTTPHeaderDict({'content-type': 'application/json; charset=utf-8', 'cache-control': 'no-cache', 'content-length': '88', 'date': 'Mon, 04 Nov 2024 00:01:12 GMT'})
DEBUG    selenium.webdriver.remote.remote_connection:remote_connection.py:437 Finished Request
DEBUG    selenium.webdriver.remote.remote_connection:remote_connection.py:375 POST http://localhost:51507/session/5145cc27-7d5e-4a5a-bbdc-e44b3e3b4d7e/element/09fca554-8880-4500-9543-63843d6fc56d/value {'text': 'john.green@mail.com', 'value': ['j', 'o', 'h', 'n', '.', 'g', 'r', 'e', 'e', 'n', '@', 'm', 'a', 'i', 'l', '.', 'c', 'o', 'm']}
DEBUG    urllib3.connectionpool:connectionpool.py:546 http://localhost:51507 "POST /session/5145cc27-7d5e-4a5a-bbdc-e44b3e3b4d7e/element/09fca554-8880-4500-9543-63843d6fc56d/value HTTP/11" 200 0
DEBUG    selenium.webdriver.remote.remote_connection:remote_connection.py:408 Remote response: status=200 | data={"value":null} | headers=HTTPHeaderDict({'content-type': 'application/json; charset=utf-8', 'cache-control': 'no-cache', 'content-length': '14', 'date': 'Mon, 04 Nov 2024 00:01:12 GMT'})
DEBUG    selenium.webdriver.remote.remote_connection:remote_connection.py:437 Finished Request
INFO     tests.ui.pages:pages.py:99 Entered email
DEBUG    selenium.webdriver.remote.remote_connection:remote_connection.py:375 POST http://localhost:51507/session/5145cc27-7d5e-4a5a-bbdc-e44b3e3b4d7e/element {'using': 'css selector', 'value': '[id="password"]'}
DEBUG    urllib3.connectionpool:connectionpool.py:546 http://localhost:51507 "POST /session/5145cc27-7d5e-4a5a-bbdc-e44b3e3b4d7e/element HTTP/11" 200 0
DEBUG    selenium.webdriver.remote.remote_connection:remote_connection.py:408 Remote response: status=200 | data={"value":{"element-6066-11e4-a52e-4f735466cecf":"8e0de7cc-1524-459b-aa28-0cae53964d82"}} | headers=HTTPHeaderDict({'content-type': 'application/json; charset=utf-8', 'cache-control': 'no-cache', 'content-length': '88', 'date': 'Mon, 04 Nov 2024 00:01:12 GMT'})
DEBUG    selenium.webdriver.remote.remote_connection:remote_connection.py:437 Finished Request
DEBUG    selenium.webdriver.remote.remote_connection:remote_connection.py:375 POST http://localhost:51507/session/5145cc27-7d5e-4a5a-bbdc-e44b3e3b4d7e/element/8e0de7cc-1524-459b-aa28-0cae53964d82/value {'text': '1234567890', 'value': ['1', '2', '3', '4', '5', '6', '7', '8', '9', '0']}
DEBUG    urllib3.connectionpool:connectionpool.py:546 http://localhost:51507 "POST /session/5145cc27-7d5e-4a5a-bbdc-e44b3e3b4d7e/element/8e0de7cc-1524-459b-aa28-0cae53964d82/value HTTP/11" 200 0
DEBUG    selenium.webdriver.remote.remote_connection:remote_connection.py:408 Remote response: status=200 | data={"value":null} | headers=HTTPHeaderDict({'content-type': 'application/json; charset=utf-8', 'cache-control': 'no-cache', 'content-length': '14', 'date': 'Mon, 04 Nov 2024 00:01:12 GMT'})
DEBUG    selenium.webdriver.remote.remote_connection:remote_connection.py:437 Finished Request
INFO     tests.ui.pages:pages.py:103 Entered password
DEBUG    selenium.webdriver.remote.remote_connection:remote_connection.py:375 POST http://localhost:51507/session/5145cc27-7d5e-4a5a-bbdc-e44b3e3b4d7e/element {'using': 'css selector', 'value': '[id="submit"]'}
DEBUG    urllib3.connectionpool:connectionpool.py:546 http://localhost:51507 "POST /session/5145cc27-7d5e-4a5a-bbdc-e44b3e3b4d7e/element HTTP/11" 200 0
DEBUG    selenium.webdriver.remote.remote_connection:remote_connection.py:408 Remote response: status=200 | data={"value":{"element-6066-11e4-a52e-4f735466cecf":"161d969e-70de-4c18-b996-2ba61d595113"}} | headers=HTTPHeaderDict({'content-type': 'application/json; charset=utf-8', 'cache-control': 'no-cache', 'content-length': '88', 'date': 'Mon, 04 Nov 2024 00:01:12 GMT'})
DEBUG    selenium.webdriver.remote.remote_connection:remote_connection.py:437 Finished Request
DEBUG    selenium.webdriver.remote.remote_connection:remote_connection.py:375 POST http://localhost:51507/session/5145cc27-7d5e-4a5a-bbdc-e44b3e3b4d7e/element/161d969e-70de-4c18-b996-2ba61d595113/click {}
DEBUG    urllib3.connectionpool:connectionpool.py:546 http://localhost:51507 "POST /session/5145cc27-7d5e-4a5a-bbdc-e44b3e3b4d7e/element/161d969e-70de-4c18-b996-2ba61d595113/click HTTP/11" 200 0
DEBUG    selenium.webdriver.remote.remote_connection:remote_connection.py:408 Remote response: status=200 | data={"value":null} | headers=HTTPHeaderDict({'content-type': 'application/json; charset=utf-8', 'cache-control': 'no-cache', 'content-length': '14', 'date': 'Mon, 04 Nov 2024 00:01:12 GMT'})
DEBUG    selenium.webdriver.remote.remote_connection:remote_connection.py:437 Finished Request
INFO     tests.ui.pages:pages.py:107 Clicked on Sign Up button
INFO     tests.ui.pages:pages.py:124 Created POM: ContactListPage
DEBUG    selenium.webdriver.remote.remote_connection:remote_connection.py:375 GET http://localhost:51507/session/5145cc27-7d5e-4a5a-bbdc-e44b3e3b4d7e/url {}
DEBUG    urllib3.connectionpool:connectionpool.py:546 http://localhost:51507 "GET /session/5145cc27-7d5e-4a5a-bbdc-e44b3e3b4d7e/url HTTP/11" 200 0
DEBUG    selenium.webdriver.remote.remote_connection:remote_connection.py:408 Remote response: status=200 | data={"value":"https://thinking-tester-contact-list.herokuapp.com/contactList"} | headers=HTTPHeaderDict({'content-type': 'application/json; charset=utf-8', 'cache-control': 'no-cache', 'content-length': '74', 'date': 'Mon, 04 Nov 2024 00:01:12 GMT'})
DEBUG    selenium.webdriver.remote.remote_connection:remote_connection.py:437 Finished Request
DEBUG    util.admin.admin_api:admin_api.py:43 Logging in user with credentials: {email: john.green@mail.com, password: 1234567890}
DEBUG    urllib3.connectionpool:connectionpool.py:1051 Starting new HTTPS connection (1): thinking-tester-contact-list.herokuapp.com:443
DEBUG    urllib3.connectionpool:connectionpool.py:546 https://thinking-tester-contact-list.herokuapp.com:443 "POST /users/login HTTP/11" 200 279
DEBUG    util.admin.admin_api:admin_api.py:53 Logged in and received token: eyJhbGciOiJIUzI1NiIsInR5cCI6IkpXVCJ9.eyJfaWQiOiI2NzI4MGVjOGJlZDRkYjAwMTM1YjEyMzUiLCJpYXQiOjE3MzA2Nzg0NzN9.6xPHwErUMyxSoA7EdetfW9eZlap5N04HW12xRPQU3fw
DEBUG    util.admin.admin_api:admin_api.py:77 Deleting user with token: eyJhbGciOiJIUzI1NiIsInR5cCI6IkpXVCJ9.eyJfaWQiOiI2NzI4MGVjOGJlZDRkYjAwMTM1YjEyMzUiLCJpYXQiOjE3MzA2Nzg0NzN9.6xPHwErUMyxSoA7EdetfW9eZlap5N04HW12xRPQU3fw
DEBUG    urllib3.connectionpool:connectionpool.py:1051 Starting new HTTPS connection (1): thinking-tester-contact-list.herokuapp.com:443
DEBUG    urllib3.connectionpool:connectionpool.py:546 https://thinking-tester-contact-list.herokuapp.com:443 "DELETE /users/me HTTP/11" 200 0
DEBUG    util.admin.admin_api:admin_api.py:83 User deleted
DEBUG    selenium.webdriver.remote.remote_connection:remote_connection.py:375 DELETE http://localhost:51507/session/5145cc27-7d5e-4a5a-bbdc-e44b3e3b4d7e {}
DEBUG    urllib3.connectionpool:connectionpool.py:546 http://localhost:51507 "DELETE /session/5145cc27-7d5e-4a5a-bbdc-e44b3e3b4d7e HTTP/11" 200 0
DEBUG    selenium.webdriver.remote.remote_connection:remote_connection.py:408 Remote response: status=200 | data={"value":null} | headers=HTTPHeaderDict({'content-type': 'application/json; charset=utf-8', 'cache-control': 'no-cache', 'content-length': '14', 'date': 'Mon, 04 Nov 2024 00:01:14 GMT'})
DEBUG    selenium.webdriver.remote.remote_connection:remote_connection.py:437 Finished Request
DEBUG    selenium.webdriver.common.selenium_manager:selenium_manager.py:101 Selenium Manager binary found at: /home/stinger/Development/itspl-task/.venv/lib/python3.12/site-packages/selenium/webdriver/common/linux/selenium-manager
DEBUG    selenium.webdriver.common.selenium_manager:selenium_manager.py:114 Executing process: /home/stinger/Development/itspl-task/.venv/lib/python3.12/site-packages/selenium/webdriver/common/linux/selenium-manager --browser chrome --debug --language-binding python --output json
DEBUG    selenium.webdriver.common.selenium_manager:selenium_manager.py:140 Found chromedriver 130.0.6723.91 in PATH: /usr/bin/chromedriver
DEBUG    selenium.webdriver.common.selenium_manager:selenium_manager.py:140 Found chromium in PATH: /usr/bin/chromium
DEBUG    selenium.webdriver.common.selenium_manager:selenium_manager.py:140 Running command: /usr/bin/chromium --version
DEBUG    selenium.webdriver.common.selenium_manager:selenium_manager.py:140 Output: "Chromium 130.0.6723.91 Arch Linux"
DEBUG    selenium.webdriver.common.selenium_manager:selenium_manager.py:140 Detected browser: chrome 130.0.6723.91
DEBUG    selenium.webdriver.common.selenium_manager:selenium_manager.py:140 Required driver: chromedriver 130.0.6723.91
DEBUG    selenium.webdriver.common.selenium_manager:selenium_manager.py:140 Driver path: /usr/bin/chromedriver
DEBUG    selenium.webdriver.common.selenium_manager:selenium_manager.py:140 Browser path: /usr/bin/chromium
DEBUG    selenium.webdriver.common.service:service.py:225 Started executable: `/usr/bin/chromedriver` in a child process with pid: 534214 using 0 to output -3
DEBUG    selenium.webdriver.remote.remote_connection:remote_connection.py:375 POST http://localhost:57049/session {'capabilities': {'firstMatch': [{}], 'alwaysMatch': {'browserName': 'chrome', 'pageLoadStrategy': <PageLoadStrategy.normal: 'normal'>, 'browserVersion': None, 'goog:chromeOptions': {'extensions': [], 'binary': '/usr/bin/chromium', 'args': []}}}}
DEBUG    urllib3.connectionpool:connectionpool.py:243 Starting new HTTP connection (1): localhost:57049
DEBUG    urllib3.connectionpool:connectionpool.py:546 http://localhost:57049 "POST /session HTTP/11" 200 0
DEBUG    selenium.webdriver.remote.remote_connection:remote_connection.py:408 Remote response: status=200 | data={"value":{"capabilities":{"acceptInsecureCerts":false,"browserName":"chrome","browserVersion":"130.0.6723.91","chrome":{"chromedriverVersion":"130.0.6723.91 (53ac076783696778ecc8f360ea31765c29c240ad-refs/branch-heads/6723@{#1517})","userDataDir":"/tmp/.org.chromium.Chromium.rWWRIH"},"fedcm:accounts":true,"goog:chromeOptions":{"debuggerAddress":"localhost:34205"},"networkConnectionEnabled":false,"pageLoadStrategy":"normal","platformName":"linux","proxy":{},"setWindowRect":true,"strictFileInteractability":false,"timeouts":{"implicit":0,"pageLoad":300000,"script":30000},"unhandledPromptBehavior":"dismiss and notify","webauthn:extension:credBlob":true,"webauthn:extension:largeBlob":true,"webauthn:extension:minPinLength":true,"webauthn:extension:prf":true,"webauthn:virtualAuthenticators":true},"sessionId":"4f1e8367c94957fb19d6a401168829f4"}} | headers=HTTPHeaderDict({'Content-Length': '848', 'Content-Type': 'application/json; charset=utf-8', 'cache-control': 'no-cache'})
DEBUG    selenium.webdriver.remote.remote_connection:remote_connection.py:437 Finished Request
DEBUG    selenium.webdriver.remote.remote_connection:remote_connection.py:375 POST http://localhost:57049/session/4f1e8367c94957fb19d6a401168829f4/timeouts {'implicit': 10000}
DEBUG    urllib3.connectionpool:connectionpool.py:546 http://localhost:57049 "POST /session/4f1e8367c94957fb19d6a401168829f4/timeouts HTTP/11" 200 0
DEBUG    selenium.webdriver.remote.remote_connection:remote_connection.py:408 Remote response: status=200 | data={"value":null} | headers=HTTPHeaderDict({'Content-Length': '14', 'Content-Type': 'application/json; charset=utf-8', 'cache-control': 'no-cache'})
DEBUG    selenium.webdriver.remote.remote_connection:remote_connection.py:437 Finished Request
INFO     tests.ui.pages:pages.py:87 Created POM: SignUpPage
DEBUG    util.admin.admin_api:admin_api.py:33 Creating user: {'firstName': 'John', 'lastName': 'Green', 'email': 'john.green@mail.com', 'password': '1234567890'}
DEBUG    urllib3.connectionpool:connectionpool.py:1051 Starting new HTTPS connection (1): thinking-tester-contact-list.herokuapp.com:443
DEBUG    urllib3.connectionpool:connectionpool.py:546 https://thinking-tester-contact-list.herokuapp.com:443 "POST /users HTTP/11" 201 279
DEBUG    util.admin.admin_api:admin_api.py:39 Created user and received token: eyJhbGciOiJIUzI1NiIsInR5cCI6IkpXVCJ9.eyJfaWQiOiI2NzI4MGVjZGJlZDRkYjAwMTM1YjEyMzciLCJpYXQiOjE3MzA2Nzg0Nzd9.Xz2Mr-h7PK8C12JL5MbqzgtY_gK7NOzKg1zuSjVVOoI
INFO     tests.conftest:conftest.py:56 Created registered user
DEBUG    selenium.webdriver.remote.remote_connection:remote_connection.py:375 POST http://localhost:57049/session/4f1e8367c94957fb19d6a401168829f4/url {'url': 'https://thinking-tester-contact-list.herokuapp.com/addUser'}
DEBUG    urllib3.connectionpool:connectionpool.py:546 http://localhost:57049 "POST /session/4f1e8367c94957fb19d6a401168829f4/url HTTP/11" 200 0
DEBUG    selenium.webdriver.remote.remote_connection:remote_connection.py:408 Remote response: status=200 | data={"value":null} | headers=HTTPHeaderDict({'Content-Length': '14', 'Content-Type': 'application/json; charset=utf-8', 'cache-control': 'no-cache'})
DEBUG    selenium.webdriver.remote.remote_connection:remote_connection.py:437 Finished Request
INFO     tests.ui.pages:pages.py:27 Opened page
DEBUG    selenium.webdriver.remote.remote_connection:remote_connection.py:375 POST http://localhost:57049/session/4f1e8367c94957fb19d6a401168829f4/element {'using': 'css selector', 'value': '[id="firstName"]'}
DEBUG    urllib3.connectionpool:connectionpool.py:546 http://localhost:57049 "POST /session/4f1e8367c94957fb19d6a401168829f4/element HTTP/11" 200 0
DEBUG    selenium.webdriver.remote.remote_connection:remote_connection.py:408 Remote response: status=200 | data={"value":{"element-6066-11e4-a52e-4f735466cecf":"f.DD5EC6F191C81C538CAFD19E2B60BF1E.d.E105C19157F841E6E35C2B939DF8A175.e.5"}} | headers=HTTPHeaderDict({'Content-Length': '125', 'Content-Type': 'application/json; charset=utf-8', 'cache-control': 'no-cache'})
DEBUG    selenium.webdriver.remote.remote_connection:remote_connection.py:437 Finished Request
DEBUG    selenium.webdriver.remote.remote_connection:remote_connection.py:375 POST http://localhost:57049/session/4f1e8367c94957fb19d6a401168829f4/element/f.DD5EC6F191C81C538CAFD19E2B60BF1E.d.E105C19157F841E6E35C2B939DF8A175.e.5/value {'text': 'John', 'value': ['J', 'o', 'h', 'n']}
DEBUG    urllib3.connectionpool:connectionpool.py:546 http://localhost:57049 "POST /session/4f1e8367c94957fb19d6a401168829f4/element/f.DD5EC6F191C81C538CAFD19E2B60BF1E.d.E105C19157F841E6E35C2B939DF8A175.e.5/value HTTP/11" 200 0
DEBUG    selenium.webdriver.remote.remote_connection:remote_connection.py:408 Remote response: status=200 | data={"value":null} | headers=HTTPHeaderDict({'Content-Length': '14', 'Content-Type': 'application/json; charset=utf-8', 'cache-control': 'no-cache'})
DEBUG    selenium.webdriver.remote.remote_connection:remote_connection.py:437 Finished Request
INFO     tests.ui.pages:pages.py:91 Entered first name
DEBUG    selenium.webdriver.remote.remote_connection:remote_connection.py:375 POST http://localhost:57049/session/4f1e8367c94957fb19d6a401168829f4/element {'using': 'css selector', 'value': '[id="lastName"]'}
DEBUG    urllib3.connectionpool:connectionpool.py:546 http://localhost:57049 "POST /session/4f1e8367c94957fb19d6a401168829f4/element HTTP/11" 200 0
DEBUG    selenium.webdriver.remote.remote_connection:remote_connection.py:408 Remote response: status=200 | data={"value":{"element-6066-11e4-a52e-4f735466cecf":"f.DD5EC6F191C81C538CAFD19E2B60BF1E.d.E105C19157F841E6E35C2B939DF8A175.e.7"}} | headers=HTTPHeaderDict({'Content-Length': '125', 'Content-Type': 'application/json; charset=utf-8', 'cache-control': 'no-cache'})
DEBUG    selenium.webdriver.remote.remote_connection:remote_connection.py:437 Finished Request
DEBUG    selenium.webdriver.remote.remote_connection:remote_connection.py:375 POST http://localhost:57049/session/4f1e8367c94957fb19d6a401168829f4/element/f.DD5EC6F191C81C538CAFD19E2B60BF1E.d.E105C19157F841E6E35C2B939DF8A175.e.7/value {'text': 'Green', 'value': ['G', 'r', 'e', 'e', 'n']}
DEBUG    urllib3.connectionpool:connectionpool.py:546 http://localhost:57049 "POST /session/4f1e8367c94957fb19d6a401168829f4/element/f.DD5EC6F191C81C538CAFD19E2B60BF1E.d.E105C19157F841E6E35C2B939DF8A175.e.7/value HTTP/11" 200 0
DEBUG    selenium.webdriver.remote.remote_connection:remote_connection.py:408 Remote response: status=200 | data={"value":null} | headers=HTTPHeaderDict({'Content-Length': '14', 'Content-Type': 'application/json; charset=utf-8', 'cache-control': 'no-cache'})
DEBUG    selenium.webdriver.remote.remote_connection:remote_connection.py:437 Finished Request
INFO     tests.ui.pages:pages.py:95 Entered last name
DEBUG    selenium.webdriver.remote.remote_connection:remote_connection.py:375 POST http://localhost:57049/session/4f1e8367c94957fb19d6a401168829f4/element {'using': 'css selector', 'value': '[id="email"]'}
DEBUG    urllib3.connectionpool:connectionpool.py:546 http://localhost:57049 "POST /session/4f1e8367c94957fb19d6a401168829f4/element HTTP/11" 200 0
DEBUG    selenium.webdriver.remote.remote_connection:remote_connection.py:408 Remote response: status=200 | data={"value":{"element-6066-11e4-a52e-4f735466cecf":"f.DD5EC6F191C81C538CAFD19E2B60BF1E.d.E105C19157F841E6E35C2B939DF8A175.e.8"}} | headers=HTTPHeaderDict({'Content-Length': '125', 'Content-Type': 'application/json; charset=utf-8', 'cache-control': 'no-cache'})
DEBUG    selenium.webdriver.remote.remote_connection:remote_connection.py:437 Finished Request
DEBUG    selenium.webdriver.remote.remote_connection:remote_connection.py:375 POST http://localhost:57049/session/4f1e8367c94957fb19d6a401168829f4/element/f.DD5EC6F191C81C538CAFD19E2B60BF1E.d.E105C19157F841E6E35C2B939DF8A175.e.8/value {'text': 'john.green@mail.com', 'value': ['j', 'o', 'h', 'n', '.', 'g', 'r', 'e', 'e', 'n', '@', 'm', 'a', 'i', 'l', '.', 'c', 'o', 'm']}
DEBUG    urllib3.connectionpool:connectionpool.py:546 http://localhost:57049 "POST /session/4f1e8367c94957fb19d6a401168829f4/element/f.DD5EC6F191C81C538CAFD19E2B60BF1E.d.E105C19157F841E6E35C2B939DF8A175.e.8/value HTTP/11" 200 0
DEBUG    selenium.webdriver.remote.remote_connection:remote_connection.py:408 Remote response: status=200 | data={"value":null} | headers=HTTPHeaderDict({'Content-Length': '14', 'Content-Type': 'application/json; charset=utf-8', 'cache-control': 'no-cache'})
DEBUG    selenium.webdriver.remote.remote_connection:remote_connection.py:437 Finished Request
INFO     tests.ui.pages:pages.py:99 Entered email
DEBUG    selenium.webdriver.remote.remote_connection:remote_connection.py:375 POST http://localhost:57049/session/4f1e8367c94957fb19d6a401168829f4/element {'using': 'css selector', 'value': '[id="password"]'}
DEBUG    urllib3.connectionpool:connectionpool.py:546 http://localhost:57049 "POST /session/4f1e8367c94957fb19d6a401168829f4/element HTTP/11" 200 0
DEBUG    selenium.webdriver.remote.remote_connection:remote_connection.py:408 Remote response: status=200 | data={"value":{"element-6066-11e4-a52e-4f735466cecf":"f.DD5EC6F191C81C538CAFD19E2B60BF1E.d.E105C19157F841E6E35C2B939DF8A175.e.9"}} | headers=HTTPHeaderDict({'Content-Length': '125', 'Content-Type': 'application/json; charset=utf-8', 'cache-control': 'no-cache'})
DEBUG    selenium.webdriver.remote.remote_connection:remote_connection.py:437 Finished Request
DEBUG    selenium.webdriver.remote.remote_connection:remote_connection.py:375 POST http://localhost:57049/session/4f1e8367c94957fb19d6a401168829f4/element/f.DD5EC6F191C81C538CAFD19E2B60BF1E.d.E105C19157F841E6E35C2B939DF8A175.e.9/value {'text': '1234567890', 'value': ['1', '2', '3', '4', '5', '6', '7', '8', '9', '0']}
DEBUG    urllib3.connectionpool:connectionpool.py:546 http://localhost:57049 "POST /session/4f1e8367c94957fb19d6a401168829f4/element/f.DD5EC6F191C81C538CAFD19E2B60BF1E.d.E105C19157F841E6E35C2B939DF8A175.e.9/value HTTP/11" 200 0
DEBUG    selenium.webdriver.remote.remote_connection:remote_connection.py:408 Remote response: status=200 | data={"value":null} | headers=HTTPHeaderDict({'Content-Length': '14', 'Content-Type': 'application/json; charset=utf-8', 'cache-control': 'no-cache'})
DEBUG    selenium.webdriver.remote.remote_connection:remote_connection.py:437 Finished Request
INFO     tests.ui.pages:pages.py:103 Entered password
DEBUG    selenium.webdriver.remote.remote_connection:remote_connection.py:375 POST http://localhost:57049/session/4f1e8367c94957fb19d6a401168829f4/element {'using': 'css selector', 'value': '[id="submit"]'}
DEBUG    urllib3.connectionpool:connectionpool.py:546 http://localhost:57049 "POST /session/4f1e8367c94957fb19d6a401168829f4/element HTTP/11" 200 0
DEBUG    selenium.webdriver.remote.remote_connection:remote_connection.py:408 Remote response: status=200 | data={"value":{"element-6066-11e4-a52e-4f735466cecf":"f.DD5EC6F191C81C538CAFD19E2B60BF1E.d.E105C19157F841E6E35C2B939DF8A175.e.10"}} | headers=HTTPHeaderDict({'Content-Length': '126', 'Content-Type': 'application/json; charset=utf-8', 'cache-control': 'no-cache'})
DEBUG    selenium.webdriver.remote.remote_connection:remote_connection.py:437 Finished Request
DEBUG    selenium.webdriver.remote.remote_connection:remote_connection.py:375 POST http://localhost:57049/session/4f1e8367c94957fb19d6a401168829f4/element/f.DD5EC6F191C81C538CAFD19E2B60BF1E.d.E105C19157F841E6E35C2B939DF8A175.e.10/click {}
DEBUG    urllib3.connectionpool:connectionpool.py:546 http://localhost:57049 "POST /session/4f1e8367c94957fb19d6a401168829f4/element/f.DD5EC6F191C81C538CAFD19E2B60BF1E.d.E105C19157F841E6E35C2B939DF8A175.e.10/click HTTP/11" 200 0
DEBUG    selenium.webdriver.remote.remote_connection:remote_connection.py:408 Remote response: status=200 | data={"value":null} | headers=HTTPHeaderDict({'Content-Length': '14', 'Content-Type': 'application/json; charset=utf-8', 'cache-control': 'no-cache'})
DEBUG    selenium.webdriver.remote.remote_connection:remote_connection.py:437 Finished Request
INFO     tests.ui.pages:pages.py:112 Clicked on Sign Up button with invalid credentials
DEBUG    selenium.webdriver.remote.remote_connection:remote_connection.py:375 POST http://localhost:57049/session/4f1e8367c94957fb19d6a401168829f4/element {'using': 'css selector', 'value': '[id="error"]'}
DEBUG    urllib3.connectionpool:connectionpool.py:546 http://localhost:57049 "POST /session/4f1e8367c94957fb19d6a401168829f4/element HTTP/11" 200 0
DEBUG    selenium.webdriver.remote.remote_connection:remote_connection.py:408 Remote response: status=200 | data={"value":{"element-6066-11e4-a52e-4f735466cecf":"f.DD5EC6F191C81C538CAFD19E2B60BF1E.d.E105C19157F841E6E35C2B939DF8A175.e.16"}} | headers=HTTPHeaderDict({'Content-Length': '126', 'Content-Type': 'application/json; charset=utf-8', 'cache-control': 'no-cache'})
DEBUG    selenium.webdriver.remote.remote_connection:remote_connection.py:437 Finished Request
DEBUG    selenium.webdriver.remote.remote_connection:remote_connection.py:375 POST http://localhost:57049/session/4f1e8367c94957fb19d6a401168829f4/execute/sync {'script': '/* isDisplayed */return (function(){return (function(){var g=this||self;\nfunction aa(a){var b=typeof...', 'args': [{'element-6066-11e4-a52e-4f735466cecf': 'f.DD5EC6F191C81C538CAFD19E2B60BF1E.d.E105C19157F841E6E35C2B939DF8A175.e.16'}]}
DEBUG    urllib3.connectionpool:connectionpool.py:546 http://localhost:57049 "POST /session/4f1e8367c94957fb19d6a401168829f4/execute/sync HTTP/11" 200 0
DEBUG    selenium.webdriver.remote.remote_connection:remote_connection.py:408 Remote response: status=200 | data={"value":false} | headers=HTTPHeaderDict({'Content-Length': '15', 'Content-Type': 'application/json; charset=utf-8', 'cache-control': 'no-cache'})
DEBUG    selenium.webdriver.remote.remote_connection:remote_connection.py:437 Finished Request
DEBUG    selenium.webdriver.remote.remote_connection:remote_connection.py:375 POST http://localhost:57049/session/4f1e8367c94957fb19d6a401168829f4/execute/sync {'script': '/* isDisplayed */return (function(){return (function(){var g=this||self;\nfunction aa(a){var b=typeof...', 'args': [{'element-6066-11e4-a52e-4f735466cecf': 'f.DD5EC6F191C81C538CAFD19E2B60BF1E.d.E105C19157F841E6E35C2B939DF8A175.e.16'}]}
DEBUG    urllib3.connectionpool:connectionpool.py:546 http://localhost:57049 "POST /session/4f1e8367c94957fb19d6a401168829f4/execute/sync HTTP/11" 200 0
DEBUG    selenium.webdriver.remote.remote_connection:remote_connection.py:408 Remote response: status=200 | data={"value":true} | headers=HTTPHeaderDict({'Content-Length': '14', 'Content-Type': 'application/json; charset=utf-8', 'cache-control': 'no-cache'})
DEBUG    selenium.webdriver.remote.remote_connection:remote_connection.py:437 Finished Request
DEBUG    selenium.webdriver.remote.remote_connection:remote_connection.py:375 GET http://localhost:57049/session/4f1e8367c94957fb19d6a401168829f4/element/f.DD5EC6F191C81C538CAFD19E2B60BF1E.d.E105C19157F841E6E35C2B939DF8A175.e.16/text {}
DEBUG    urllib3.connectionpool:connectionpool.py:546 http://localhost:57049 "GET /session/4f1e8367c94957fb19d6a401168829f4/element/f.DD5EC6F191C81C538CAFD19E2B60BF1E.d.E105C19157F841E6E35C2B939DF8A175.e.16/text HTTP/11" 200 0
DEBUG    selenium.webdriver.remote.remote_connection:remote_connection.py:408 Remote response: status=200 | data={"value":"Email address is already in use"} | headers=HTTPHeaderDict({'Content-Length': '43', 'Content-Type': 'application/json; charset=utf-8', 'cache-control': 'no-cache'})
DEBUG    selenium.webdriver.remote.remote_connection:remote_connection.py:437 Finished Request
DEBUG    util.admin.admin_api:admin_api.py:77 Deleting user with token: eyJhbGciOiJIUzI1NiIsInR5cCI6IkpXVCJ9.eyJfaWQiOiI2NzI4MGVjZGJlZDRkYjAwMTM1YjEyMzciLCJpYXQiOjE3MzA2Nzg0Nzd9.Xz2Mr-h7PK8C12JL5MbqzgtY_gK7NOzKg1zuSjVVOoI
DEBUG    urllib3.connectionpool:connectionpool.py:1051 Starting new HTTPS connection (1): thinking-tester-contact-list.herokuapp.com:443
DEBUG    urllib3.connectionpool:connectionpool.py:546 https://thinking-tester-contact-list.herokuapp.com:443 "DELETE /users/me HTTP/11" 200 0
DEBUG    util.admin.admin_api:admin_api.py:83 User deleted
INFO     tests.conftest:conftest.py:60 Deleted registered user
DEBUG    selenium.webdriver.remote.remote_connection:remote_connection.py:375 DELETE http://localhost:57049/session/4f1e8367c94957fb19d6a401168829f4 {}
DEBUG    urllib3.connectionpool:connectionpool.py:546 http://localhost:57049 "DELETE /session/4f1e8367c94957fb19d6a401168829f4 HTTP/11" 200 0
DEBUG    selenium.webdriver.remote.remote_connection:remote_connection.py:408 Remote response: status=200 | data={"value":null} | headers=HTTPHeaderDict({'Content-Length': '14', 'Content-Type': 'application/json; charset=utf-8', 'cache-control': 'no-cache'})
DEBUG    selenium.webdriver.remote.remote_connection:remote_connection.py:437 Finished Request
DEBUG    selenium.webdriver.common.selenium_manager:selenium_manager.py:101 Selenium Manager binary found at: /home/stinger/Development/itspl-task/.venv/lib/python3.12/site-packages/selenium/webdriver/common/linux/selenium-manager
DEBUG    selenium.webdriver.common.selenium_manager:selenium_manager.py:114 Executing process: /home/stinger/Development/itspl-task/.venv/lib/python3.12/site-packages/selenium/webdriver/common/linux/selenium-manager --browser firefox --debug --language-binding python --output json
DEBUG    selenium.webdriver.common.selenium_manager:selenium_manager.py:140 geckodriver not found in PATH
DEBUG    selenium.webdriver.common.selenium_manager:selenium_manager.py:140 firefox detected at /usr/bin/firefox
DEBUG    selenium.webdriver.common.selenium_manager:selenium_manager.py:140 Running command: /usr/bin/firefox -v
DEBUG    selenium.webdriver.common.selenium_manager:selenium_manager.py:140 Output: "Mozilla Firefox 132.0"
DEBUG    selenium.webdriver.common.selenium_manager:selenium_manager.py:140 Detected browser: firefox 132.0
DEBUG    selenium.webdriver.common.selenium_manager:selenium_manager.py:140 Required driver: geckodriver 0.35.0
DEBUG    selenium.webdriver.common.selenium_manager:selenium_manager.py:140 geckodriver 0.35.0 already in the cache
DEBUG    selenium.webdriver.common.selenium_manager:selenium_manager.py:140 Driver path: /home/stinger/.cache/selenium/geckodriver/linux64/0.35.0/geckodriver
DEBUG    selenium.webdriver.common.selenium_manager:selenium_manager.py:140 Browser path: /usr/bin/firefox
DEBUG    selenium.webdriver.common.service:service.py:225 Started executable: `/home/stinger/.cache/selenium/geckodriver/linux64/0.35.0/geckodriver` in a child process with pid: 534438 using 0 to output -3
DEBUG    selenium.webdriver.remote.remote_connection:remote_connection.py:375 POST http://localhost:37693/session {'capabilities': {'firstMatch': [{}], 'alwaysMatch': {'browserName': 'firefox', 'acceptInsecureCerts': True, 'moz:debuggerAddress': True, 'pageLoadStrategy': <PageLoadStrategy.normal: 'normal'>, 'browserVersion': None, 'moz:firefoxOptions': {'binary': '/usr/bin/firefox', 'prefs': {'remote.active-protocols': 3}}}}}
DEBUG    urllib3.connectionpool:connectionpool.py:243 Starting new HTTP connection (1): localhost:37693
DEBUG    urllib3.connectionpool:connectionpool.py:546 http://localhost:37693 "POST /session HTTP/11" 200 0
DEBUG    selenium.webdriver.remote.remote_connection:remote_connection.py:408 Remote response: status=200 | data={"value":{"sessionId":"35e81cc1-ae51-4c2b-84ed-e5aad2273f86","capabilities":{"acceptInsecureCerts":true,"browserName":"firefox","browserVersion":"132.0","moz:accessibilityChecks":false,"moz:buildID":"20241028140738","moz:debuggerAddress":"127.0.0.1:48395","moz:geckodriverVersion":"0.35.0","moz:headless":false,"moz:platformVersion":"6.11.5-arch1-1","moz:processID":534445,"moz:profile":"/tmp/rust_mozprofilenmss9H","moz:shutdownTimeout":60000,"moz:webdriverClick":true,"moz:windowless":false,"pageLoadStrategy":"normal","platformName":"linux","proxy":{},"setWindowRect":true,"strictFileInteractability":false,"timeouts":{"implicit":0,"pageLoad":300000,"script":30000},"unhandledPromptBehavior":"dismiss and notify","userAgent":"Mozilla/5.0 (X11; Linux x86_64; rv:132.0) Gecko/20100101 Firefox/132.0"}}} | headers=HTTPHeaderDict({'content-type': 'application/json; charset=utf-8', 'cache-control': 'no-cache', 'content-length': '803', 'date': 'Mon, 04 Nov 2024 00:01:20 GMT'})
DEBUG    selenium.webdriver.remote.remote_connection:remote_connection.py:437 Finished Request
DEBUG    selenium.webdriver.remote.remote_connection:remote_connection.py:375 POST http://localhost:37693/session/35e81cc1-ae51-4c2b-84ed-e5aad2273f86/timeouts {'implicit': 10000}
DEBUG    urllib3.connectionpool:connectionpool.py:546 http://localhost:37693 "POST /session/35e81cc1-ae51-4c2b-84ed-e5aad2273f86/timeouts HTTP/11" 200 0
DEBUG    selenium.webdriver.remote.remote_connection:remote_connection.py:408 Remote response: status=200 | data={"value":null} | headers=HTTPHeaderDict({'content-type': 'application/json; charset=utf-8', 'cache-control': 'no-cache', 'content-length': '14', 'date': 'Mon, 04 Nov 2024 00:01:23 GMT'})
DEBUG    selenium.webdriver.remote.remote_connection:remote_connection.py:437 Finished Request
INFO     tests.ui.pages:pages.py:87 Created POM: SignUpPage
DEBUG    util.admin.admin_api:admin_api.py:33 Creating user: {'firstName': 'John', 'lastName': 'Green', 'email': 'john.green@mail.com', 'password': '1234567890'}
DEBUG    urllib3.connectionpool:connectionpool.py:1051 Starting new HTTPS connection (1): thinking-tester-contact-list.herokuapp.com:443
DEBUG    urllib3.connectionpool:connectionpool.py:546 https://thinking-tester-contact-list.herokuapp.com:443 "POST /users HTTP/11" 201 279
DEBUG    util.admin.admin_api:admin_api.py:39 Created user and received token: eyJhbGciOiJIUzI1NiIsInR5cCI6IkpXVCJ9.eyJfaWQiOiI2NzI4MGVkM2JlZDRkYjAwMTM1YjEyMzkiLCJpYXQiOjE3MzA2Nzg0ODN9.EHEwVw38WDucB_UDG-3p7zBm1XMmMsf4J7elU2msjDs
INFO     tests.conftest:conftest.py:56 Created registered user
DEBUG    selenium.webdriver.remote.remote_connection:remote_connection.py:375 POST http://localhost:37693/session/35e81cc1-ae51-4c2b-84ed-e5aad2273f86/url {'url': 'https://thinking-tester-contact-list.herokuapp.com/addUser'}
DEBUG    urllib3.connectionpool:connectionpool.py:546 http://localhost:37693 "POST /session/35e81cc1-ae51-4c2b-84ed-e5aad2273f86/url HTTP/11" 200 0
DEBUG    selenium.webdriver.remote.remote_connection:remote_connection.py:408 Remote response: status=200 | data={"value":null} | headers=HTTPHeaderDict({'content-type': 'application/json; charset=utf-8', 'cache-control': 'no-cache', 'content-length': '14', 'date': 'Mon, 04 Nov 2024 00:01:24 GMT'})
DEBUG    selenium.webdriver.remote.remote_connection:remote_connection.py:437 Finished Request
INFO     tests.ui.pages:pages.py:27 Opened page
DEBUG    selenium.webdriver.remote.remote_connection:remote_connection.py:375 POST http://localhost:37693/session/35e81cc1-ae51-4c2b-84ed-e5aad2273f86/element {'using': 'css selector', 'value': '[id="firstName"]'}
DEBUG    urllib3.connectionpool:connectionpool.py:546 http://localhost:37693 "POST /session/35e81cc1-ae51-4c2b-84ed-e5aad2273f86/element HTTP/11" 200 0
DEBUG    selenium.webdriver.remote.remote_connection:remote_connection.py:408 Remote response: status=200 | data={"value":{"element-6066-11e4-a52e-4f735466cecf":"b57f392a-c96c-4cb2-a568-b44eeb11e675"}} | headers=HTTPHeaderDict({'content-type': 'application/json; charset=utf-8', 'cache-control': 'no-cache', 'content-length': '88', 'date': 'Mon, 04 Nov 2024 00:01:25 GMT'})
DEBUG    selenium.webdriver.remote.remote_connection:remote_connection.py:437 Finished Request
DEBUG    selenium.webdriver.remote.remote_connection:remote_connection.py:375 POST http://localhost:37693/session/35e81cc1-ae51-4c2b-84ed-e5aad2273f86/element/b57f392a-c96c-4cb2-a568-b44eeb11e675/value {'text': 'John', 'value': ['J', 'o', 'h', 'n']}
DEBUG    urllib3.connectionpool:connectionpool.py:546 http://localhost:37693 "POST /session/35e81cc1-ae51-4c2b-84ed-e5aad2273f86/element/b57f392a-c96c-4cb2-a568-b44eeb11e675/value HTTP/11" 200 0
DEBUG    selenium.webdriver.remote.remote_connection:remote_connection.py:408 Remote response: status=200 | data={"value":null} | headers=HTTPHeaderDict({'content-type': 'application/json; charset=utf-8', 'cache-control': 'no-cache', 'content-length': '14', 'date': 'Mon, 04 Nov 2024 00:01:25 GMT'})
DEBUG    selenium.webdriver.remote.remote_connection:remote_connection.py:437 Finished Request
INFO     tests.ui.pages:pages.py:91 Entered first name
DEBUG    selenium.webdriver.remote.remote_connection:remote_connection.py:375 POST http://localhost:37693/session/35e81cc1-ae51-4c2b-84ed-e5aad2273f86/element {'using': 'css selector', 'value': '[id="lastName"]'}
DEBUG    urllib3.connectionpool:connectionpool.py:546 http://localhost:37693 "POST /session/35e81cc1-ae51-4c2b-84ed-e5aad2273f86/element HTTP/11" 200 0
DEBUG    selenium.webdriver.remote.remote_connection:remote_connection.py:408 Remote response: status=200 | data={"value":{"element-6066-11e4-a52e-4f735466cecf":"598420a7-448c-4357-8acb-6ca003fa9d38"}} | headers=HTTPHeaderDict({'content-type': 'application/json; charset=utf-8', 'cache-control': 'no-cache', 'content-length': '88', 'date': 'Mon, 04 Nov 2024 00:01:25 GMT'})
DEBUG    selenium.webdriver.remote.remote_connection:remote_connection.py:437 Finished Request
DEBUG    selenium.webdriver.remote.remote_connection:remote_connection.py:375 POST http://localhost:37693/session/35e81cc1-ae51-4c2b-84ed-e5aad2273f86/element/598420a7-448c-4357-8acb-6ca003fa9d38/value {'text': 'Green', 'value': ['G', 'r', 'e', 'e', 'n']}
DEBUG    urllib3.connectionpool:connectionpool.py:546 http://localhost:37693 "POST /session/35e81cc1-ae51-4c2b-84ed-e5aad2273f86/element/598420a7-448c-4357-8acb-6ca003fa9d38/value HTTP/11" 200 0
DEBUG    selenium.webdriver.remote.remote_connection:remote_connection.py:408 Remote response: status=200 | data={"value":null} | headers=HTTPHeaderDict({'content-type': 'application/json; charset=utf-8', 'cache-control': 'no-cache', 'content-length': '14', 'date': 'Mon, 04 Nov 2024 00:01:25 GMT'})
DEBUG    selenium.webdriver.remote.remote_connection:remote_connection.py:437 Finished Request
INFO     tests.ui.pages:pages.py:95 Entered last name
DEBUG    selenium.webdriver.remote.remote_connection:remote_connection.py:375 POST http://localhost:37693/session/35e81cc1-ae51-4c2b-84ed-e5aad2273f86/element {'using': 'css selector', 'value': '[id="email"]'}
DEBUG    urllib3.connectionpool:connectionpool.py:546 http://localhost:37693 "POST /session/35e81cc1-ae51-4c2b-84ed-e5aad2273f86/element HTTP/11" 200 0
DEBUG    selenium.webdriver.remote.remote_connection:remote_connection.py:408 Remote response: status=200 | data={"value":{"element-6066-11e4-a52e-4f735466cecf":"f08662a8-ba9b-4dae-b807-497ec308a4ca"}} | headers=HTTPHeaderDict({'content-type': 'application/json; charset=utf-8', 'cache-control': 'no-cache', 'content-length': '88', 'date': 'Mon, 04 Nov 2024 00:01:25 GMT'})
DEBUG    selenium.webdriver.remote.remote_connection:remote_connection.py:437 Finished Request
DEBUG    selenium.webdriver.remote.remote_connection:remote_connection.py:375 POST http://localhost:37693/session/35e81cc1-ae51-4c2b-84ed-e5aad2273f86/element/f08662a8-ba9b-4dae-b807-497ec308a4ca/value {'text': 'john.green@mail.com', 'value': ['j', 'o', 'h', 'n', '.', 'g', 'r', 'e', 'e', 'n', '@', 'm', 'a', 'i', 'l', '.', 'c', 'o', 'm']}
DEBUG    urllib3.connectionpool:connectionpool.py:546 http://localhost:37693 "POST /session/35e81cc1-ae51-4c2b-84ed-e5aad2273f86/element/f08662a8-ba9b-4dae-b807-497ec308a4ca/value HTTP/11" 200 0
DEBUG    selenium.webdriver.remote.remote_connection:remote_connection.py:408 Remote response: status=200 | data={"value":null} | headers=HTTPHeaderDict({'content-type': 'application/json; charset=utf-8', 'cache-control': 'no-cache', 'content-length': '14', 'date': 'Mon, 04 Nov 2024 00:01:25 GMT'})
DEBUG    selenium.webdriver.remote.remote_connection:remote_connection.py:437 Finished Request
INFO     tests.ui.pages:pages.py:99 Entered email
DEBUG    selenium.webdriver.remote.remote_connection:remote_connection.py:375 POST http://localhost:37693/session/35e81cc1-ae51-4c2b-84ed-e5aad2273f86/element {'using': 'css selector', 'value': '[id="password"]'}
DEBUG    urllib3.connectionpool:connectionpool.py:546 http://localhost:37693 "POST /session/35e81cc1-ae51-4c2b-84ed-e5aad2273f86/element HTTP/11" 200 0
DEBUG    selenium.webdriver.remote.remote_connection:remote_connection.py:408 Remote response: status=200 | data={"value":{"element-6066-11e4-a52e-4f735466cecf":"ae1e8aa9-3926-431d-9f2b-d4a215f5b357"}} | headers=HTTPHeaderDict({'content-type': 'application/json; charset=utf-8', 'cache-control': 'no-cache', 'content-length': '88', 'date': 'Mon, 04 Nov 2024 00:01:25 GMT'})
DEBUG    selenium.webdriver.remote.remote_connection:remote_connection.py:437 Finished Request
DEBUG    selenium.webdriver.remote.remote_connection:remote_connection.py:375 POST http://localhost:37693/session/35e81cc1-ae51-4c2b-84ed-e5aad2273f86/element/ae1e8aa9-3926-431d-9f2b-d4a215f5b357/value {'text': '1234567890', 'value': ['1', '2', '3', '4', '5', '6', '7', '8', '9', '0']}
DEBUG    urllib3.connectionpool:connectionpool.py:546 http://localhost:37693 "POST /session/35e81cc1-ae51-4c2b-84ed-e5aad2273f86/element/ae1e8aa9-3926-431d-9f2b-d4a215f5b357/value HTTP/11" 200 0
DEBUG    selenium.webdriver.remote.remote_connection:remote_connection.py:408 Remote response: status=200 | data={"value":null} | headers=HTTPHeaderDict({'content-type': 'application/json; charset=utf-8', 'cache-control': 'no-cache', 'content-length': '14', 'date': 'Mon, 04 Nov 2024 00:01:25 GMT'})
DEBUG    selenium.webdriver.remote.remote_connection:remote_connection.py:437 Finished Request
INFO     tests.ui.pages:pages.py:103 Entered password
DEBUG    selenium.webdriver.remote.remote_connection:remote_connection.py:375 POST http://localhost:37693/session/35e81cc1-ae51-4c2b-84ed-e5aad2273f86/element {'using': 'css selector', 'value': '[id="submit"]'}
DEBUG    urllib3.connectionpool:connectionpool.py:546 http://localhost:37693 "POST /session/35e81cc1-ae51-4c2b-84ed-e5aad2273f86/element HTTP/11" 200 0
DEBUG    selenium.webdriver.remote.remote_connection:remote_connection.py:408 Remote response: status=200 | data={"value":{"element-6066-11e4-a52e-4f735466cecf":"d36de9eb-5c55-4d64-ae7c-4e611812274b"}} | headers=HTTPHeaderDict({'content-type': 'application/json; charset=utf-8', 'cache-control': 'no-cache', 'content-length': '88', 'date': 'Mon, 04 Nov 2024 00:01:25 GMT'})
DEBUG    selenium.webdriver.remote.remote_connection:remote_connection.py:437 Finished Request
DEBUG    selenium.webdriver.remote.remote_connection:remote_connection.py:375 POST http://localhost:37693/session/35e81cc1-ae51-4c2b-84ed-e5aad2273f86/element/d36de9eb-5c55-4d64-ae7c-4e611812274b/click {}
DEBUG    urllib3.connectionpool:connectionpool.py:546 http://localhost:37693 "POST /session/35e81cc1-ae51-4c2b-84ed-e5aad2273f86/element/d36de9eb-5c55-4d64-ae7c-4e611812274b/click HTTP/11" 200 0
DEBUG    selenium.webdriver.remote.remote_connection:remote_connection.py:408 Remote response: status=200 | data={"value":null} | headers=HTTPHeaderDict({'content-type': 'application/json; charset=utf-8', 'cache-control': 'no-cache', 'content-length': '14', 'date': 'Mon, 04 Nov 2024 00:01:25 GMT'})
DEBUG    selenium.webdriver.remote.remote_connection:remote_connection.py:437 Finished Request
INFO     tests.ui.pages:pages.py:112 Clicked on Sign Up button with invalid credentials
DEBUG    selenium.webdriver.remote.remote_connection:remote_connection.py:375 POST http://localhost:37693/session/35e81cc1-ae51-4c2b-84ed-e5aad2273f86/element {'using': 'css selector', 'value': '[id="error"]'}
DEBUG    urllib3.connectionpool:connectionpool.py:546 http://localhost:37693 "POST /session/35e81cc1-ae51-4c2b-84ed-e5aad2273f86/element HTTP/11" 200 0
DEBUG    selenium.webdriver.remote.remote_connection:remote_connection.py:408 Remote response: status=200 | data={"value":{"element-6066-11e4-a52e-4f735466cecf":"53daa6fc-d86a-424b-81e1-6b51fb062025"}} | headers=HTTPHeaderDict({'content-type': 'application/json; charset=utf-8', 'cache-control': 'no-cache', 'content-length': '88', 'date': 'Mon, 04 Nov 2024 00:01:25 GMT'})
DEBUG    selenium.webdriver.remote.remote_connection:remote_connection.py:437 Finished Request
DEBUG    selenium.webdriver.remote.remote_connection:remote_connection.py:375 POST http://localhost:37693/session/35e81cc1-ae51-4c2b-84ed-e5aad2273f86/execute/sync {'script': '/* isDisplayed */return (function(){return (function(){var g=this||self;\nfunction aa(a){var b=typeof...', 'args': [{'element-6066-11e4-a52e-4f735466cecf': '53daa6fc-d86a-424b-81e1-6b51fb062025'}]}
DEBUG    urllib3.connectionpool:connectionpool.py:546 http://localhost:37693 "POST /session/35e81cc1-ae51-4c2b-84ed-e5aad2273f86/execute/sync HTTP/11" 200 0
DEBUG    selenium.webdriver.remote.remote_connection:remote_connection.py:408 Remote response: status=200 | data={"value":false} | headers=HTTPHeaderDict({'content-type': 'application/json; charset=utf-8', 'cache-control': 'no-cache', 'content-length': '15', 'date': 'Mon, 04 Nov 2024 00:01:25 GMT'})
DEBUG    selenium.webdriver.remote.remote_connection:remote_connection.py:437 Finished Request
DEBUG    selenium.webdriver.remote.remote_connection:remote_connection.py:375 POST http://localhost:37693/session/35e81cc1-ae51-4c2b-84ed-e5aad2273f86/execute/sync {'script': '/* isDisplayed */return (function(){return (function(){var g=this||self;\nfunction aa(a){var b=typeof...', 'args': [{'element-6066-11e4-a52e-4f735466cecf': '53daa6fc-d86a-424b-81e1-6b51fb062025'}]}
DEBUG    urllib3.connectionpool:connectionpool.py:546 http://localhost:37693 "POST /session/35e81cc1-ae51-4c2b-84ed-e5aad2273f86/execute/sync HTTP/11" 200 0
DEBUG    selenium.webdriver.remote.remote_connection:remote_connection.py:408 Remote response: status=200 | data={"value":true} | headers=HTTPHeaderDict({'content-type': 'application/json; charset=utf-8', 'cache-control': 'no-cache', 'content-length': '14', 'date': 'Mon, 04 Nov 2024 00:01:25 GMT'})
DEBUG    selenium.webdriver.remote.remote_connection:remote_connection.py:437 Finished Request
DEBUG    selenium.webdriver.remote.remote_connection:remote_connection.py:375 GET http://localhost:37693/session/35e81cc1-ae51-4c2b-84ed-e5aad2273f86/element/53daa6fc-d86a-424b-81e1-6b51fb062025/text {}
DEBUG    urllib3.connectionpool:connectionpool.py:546 http://localhost:37693 "GET /session/35e81cc1-ae51-4c2b-84ed-e5aad2273f86/element/53daa6fc-d86a-424b-81e1-6b51fb062025/text HTTP/11" 200 0
DEBUG    selenium.webdriver.remote.remote_connection:remote_connection.py:408 Remote response: status=200 | data={"value":"Email address is already in use"} | headers=HTTPHeaderDict({'content-type': 'application/json; charset=utf-8', 'cache-control': 'no-cache', 'content-length': '43', 'date': 'Mon, 04 Nov 2024 00:01:25 GMT'})
DEBUG    selenium.webdriver.remote.remote_connection:remote_connection.py:437 Finished Request
DEBUG    util.admin.admin_api:admin_api.py:77 Deleting user with token: eyJhbGciOiJIUzI1NiIsInR5cCI6IkpXVCJ9.eyJfaWQiOiI2NzI4MGVkM2JlZDRkYjAwMTM1YjEyMzkiLCJpYXQiOjE3MzA2Nzg0ODN9.EHEwVw38WDucB_UDG-3p7zBm1XMmMsf4J7elU2msjDs
DEBUG    urllib3.connectionpool:connectionpool.py:1051 Starting new HTTPS connection (1): thinking-tester-contact-list.herokuapp.com:443
DEBUG    urllib3.connectionpool:connectionpool.py:546 https://thinking-tester-contact-list.herokuapp.com:443 "DELETE /users/me HTTP/11" 200 0
DEBUG    util.admin.admin_api:admin_api.py:83 User deleted
INFO     tests.conftest:conftest.py:60 Deleted registered user
DEBUG    selenium.webdriver.remote.remote_connection:remote_connection.py:375 DELETE http://localhost:37693/session/35e81cc1-ae51-4c2b-84ed-e5aad2273f86 {}
DEBUG    urllib3.connectionpool:connectionpool.py:546 http://localhost:37693 "DELETE /session/35e81cc1-ae51-4c2b-84ed-e5aad2273f86 HTTP/11" 200 0
DEBUG    selenium.webdriver.remote.remote_connection:remote_connection.py:408 Remote response: status=200 | data={"value":null} | headers=HTTPHeaderDict({'content-type': 'application/json; charset=utf-8', 'cache-control': 'no-cache', 'content-length': '14', 'date': 'Mon, 04 Nov 2024 00:01:26 GMT'})
DEBUG    selenium.webdriver.remote.remote_connection:remote_connection.py:437 Finished Request
DEBUG    selenium.webdriver.common.selenium_manager:selenium_manager.py:101 Selenium Manager binary found at: /home/stinger/Development/itspl-task/.venv/lib/python3.12/site-packages/selenium/webdriver/common/linux/selenium-manager
DEBUG    selenium.webdriver.common.selenium_manager:selenium_manager.py:114 Executing process: /home/stinger/Development/itspl-task/.venv/lib/python3.12/site-packages/selenium/webdriver/common/linux/selenium-manager --browser chrome --debug --language-binding python --output json
DEBUG    selenium.webdriver.common.selenium_manager:selenium_manager.py:140 Found chromedriver 130.0.6723.91 in PATH: /usr/bin/chromedriver
DEBUG    selenium.webdriver.common.selenium_manager:selenium_manager.py:140 Found chromium in PATH: /usr/bin/chromium
DEBUG    selenium.webdriver.common.selenium_manager:selenium_manager.py:140 Running command: /usr/bin/chromium --version
DEBUG    selenium.webdriver.common.selenium_manager:selenium_manager.py:140 Output: "Chromium 130.0.6723.91 Arch Linux"
DEBUG    selenium.webdriver.common.selenium_manager:selenium_manager.py:140 Detected browser: chrome 130.0.6723.91
DEBUG    selenium.webdriver.common.selenium_manager:selenium_manager.py:140 Required driver: chromedriver 130.0.6723.91
DEBUG    selenium.webdriver.common.selenium_manager:selenium_manager.py:140 Driver path: /usr/bin/chromedriver
DEBUG    selenium.webdriver.common.selenium_manager:selenium_manager.py:140 Browser path: /usr/bin/chromium
DEBUG    selenium.webdriver.common.service:service.py:225 Started executable: `/usr/bin/chromedriver` in a child process with pid: 534884 using 0 to output -3
DEBUG    selenium.webdriver.remote.remote_connection:remote_connection.py:375 POST http://localhost:59039/session {'capabilities': {'firstMatch': [{}], 'alwaysMatch': {'browserName': 'chrome', 'pageLoadStrategy': <PageLoadStrategy.normal: 'normal'>, 'browserVersion': None, 'goog:chromeOptions': {'extensions': [], 'binary': '/usr/bin/chromium', 'args': []}}}}
DEBUG    urllib3.connectionpool:connectionpool.py:243 Starting new HTTP connection (1): localhost:59039
DEBUG    urllib3.connectionpool:connectionpool.py:546 http://localhost:59039 "POST /session HTTP/11" 200 0
DEBUG    selenium.webdriver.remote.remote_connection:remote_connection.py:408 Remote response: status=200 | data={"value":{"capabilities":{"acceptInsecureCerts":false,"browserName":"chrome","browserVersion":"130.0.6723.91","chrome":{"chromedriverVersion":"130.0.6723.91 (53ac076783696778ecc8f360ea31765c29c240ad-refs/branch-heads/6723@{#1517})","userDataDir":"/tmp/.org.chromium.Chromium.eEHI9I"},"fedcm:accounts":true,"goog:chromeOptions":{"debuggerAddress":"localhost:39913"},"networkConnectionEnabled":false,"pageLoadStrategy":"normal","platformName":"linux","proxy":{},"setWindowRect":true,"strictFileInteractability":false,"timeouts":{"implicit":0,"pageLoad":300000,"script":30000},"unhandledPromptBehavior":"dismiss and notify","webauthn:extension:credBlob":true,"webauthn:extension:largeBlob":true,"webauthn:extension:minPinLength":true,"webauthn:extension:prf":true,"webauthn:virtualAuthenticators":true},"sessionId":"a8e1b4f94d9114f191ba1c0c6eff9d71"}} | headers=HTTPHeaderDict({'Content-Length': '848', 'Content-Type': 'application/json; charset=utf-8', 'cache-control': 'no-cache'})
DEBUG    selenium.webdriver.remote.remote_connection:remote_connection.py:437 Finished Request
DEBUG    selenium.webdriver.remote.remote_connection:remote_connection.py:375 POST http://localhost:59039/session/a8e1b4f94d9114f191ba1c0c6eff9d71/timeouts {'implicit': 10000}
DEBUG    urllib3.connectionpool:connectionpool.py:546 http://localhost:59039 "POST /session/a8e1b4f94d9114f191ba1c0c6eff9d71/timeouts HTTP/11" 200 0
DEBUG    selenium.webdriver.remote.remote_connection:remote_connection.py:408 Remote response: status=200 | data={"value":null} | headers=HTTPHeaderDict({'Content-Length': '14', 'Content-Type': 'application/json; charset=utf-8', 'cache-control': 'no-cache'})
DEBUG    selenium.webdriver.remote.remote_connection:remote_connection.py:437 Finished Request
INFO     tests.ui.pages:pages.py:87 Created POM: SignUpPage
DEBUG    util.admin.admin_api:admin_api.py:33 Creating user: {'firstName': 'John', 'lastName': 'Green', 'email': 'john.green@mail.com', 'password': '1234567890'}
DEBUG    urllib3.connectionpool:connectionpool.py:1051 Starting new HTTPS connection (1): thinking-tester-contact-list.herokuapp.com:443
DEBUG    urllib3.connectionpool:connectionpool.py:546 https://thinking-tester-contact-list.herokuapp.com:443 "POST /users HTTP/11" 201 279
DEBUG    util.admin.admin_api:admin_api.py:39 Created user and received token: eyJhbGciOiJIUzI1NiIsInR5cCI6IkpXVCJ9.eyJfaWQiOiI2NzI4MGVkOGJlZDRkYjAwMTM1YjEyM2MiLCJpYXQiOjE3MzA2Nzg0ODh9.AhnifcH4uz_rewQBo44UaizK3fSg1vxS6jDxzbJqr3A
INFO     tests.conftest:conftest.py:56 Created registered user
DEBUG    selenium.webdriver.remote.remote_connection:remote_connection.py:375 POST http://localhost:59039/session/a8e1b4f94d9114f191ba1c0c6eff9d71/url {'url': 'https://thinking-tester-contact-list.herokuapp.com/addUser'}
DEBUG    urllib3.connectionpool:connectionpool.py:546 http://localhost:59039 "POST /session/a8e1b4f94d9114f191ba1c0c6eff9d71/url HTTP/11" 200 0
DEBUG    selenium.webdriver.remote.remote_connection:remote_connection.py:408 Remote response: status=200 | data={"value":null} | headers=HTTPHeaderDict({'Content-Length': '14', 'Content-Type': 'application/json; charset=utf-8', 'cache-control': 'no-cache'})
DEBUG    selenium.webdriver.remote.remote_connection:remote_connection.py:437 Finished Request
INFO     tests.ui.pages:pages.py:27 Opened page
DEBUG    selenium.webdriver.remote.remote_connection:remote_connection.py:375 POST http://localhost:59039/session/a8e1b4f94d9114f191ba1c0c6eff9d71/element {'using': 'css selector', 'value': '[id="email"]'}
DEBUG    urllib3.connectionpool:connectionpool.py:546 http://localhost:59039 "POST /session/a8e1b4f94d9114f191ba1c0c6eff9d71/element HTTP/11" 200 0
DEBUG    selenium.webdriver.remote.remote_connection:remote_connection.py:408 Remote response: status=200 | data={"value":{"element-6066-11e4-a52e-4f735466cecf":"f.5A5BC0B6503C2CDB1D94983E708CBD69.d.88426547D9AE62DBFB7C239365D77F26.e.7"}} | headers=HTTPHeaderDict({'Content-Length': '125', 'Content-Type': 'application/json; charset=utf-8', 'cache-control': 'no-cache'})
DEBUG    selenium.webdriver.remote.remote_connection:remote_connection.py:437 Finished Request
DEBUG    selenium.webdriver.remote.remote_connection:remote_connection.py:375 POST http://localhost:59039/session/a8e1b4f94d9114f191ba1c0c6eff9d71/element/f.5A5BC0B6503C2CDB1D94983E708CBD69.d.88426547D9AE62DBFB7C239365D77F26.e.7/value {'text': 'john.green mail.com', 'value': ['j', 'o', 'h', 'n', '.', 'g', 'r', 'e', 'e', 'n', ' ', 'm', 'a', 'i', 'l', '.', 'c', 'o', 'm']}
DEBUG    urllib3.connectionpool:connectionpool.py:546 http://localhost:59039 "POST /session/a8e1b4f94d9114f191ba1c0c6eff9d71/element/f.5A5BC0B6503C2CDB1D94983E708CBD69.d.88426547D9AE62DBFB7C239365D77F26.e.7/value HTTP/11" 200 0
DEBUG    selenium.webdriver.remote.remote_connection:remote_connection.py:408 Remote response: status=200 | data={"value":null} | headers=HTTPHeaderDict({'Content-Length': '14', 'Content-Type': 'application/json; charset=utf-8', 'cache-control': 'no-cache'})
DEBUG    selenium.webdriver.remote.remote_connection:remote_connection.py:437 Finished Request
INFO     tests.ui.pages:pages.py:99 Entered email
DEBUG    selenium.webdriver.remote.remote_connection:remote_connection.py:375 POST http://localhost:59039/session/a8e1b4f94d9114f191ba1c0c6eff9d71/element {'using': 'css selector', 'value': '[id="password"]'}
DEBUG    urllib3.connectionpool:connectionpool.py:546 http://localhost:59039 "POST /session/a8e1b4f94d9114f191ba1c0c6eff9d71/element HTTP/11" 200 0
DEBUG    selenium.webdriver.remote.remote_connection:remote_connection.py:408 Remote response: status=200 | data={"value":{"element-6066-11e4-a52e-4f735466cecf":"f.5A5BC0B6503C2CDB1D94983E708CBD69.d.88426547D9AE62DBFB7C239365D77F26.e.8"}} | headers=HTTPHeaderDict({'Content-Length': '125', 'Content-Type': 'application/json; charset=utf-8', 'cache-control': 'no-cache'})
DEBUG    selenium.webdriver.remote.remote_connection:remote_connection.py:437 Finished Request
DEBUG    selenium.webdriver.remote.remote_connection:remote_connection.py:375 POST http://localhost:59039/session/a8e1b4f94d9114f191ba1c0c6eff9d71/element/f.5A5BC0B6503C2CDB1D94983E708CBD69.d.88426547D9AE62DBFB7C239365D77F26.e.8/value {'text': '1', 'value': ['1']}
DEBUG    urllib3.connectionpool:connectionpool.py:546 http://localhost:59039 "POST /session/a8e1b4f94d9114f191ba1c0c6eff9d71/element/f.5A5BC0B6503C2CDB1D94983E708CBD69.d.88426547D9AE62DBFB7C239365D77F26.e.8/value HTTP/11" 200 0
DEBUG    selenium.webdriver.remote.remote_connection:remote_connection.py:408 Remote response: status=200 | data={"value":null} | headers=HTTPHeaderDict({'Content-Length': '14', 'Content-Type': 'application/json; charset=utf-8', 'cache-control': 'no-cache'})
DEBUG    selenium.webdriver.remote.remote_connection:remote_connection.py:437 Finished Request
INFO     tests.ui.pages:pages.py:103 Entered password
DEBUG    selenium.webdriver.remote.remote_connection:remote_connection.py:375 POST http://localhost:59039/session/a8e1b4f94d9114f191ba1c0c6eff9d71/element {'using': 'css selector', 'value': '[id="submit"]'}
DEBUG    urllib3.connectionpool:connectionpool.py:546 http://localhost:59039 "POST /session/a8e1b4f94d9114f191ba1c0c6eff9d71/element HTTP/11" 200 0
DEBUG    selenium.webdriver.remote.remote_connection:remote_connection.py:408 Remote response: status=200 | data={"value":{"element-6066-11e4-a52e-4f735466cecf":"f.5A5BC0B6503C2CDB1D94983E708CBD69.d.88426547D9AE62DBFB7C239365D77F26.e.9"}} | headers=HTTPHeaderDict({'Content-Length': '125', 'Content-Type': 'application/json; charset=utf-8', 'cache-control': 'no-cache'})
DEBUG    selenium.webdriver.remote.remote_connection:remote_connection.py:437 Finished Request
DEBUG    selenium.webdriver.remote.remote_connection:remote_connection.py:375 POST http://localhost:59039/session/a8e1b4f94d9114f191ba1c0c6eff9d71/element/f.5A5BC0B6503C2CDB1D94983E708CBD69.d.88426547D9AE62DBFB7C239365D77F26.e.9/click {}
DEBUG    urllib3.connectionpool:connectionpool.py:546 http://localhost:59039 "POST /session/a8e1b4f94d9114f191ba1c0c6eff9d71/element/f.5A5BC0B6503C2CDB1D94983E708CBD69.d.88426547D9AE62DBFB7C239365D77F26.e.9/click HTTP/11" 200 0
DEBUG    selenium.webdriver.remote.remote_connection:remote_connection.py:408 Remote response: status=200 | data={"value":null} | headers=HTTPHeaderDict({'Content-Length': '14', 'Content-Type': 'application/json; charset=utf-8', 'cache-control': 'no-cache'})
DEBUG    selenium.webdriver.remote.remote_connection:remote_connection.py:437 Finished Request
INFO     tests.ui.pages:pages.py:112 Clicked on Sign Up button with invalid credentials
DEBUG    selenium.webdriver.remote.remote_connection:remote_connection.py:375 POST http://localhost:59039/session/a8e1b4f94d9114f191ba1c0c6eff9d71/element {'using': 'css selector', 'value': '[id="error"]'}
DEBUG    urllib3.connectionpool:connectionpool.py:546 http://localhost:59039 "POST /session/a8e1b4f94d9114f191ba1c0c6eff9d71/element HTTP/11" 200 0
DEBUG    selenium.webdriver.remote.remote_connection:remote_connection.py:408 Remote response: status=200 | data={"value":{"element-6066-11e4-a52e-4f735466cecf":"f.5A5BC0B6503C2CDB1D94983E708CBD69.d.88426547D9AE62DBFB7C239365D77F26.e.14"}} | headers=HTTPHeaderDict({'Content-Length': '126', 'Content-Type': 'application/json; charset=utf-8', 'cache-control': 'no-cache'})
DEBUG    selenium.webdriver.remote.remote_connection:remote_connection.py:437 Finished Request
DEBUG    selenium.webdriver.remote.remote_connection:remote_connection.py:375 POST http://localhost:59039/session/a8e1b4f94d9114f191ba1c0c6eff9d71/execute/sync {'script': '/* isDisplayed */return (function(){return (function(){var g=this||self;\nfunction aa(a){var b=typeof...', 'args': [{'element-6066-11e4-a52e-4f735466cecf': 'f.5A5BC0B6503C2CDB1D94983E708CBD69.d.88426547D9AE62DBFB7C239365D77F26.e.14'}]}
DEBUG    urllib3.connectionpool:connectionpool.py:546 http://localhost:59039 "POST /session/a8e1b4f94d9114f191ba1c0c6eff9d71/execute/sync HTTP/11" 200 0
DEBUG    selenium.webdriver.remote.remote_connection:remote_connection.py:408 Remote response: status=200 | data={"value":false} | headers=HTTPHeaderDict({'Content-Length': '15', 'Content-Type': 'application/json; charset=utf-8', 'cache-control': 'no-cache'})
DEBUG    selenium.webdriver.remote.remote_connection:remote_connection.py:437 Finished Request
DEBUG    selenium.webdriver.remote.remote_connection:remote_connection.py:375 POST http://localhost:59039/session/a8e1b4f94d9114f191ba1c0c6eff9d71/execute/sync {'script': '/* isDisplayed */return (function(){return (function(){var g=this||self;\nfunction aa(a){var b=typeof...', 'args': [{'element-6066-11e4-a52e-4f735466cecf': 'f.5A5BC0B6503C2CDB1D94983E708CBD69.d.88426547D9AE62DBFB7C239365D77F26.e.14'}]}
DEBUG    urllib3.connectionpool:connectionpool.py:546 http://localhost:59039 "POST /session/a8e1b4f94d9114f191ba1c0c6eff9d71/execute/sync HTTP/11" 200 0
DEBUG    selenium.webdriver.remote.remote_connection:remote_connection.py:408 Remote response: status=200 | data={"value":true} | headers=HTTPHeaderDict({'Content-Length': '14', 'Content-Type': 'application/json; charset=utf-8', 'cache-control': 'no-cache'})
DEBUG    selenium.webdriver.remote.remote_connection:remote_connection.py:437 Finished Request
DEBUG    selenium.webdriver.remote.remote_connection:remote_connection.py:375 GET http://localhost:59039/session/a8e1b4f94d9114f191ba1c0c6eff9d71/element/f.5A5BC0B6503C2CDB1D94983E708CBD69.d.88426547D9AE62DBFB7C239365D77F26.e.14/text {}
DEBUG    urllib3.connectionpool:connectionpool.py:546 http://localhost:59039 "GET /session/a8e1b4f94d9114f191ba1c0c6eff9d71/element/f.5A5BC0B6503C2CDB1D94983E708CBD69.d.88426547D9AE62DBFB7C239365D77F26.e.14/text HTTP/11" 200 0
DEBUG    selenium.webdriver.remote.remote_connection:remote_connection.py:408 Remote response: status=200 | data={"value":"User validation failed: firstName: Path `firstName` is required., lastName: Path `lastName` is required., email: Email is invalid, password: Path `password` (`1`) is shorter than the minimum allowed length (7)."} | headers=HTTPHeaderDict({'Content-Length': '222', 'Content-Type': 'application/json; charset=utf-8', 'cache-control': 'no-cache'})
DEBUG    selenium.webdriver.remote.remote_connection:remote_connection.py:437 Finished Request
DEBUG    util.admin.admin_api:admin_api.py:77 Deleting user with token: eyJhbGciOiJIUzI1NiIsInR5cCI6IkpXVCJ9.eyJfaWQiOiI2NzI4MGVkOGJlZDRkYjAwMTM1YjEyM2MiLCJpYXQiOjE3MzA2Nzg0ODh9.AhnifcH4uz_rewQBo44UaizK3fSg1vxS6jDxzbJqr3A
DEBUG    urllib3.connectionpool:connectionpool.py:1051 Starting new HTTPS connection (1): thinking-tester-contact-list.herokuapp.com:443
DEBUG    urllib3.connectionpool:connectionpool.py:546 https://thinking-tester-contact-list.herokuapp.com:443 "DELETE /users/me HTTP/11" 200 0
DEBUG    util.admin.admin_api:admin_api.py:83 User deleted
INFO     tests.conftest:conftest.py:60 Deleted registered user
DEBUG    selenium.webdriver.remote.remote_connection:remote_connection.py:375 DELETE http://localhost:59039/session/a8e1b4f94d9114f191ba1c0c6eff9d71 {}
DEBUG    urllib3.connectionpool:connectionpool.py:546 http://localhost:59039 "DELETE /session/a8e1b4f94d9114f191ba1c0c6eff9d71 HTTP/11" 200 0
DEBUG    selenium.webdriver.remote.remote_connection:remote_connection.py:408 Remote response: status=200 | data={"value":null} | headers=HTTPHeaderDict({'Content-Length': '14', 'Content-Type': 'application/json; charset=utf-8', 'cache-control': 'no-cache'})
DEBUG    selenium.webdriver.remote.remote_connection:remote_connection.py:437 Finished Request
DEBUG    selenium.webdriver.common.selenium_manager:selenium_manager.py:101 Selenium Manager binary found at: /home/stinger/Development/itspl-task/.venv/lib/python3.12/site-packages/selenium/webdriver/common/linux/selenium-manager
DEBUG    selenium.webdriver.common.selenium_manager:selenium_manager.py:114 Executing process: /home/stinger/Development/itspl-task/.venv/lib/python3.12/site-packages/selenium/webdriver/common/linux/selenium-manager --browser firefox --debug --language-binding python --output json
DEBUG    selenium.webdriver.common.selenium_manager:selenium_manager.py:140 geckodriver not found in PATH
DEBUG    selenium.webdriver.common.selenium_manager:selenium_manager.py:140 firefox detected at /usr/bin/firefox
DEBUG    selenium.webdriver.common.selenium_manager:selenium_manager.py:140 Running command: /usr/bin/firefox -v
DEBUG    selenium.webdriver.common.selenium_manager:selenium_manager.py:140 Output: "Mozilla Firefox 132.0"
DEBUG    selenium.webdriver.common.selenium_manager:selenium_manager.py:140 Detected browser: firefox 132.0
DEBUG    selenium.webdriver.common.selenium_manager:selenium_manager.py:140 Required driver: geckodriver 0.35.0
DEBUG    selenium.webdriver.common.selenium_manager:selenium_manager.py:140 geckodriver 0.35.0 already in the cache
DEBUG    selenium.webdriver.common.selenium_manager:selenium_manager.py:140 Driver path: /home/stinger/.cache/selenium/geckodriver/linux64/0.35.0/geckodriver
DEBUG    selenium.webdriver.common.selenium_manager:selenium_manager.py:140 Browser path: /usr/bin/firefox
DEBUG    selenium.webdriver.common.service:service.py:225 Started executable: `/home/stinger/.cache/selenium/geckodriver/linux64/0.35.0/geckodriver` in a child process with pid: 535099 using 0 to output -3
DEBUG    selenium.webdriver.remote.remote_connection:remote_connection.py:375 POST http://localhost:44089/session {'capabilities': {'firstMatch': [{}], 'alwaysMatch': {'browserName': 'firefox', 'acceptInsecureCerts': True, 'moz:debuggerAddress': True, 'pageLoadStrategy': <PageLoadStrategy.normal: 'normal'>, 'browserVersion': None, 'moz:firefoxOptions': {'binary': '/usr/bin/firefox', 'prefs': {'remote.active-protocols': 3}}}}}
DEBUG    urllib3.connectionpool:connectionpool.py:243 Starting new HTTP connection (1): localhost:44089
DEBUG    urllib3.connectionpool:connectionpool.py:546 http://localhost:44089 "POST /session HTTP/11" 200 0
DEBUG    selenium.webdriver.remote.remote_connection:remote_connection.py:408 Remote response: status=200 | data={"value":{"sessionId":"5ab98041-1ade-475c-b76d-46b29f2bea06","capabilities":{"acceptInsecureCerts":true,"browserName":"firefox","browserVersion":"132.0","moz:accessibilityChecks":false,"moz:buildID":"20241028140738","moz:debuggerAddress":"127.0.0.1:47161","moz:geckodriverVersion":"0.35.0","moz:headless":false,"moz:platformVersion":"6.11.5-arch1-1","moz:processID":535106,"moz:profile":"/tmp/rust_mozprofile7CbELM","moz:shutdownTimeout":60000,"moz:webdriverClick":true,"moz:windowless":false,"pageLoadStrategy":"normal","platformName":"linux","proxy":{},"setWindowRect":true,"strictFileInteractability":false,"timeouts":{"implicit":0,"pageLoad":300000,"script":30000},"unhandledPromptBehavior":"dismiss and notify","userAgent":"Mozilla/5.0 (X11; Linux x86_64; rv:132.0) Gecko/20100101 Firefox/132.0"}}} | headers=HTTPHeaderDict({'content-type': 'application/json; charset=utf-8', 'cache-control': 'no-cache', 'content-length': '803', 'date': 'Mon, 04 Nov 2024 00:01:31 GMT'})
DEBUG    selenium.webdriver.remote.remote_connection:remote_connection.py:437 Finished Request
DEBUG    selenium.webdriver.remote.remote_connection:remote_connection.py:375 POST http://localhost:44089/session/5ab98041-1ade-475c-b76d-46b29f2bea06/timeouts {'implicit': 10000}
DEBUG    urllib3.connectionpool:connectionpool.py:546 http://localhost:44089 "POST /session/5ab98041-1ade-475c-b76d-46b29f2bea06/timeouts HTTP/11" 200 0
DEBUG    selenium.webdriver.remote.remote_connection:remote_connection.py:408 Remote response: status=200 | data={"value":null} | headers=HTTPHeaderDict({'content-type': 'application/json; charset=utf-8', 'cache-control': 'no-cache', 'content-length': '14', 'date': 'Mon, 04 Nov 2024 00:01:34 GMT'})
DEBUG    selenium.webdriver.remote.remote_connection:remote_connection.py:437 Finished Request
INFO     tests.ui.pages:pages.py:87 Created POM: SignUpPage
DEBUG    util.admin.admin_api:admin_api.py:33 Creating user: {'firstName': 'John', 'lastName': 'Green', 'email': 'john.green@mail.com', 'password': '1234567890'}
DEBUG    urllib3.connectionpool:connectionpool.py:1051 Starting new HTTPS connection (1): thinking-tester-contact-list.herokuapp.com:443
DEBUG    urllib3.connectionpool:connectionpool.py:546 https://thinking-tester-contact-list.herokuapp.com:443 "POST /users HTTP/11" 201 279
DEBUG    util.admin.admin_api:admin_api.py:39 Created user and received token: eyJhbGciOiJIUzI1NiIsInR5cCI6IkpXVCJ9.eyJfaWQiOiI2NzI4MGVkZWQxMjg2YjAwMTMyMmNhZGYiLCJpYXQiOjE3MzA2Nzg0OTR9.NjeaeTD555jbnWr8N4QaAnjToSoFo9Ska72gKu11Zt8
INFO     tests.conftest:conftest.py:56 Created registered user
DEBUG    selenium.webdriver.remote.remote_connection:remote_connection.py:375 POST http://localhost:44089/session/5ab98041-1ade-475c-b76d-46b29f2bea06/url {'url': 'https://thinking-tester-contact-list.herokuapp.com/addUser'}
DEBUG    urllib3.connectionpool:connectionpool.py:546 http://localhost:44089 "POST /session/5ab98041-1ade-475c-b76d-46b29f2bea06/url HTTP/11" 200 0
DEBUG    selenium.webdriver.remote.remote_connection:remote_connection.py:408 Remote response: status=200 | data={"value":null} | headers=HTTPHeaderDict({'content-type': 'application/json; charset=utf-8', 'cache-control': 'no-cache', 'content-length': '14', 'date': 'Mon, 04 Nov 2024 00:01:34 GMT'})
DEBUG    selenium.webdriver.remote.remote_connection:remote_connection.py:437 Finished Request
INFO     tests.ui.pages:pages.py:27 Opened page
DEBUG    selenium.webdriver.remote.remote_connection:remote_connection.py:375 POST http://localhost:44089/session/5ab98041-1ade-475c-b76d-46b29f2bea06/element {'using': 'css selector', 'value': '[id="email"]'}
DEBUG    urllib3.connectionpool:connectionpool.py:546 http://localhost:44089 "POST /session/5ab98041-1ade-475c-b76d-46b29f2bea06/element HTTP/11" 200 0
DEBUG    selenium.webdriver.remote.remote_connection:remote_connection.py:408 Remote response: status=200 | data={"value":{"element-6066-11e4-a52e-4f735466cecf":"4d2f6ffb-df5a-41ca-a99e-014ac977b0a8"}} | headers=HTTPHeaderDict({'content-type': 'application/json; charset=utf-8', 'cache-control': 'no-cache', 'content-length': '88', 'date': 'Mon, 04 Nov 2024 00:01:35 GMT'})
DEBUG    selenium.webdriver.remote.remote_connection:remote_connection.py:437 Finished Request
DEBUG    selenium.webdriver.remote.remote_connection:remote_connection.py:375 POST http://localhost:44089/session/5ab98041-1ade-475c-b76d-46b29f2bea06/element/4d2f6ffb-df5a-41ca-a99e-014ac977b0a8/value {'text': 'john.green mail.com', 'value': ['j', 'o', 'h', 'n', '.', 'g', 'r', 'e', 'e', 'n', ' ', 'm', 'a', 'i', 'l', '.', 'c', 'o', 'm']}
DEBUG    urllib3.connectionpool:connectionpool.py:546 http://localhost:44089 "POST /session/5ab98041-1ade-475c-b76d-46b29f2bea06/element/4d2f6ffb-df5a-41ca-a99e-014ac977b0a8/value HTTP/11" 200 0
DEBUG    selenium.webdriver.remote.remote_connection:remote_connection.py:408 Remote response: status=200 | data={"value":null} | headers=HTTPHeaderDict({'content-type': 'application/json; charset=utf-8', 'cache-control': 'no-cache', 'content-length': '14', 'date': 'Mon, 04 Nov 2024 00:01:35 GMT'})
DEBUG    selenium.webdriver.remote.remote_connection:remote_connection.py:437 Finished Request
INFO     tests.ui.pages:pages.py:99 Entered email
DEBUG    selenium.webdriver.remote.remote_connection:remote_connection.py:375 POST http://localhost:44089/session/5ab98041-1ade-475c-b76d-46b29f2bea06/element {'using': 'css selector', 'value': '[id="password"]'}
DEBUG    urllib3.connectionpool:connectionpool.py:546 http://localhost:44089 "POST /session/5ab98041-1ade-475c-b76d-46b29f2bea06/element HTTP/11" 200 0
DEBUG    selenium.webdriver.remote.remote_connection:remote_connection.py:408 Remote response: status=200 | data={"value":{"element-6066-11e4-a52e-4f735466cecf":"c5b53deb-2f7f-4be6-b56b-5715ca5a6f73"}} | headers=HTTPHeaderDict({'content-type': 'application/json; charset=utf-8', 'cache-control': 'no-cache', 'content-length': '88', 'date': 'Mon, 04 Nov 2024 00:01:35 GMT'})
DEBUG    selenium.webdriver.remote.remote_connection:remote_connection.py:437 Finished Request
DEBUG    selenium.webdriver.remote.remote_connection:remote_connection.py:375 POST http://localhost:44089/session/5ab98041-1ade-475c-b76d-46b29f2bea06/element/c5b53deb-2f7f-4be6-b56b-5715ca5a6f73/value {'text': '1', 'value': ['1']}
DEBUG    urllib3.connectionpool:connectionpool.py:546 http://localhost:44089 "POST /session/5ab98041-1ade-475c-b76d-46b29f2bea06/element/c5b53deb-2f7f-4be6-b56b-5715ca5a6f73/value HTTP/11" 200 0
DEBUG    selenium.webdriver.remote.remote_connection:remote_connection.py:408 Remote response: status=200 | data={"value":null} | headers=HTTPHeaderDict({'content-type': 'application/json; charset=utf-8', 'cache-control': 'no-cache', 'content-length': '14', 'date': 'Mon, 04 Nov 2024 00:01:35 GMT'})
DEBUG    selenium.webdriver.remote.remote_connection:remote_connection.py:437 Finished Request
INFO     tests.ui.pages:pages.py:103 Entered password
DEBUG    selenium.webdriver.remote.remote_connection:remote_connection.py:375 POST http://localhost:44089/session/5ab98041-1ade-475c-b76d-46b29f2bea06/element {'using': 'css selector', 'value': '[id="submit"]'}
DEBUG    urllib3.connectionpool:connectionpool.py:546 http://localhost:44089 "POST /session/5ab98041-1ade-475c-b76d-46b29f2bea06/element HTTP/11" 200 0
DEBUG    selenium.webdriver.remote.remote_connection:remote_connection.py:408 Remote response: status=200 | data={"value":{"element-6066-11e4-a52e-4f735466cecf":"e91c8622-7dfa-4736-b9fb-0ca2c6564b87"}} | headers=HTTPHeaderDict({'content-type': 'application/json; charset=utf-8', 'cache-control': 'no-cache', 'content-length': '88', 'date': 'Mon, 04 Nov 2024 00:01:35 GMT'})
DEBUG    selenium.webdriver.remote.remote_connection:remote_connection.py:437 Finished Request
DEBUG    selenium.webdriver.remote.remote_connection:remote_connection.py:375 POST http://localhost:44089/session/5ab98041-1ade-475c-b76d-46b29f2bea06/element/e91c8622-7dfa-4736-b9fb-0ca2c6564b87/click {}
DEBUG    urllib3.connectionpool:connectionpool.py:546 http://localhost:44089 "POST /session/5ab98041-1ade-475c-b76d-46b29f2bea06/element/e91c8622-7dfa-4736-b9fb-0ca2c6564b87/click HTTP/11" 200 0
DEBUG    selenium.webdriver.remote.remote_connection:remote_connection.py:408 Remote response: status=200 | data={"value":null} | headers=HTTPHeaderDict({'content-type': 'application/json; charset=utf-8', 'cache-control': 'no-cache', 'content-length': '14', 'date': 'Mon, 04 Nov 2024 00:01:35 GMT'})
DEBUG    selenium.webdriver.remote.remote_connection:remote_connection.py:437 Finished Request
INFO     tests.ui.pages:pages.py:112 Clicked on Sign Up button with invalid credentials
DEBUG    selenium.webdriver.remote.remote_connection:remote_connection.py:375 POST http://localhost:44089/session/5ab98041-1ade-475c-b76d-46b29f2bea06/element {'using': 'css selector', 'value': '[id="error"]'}
DEBUG    urllib3.connectionpool:connectionpool.py:546 http://localhost:44089 "POST /session/5ab98041-1ade-475c-b76d-46b29f2bea06/element HTTP/11" 200 0
DEBUG    selenium.webdriver.remote.remote_connection:remote_connection.py:408 Remote response: status=200 | data={"value":{"element-6066-11e4-a52e-4f735466cecf":"ff91f5e8-c7c6-432c-9ac7-7ed2a4ae6fbb"}} | headers=HTTPHeaderDict({'content-type': 'application/json; charset=utf-8', 'cache-control': 'no-cache', 'content-length': '88', 'date': 'Mon, 04 Nov 2024 00:01:35 GMT'})
DEBUG    selenium.webdriver.remote.remote_connection:remote_connection.py:437 Finished Request
DEBUG    selenium.webdriver.remote.remote_connection:remote_connection.py:375 POST http://localhost:44089/session/5ab98041-1ade-475c-b76d-46b29f2bea06/execute/sync {'script': '/* isDisplayed */return (function(){return (function(){var g=this||self;\nfunction aa(a){var b=typeof...', 'args': [{'element-6066-11e4-a52e-4f735466cecf': 'ff91f5e8-c7c6-432c-9ac7-7ed2a4ae6fbb'}]}
DEBUG    urllib3.connectionpool:connectionpool.py:546 http://localhost:44089 "POST /session/5ab98041-1ade-475c-b76d-46b29f2bea06/execute/sync HTTP/11" 200 0
DEBUG    selenium.webdriver.remote.remote_connection:remote_connection.py:408 Remote response: status=200 | data={"value":false} | headers=HTTPHeaderDict({'content-type': 'application/json; charset=utf-8', 'cache-control': 'no-cache', 'content-length': '15', 'date': 'Mon, 04 Nov 2024 00:01:35 GMT'})
DEBUG    selenium.webdriver.remote.remote_connection:remote_connection.py:437 Finished Request
DEBUG    selenium.webdriver.remote.remote_connection:remote_connection.py:375 POST http://localhost:44089/session/5ab98041-1ade-475c-b76d-46b29f2bea06/execute/sync {'script': '/* isDisplayed */return (function(){return (function(){var g=this||self;\nfunction aa(a){var b=typeof...', 'args': [{'element-6066-11e4-a52e-4f735466cecf': 'ff91f5e8-c7c6-432c-9ac7-7ed2a4ae6fbb'}]}
DEBUG    urllib3.connectionpool:connectionpool.py:546 http://localhost:44089 "POST /session/5ab98041-1ade-475c-b76d-46b29f2bea06/execute/sync HTTP/11" 200 0
DEBUG    selenium.webdriver.remote.remote_connection:remote_connection.py:408 Remote response: status=200 | data={"value":true} | headers=HTTPHeaderDict({'content-type': 'application/json; charset=utf-8', 'cache-control': 'no-cache', 'content-length': '14', 'date': 'Mon, 04 Nov 2024 00:01:35 GMT'})
DEBUG    selenium.webdriver.remote.remote_connection:remote_connection.py:437 Finished Request
DEBUG    selenium.webdriver.remote.remote_connection:remote_connection.py:375 GET http://localhost:44089/session/5ab98041-1ade-475c-b76d-46b29f2bea06/element/ff91f5e8-c7c6-432c-9ac7-7ed2a4ae6fbb/text {}
DEBUG    urllib3.connectionpool:connectionpool.py:546 http://localhost:44089 "GET /session/5ab98041-1ade-475c-b76d-46b29f2bea06/element/ff91f5e8-c7c6-432c-9ac7-7ed2a4ae6fbb/text HTTP/11" 200 0
DEBUG    selenium.webdriver.remote.remote_connection:remote_connection.py:408 Remote response: status=200 | data={"value":"User validation failed: firstName: Path `firstName` is required., lastName: Path `lastName` is required., email: Email is invalid, password: Path `password` (`1`) is shorter than the minimum allowed length (7)."} | headers=HTTPHeaderDict({'content-type': 'application/json; charset=utf-8', 'cache-control': 'no-cache', 'content-length': '222', 'date': 'Mon, 04 Nov 2024 00:01:35 GMT'})
DEBUG    selenium.webdriver.remote.remote_connection:remote_connection.py:437 Finished Request
DEBUG    util.admin.admin_api:admin_api.py:77 Deleting user with token: eyJhbGciOiJIUzI1NiIsInR5cCI6IkpXVCJ9.eyJfaWQiOiI2NzI4MGVkZWQxMjg2YjAwMTMyMmNhZGYiLCJpYXQiOjE3MzA2Nzg0OTR9.NjeaeTD555jbnWr8N4QaAnjToSoFo9Ska72gKu11Zt8
DEBUG    urllib3.connectionpool:connectionpool.py:1051 Starting new HTTPS connection (1): thinking-tester-contact-list.herokuapp.com:443
DEBUG    urllib3.connectionpool:connectionpool.py:546 https://thinking-tester-contact-list.herokuapp.com:443 "DELETE /users/me HTTP/11" 200 0
DEBUG    util.admin.admin_api:admin_api.py:83 User deleted
INFO     tests.conftest:conftest.py:60 Deleted registered user
DEBUG    selenium.webdriver.remote.remote_connection:remote_connection.py:375 DELETE http://localhost:44089/session/5ab98041-1ade-475c-b76d-46b29f2bea06 {}
DEBUG    urllib3.connectionpool:connectionpool.py:546 http://localhost:44089 "DELETE /session/5ab98041-1ade-475c-b76d-46b29f2bea06 HTTP/11" 200 0
DEBUG    selenium.webdriver.remote.remote_connection:remote_connection.py:408 Remote response: status=200 | data={"value":null} | headers=HTTPHeaderDict({'content-type': 'application/json; charset=utf-8', 'cache-control': 'no-cache', 'content-length': '14', 'date': 'Mon, 04 Nov 2024 00:01:37 GMT'})
DEBUG    selenium.webdriver.remote.remote_connection:remote_connection.py:437 Finished Request
DEBUG    selenium.webdriver.common.selenium_manager:selenium_manager.py:101 Selenium Manager binary found at: /home/stinger/Development/itspl-task/.venv/lib/python3.12/site-packages/selenium/webdriver/common/linux/selenium-manager
DEBUG    selenium.webdriver.common.selenium_manager:selenium_manager.py:114 Executing process: /home/stinger/Development/itspl-task/.venv/lib/python3.12/site-packages/selenium/webdriver/common/linux/selenium-manager --browser chrome --debug --language-binding python --output json
DEBUG    selenium.webdriver.common.selenium_manager:selenium_manager.py:140 Found chromedriver 130.0.6723.91 in PATH: /usr/bin/chromedriver
DEBUG    selenium.webdriver.common.selenium_manager:selenium_manager.py:140 Found chromium in PATH: /usr/bin/chromium
DEBUG    selenium.webdriver.common.selenium_manager:selenium_manager.py:140 Running command: /usr/bin/chromium --version
DEBUG    selenium.webdriver.common.selenium_manager:selenium_manager.py:140 Output: "Chromium 130.0.6723.91 Arch Linux"
DEBUG    selenium.webdriver.common.selenium_manager:selenium_manager.py:140 Detected browser: chrome 130.0.6723.91
DEBUG    selenium.webdriver.common.selenium_manager:selenium_manager.py:140 Required driver: chromedriver 130.0.6723.91
DEBUG    selenium.webdriver.common.selenium_manager:selenium_manager.py:140 Driver path: /usr/bin/chromedriver
DEBUG    selenium.webdriver.common.selenium_manager:selenium_manager.py:140 Browser path: /usr/bin/chromium
DEBUG    selenium.webdriver.common.service:service.py:225 Started executable: `/usr/bin/chromedriver` in a child process with pid: 535517 using 0 to output -3
DEBUG    selenium.webdriver.remote.remote_connection:remote_connection.py:375 POST http://localhost:49521/session {'capabilities': {'firstMatch': [{}], 'alwaysMatch': {'browserName': 'chrome', 'pageLoadStrategy': <PageLoadStrategy.normal: 'normal'>, 'browserVersion': None, 'goog:chromeOptions': {'extensions': [], 'binary': '/usr/bin/chromium', 'args': []}}}}
DEBUG    urllib3.connectionpool:connectionpool.py:243 Starting new HTTP connection (1): localhost:49521
DEBUG    urllib3.connectionpool:connectionpool.py:546 http://localhost:49521 "POST /session HTTP/11" 200 0
DEBUG    selenium.webdriver.remote.remote_connection:remote_connection.py:408 Remote response: status=200 | data={"value":{"capabilities":{"acceptInsecureCerts":false,"browserName":"chrome","browserVersion":"130.0.6723.91","chrome":{"chromedriverVersion":"130.0.6723.91 (53ac076783696778ecc8f360ea31765c29c240ad-refs/branch-heads/6723@{#1517})","userDataDir":"/tmp/.org.chromium.Chromium.AEUc8d"},"fedcm:accounts":true,"goog:chromeOptions":{"debuggerAddress":"localhost:38561"},"networkConnectionEnabled":false,"pageLoadStrategy":"normal","platformName":"linux","proxy":{},"setWindowRect":true,"strictFileInteractability":false,"timeouts":{"implicit":0,"pageLoad":300000,"script":30000},"unhandledPromptBehavior":"dismiss and notify","webauthn:extension:credBlob":true,"webauthn:extension:largeBlob":true,"webauthn:extension:minPinLength":true,"webauthn:extension:prf":true,"webauthn:virtualAuthenticators":true},"sessionId":"9da14ff35074602fd1f1275ddb64b008"}} | headers=HTTPHeaderDict({'Content-Length': '848', 'Content-Type': 'application/json; charset=utf-8', 'cache-control': 'no-cache'})
DEBUG    selenium.webdriver.remote.remote_connection:remote_connection.py:437 Finished Request
DEBUG    selenium.webdriver.remote.remote_connection:remote_connection.py:375 POST http://localhost:49521/session/9da14ff35074602fd1f1275ddb64b008/timeouts {'implicit': 10000}
DEBUG    urllib3.connectionpool:connectionpool.py:546 http://localhost:49521 "POST /session/9da14ff35074602fd1f1275ddb64b008/timeouts HTTP/11" 200 0
DEBUG    selenium.webdriver.remote.remote_connection:remote_connection.py:408 Remote response: status=200 | data={"value":null} | headers=HTTPHeaderDict({'Content-Length': '14', 'Content-Type': 'application/json; charset=utf-8', 'cache-control': 'no-cache'})
DEBUG    selenium.webdriver.remote.remote_connection:remote_connection.py:437 Finished Request
INFO     tests.ui.pages:pages.py:87 Created POM: SignUpPage
DEBUG    selenium.webdriver.remote.remote_connection:remote_connection.py:375 POST http://localhost:49521/session/9da14ff35074602fd1f1275ddb64b008/url {'url': 'https://thinking-tester-contact-list.herokuapp.com/addUser'}
DEBUG    urllib3.connectionpool:connectionpool.py:546 http://localhost:49521 "POST /session/9da14ff35074602fd1f1275ddb64b008/url HTTP/11" 200 0
DEBUG    selenium.webdriver.remote.remote_connection:remote_connection.py:408 Remote response: status=200 | data={"value":null} | headers=HTTPHeaderDict({'Content-Length': '14', 'Content-Type': 'application/json; charset=utf-8', 'cache-control': 'no-cache'})
DEBUG    selenium.webdriver.remote.remote_connection:remote_connection.py:437 Finished Request
INFO     tests.ui.pages:pages.py:27 Opened page
DEBUG    selenium.webdriver.remote.remote_connection:remote_connection.py:375 POST http://localhost:49521/session/9da14ff35074602fd1f1275ddb64b008/element {'using': 'css selector', 'value': '[id="cancel"]'}
DEBUG    urllib3.connectionpool:connectionpool.py:546 http://localhost:49521 "POST /session/9da14ff35074602fd1f1275ddb64b008/element HTTP/11" 200 0
DEBUG    selenium.webdriver.remote.remote_connection:remote_connection.py:408 Remote response: status=200 | data={"value":{"element-6066-11e4-a52e-4f735466cecf":"f.9A8274A2997CE0F7B813F68F0279D87F.d.A45AD294A4D9AA2F475A154D914AD7CE.e.11"}} | headers=HTTPHeaderDict({'Content-Length': '126', 'Content-Type': 'application/json; charset=utf-8', 'cache-control': 'no-cache'})
DEBUG    selenium.webdriver.remote.remote_connection:remote_connection.py:437 Finished Request
DEBUG    selenium.webdriver.remote.remote_connection:remote_connection.py:375 POST http://localhost:49521/session/9da14ff35074602fd1f1275ddb64b008/element/f.9A8274A2997CE0F7B813F68F0279D87F.d.A45AD294A4D9AA2F475A154D914AD7CE.e.11/click {}
DEBUG    urllib3.connectionpool:connectionpool.py:546 http://localhost:49521 "POST /session/9da14ff35074602fd1f1275ddb64b008/element/f.9A8274A2997CE0F7B813F68F0279D87F.d.A45AD294A4D9AA2F475A154D914AD7CE.e.11/click HTTP/11" 200 0
DEBUG    selenium.webdriver.remote.remote_connection:remote_connection.py:408 Remote response: status=200 | data={"value":null} | headers=HTTPHeaderDict({'Content-Length': '14', 'Content-Type': 'application/json; charset=utf-8', 'cache-control': 'no-cache'})
DEBUG    selenium.webdriver.remote.remote_connection:remote_connection.py:437 Finished Request
INFO     tests.ui.pages:pages.py:117 Clicked on Cancel button
INFO     tests.ui.pages:pages.py:58 Created POM: LogInPage
DEBUG    selenium.webdriver.remote.remote_connection:remote_connection.py:375 GET http://localhost:49521/session/9da14ff35074602fd1f1275ddb64b008/url {}
DEBUG    urllib3.connectionpool:connectionpool.py:546 http://localhost:49521 "GET /session/9da14ff35074602fd1f1275ddb64b008/url HTTP/11" 200 0
DEBUG    selenium.webdriver.remote.remote_connection:remote_connection.py:408 Remote response: status=200 | data={"value":"https://thinking-tester-contact-list.herokuapp.com/login"} | headers=HTTPHeaderDict({'Content-Length': '68', 'Content-Type': 'application/json; charset=utf-8', 'cache-control': 'no-cache'})
DEBUG    selenium.webdriver.remote.remote_connection:remote_connection.py:437 Finished Request
DEBUG    selenium.webdriver.remote.remote_connection:remote_connection.py:375 DELETE http://localhost:49521/session/9da14ff35074602fd1f1275ddb64b008 {}
DEBUG    urllib3.connectionpool:connectionpool.py:546 http://localhost:49521 "DELETE /session/9da14ff35074602fd1f1275ddb64b008 HTTP/11" 200 0
DEBUG    selenium.webdriver.remote.remote_connection:remote_connection.py:408 Remote response: status=200 | data={"value":null} | headers=HTTPHeaderDict({'Content-Length': '14', 'Content-Type': 'application/json; charset=utf-8', 'cache-control': 'no-cache'})
DEBUG    selenium.webdriver.remote.remote_connection:remote_connection.py:437 Finished Request
DEBUG    selenium.webdriver.common.selenium_manager:selenium_manager.py:101 Selenium Manager binary found at: /home/stinger/Development/itspl-task/.venv/lib/python3.12/site-packages/selenium/webdriver/common/linux/selenium-manager
DEBUG    selenium.webdriver.common.selenium_manager:selenium_manager.py:114 Executing process: /home/stinger/Development/itspl-task/.venv/lib/python3.12/site-packages/selenium/webdriver/common/linux/selenium-manager --browser firefox --debug --language-binding python --output json
DEBUG    selenium.webdriver.common.selenium_manager:selenium_manager.py:140 geckodriver not found in PATH
DEBUG    selenium.webdriver.common.selenium_manager:selenium_manager.py:140 firefox detected at /usr/bin/firefox
DEBUG    selenium.webdriver.common.selenium_manager:selenium_manager.py:140 Running command: /usr/bin/firefox -v
DEBUG    selenium.webdriver.common.selenium_manager:selenium_manager.py:140 Output: "Mozilla Firefox 132.0"
DEBUG    selenium.webdriver.common.selenium_manager:selenium_manager.py:140 Detected browser: firefox 132.0
DEBUG    selenium.webdriver.common.selenium_manager:selenium_manager.py:140 Required driver: geckodriver 0.35.0
DEBUG    selenium.webdriver.common.selenium_manager:selenium_manager.py:140 geckodriver 0.35.0 already in the cache
DEBUG    selenium.webdriver.common.selenium_manager:selenium_manager.py:140 Driver path: /home/stinger/.cache/selenium/geckodriver/linux64/0.35.0/geckodriver
DEBUG    selenium.webdriver.common.selenium_manager:selenium_manager.py:140 Browser path: /usr/bin/firefox
DEBUG    selenium.webdriver.common.service:service.py:225 Started executable: `/home/stinger/.cache/selenium/geckodriver/linux64/0.35.0/geckodriver` in a child process with pid: 535690 using 0 to output -3
DEBUG    selenium.webdriver.remote.remote_connection:remote_connection.py:375 POST http://localhost:37897/session {'capabilities': {'firstMatch': [{}], 'alwaysMatch': {'browserName': 'firefox', 'acceptInsecureCerts': True, 'moz:debuggerAddress': True, 'pageLoadStrategy': <PageLoadStrategy.normal: 'normal'>, 'browserVersion': None, 'moz:firefoxOptions': {'binary': '/usr/bin/firefox', 'prefs': {'remote.active-protocols': 3}}}}}
DEBUG    urllib3.connectionpool:connectionpool.py:243 Starting new HTTP connection (1): localhost:37897
DEBUG    urllib3.connectionpool:connectionpool.py:546 http://localhost:37897 "POST /session HTTP/11" 200 0
DEBUG    selenium.webdriver.remote.remote_connection:remote_connection.py:408 Remote response: status=200 | data={"value":{"sessionId":"87a1ed95-265b-46bf-892a-1ed7adff9335","capabilities":{"acceptInsecureCerts":true,"browserName":"firefox","browserVersion":"132.0","moz:accessibilityChecks":false,"moz:buildID":"20241028140738","moz:debuggerAddress":"127.0.0.1:55499","moz:geckodriverVersion":"0.35.0","moz:headless":false,"moz:platformVersion":"6.11.5-arch1-1","moz:processID":535697,"moz:profile":"/tmp/rust_mozprofileXMIBFJ","moz:shutdownTimeout":60000,"moz:webdriverClick":true,"moz:windowless":false,"pageLoadStrategy":"normal","platformName":"linux","proxy":{},"setWindowRect":true,"strictFileInteractability":false,"timeouts":{"implicit":0,"pageLoad":300000,"script":30000},"unhandledPromptBehavior":"dismiss and notify","userAgent":"Mozilla/5.0 (X11; Linux x86_64; rv:132.0) Gecko/20100101 Firefox/132.0"}}} | headers=HTTPHeaderDict({'content-type': 'application/json; charset=utf-8', 'cache-control': 'no-cache', 'content-length': '803', 'date': 'Mon, 04 Nov 2024 00:01:40 GMT'})
DEBUG    selenium.webdriver.remote.remote_connection:remote_connection.py:437 Finished Request
DEBUG    selenium.webdriver.remote.remote_connection:remote_connection.py:375 POST http://localhost:37897/session/87a1ed95-265b-46bf-892a-1ed7adff9335/timeouts {'implicit': 10000}
DEBUG    urllib3.connectionpool:connectionpool.py:546 http://localhost:37897 "POST /session/87a1ed95-265b-46bf-892a-1ed7adff9335/timeouts HTTP/11" 200 0
DEBUG    selenium.webdriver.remote.remote_connection:remote_connection.py:408 Remote response: status=200 | data={"value":null} | headers=HTTPHeaderDict({'content-type': 'application/json; charset=utf-8', 'cache-control': 'no-cache', 'content-length': '14', 'date': 'Mon, 04 Nov 2024 00:01:42 GMT'})
DEBUG    selenium.webdriver.remote.remote_connection:remote_connection.py:437 Finished Request
INFO     tests.ui.pages:pages.py:87 Created POM: SignUpPage
DEBUG    selenium.webdriver.remote.remote_connection:remote_connection.py:375 POST http://localhost:37897/session/87a1ed95-265b-46bf-892a-1ed7adff9335/url {'url': 'https://thinking-tester-contact-list.herokuapp.com/addUser'}
DEBUG    urllib3.connectionpool:connectionpool.py:546 http://localhost:37897 "POST /session/87a1ed95-265b-46bf-892a-1ed7adff9335/url HTTP/11" 200 0
DEBUG    selenium.webdriver.remote.remote_connection:remote_connection.py:408 Remote response: status=200 | data={"value":null} | headers=HTTPHeaderDict({'content-type': 'application/json; charset=utf-8', 'cache-control': 'no-cache', 'content-length': '14', 'date': 'Mon, 04 Nov 2024 00:01:42 GMT'})
DEBUG    selenium.webdriver.remote.remote_connection:remote_connection.py:437 Finished Request
INFO     tests.ui.pages:pages.py:27 Opened page
DEBUG    selenium.webdriver.remote.remote_connection:remote_connection.py:375 POST http://localhost:37897/session/87a1ed95-265b-46bf-892a-1ed7adff9335/element {'using': 'css selector', 'value': '[id="cancel"]'}
DEBUG    urllib3.connectionpool:connectionpool.py:546 http://localhost:37897 "POST /session/87a1ed95-265b-46bf-892a-1ed7adff9335/element HTTP/11" 200 0
DEBUG    selenium.webdriver.remote.remote_connection:remote_connection.py:408 Remote response: status=200 | data={"value":{"element-6066-11e4-a52e-4f735466cecf":"f5b7bbf3-cf1d-4009-8759-9a8a66b8da0a"}} | headers=HTTPHeaderDict({'content-type': 'application/json; charset=utf-8', 'cache-control': 'no-cache', 'content-length': '88', 'date': 'Mon, 04 Nov 2024 00:01:43 GMT'})
DEBUG    selenium.webdriver.remote.remote_connection:remote_connection.py:437 Finished Request
DEBUG    selenium.webdriver.remote.remote_connection:remote_connection.py:375 POST http://localhost:37897/session/87a1ed95-265b-46bf-892a-1ed7adff9335/element/f5b7bbf3-cf1d-4009-8759-9a8a66b8da0a/click {}
DEBUG    urllib3.connectionpool:connectionpool.py:546 http://localhost:37897 "POST /session/87a1ed95-265b-46bf-892a-1ed7adff9335/element/f5b7bbf3-cf1d-4009-8759-9a8a66b8da0a/click HTTP/11" 200 0
DEBUG    selenium.webdriver.remote.remote_connection:remote_connection.py:408 Remote response: status=200 | data={"value":null} | headers=HTTPHeaderDict({'content-type': 'application/json; charset=utf-8', 'cache-control': 'no-cache', 'content-length': '14', 'date': 'Mon, 04 Nov 2024 00:01:43 GMT'})
DEBUG    selenium.webdriver.remote.remote_connection:remote_connection.py:437 Finished Request
INFO     tests.ui.pages:pages.py:117 Clicked on Cancel button
INFO     tests.ui.pages:pages.py:58 Created POM: LogInPage
DEBUG    selenium.webdriver.remote.remote_connection:remote_connection.py:375 GET http://localhost:37897/session/87a1ed95-265b-46bf-892a-1ed7adff9335/url {}
DEBUG    urllib3.connectionpool:connectionpool.py:546 http://localhost:37897 "GET /session/87a1ed95-265b-46bf-892a-1ed7adff9335/url HTTP/11" 200 0
DEBUG    selenium.webdriver.remote.remote_connection:remote_connection.py:408 Remote response: status=200 | data={"value":"https://thinking-tester-contact-list.herokuapp.com/login"} | headers=HTTPHeaderDict({'content-type': 'application/json; charset=utf-8', 'cache-control': 'no-cache', 'content-length': '68', 'date': 'Mon, 04 Nov 2024 00:01:45 GMT'})
DEBUG    selenium.webdriver.remote.remote_connection:remote_connection.py:437 Finished Request
DEBUG    selenium.webdriver.remote.remote_connection:remote_connection.py:375 DELETE http://localhost:37897/session/87a1ed95-265b-46bf-892a-1ed7adff9335 {}
DEBUG    urllib3.connectionpool:connectionpool.py:546 http://localhost:37897 "DELETE /session/87a1ed95-265b-46bf-892a-1ed7adff9335 HTTP/11" 200 0
DEBUG    selenium.webdriver.remote.remote_connection:remote_connection.py:408 Remote response: status=200 | data={"value":null} | headers=HTTPHeaderDict({'content-type': 'application/json; charset=utf-8', 'cache-control': 'no-cache', 'content-length': '14', 'date': 'Mon, 04 Nov 2024 00:01:45 GMT'})
DEBUG    selenium.webdriver.remote.remote_connection:remote_connection.py:437 Finished Request
